42.228.224.32 - - [12/May/2016:19:56:09 +0800] "GET /YXYBB/LEAP/web/js/public/control/data/footer.data.js HTTP/1.1" 200 587 "http://new.yxybb.com/YXYBB/LEAP/html/index.html" "Mozilla/5.0 (Windows NT 10.0; Trident/7.0; rv:11.0) like Gecko"
42.228.224.32 - - [12/May/2016:19:56:10 +0800] "GET /YXYBB/LEAP/lib/upload.js HTTP/1.1" 200 1692 "http://new.yxybb.com/YXYBB/LEAP/html/index.html" "Mozilla/5.0 (Windows NT 10.0; Trident/7.0; rv:11.0) like Gecko"
42.228.224.32 - - [12/May/2016:19:56:10 +0800] "GET /YXYBB/LEAP/web/js/public/control/data/person_mycare.data.js HTTP/1.1" 200 867 "http://new.yxybb.com/YXYBB/LEAP/html/index.html" "Mozilla/5.0 (Windows NT 10.0; Trident/7.0; rv:11.0) like Gecko"
42.228.224.32 - - [12/May/2016:19:56:10 +0800] "GET /YXYBB/LEAP/web/js/public/control/pagemodule/socialOperation.module.js HTTP/1.1" 200 4780 "http://new.yxybb.com/YXYBB/LEAP/html/index.html" "Mozilla/5.0 (Windows NT 10.0; Trident/7.0; rv:11.0) like Gecko"
42.228.224.32 - - [12/May/2016:19:56:10 +0800] "GET /YXYBB/LEAP/lib/avalon.js HTTP/1.1" 200 29030 "http://new.yxybb.com/YXYBB/LEAP/html/index.html" "Mozilla/5.0 (Windows NT 10.0; Trident/7.0; rv:11.0) like Gecko"
42.228.224.32 - - [12/May/2016:19:56:10 +0800] "GET /YXYBB/LEAP/web/js/public/control/data/common.data.js HTTP/1.1" 200 717 "http://new.yxybb.com/YXYBB/LEAP/html/index.html" "Mozilla/5.0 (Windows NT 10.0; Trident/7.0; rv:11.0) like Gecko"
42.228.224.32 - - [12/May/2016:19:56:10 +0800] "GET /YXYBB/LEAP/web/js/public/control/data/header.data.js HTTP/1.1" 200 416 "http://new.yxybb.com/YXYBB/LEAP/html/index.html" "Mozilla/5.0 (Windows NT 10.0; Trident/7.0; rv:11.0) like Gecko"
60.24.91.122 - - [12/May/2016:19:56:10 +0800] "POST /YXYBB/restservices/http/single/query HTTP/1.1" 200 108 "http://new.yxybb.com/YXYBB/LEAP/html/index.html" "Mozilla/5.0 (Windows NT 6.1) AppleWebKit/537.36 (KHTML, like Gecko) Chrome/45.0.2454.101 Safari/537.36"
42.228.224.32 - - [12/May/2016:19:56:10 +0800] "GET /YXYBB/LEAP/web/js/public/control/data/socialOperation.data.js HTTP/1.1" 200 479 "http://new.yxybb.com/YXYBB/LEAP/html/index.html" "Mozilla/5.0 (Windows NT 10.0; Trident/7.0; rv:11.0) like Gecko"
60.24.91.122 - - [12/May/2016:19:56:11 +0800] "POST /YXYBB/restservices/http/single/query HTTP/1.1" 200 108 "http://new.yxybb.com/YXYBB/LEAP/html/index.html" "Mozilla/5.0 (Windows NT 6.1) AppleWebKit/537.36 (KHTML, like Gecko) Chrome/45.0.2454.101 Safari/537.36"
115.58.255.73 - - [12/May/2016:19:56:11 +0800] "POST /YXYBB/restservices/http/single/query HTTP/1.1" 200 108 "http://new.yxybb.com/YXYBB/LEAP/html/index.html" "Mozilla/5.0 (Windows NT 6.1; WOW64) AppleWebKit/537.36 (KHTML, like Gecko) Chrome/38.0.2125.122 Safari/537.36 SE 2.X MetaSr 1.0"
115.58.255.73 - - [12/May/2016:19:56:11 +0800] "POST /YXYBB/restservices/http/single/query HTTP/1.1" 200 847 "http://new.yxybb.com/YXYBB/LEAP/html/index.html" "Mozilla/5.0 (Windows NT 6.1; WOW64) AppleWebKit/537.36 (KHTML, like Gecko) Chrome/38.0.2125.122 Safari/537.36 SE 2.X MetaSr 1.0"
115.58.255.73 - - [12/May/2016:19:56:11 +0800] "POST /YXYBB/restservices/http/single/query HTTP/1.1" 200 110 "http://new.yxybb.com/YXYBB/LEAP/html/index.html" "Mozilla/5.0 (Windows NT 6.1; WOW64) AppleWebKit/537.36 (KHTML, like Gecko) Chrome/38.0.2125.122 Safari/537.36 SE 2.X MetaSr 1.0"
115.58.255.73 - - [12/May/2016:19:56:11 +0800] "GET /YXYBB/LEAP/Download/default/system/userpic/2016/1/15/cf59449a0c6146ce9283c53dd9069cee.jpg HTTP/1.1" 304 0 "http://new.yxybb.com/YXYBB/LEAP/html/index.html" "Mozilla/5.0 (Windows NT 6.1; WOW64) AppleWebKit/537.36 (KHTML, like Gecko) Chrome/38.0.2125.122 Safari/537.36 SE 2.X MetaSr 1.0"
60.24.91.122 - - [12/May/2016:19:56:12 +0800] "POST /YXYBB/restservices/http/single/query HTTP/1.1" 200 108 "http://new.yxybb.com/YXYBB/LEAP/html/index.html" "Mozilla/5.0 (Windows NT 6.1) AppleWebKit/537.36 (KHTML, like Gecko) Chrome/45.0.2454.101 Safari/537.36"
118.194.238.198 - - [12/May/2016:19:56:12 +0800] "POST /YXYBB/LEAP/Service/RPC/RPC.DO?callService=web&method=FL_course_maintainVideoPlayingAuthorityLock&sid=4C6F736133C0BC3FE9AD5E1FD7FF49AD&rup=http://new.yxybb.com/YXYBB/ HTTP/1.1" 200 358 "http://new.yxybb.com/YXYBB/yxybb/coursevideo?courseid=8bc7ac29c2174b498ca651191594b1a5&cwid=CW201410221434501&pathno=0002000900010001" "Mozilla/5.0 (Windows NT 5.1) AppleWebKit/537.36 (KHTML, like Gecko) Chrome/39.0.2171.99 Safari/537.36 2345Explorer/6.5.0.11018"
59.173.241.186 - - [12/May/2016:19:56:12 +0800] "POST /YXYBB/LEAP/Service/RPC/RPC.DO?callService=web&method=FL_course_sStudyRecordBeanSet&sid=B59591DE1EB09DBE034DCC906F9B2044&rup=http://new.yxybb.com/YXYBB/ HTTP/1.1" 200 1044 "http://new.yxybb.com/YXYBB/yxybb/person_study?loadtype=2" "Mozilla/5.0 (Windows NT 5.1) AppleWebKit/537.36 (KHTML, like Gecko) Chrome/45.0.2454.101 Safari/537.36"
60.24.91.122 - - [12/May/2016:19:56:13 +0800] "POST /YXYBB/restservices/http/single/query HTTP/1.1" 200 108 "http://new.yxybb.com/YXYBB/LEAP/html/index.html" "Mozilla/5.0 (Windows NT 6.1) AppleWebKit/537.36 (KHTML, like Gecko) Chrome/45.0.2454.101 Safari/537.36"
183.204.133.58 - - [12/May/2016:19:56:13 +0800] "POST /YXYBB/restservices/http/single/query HTTP/1.1" 200 108 "http://new.yxybb.com/YXYBB/LEAP/html/index.html" "Mozilla/5.0 (Windows NT 6.1; WOW64) AppleWebKit/537.36 (KHTML, like Gecko) Chrome/44.0.2403.69 Safari/537.36 QQBrowser/9.1.4060.400"
115.60.91.31 - - [12/May/2016:19:56:13 +0800] "GET / HTTP/1.1" 302 154 "-" "Mozilla/5.0 (Windows NT 6.1; WOW64) AppleWebKit/537.36 (KHTML, like Gecko) Chrome/39.0.2171.95 Safari/537.36 MicroMessenger/6.5.2.501 NetType/WIFI WindowsWechat"
115.60.91.31 - - [12/May/2016:19:56:13 +0800] "GET /YXYBB/LEAP/html/index.html HTTP/1.1" 200 4647 "-" "Mozilla/5.0 (Windows NT 6.1; WOW64) AppleWebKit/537.36 (KHTML, like Gecko) Chrome/39.0.2171.95 Safari/537.36 MicroMessenger/6.5.2.501 NetType/WIFI WindowsWechat"
115.58.255.73 - - [12/May/2016:19:56:13 +0800] "GET /YXYBB/yxybb/trainopen?traincasetype=2 HTTP/1.1" 200 6074 "http://new.yxybb.com/YXYBB/LEAP/html/index.html" "Mozilla/5.0 (Windows NT 6.1; WOW64) AppleWebKit/537.36 (KHTML, like Gecko) Chrome/38.0.2125.122 Safari/537.36 SE 2.X MetaSr 1.0"
113.206.216.33 - - [12/May/2016:19:56:13 +0800] "GET /YXYBB/LEAP/web/js/public/control/pagemodule/footer.module.js HTTP/1.1" 200 1923 "http://new.yxybb.com/YXYBB/LEAP/html/index.html" "Mozilla/4.0 (compatible; MSIE 8.0; Windows NT 5.1; Trident/4.0)"
113.206.216.33 - - [12/May/2016:19:56:13 +0800] "GET /YXYBB/LEAP/web/js/public/control/pagemodule/common.module.js HTTP/1.1" 200 2126 "http://new.yxybb.com/YXYBB/LEAP/html/index.html" "Mozilla/4.0 (compatible; MSIE 8.0; Windows NT 5.1; Trident/4.0)"
113.206.216.33 - - [12/May/2016:19:56:13 +0800] "GET /YXYBB/LEAP/web/js/public/control/data/footer.data.js HTTP/1.1" 200 587 "http://new.yxybb.com/YXYBB/LEAP/html/index.html" "Mozilla/4.0 (compatible; MSIE 8.0; Windows NT 5.1; Trident/4.0)"
113.206.216.33 - - [12/May/2016:19:56:14 +0800] "GET /YXYBB/LEAP/lib/ajaxfileupload.js HTTP/1.1" 200 3598 "http://new.yxybb.com/YXYBB/LEAP/html/index.html" "Mozilla/4.0 (compatible; MSIE 8.0; Windows NT 5.1; Trident/4.0)"
113.206.216.33 - - [12/May/2016:19:56:14 +0800] "GET /YXYBB/LEAP/lib/jquery.js HTTP/1.1" 200 38773 "http://new.yxybb.com/YXYBB/LEAP/html/index.html" "Mozilla/4.0 (compatible; MSIE 8.0; Windows NT 5.1; Trident/4.0)"
113.206.216.33 - - [12/May/2016:19:56:14 +0800] "GET /YXYBB/LEAP/lib/upload.js HTTP/1.1" 200 1692 "http://new.yxybb.com/YXYBB/LEAP/html/index.html" "Mozilla/4.0 (compatible; MSIE 8.0; Windows NT 5.1; Trident/4.0)"
113.206.216.33 - - [12/May/2016:19:56:14 +0800] "GET /YXYBB/LEAP/web/js/public/control/data/common.data.js HTTP/1.1" 200 717 "http://new.yxybb.com/YXYBB/LEAP/html/index.html" "Mozilla/4.0 (compatible; MSIE 8.0; Windows NT 5.1; Trident/4.0)"
60.24.91.122 - - [12/May/2016:19:56:14 +0800] "POST /YXYBB/restservices/http/single/query HTTP/1.1" 200 108 "http://new.yxybb.com/YXYBB/LEAP/html/index.html" "Mozilla/5.0 (Windows NT 6.1) AppleWebKit/537.36 (KHTML, like Gecko) Chrome/45.0.2454.101 Safari/537.36"
113.206.216.33 - - [12/May/2016:19:56:14 +0800] "GET /YXYBB/LEAP/web/js/public/control/data/header.data.js HTTP/1.1" 200 416 "http://new.yxybb.com/YXYBB/LEAP/html/index.html" "Mozilla/4.0 (compatible; MSIE 8.0; Windows NT 5.1; Trident/4.0)"
115.60.91.31 - - [12/May/2016:19:56:14 +0800] "GET /YXYBB/LEAP/web/css/public/css/main.css HTTP/1.1" 200 31047 "http://new.yxybb.com/YXYBB/LEAP/html/index.html" "Mozilla/5.0 (Windows NT 6.1; WOW64) AppleWebKit/537.36 (KHTML, like Gecko) Chrome/39.0.2171.95 Safari/537.36 MicroMessenger/6.5.2.501 NetType/WIFI WindowsWechat"
118.194.238.198 - - [12/May/2016:19:56:14 +0800] "POST /YXYBB/LEAP/Service/RPC/RPC.DO?callService=web&method=FL_course_uStudyProcessInfo&sid=4C6F736133C0BC3FE9AD5E1FD7FF49AD&rup=http://new.yxybb.com/YXYBB/ HTTP/1.1" 200 702 "http://new.yxybb.com/YXYBB/yxybb/coursevideo?courseid=8bc7ac29c2174b498ca651191594b1a5&cwid=CW201410221434501&pathno=0002000900010001" "Mozilla/5.0 (Windows NT 5.1) AppleWebKit/537.36 (KHTML, like Gecko) Chrome/39.0.2171.99 Safari/537.36 2345Explorer/6.5.0.11018"
115.58.255.73 - - [12/May/2016:19:56:14 +0800] "POST /YXYBB/restservices/http/single/query HTTP/1.1" 200 6819 "http://new.yxybb.com/YXYBB/LEAP/html/trainopen.html?traincasetype=2" "Mozilla/5.0 (Windows NT 6.1; WOW64) AppleWebKit/537.36 (KHTML, like Gecko) Chrome/38.0.2125.122 Safari/537.36 SE 2.X MetaSr 1.0"
115.58.255.73 - - [12/May/2016:19:56:14 +0800] "POST /YXYBB/restservices/http/single/query HTTP/1.1" 200 847 "http://new.yxybb.com/YXYBB/LEAP/html/trainopen.html?traincasetype=2" "Mozilla/5.0 (Windows NT 6.1; WOW64) AppleWebKit/537.36 (KHTML, like Gecko) Chrome/38.0.2125.122 Safari/537.36 SE 2.X MetaSr 1.0"
115.60.91.31 - - [12/May/2016:19:56:15 +0800] "GET /YXYBB/LEAP/web/js/public/LEAP/lib/require.js HTTP/1.1" 200 26001 "http://new.yxybb.com/YXYBB/LEAP/html/index.html" "Mozilla/5.0 (Windows NT 6.1; WOW64) AppleWebKit/537.36 (KHTML, like Gecko) Chrome/39.0.2171.95 Safari/537.36 MicroMessenger/6.5.2.501 NetType/WIFI WindowsWechat"
60.24.91.122 - - [12/May/2016:19:56:15 +0800] "POST /YXYBB/restservices/http/single/query HTTP/1.1" 200 108 "http://new.yxybb.com/YXYBB/LEAP/html/index.html" "Mozilla/5.0 (Windows NT 6.1) AppleWebKit/537.36 (KHTML, like Gecko) Chrome/45.0.2454.101 Safari/537.36"
115.58.255.73 - - [12/May/2016:19:56:15 +0800] "POST /YXYBB/restservices/http/single/query HTTP/1.1" 200 915 "http://new.yxybb.com/YXYBB/LEAP/html/trainopen.html?traincasetype=2" "Mozilla/5.0 (Windows NT 6.1; WOW64) AppleWebKit/537.36 (KHTML, like Gecko) Chrome/38.0.2125.122 Safari/537.36 SE 2.X MetaSr 1.0"
125.39.162.3 - - [12/May/2016:19:56:15 +0800] "GET /YXYBB/yxybb/coursedetails?courseid=72ef1485235d54e772e9066bef90f702 HTTP/1.1" 200 7051 "http://new.yxybb.com/YXYBB/LEAP/html/allcourse.html?categoryid=a4f28dcd0cd563e65a2d2c4990edb595" "Mozilla/5.0 (Windows NT 6.1) AppleWebKit/537.1 (KHTML, like Gecko) Chrome/21.0.1180.89 Safari/537.1"
183.228.119.117 - - [12/May/2016:19:56:16 +0800] "POST /YXYBB/LEAP/Service/RPC/RPC.DO?callService=web&method=FL_course_uStudyProcessInfo&sid=C724612EF7AC9499E5F403A8295A2E0B&rup=http://new.yxybb.com/YXYBB/ HTTP/1.1" 200 701 "http://new.yxybb.com/YXYBB/yxybb/coursevideo?courseid=d0b1c4f535364e7e9a188035a77e2c97&cwid=CW20120702102158437&pathno=0001000900010001" "Mozilla/5.0 (Windows NT 6.3; WOW64) AppleWebKit/537.36 (KHTML, like Gecko) Chrome/45.0.2454.101 Safari/537.36"
60.24.91.122 - - [12/May/2016:19:56:16 +0800] "POST /YXYBB/restservices/http/single/query HTTP/1.1" 200 108 "http://new.yxybb.com/YXYBB/LEAP/html/index.html" "Mozilla/5.0 (Windows NT 6.1) AppleWebKit/537.36 (KHTML, like Gecko) Chrome/45.0.2454.101 Safari/537.36"
125.39.162.3 - - [12/May/2016:19:56:16 +0800] "GET /YXYBB/LEAP/LUPDPWeb/js/TouchSlide.1.1.js HTTP/1.1" 304 0 "http://new.yxybb.com/YXYBB/yxybb/coursedetails?courseid=72ef1485235d54e772e9066bef90f702" "Mozilla/5.0 (Windows NT 6.1) AppleWebKit/537.1 (KHTML, like Gecko) Chrome/21.0.1180.89 Safari/537.1"
125.39.162.3 - - [12/May/2016:19:56:16 +0800] "GET /YXYBB/LEAP/LUPDPWeb/js/comment.js HTTP/1.1" 304 0 "http://new.yxybb.com/YXYBB/yxybb/coursedetails?courseid=72ef1485235d54e772e9066bef90f702" "Mozilla/5.0 (Windows NT 6.1) AppleWebKit/537.1 (KHTML, like Gecko) Chrome/21.0.1180.89 Safari/537.1"
125.39.162.3 - - [12/May/2016:19:56:16 +0800] "GET /YXYBB/LEAP/LUPDPWeb/control/person/personcollect/personcollect.js HTTP/1.1" 304 0 "http://new.yxybb.com/YXYBB/yxybb/coursedetails?courseid=72ef1485235d54e772e9066bef90f702" "Mozilla/5.0 (Windows NT 6.1) AppleWebKit/537.1 (KHTML, like Gecko) Chrome/21.0.1180.89 Safari/537.1"
125.39.162.3 - - [12/May/2016:19:56:16 +0800] "GET /YXYBB/LEAP/LUPDPWeb/control/information/report/report.js HTTP/1.1" 304 0 "http://new.yxybb.com/YXYBB/yxybb/coursedetails?courseid=72ef1485235d54e772e9066bef90f702" "Mozilla/5.0 (Windows NT 6.1) AppleWebKit/537.1 (KHTML, like Gecko) Chrome/21.0.1180.89 Safari/537.1"
125.39.162.3 - - [12/May/2016:19:56:16 +0800] "GET /YXYBB/LEAP/LUPDPWeb/control/course/courseCommonFunction.js HTTP/1.1" 304 0 "http://new.yxybb.com/YXYBB/yxybb/coursedetails?courseid=72ef1485235d54e772e9066bef90f702" "Mozilla/5.0 (Windows NT 6.1) AppleWebKit/537.1 (KHTML, like Gecko) Chrome/21.0.1180.89 Safari/537.1"
125.39.162.3 - - [12/May/2016:19:56:16 +0800] "GET /YXYBB/LEAP/LUPDPWeb/control/course/coursedetails/course_details.js HTTP/1.1" 304 0 "http://new.yxybb.com/YXYBB/yxybb/coursedetails?courseid=72ef1485235d54e772e9066bef90f702" "Mozilla/5.0 (Windows NT 6.1) AppleWebKit/537.1 (KHTML, like Gecko) Chrome/21.0.1180.89 Safari/537.1"
125.39.162.3 - - [12/May/2016:19:56:16 +0800] "GET /YXYBB/LEAP/LUPDPWeb/js/parabola.js HTTP/1.1" 304 0 "http://new.yxybb.com/YXYBB/yxybb/coursedetails?courseid=72ef1485235d54e772e9066bef90f702" "Mozilla/5.0 (Windows NT 6.1) AppleWebKit/537.1 (KHTML, like Gecko) Chrome/21.0.1180.89 Safari/537.1"
125.39.162.3 - - [12/May/2016:19:56:17 +0800] "POST /YXYBB/LEAP/Service/RPC/RPC.DO?type=997&_z=0c46 HTTP/1.1" 200 32 "http://new.yxybb.com/YXYBB/yxybb/coursedetails?courseid=72ef1485235d54e772e9066bef90f702" "Mozilla/5.0 (Windows NT 6.1) AppleWebKit/537.1 (KHTML, like Gecko) Chrome/21.0.1180.89 Safari/537.1"
60.24.91.122 - - [12/May/2016:19:56:17 +0800] "POST /YXYBB/restservices/http/single/query HTTP/1.1" 200 108 "http://new.yxybb.com/YXYBB/LEAP/html/index.html" "Mozilla/5.0 (Windows NT 6.1) AppleWebKit/537.36 (KHTML, like Gecko) Chrome/45.0.2454.101 Safari/537.36"
125.39.162.3 - - [12/May/2016:19:56:18 +0800] "POST /YXYBB/LEAP/Service/RPC/RPC.DO?callService=web&method=FL_person_getLoginSession&sid=E78848FD36B828556DBF4AD948EBF601&rup=http://new.yxybb.com/YXYBB/ HTTP/1.1" 200 175 "http://new.yxybb.com/YXYBB/yxybb/coursedetails?courseid=72ef1485235d54e772e9066bef90f702" "Mozilla/5.0 (Windows NT 6.1) AppleWebKit/537.1 (KHTML, like Gecko) Chrome/21.0.1180.89 Safari/537.1"
60.24.91.122 - - [12/May/2016:19:56:18 +0800] "POST /YXYBB/restservices/http/single/query HTTP/1.1" 200 108 "http://new.yxybb.com/YXYBB/LEAP/html/index.html" "Mozilla/5.0 (Windows NT 6.1) AppleWebKit/537.36 (KHTML, like Gecko) Chrome/45.0.2454.101 Safari/537.36"
183.204.53.88 - - [12/May/2016:19:56:18 +0800] "POST /YXYBB/LEAP/Service/RPC/RPC.DO?callService=web&method=FL_course_uStudyProcessInfo&sid=BFFBAE740FAE66A97D8E70EAE7B130C9&rup=http://new.yxybb.com/YXYBB/ HTTP/1.1" 200 706 "http://new.yxybb.com/YXYBB/yxybb/coursevideo?courseid=6cab4e2c3c554cd68b7f4d5577a3bb75&cwid=CW20131231104820742&pathno=0001000300010001" "Mozilla/5.0 (Windows NT 10.0; WOW64) AppleWebKit/537.36 (KHTML, like Gecko) Chrome/47.0.2526.80 Safari/537.36 QQBrowser/9.3.6874.400"
120.212.0.4 - - [12/May/2016:19:56:19 +0800] "POST /YXYBB/LEAP/Service/RPC/RPC.DO?callService=web&method=FL_course_uStudyProcessInfo&sid=DC0A66376A28953D56D007934C4A0009&rup=http://new.yxybb.com/YXYBB/ HTTP/1.1" 200 695 "http://new.yxybb.com/YXYBB/yxybb/coursevideo?courseid=6cab4e2c3c554cd68b7f4d5577a3bb75&cwid=CW20140312001&pathno=0003000100010001" "Mozilla/5.0 (Windows NT 6.1; WOW64) AppleWebKit/537.36 (KHTML, like Gecko) Chrome/42.0.2311.154 Safari/537.36 LBBROWSER"
60.24.91.122 - - [12/May/2016:19:56:19 +0800] "POST /YXYBB/restservices/http/single/query HTTP/1.1" 200 108 "http://new.yxybb.com/YXYBB/LEAP/html/index.html" "Mozilla/5.0 (Windows NT 6.1) AppleWebKit/537.36 (KHTML, like Gecko) Chrome/45.0.2454.101 Safari/537.36"
125.39.162.3 - - [12/May/2016:19:56:19 +0800] "POST /YXYBB/LEAP/Service/RPC/RPC.DO?callService=web&method=SearchCache&sid=E78848FD36B828556DBF4AD948EBF601&rup=http://new.yxybb.com/YXYBB/ HTTP/1.1" 200 552 "http://new.yxybb.com/YXYBB/yxybb/coursedetails?courseid=72ef1485235d54e772e9066bef90f702" "Mozilla/5.0 (Windows NT 6.1) AppleWebKit/537.1 (KHTML, like Gecko) Chrome/21.0.1180.89 Safari/537.1"
60.24.91.122 - - [12/May/2016:19:56:20 +0800] "POST /YXYBB/restservices/http/single/query HTTP/1.1" 200 103 "http://new.yxybb.com/YXYBB/LEAP/html/index.html" "Mozilla/5.0 (Windows NT 6.1) AppleWebKit/537.36 (KHTML, like Gecko) Chrome/45.0.2454.101 Safari/537.36"
60.24.91.122 - - [12/May/2016:19:56:20 +0800] "POST /YXYBB/restservices/http/single/query HTTP/1.1" 200 108 "http://new.yxybb.com/YXYBB/LEAP/html/index.html" "Mozilla/5.0 (Windows NT 6.1) AppleWebKit/537.36 (KHTML, like Gecko) Chrome/45.0.2454.101 Safari/537.36"
60.24.91.122 - - [12/May/2016:19:56:20 +0800] "POST /YXYBB/restservices/http/single/query HTTP/1.1" 200 108 "http://new.yxybb.com/YXYBB/LEAP/html/index.html" "Mozilla/5.0 (Windows NT 6.1) AppleWebKit/537.36 (KHTML, like Gecko) Chrome/45.0.2454.101 Safari/537.36"
59.173.241.186 - - [12/May/2016:19:56:21 +0800] "GET /YXYBB/yxybb/bascinfo HTTP/1.1" 200 5150 "http://new.yxybb.com/YXYBB/yxybb/person_study?loadtype=1" "Mozilla/5.0 (Windows NT 6.1) AppleWebKit/537.36 (KHTML, like Gecko) Chrome/47.0.2526.106 Safari/537.36"
60.24.91.122 - - [12/May/2016:19:56:21 +0800] "POST /YXYBB/restservices/http/single/query HTTP/1.1" 200 139 "http://new.yxybb.com/YXYBB/LEAP/html/index.html" "Mozilla/5.0 (Windows NT 6.1) AppleWebKit/537.36 (KHTML, like Gecko) Chrome/45.0.2454.101 Safari/537.36"
60.24.91.122 - - [12/May/2016:19:56:21 +0800] "GET /YXYBB/LEAP/html/index.html HTTP/1.1" 304 0 "http://new.yxybb.com/YXYBB/LEAP/html/index.html" "Mozilla/5.0 (Windows NT 6.1) AppleWebKit/537.36 (KHTML, like Gecko) Chrome/45.0.2454.101 Safari/537.36"
60.27.79.251 - - [12/May/2016:19:56:21 +0800] "GET /YXYBB/yxybb/coursedetails?courseid=10fe4f2e4bf733217448407a926d1d59 HTTP/1.1" 200 7051 "http://new.yxybb.com/YXYBB/yxybb/person_study?loadtype=1" "Mozilla/5.0 (Windows NT 5.1) AppleWebKit/537.36 (KHTML, like Gecko) Chrome/45.0.2454.101 Safari/537.36"
60.24.91.122 - - [12/May/2016:19:56:21 +0800] "GET /YXYBB/LEAP/web/css/public/css/main.css HTTP/1.1" 304 0 "http://new.yxybb.com/YXYBB/LEAP/html/index.html" "Mozilla/5.0 (Windows NT 6.1) AppleWebKit/537.36 (KHTML, like Gecko) Chrome/45.0.2454.101 Safari/537.36"
60.24.91.122 - - [12/May/2016:19:56:21 +0800] "GET /YXYBB/LEAP/web/js/public/LEAP/lib/require.js HTTP/1.1" 304 0 "http://new.yxybb.com/YXYBB/LEAP/html/index.html" "Mozilla/5.0 (Windows NT 6.1) AppleWebKit/537.36 (KHTML, like Gecko) Chrome/45.0.2454.101 Safari/537.36"
60.27.79.251 - - [12/May/2016:19:56:21 +0800] "POST /YXYBB/LEAP/Service/RPC/RPC.DO?callService=web&method=FL_course_releaseVideoPlayingAuthorityLock&sid=2E8A25703F346AFA5995ADFF911281AD&rup=http://new.yxybb.com/YXYBB/ HTTP/1.1" 200 177 "http://new.yxybb.com/YXYBB/yxybb/coursevideo?courseid=10fe4f2e4bf733217448407a926d1d59&cwid=CW20110728150002568&pathno=00000001" "Mozilla/5.0 (Windows NT 5.1) AppleWebKit/537.36 (KHTML, like Gecko) Chrome/45.0.2454.101 Safari/537.36"
60.24.91.122 - - [12/May/2016:19:56:21 +0800] "GET /YXYBB/LEAP/web/js/public/control/pagemodule/footer.module.js HTTP/1.1" 304 0 "http://new.yxybb.com/YXYBB/LEAP/html/index.html" "Mozilla/5.0 (Windows NT 6.1) AppleWebKit/537.36 (KHTML, like Gecko) Chrome/45.0.2454.101 Safari/537.36"
60.24.91.122 - - [12/May/2016:19:56:21 +0800] "GET /YXYBB/LEAP/web/js/public/control/pagemodule/header.module.js HTTP/1.1" 304 0 "http://new.yxybb.com/YXYBB/LEAP/html/index.html" "Mozilla/5.0 (Windows NT 6.1) AppleWebKit/537.36 (KHTML, like Gecko) Chrome/45.0.2454.101 Safari/537.36"
106.92.76.123 - - [12/May/2016:19:56:21 +0800] "GET /YXYBB/LEAP/web/js/public/control/init/index.init.js HTTP/1.1" 200 474 "http://new.yxybb.com/YXYBB/LEAP/html/index.html" "Mozilla/5.0 (Linux; U; Android 4.4.4; zh-cn; R8107 Build/KTU84P) AppleWebKit/537.36 (KHTML, like Gecko) Version/4.0 Chrome/38.0.2125.114 Mobile Safari/537.36 OppoBrowser/3.9.2"
60.24.91.122 - - [12/May/2016:19:56:21 +0800] "GET /YXYBB/LEAP/web/js/public/control/pagemodule/common.module.js HTTP/1.1" 304 0 "http://new.yxybb.com/YXYBB/LEAP/html/index.html" "Mozilla/5.0 (Windows NT 6.1) AppleWebKit/537.36 (KHTML, like Gecko) Chrome/45.0.2454.101 Safari/537.36"
60.24.91.122 - - [12/May/2016:19:56:21 +0800] "GET /YXYBB/LEAP/web/js/public/js/des.js HTTP/1.1" 304 0 "http://new.yxybb.com/YXYBB/LEAP/html/index.html" "Mozilla/5.0 (Windows NT 6.1) AppleWebKit/537.36 (KHTML, like Gecko) Chrome/45.0.2454.101 Safari/537.36"
60.24.91.122 - - [12/May/2016:19:56:21 +0800] "GET /YXYBB/LEAP/web/js/public/control/data/person_mycare.data.js HTTP/1.1" 304 0 "http://new.yxybb.com/YXYBB/LEAP/html/index.html" "Mozilla/5.0 (Windows NT 6.1) AppleWebKit/537.36 (KHTML, like Gecko) Chrome/45.0.2454.101 Safari/537.36"
60.24.91.122 - - [12/May/2016:19:56:21 +0800] "GET /YXYBB/LEAP/web/js/public/control/pagemodule/socialOperation.module.js HTTP/1.1" 304 0 "http://new.yxybb.com/YXYBB/LEAP/html/index.html" "Mozilla/5.0 (Windows NT 6.1) AppleWebKit/537.36 (KHTML, like Gecko) Chrome/45.0.2454.101 Safari/537.36"
60.24.91.122 - - [12/May/2016:19:56:21 +0800] "GET /YXYBB/LEAP/lib/ajaxfileupload.js HTTP/1.1" 304 0 "http://new.yxybb.com/YXYBB/LEAP/html/index.html" "Mozilla/5.0 (Windows NT 6.1) AppleWebKit/537.36 (KHTML, like Gecko) Chrome/45.0.2454.101 Safari/537.36"
60.24.91.122 - - [12/May/2016:19:56:21 +0800] "GET /YXYBB/LEAP/web/js/public/control/data/index.data.js HTTP/1.1" 304 0 "http://new.yxybb.com/YXYBB/LEAP/html/index.html" "Mozilla/5.0 (Windows NT 6.1) AppleWebKit/537.36 (KHTML, like Gecko) Chrome/45.0.2454.101 Safari/537.36"
60.24.91.122 - - [12/May/2016:19:56:21 +0800] "GET /YXYBB/LEAP/web/js/public/control/data/socialOperation.data.js HTTP/1.1" 304 0 "http://new.yxybb.com/YXYBB/LEAP/html/index.html" "Mozilla/5.0 (Windows NT 6.1) AppleWebKit/537.36 (KHTML, like Gecko) Chrome/45.0.2454.101 Safari/537.36"
59.173.241.186 - - [12/May/2016:19:56:21 +0800] "POST /YXYBB/LEAP/Service/RPC/RPC.DO?type=997&_z=f06b HTTP/1.1" 200 32 "http://new.yxybb.com/YXYBB/yxybb/bascinfo" "Mozilla/5.0 (Windows NT 6.1) AppleWebKit/537.36 (KHTML, like Gecko) Chrome/47.0.2526.106 Safari/537.36"
59.173.241.186 - - [12/May/2016:19:56:21 +0800] "POST /YXYBB/LEAP/Service/RPC/RPC.DO?callService=web&method=FL_person_getLoginSession&sid=B7D423DD2D98E9FD1773F1CDDA35F49F&rup=http://new.yxybb.com/YXYBB/ HTTP/1.1" 200 175 "http://new.yxybb.com/YXYBB/yxybb/bascinfo" "Mozilla/5.0 (Windows NT 6.1) AppleWebKit/537.36 (KHTML, like Gecko) Chrome/47.0.2526.106 Safari/537.36"
106.92.76.123 - - [12/May/2016:19:56:21 +0800] "GET /YXYBB/LEAP/web/js/public/control/pagemodule/index.module.js HTTP/1.1" 200 640 "http://new.yxybb.com/YXYBB/LEAP/html/index.html" "Mozilla/5.0 (Linux; U; Android 4.4.4; zh-cn; R8107 Build/KTU84P) AppleWebKit/537.36 (KHTML, like Gecko) Version/4.0 Chrome/38.0.2125.114 Mobile Safari/537.36 OppoBrowser/3.9.2"
59.173.241.186 - - [12/May/2016:19:56:21 +0800] "GET /YXYBB/LEAP/LUPDPWeb/control/public/perfectData/personset/baslist.js HTTP/1.1" 200 1451 "http://new.yxybb.com/YXYBB/yxybb/bascinfo" "Mozilla/5.0 (Windows NT 6.1) AppleWebKit/537.36 (KHTML, like Gecko) Chrome/47.0.2526.106 Safari/537.36"
59.173.241.186 - - [12/May/2016:19:56:21 +0800] "GET /YXYBB/LEAP/html/bascinfo.html HTTP/1.1" 200 2566 "http://new.yxybb.com/YXYBB/yxybb/bascinfo" "Mozilla/5.0 (Windows NT 6.1) AppleWebKit/537.36 (KHTML, like Gecko) Chrome/47.0.2526.106 Safari/537.36"
106.92.76.123 - - [12/May/2016:19:56:21 +0800] "GET /YXYBB/LEAP/web/js/public/control/pagemodule/footer.module.js HTTP/1.1" 200 1923 "http://new.yxybb.com/YXYBB/LEAP/html/index.html" "Mozilla/5.0 (Linux; U; Android 4.4.4; zh-cn; R8107 Build/KTU84P) AppleWebKit/537.36 (KHTML, like Gecko) Version/4.0 Chrome/38.0.2125.114 Mobile Safari/537.36 OppoBrowser/3.9.2"
106.92.76.123 - - [12/May/2016:19:56:21 +0800] "GET /YXYBB/LEAP/web/js/public/js/des.js HTTP/1.1" 200 3529 "http://new.yxybb.com/YXYBB/LEAP/html/index.html" "Mozilla/5.0 (Linux; U; Android 4.4.4; zh-cn; R8107 Build/KTU84P) AppleWebKit/537.36 (KHTML, like Gecko) Version/4.0 Chrome/38.0.2125.114 Mobile Safari/537.36 OppoBrowser/3.9.2"
60.27.79.251 - - [12/May/2016:19:56:21 +0800] "POST /YXYBB/LEAP/Service/RPC/RPC.DO?type=997&_z=c0bb HTTP/1.1" 200 32 "http://new.yxybb.com/YXYBB/yxybb/coursedetails?courseid=10fe4f2e4bf733217448407a926d1d59" "Mozilla/5.0 (Windows NT 5.1) AppleWebKit/537.36 (KHTML, like Gecko) Chrome/45.0.2454.101 Safari/537.36"
60.27.79.251 - - [12/May/2016:19:56:21 +0800] "POST /YXYBB/LEAP/Service/RPC/RPC.DO?callService=web&method=FL_person_getLoginSession&sid=2E8A25703F346AFA5995ADFF911281AD&rup=http://new.yxybb.com/YXYBB/ HTTP/1.1" 200 175 "http://new.yxybb.com/YXYBB/yxybb/coursedetails?courseid=10fe4f2e4bf733217448407a926d1d59" "Mozilla/5.0 (Windows NT 5.1) AppleWebKit/537.36 (KHTML, like Gecko) Chrome/45.0.2454.101 Safari/537.36"
60.24.91.122 - - [12/May/2016:19:56:21 +0800] "POST /YXYBB/restservices/http/single/query HTTP/1.1" 200 8145 "http://new.yxybb.com/YXYBB/LEAP/html/index.html" "Mozilla/5.0 (Windows NT 6.1) AppleWebKit/537.36 (KHTML, like Gecko) Chrome/45.0.2454.101 Safari/537.36"
60.27.79.251 - - [12/May/2016:19:56:21 +0800] "POST /YXYBB/LEAP/Service/RPC/RPC.DO?callService=web&method=SearchCache&sid=2E8A25703F346AFA5995ADFF911281AD&rup=http://new.yxybb.com/YXYBB/ HTTP/1.1" 200 552 "http://new.yxybb.com/YXYBB/yxybb/coursedetails?courseid=10fe4f2e4bf733217448407a926d1d59" "Mozilla/5.0 (Windows NT 5.1) AppleWebKit/537.36 (KHTML, like Gecko) Chrome/45.0.2454.101 Safari/537.36"
60.24.91.122 - - [12/May/2016:19:56:21 +0800] "POST /YXYBB/restservices/http/single/query HTTP/1.1" 200 847 "http://new.yxybb.com/YXYBB/LEAP/html/index.html" "Mozilla/5.0 (Windows NT 6.1) AppleWebKit/537.36 (KHTML, like Gecko) Chrome/45.0.2454.101 Safari/537.36"
106.92.76.123 - - [12/May/2016:19:56:22 +0800] "GET /YXYBB/LEAP/web/js/public/control/data/footer.data.js HTTP/1.1" 200 587 "http://new.yxybb.com/YXYBB/LEAP/html/index.html" "Mozilla/5.0 (Linux; U; Android 4.4.4; zh-cn; R8107 Build/KTU84P) AppleWebKit/537.36 (KHTML, like Gecko) Version/4.0 Chrome/38.0.2125.114 Mobile Safari/537.36 OppoBrowser/3.9.2"
106.92.76.123 - - [12/May/2016:19:56:22 +0800] "GET /YXYBB/LEAP/lib/upload.js HTTP/1.1" 200 1692 "http://new.yxybb.com/YXYBB/LEAP/html/index.html" "Mozilla/5.0 (Linux; U; Android 4.4.4; zh-cn; R8107 Build/KTU84P) AppleWebKit/537.36 (KHTML, like Gecko) Version/4.0 Chrome/38.0.2125.114 Mobile Safari/537.36 OppoBrowser/3.9.2"
106.92.76.123 - - [12/May/2016:19:56:22 +0800] "GET /YXYBB/LEAP/web/js/public/control/pagemodule/socialOperation.module.js HTTP/1.1" 200 4780 "http://new.yxybb.com/YXYBB/LEAP/html/index.html" "Mozilla/5.0 (Linux; U; Android 4.4.4; zh-cn; R8107 Build/KTU84P) AppleWebKit/537.36 (KHTML, like Gecko) Version/4.0 Chrome/38.0.2125.114 Mobile Safari/537.36 OppoBrowser/3.9.2"
60.24.91.122 - - [12/May/2016:19:56:22 +0800] "POST /YXYBB/restservices/http/single/query HTTP/1.1" 200 1039 "http://new.yxybb.com/YXYBB/LEAP/html/index.html" "Mozilla/5.0 (Windows NT 6.1) AppleWebKit/537.36 (KHTML, like Gecko) Chrome/45.0.2454.101 Safari/537.36"
60.24.91.122 - - [12/May/2016:19:56:22 +0800] "GET /YXYBB/LEAP/Download/default/2015/12/31/fb46ffb4a60c48cfbcf81a24ee38e431.jpg HTTP/1.1" 304 0 "http://new.yxybb.com/YXYBB/LEAP/html/index.html" "Mozilla/5.0 (Windows NT 6.1) AppleWebKit/537.36 (KHTML, like Gecko) Chrome/45.0.2454.101 Safari/537.36"
125.47.67.222 - - [12/May/2016:19:56:22 +0800] "POST /YXYBB/LEAP/Service/RPC/RPC.DO?callService=web&method=FL_course_uStudyProcessInfo&sid=BADE52A07890DCA62544CAAB7369914D&rup=http://new.yxybb.com/YXYBB/ HTTP/1.1" 200 699 "http://new.yxybb.com/YXYBB/yxybb/coursevideo?courseid=612acaba6b1e4454a4c7ece3bad150a2&cwid=CW20150421150222601&pathno=0002000100010004" "Mozilla/5.0 (Windows NT 5.1) AppleWebKit/537.36 (KHTML, like Gecko) Chrome/45.0.2454.101 Safari/537.36"
60.24.91.122 - - [12/May/2016:19:56:22 +0800] "POST /YXYBB/restservices/http/single/query HTTP/1.1" 200 110 "http://new.yxybb.com/YXYBB/LEAP/html/index.html" "Mozilla/5.0 (Windows NT 6.1) AppleWebKit/537.36 (KHTML, like Gecko) Chrome/45.0.2454.101 Safari/537.36"
60.27.79.251 - - [12/May/2016:19:56:22 +0800] "POST /YXYBB/LEAP/Service/RPC/RPC.DO?callService=web&method=notReadMessageNum&sid=2E8A25703F346AFA5995ADFF911281AD&rup=http://new.yxybb.com/YXYBB/ HTTP/1.1" 200 173 "http://new.yxybb.com/YXYBB/yxybb/coursedetails?courseid=10fe4f2e4bf733217448407a926d1d59" "Mozilla/5.0 (Windows NT 5.1) AppleWebKit/537.36 (KHTML, like Gecko) Chrome/45.0.2454.101 Safari/537.36"
60.27.79.251 - - [12/May/2016:19:56:22 +0800] "POST /YXYBB/LEAP/Service/RPC/RPC.DO?callService=web&method=FL_course_sVaildSignupBeanAndStudyRecords&sid=2E8A25703F346AFA5995ADFF911281AD&rup=http://new.yxybb.com/YXYBB/ HTTP/1.1" 200 684 "http://new.yxybb.com/YXYBB/yxybb/coursedetails?courseid=10fe4f2e4bf733217448407a926d1d59" "Mozilla/5.0 (Windows NT 5.1) AppleWebKit/537.36 (KHTML, like Gecko) Chrome/45.0.2454.101 Safari/537.36"
60.27.79.251 - - [12/May/2016:19:56:22 +0800] "POST /YXYBB/LEAP/Service/RPC/RPC.DO?callService=web&method=FL_course_sCourseDetailsInfo&sid=2E8A25703F346AFA5995ADFF911281AD&rup=http://new.yxybb.com/YXYBB/ HTTP/1.1" 200 1369 "http://new.yxybb.com/YXYBB/yxybb/coursedetails?courseid=10fe4f2e4bf733217448407a926d1d59" "Mozilla/5.0 (Windows NT 5.1) AppleWebKit/537.36 (KHTML, like Gecko) Chrome/45.0.2454.101 Safari/537.36"
60.27.79.251 - - [12/May/2016:19:56:22 +0800] "POST /YXYBB/LEAP/Service/RPC/RPC.DO?callService=web&method=FL_course_sTrainResTree&sid=2E8A25703F346AFA5995ADFF911281AD&rup=http://new.yxybb.com/YXYBB/ HTTP/1.1" 200 813 "http://new.yxybb.com/YXYBB/yxybb/coursedetails?courseid=10fe4f2e4bf733217448407a926d1d59" "Mozilla/5.0 (Windows NT 5.1) AppleWebKit/537.36 (KHTML, like Gecko) Chrome/45.0.2454.101 Safari/537.36"
60.27.79.251 - - [12/May/2016:19:56:22 +0800] "POST /YXYBB/LEAP/Service/RPC/RPC.DO?callService=web&method=FL_course_sRecommendCourseInfos&sid=2E8A25703F346AFA5995ADFF911281AD&rup=http://new.yxybb.com/YXYBB/ HTTP/1.1" 200 1378 "http://new.yxybb.com/YXYBB/yxybb/coursedetails?courseid=10fe4f2e4bf733217448407a926d1d59" "Mozilla/5.0 (Windows NT 5.1) AppleWebKit/537.36 (KHTML, like Gecko) Chrome/45.0.2454.101 Safari/537.36"
59.173.241.186 - - [12/May/2016:19:56:22 +0800] "GET /YXYBB/LEAP/web/js/public/control/init/bascinfo.init.js HTTP/1.1" 200 506 "http://new.yxybb.com/YXYBB/LEAP/html/bascinfo.html" "Mozilla/5.0 (Windows NT 6.1) AppleWebKit/537.36 (KHTML, like Gecko) Chrome/47.0.2526.106 Safari/537.36"
60.27.79.251 - - [12/May/2016:19:56:22 +0800] "POST /YXYBB/LEAP/Service/RPC/RPC.DO?callService=web&method=FL_SocialOperation_sOperationNum&sid=2E8A25703F346AFA5995ADFF911281AD&rup=http://new.yxybb.com/YXYBB/ HTTP/1.1" 200 256 "http://new.yxybb.com/YXYBB/yxybb/coursedetails?courseid=10fe4f2e4bf733217448407a926d1d59" "Mozilla/5.0 (Windows NT 5.1) AppleWebKit/537.36 (KHTML, like Gecko) Chrome/45.0.2454.101 Safari/537.36"
60.27.79.251 - - [12/May/2016:19:56:22 +0800] "POST /YXYBB/LEAP/Service/RPC/RPC.DO?callService=web&method=FL_SocialOperation_sCommentByReplyto&sid=2E8A25703F346AFA5995ADFF911281AD&rup=http://new.yxybb.com/YXYBB/ HTTP/1.1" 200 177 "http://new.yxybb.com/YXYBB/yxybb/coursedetails?courseid=10fe4f2e4bf733217448407a926d1d59" "Mozilla/5.0 (Windows NT 5.1) AppleWebKit/537.36 (KHTML, like Gecko) Chrome/45.0.2454.101 Safari/537.36"
60.27.79.251 - - [12/May/2016:19:56:22 +0800] "GET /YXYBB/LEAP/LUPDPWeb/img/study_st02.gif HTTP/1.1" 200 1302 "http://new.yxybb.com/YXYBB/yxybb/coursedetails?courseid=10fe4f2e4bf733217448407a926d1d59" "Mozilla/5.0 (Windows NT 5.1) AppleWebKit/537.36 (KHTML, like Gecko) Chrome/45.0.2454.101 Safari/537.36"
60.27.79.251 - - [12/May/2016:19:56:23 +0800] "GET /YXYBB/LEAP/LUPDPWeb/js/main.js?_=1463054185560 HTTP/1.1" 200 17533 "http://new.yxybb.com/YXYBB/yxybb/coursedetails?courseid=10fe4f2e4bf733217448407a926d1d59" "Mozilla/5.0 (Windows NT 5.1) AppleWebKit/537.36 (KHTML, like Gecko) Chrome/45.0.2454.101 Safari/537.36"
60.27.79.251 - - [12/May/2016:19:56:23 +0800] "GET /YXYBB/LEAP/LUPDPWeb/js/ueditor1_4_3-utf8-jsp/third-party/zeroclipboard/ZeroClipboard.swf?noCache=1463054185508 HTTP/1.1" 200 3933 "http://new.yxybb.com/YXYBB/yxybb/coursedetails?courseid=10fe4f2e4bf733217448407a926d1d59" "Mozilla/5.0 (Windows NT 5.1) AppleWebKit/537.36 (KHTML, like Gecko) Chrome/45.0.2454.101 Safari/537.36"
115.58.255.73 - - [12/May/2016:19:56:23 +0800] "GET /YXYBB/LEAP/Download/default/system/userpic/2016/1/15/cf59449a0c6146ce9283c53dd9069cee.jpg HTTP/1.1" 200 112700 "http://new.yxybb.com/YXYBB/LEAP/html/trainopen.html?traincasetype=2" "Mozilla/5.0 (Windows NT 6.1; WOW64) AppleWebKit/537.36 (KHTML, like Gecko) Chrome/38.0.2125.122 Safari/537.36 SE 2.X MetaSr 1.0"
123.7.115.46 - - [12/May/2016:19:56:23 +0800] "POST /YXYBB/LEAP/Service/RPC/RPC.DO?callService=web&method=FL_course_maintainVideoPlayingAuthorityLock&sid=A17F89649A9A01E651EC7991B02758DB&rup=http://new.yxybb.com/YXYBB/ HTTP/1.1" 200 358 "http://new.yxybb.com/YXYBB/yxybb/coursevideo?courseid=6cab4e2c3c554cd68b7f4d5577a3bb75&cwid=CW20140418112300669&pathno=0001000700010001" "Mozilla/5.0 (Windows NT 6.1; WOW64) AppleWebKit/537.36 (KHTML, like Gecko) Chrome/45.0.2454.101 Safari/537.36"
59.173.241.186 - - [12/May/2016:19:56:24 +0800] "GET /YXYBB/LEAP/web/js/public/control/pagemodule/bascinfo.module.js HTTP/1.1" 200 1824 "http://new.yxybb.com/YXYBB/LEAP/html/bascinfo.html" "Mozilla/5.0 (Windows NT 6.1) AppleWebKit/537.36 (KHTML, like Gecko) Chrome/47.0.2526.106 Safari/537.36"
59.173.241.186 - - [12/May/2016:19:56:24 +0800] "GET /YXYBB/LEAP/web/js/public/control/pagemodule/settingInfo.module.js HTTP/1.1" 200 333 "http://new.yxybb.com/YXYBB/LEAP/html/bascinfo.html" "Mozilla/5.0 (Windows NT 6.1) AppleWebKit/537.36 (KHTML, like Gecko) Chrome/47.0.2526.106 Safari/537.36"
59.173.241.186 - - [12/May/2016:19:56:24 +0800] "GET /YXYBB/LEAP/web/js/public/js/module/zone.js HTTP/1.1" 200 679 "http://new.yxybb.com/YXYBB/LEAP/html/bascinfo.html" "Mozilla/5.0 (Windows NT 6.1) AppleWebKit/537.36 (KHTML, like Gecko) Chrome/47.0.2526.106 Safari/537.36"
59.173.241.186 - - [12/May/2016:19:56:24 +0800] "POST /YXYBB/restservices/http/single/query HTTP/1.1" 200 108 "http://new.yxybb.com/YXYBB/LEAP/html/bascinfo.html" "Mozilla/5.0 (Windows NT 6.1) AppleWebKit/537.36 (KHTML, like Gecko) Chrome/47.0.2526.106 Safari/537.36"
59.173.241.186 - - [12/May/2016:19:56:24 +0800] "POST /YXYBB/restservices/http/single/query HTTP/1.1" 200 110 "http://new.yxybb.com/YXYBB/LEAP/html/bascinfo.html" "Mozilla/5.0 (Windows NT 6.1) AppleWebKit/537.36 (KHTML, like Gecko) Chrome/47.0.2526.106 Safari/537.36"
183.204.133.58 - - [12/May/2016:19:56:24 +0800] "POST /YXYBB/restservices/http/single/query HTTP/1.1" 200 108 "http://new.yxybb.com/YXYBB/LEAP/html/index.html" "Mozilla/5.0 (Windows NT 6.1; WOW64) AppleWebKit/537.36 (KHTML, like Gecko) Chrome/44.0.2403.69 Safari/537.36 QQBrowser/9.1.4060.400"
115.60.91.31 - - [12/May/2016:19:56:24 +0800] "GET /YXYBB/LEAP/web/js/public/control/pagemodule/index.module.js HTTP/1.1" 200 640 "http://new.yxybb.com/YXYBB/LEAP/html/index.html" "Mozilla/5.0 (Windows NT 6.1; WOW64) AppleWebKit/537.36 (KHTML, like Gecko) Chrome/39.0.2171.95 Safari/537.36 MicroMessenger/6.5.2.501 NetType/WIFI WindowsWechat"
115.60.91.31 - - [12/May/2016:19:56:24 +0800] "GET /YXYBB/LEAP/web/js/public/control/pagemodule/header.module.js HTTP/1.1" 200 4998 "http://new.yxybb.com/YXYBB/LEAP/html/index.html" "Mozilla/5.0 (Windows NT 6.1; WOW64) AppleWebKit/537.36 (KHTML, like Gecko) Chrome/39.0.2171.95 Safari/537.36 MicroMessenger/6.5.2.501 NetType/WIFI WindowsWechat"
115.60.91.31 - - [12/May/2016:19:56:25 +0800] "GET /YXYBB/LEAP/web/js/public/control/pagemodule/common.module.js HTTP/1.1" 200 2126 "http://new.yxybb.com/YXYBB/LEAP/html/index.html" "Mozilla/5.0 (Windows NT 6.1; WOW64) AppleWebKit/537.36 (KHTML, like Gecko) Chrome/39.0.2171.95 Safari/537.36 MicroMessenger/6.5.2.501 NetType/WIFI WindowsWechat"
115.60.91.31 - - [12/May/2016:19:56:25 +0800] "GET /YXYBB/LEAP/web/js/public/js/des.js HTTP/1.1" 200 3529 "http://new.yxybb.com/YXYBB/LEAP/html/index.html" "Mozilla/5.0 (Windows NT 6.1; WOW64) AppleWebKit/537.36 (KHTML, like Gecko) Chrome/39.0.2171.95 Safari/537.36 MicroMessenger/6.5.2.501 NetType/WIFI WindowsWechat"
125.39.162.3 - - [12/May/2016:19:56:25 +0800] "GET /YXYBB/LEAP/Download/default/system/userpic/2016/1/15/cf59449a0c6146ce9283c53dd9069cee.jpg HTTP/1.1" 304 0 "http://new.yxybb.com/YXYBB/yxybb/coursedetails?courseid=72ef1485235d54e772e9066bef90f702" "Mozilla/5.0 (Windows NT 6.1) AppleWebKit/537.1 (KHTML, like Gecko) Chrome/21.0.1180.89 Safari/537.1"
125.39.162.3 - - [12/May/2016:19:56:25 +0800] "POST /YXYBB/LEAP/Service/RPC/RPC.DO?callService=web&method=notReadMessageNum&sid=E78848FD36B828556DBF4AD948EBF601&rup=http://new.yxybb.com/YXYBB/ HTTP/1.1" 200 173 "http://new.yxybb.com/YXYBB/yxybb/coursedetails?courseid=72ef1485235d54e772e9066bef90f702" "Mozilla/5.0 (Windows NT 6.1) AppleWebKit/537.1 (KHTML, like Gecko) Chrome/21.0.1180.89 Safari/537.1"
125.39.162.3 - - [12/May/2016:19:56:25 +0800] "POST /YXYBB/LEAP/Service/RPC/RPC.DO?callService=web&method=FL_course_sVaildSignupBeanAndStudyRecords&sid=E78848FD36B828556DBF4AD948EBF601&rup=http://new.yxybb.com/YXYBB/ HTTP/1.1" 200 362 "http://new.yxybb.com/YXYBB/yxybb/coursedetails?courseid=72ef1485235d54e772e9066bef90f702" "Mozilla/5.0 (Windows NT 6.1) AppleWebKit/537.1 (KHTML, like Gecko) Chrome/21.0.1180.89 Safari/537.1"
125.39.162.3 - - [12/May/2016:19:56:26 +0800] "POST /YXYBB/LEAP/Service/RPC/RPC.DO?callService=web&method=FL_course_sTrainResTree&sid=E78848FD36B828556DBF4AD948EBF601&rup=http://new.yxybb.com/YXYBB/ HTTP/1.1" 200 627 "http://new.yxybb.com/YXYBB/yxybb/coursedetails?courseid=72ef1485235d54e772e9066bef90f702" "Mozilla/5.0 (Windows NT 6.1) AppleWebKit/537.1 (KHTML, like Gecko) Chrome/21.0.1180.89 Safari/537.1"
125.39.162.3 - - [12/May/2016:19:56:26 +0800] "POST /YXYBB/LEAP/Service/RPC/RPC.DO?callService=web&method=FL_SocialOperation_sCommentByReplyto&sid=E78848FD36B828556DBF4AD948EBF601&rup=http://new.yxybb.com/YXYBB/ HTTP/1.1" 200 177 "http://new.yxybb.com/YXYBB/yxybb/coursedetails?courseid=72ef1485235d54e772e9066bef90f702" "Mozilla/5.0 (Windows NT 6.1) AppleWebKit/537.1 (KHTML, like Gecko) Chrome/21.0.1180.89 Safari/537.1"
125.39.162.3 - - [12/May/2016:19:56:26 +0800] "POST /YXYBB/LEAP/Service/RPC/RPC.DO?callService=web&method=FL_course_sCourseDetailsInfo&sid=E78848FD36B828556DBF4AD948EBF601&rup=http://new.yxybb.com/YXYBB/ HTTP/1.1" 200 1289 "http://new.yxybb.com/YXYBB/yxybb/coursedetails?courseid=72ef1485235d54e772e9066bef90f702" "Mozilla/5.0 (Windows NT 6.1) AppleWebKit/537.1 (KHTML, like Gecko) Chrome/21.0.1180.89 Safari/537.1"
111.10.243.178 - - [12/May/2016:19:56:26 +0800] "POST /YXYBB/LEAP/Service/RPC/RPC.DO?callService=web&method=FL_course_maintainVideoPlayingAuthorityLock&sid=D0CC2290B980A2743F22D9F0EF06D600&rup=http://new.yxybb.com/YXYBB/ HTTP/1.1" 200 358 "http://new.yxybb.com/YXYBB/yxybb/coursevideo?courseid=9885931daa97e2511144c574fdf28cdb&cwid=CW2016BJHXGST100W11&pathno=0012" "Mozilla/5.0 (Windows NT 6.1) AppleWebKit/537.36 (KHTML, like Gecko) Chrome/31.0.1650.63 Safari/537.36"
59.173.241.186 - - [12/May/2016:19:56:26 +0800] "GET /YXYBB/LEAP/web/js/public/control/data/bascinfo.data.js HTTP/1.1" 200 300 "http://new.yxybb.com/YXYBB/LEAP/html/bascinfo.html" "Mozilla/5.0 (Windows NT 6.1) AppleWebKit/537.36 (KHTML, like Gecko) Chrome/47.0.2526.106 Safari/537.36"
59.173.241.186 - - [12/May/2016:19:56:26 +0800] "GET /YXYBB/LEAP/web/js/public/control/data/password.data.js HTTP/1.1" 200 294 "http://new.yxybb.com/YXYBB/LEAP/html/bascinfo.html" "Mozilla/5.0 (Windows NT 6.1) AppleWebKit/537.36 (KHTML, like Gecko) Chrome/47.0.2526.106 Safari/537.36"
59.173.241.186 - - [12/May/2016:19:56:26 +0800] "GET /YXYBB/LEAP/html/settingInfo.html HTTP/1.1" 200 914 "http://new.yxybb.com/YXYBB/LEAP/html/bascinfo.html" "Mozilla/5.0 (Windows NT 6.1) AppleWebKit/537.36 (KHTML, like Gecko) Chrome/47.0.2526.106 Safari/537.36"
59.173.241.186 - - [12/May/2016:19:56:26 +0800] "POST /YXYBB/restservices/http/single/query HTTP/1.1" 200 101 "http://new.yxybb.com/YXYBB/LEAP/html/bascinfo.html" "Mozilla/5.0 (Windows NT 6.1) AppleWebKit/537.36 (KHTML, like Gecko) Chrome/47.0.2526.106 Safari/537.36"
59.173.241.186 - - [12/May/2016:19:56:26 +0800] "POST /YXYBB/restservices/http/single/query HTTP/1.1" 200 847 "http://new.yxybb.com/YXYBB/LEAP/html/bascinfo.html" "Mozilla/5.0 (Windows NT 6.1) AppleWebKit/537.36 (KHTML, like Gecko) Chrome/47.0.2526.106 Safari/537.36"
59.173.241.186 - - [12/May/2016:19:56:26 +0800] "GET /YXYBB/LEAP/Download/default/system/userpic/2016/1/15/cf59449a0c6146ce9283c53dd9069cee.jpg HTTP/1.1" 304 0 "http://new.yxybb.com/YXYBB/LEAP/html/bascinfo.html" "Mozilla/5.0 (Windows NT 6.1) AppleWebKit/537.36 (KHTML, like Gecko) Chrome/47.0.2526.106 Safari/537.36"
183.204.133.58 - - [12/May/2016:19:56:26 +0800] "POST /YXYBB/restservices/http/single/query HTTP/1.1" 200 108 "http://new.yxybb.com/YXYBB/LEAP/html/index.html" "Mozilla/5.0 (Windows NT 6.1; WOW64) AppleWebKit/537.36 (KHTML, like Gecko) Chrome/44.0.2403.69 Safari/537.36 QQBrowser/9.1.4060.400"
125.39.162.3 - - [12/May/2016:19:56:26 +0800] "POST /YXYBB/LEAP/Service/RPC/RPC.DO?callService=web&method=FL_SocialOperation_sOperationNum&sid=E78848FD36B828556DBF4AD948EBF601&rup=http://new.yxybb.com/YXYBB/ HTTP/1.1" 200 256 "http://new.yxybb.com/YXYBB/yxybb/coursedetails?courseid=72ef1485235d54e772e9066bef90f702" "Mozilla/5.0 (Windows NT 6.1) AppleWebKit/537.1 (KHTML, like Gecko) Chrome/21.0.1180.89 Safari/537.1"
125.39.162.3 - - [12/May/2016:19:56:26 +0800] "POST /YXYBB/LEAP/Service/RPC/RPC.DO?callService=web&method=FL_course_sCourseDetailsOpBar&sid=E78848FD36B828556DBF4AD948EBF601&rup=http://new.yxybb.com/YXYBB/ HTTP/1.1" 200 399 "http://new.yxybb.com/YXYBB/yxybb/coursedetails?courseid=72ef1485235d54e772e9066bef90f702" "Mozilla/5.0 (Windows NT 6.1) AppleWebKit/537.1 (KHTML, like Gecko) Chrome/21.0.1180.89 Safari/537.1"
125.39.162.3 - - [12/May/2016:19:56:26 +0800] "GET /YXYBB/LEAP/Resource/flash/hp.swf HTTP/1.1" 200 4139 "http://new.yxybb.com/YXYBB/yxybb/coursedetails?courseid=72ef1485235d54e772e9066bef90f702" "Mozilla/5.0 (Windows NT 6.1) AppleWebKit/537.1 (KHTML, like Gecko) Chrome/21.0.1180.89 Safari/537.1"
125.39.162.3 - - [12/May/2016:19:56:26 +0800] "GET /YXYBB/LEAP/LUPDPWeb/js/ueditor1_4_3-utf8-jsp/third-party/zeroclipboard/ZeroClipboard.swf?noCache=1463054135027 HTTP/1.1" 200 3933 "http://new.yxybb.com/YXYBB/yxybb/coursedetails?courseid=72ef1485235d54e772e9066bef90f702" "Mozilla/5.0 (Windows NT 6.1) AppleWebKit/537.1 (KHTML, like Gecko) Chrome/21.0.1180.89 Safari/537.1"
115.60.91.31 - - [12/May/2016:19:56:27 +0800] "GET /YXYBB/LEAP/lib/jquery.js HTTP/1.1" 200 38773 "http://new.yxybb.com/YXYBB/LEAP/html/index.html" "Mozilla/5.0 (Windows NT 6.1; WOW64) AppleWebKit/537.36 (KHTML, like Gecko) Chrome/39.0.2171.95 Safari/537.36 MicroMessenger/6.5.2.501 NetType/WIFI WindowsWechat"
183.204.133.58 - - [12/May/2016:19:56:27 +0800] "POST /YXYBB/restservices/http/single/query HTTP/1.1" 200 108 "http://new.yxybb.com/YXYBB/LEAP/html/index.html" "Mozilla/5.0 (Windows NT 6.1; WOW64) AppleWebKit/537.36 (KHTML, like Gecko) Chrome/44.0.2403.69 Safari/537.36 QQBrowser/9.1.4060.400"
183.204.24.207 - - [12/May/2016:19:56:27 +0800] "POST /YXYBB/LEAP/Service/RPC/RPC.DO?type=997&_z=4c01 HTTP/1.1" 200 32 "http://new.yxybb.com/YXYBB/yxybb/trainopen?traincasetype=2" "Mozilla/5.0 (Windows NT 6.3; WOW64; Trident/7.0; SMJB; rv:11.0) like Gecko"
115.60.91.31 - - [12/May/2016:19:56:27 +0800] "GET /YXYBB/LEAP/web/js/public/control/data/socialOperation.data.js HTTP/1.1" 200 479 "http://new.yxybb.com/YXYBB/LEAP/html/index.html" "Mozilla/5.0 (Windows NT 6.1; WOW64) AppleWebKit/537.36 (KHTML, like Gecko) Chrome/39.0.2171.95 Safari/537.36 MicroMessenger/6.5.2.501 NetType/WIFI WindowsWechat"
60.24.91.122 - - [12/May/2016:19:56:28 +0800] "GET /YXYBB/LEAP/LUPDPWeb/css/main.css HTTP/1.1" 304 0 "http://new.yxybb.com/YXYBB/yxybb/person_study?loadtype=1" "Mozilla/5.0 (Windows NT 6.1) AppleWebKit/537.36 (KHTML, like Gecko) Chrome/45.0.2454.101 Safari/537.36"
183.204.133.58 - - [12/May/2016:19:56:28 +0800] "POST /YXYBB/restservices/http/single/query HTTP/1.1" 200 108 "http://new.yxybb.com/YXYBB/LEAP/html/index.html" "Mozilla/5.0 (Windows NT 6.1; WOW64) AppleWebKit/537.36 (KHTML, like Gecko) Chrome/44.0.2403.69 Safari/537.36 QQBrowser/9.1.4060.400"
60.24.91.122 - - [12/May/2016:19:56:28 +0800] "GET /YXYBB/LEAP/LUPDPWeb/js/jquery.js HTTP/1.1" 304 0 "http://new.yxybb.com/YXYBB/yxybb/person_study?loadtype=1" "Mozilla/5.0 (Windows NT 6.1) AppleWebKit/537.36 (KHTML, like Gecko) Chrome/45.0.2454.101 Safari/537.36"
60.24.91.122 - - [12/May/2016:19:56:28 +0800] "GET /YXYBB/LEAP/LUPDPWeb/js/main.js HTTP/1.1" 304 0 "http://new.yxybb.com/YXYBB/yxybb/person_study?loadtype=1" "Mozilla/5.0 (Windows NT 6.1) AppleWebKit/537.36 (KHTML, like Gecko) Chrome/45.0.2454.101 Safari/537.36"
60.24.91.122 - - [12/May/2016:19:56:28 +0800] "GET /YXYBB/LEAP/Resource/JavaScript/Base/Net.js HTTP/1.1" 304 0 "http://new.yxybb.com/YXYBB/yxybb/person_study?loadtype=1" "Mozilla/5.0 (Windows NT 6.1) AppleWebKit/537.36 (KHTML, like Gecko) Chrome/45.0.2454.101 Safari/537.36"
60.24.91.122 - - [12/May/2016:19:56:28 +0800] "GET /YXYBB/LEAP/LUPDPWeb/control/public/reglog/reglog.js HTTP/1.1" 304 0 "http://new.yxybb.com/YXYBB/yxybb/person_study?loadtype=1" "Mozilla/5.0 (Windows NT 6.1) AppleWebKit/537.36 (KHTML, like Gecko) Chrome/45.0.2454.101 Safari/537.36"
60.24.91.122 - - [12/May/2016:19:56:28 +0800] "GET /YXYBB/LEAP/LUPDPWeb/js/socialOperation.js HTTP/1.1" 304 0 "http://new.yxybb.com/YXYBB/yxybb/person_study?loadtype=1" "Mozilla/5.0 (Windows NT 6.1) AppleWebKit/537.36 (KHTML, like Gecko) Chrome/45.0.2454.101 Safari/537.36"
183.204.24.207 - - [12/May/2016:19:56:28 +0800] "GET /YXYBB/LEAP/html/trainopen.html?traincasetype=2 HTTP/1.1" 200 3977 "http://new.yxybb.com/YXYBB/yxybb/trainopen?traincasetype=2" "Mozilla/5.0 (Windows NT 6.3; WOW64; Trident/7.0; SMJB; rv:11.0) like Gecko"
60.24.91.122 - - [12/May/2016:19:56:28 +0800] "GET /YXYBB/LEAP/LUPDPWeb/control/person/workmate/mayworkmake.js HTTP/1.1" 200 1142 "http://new.yxybb.com/YXYBB/yxybb/person_study?loadtype=1" "Mozilla/5.0 (Windows NT 6.1) AppleWebKit/537.36 (KHTML, like Gecko) Chrome/45.0.2454.101 Safari/537.36"
60.24.91.122 - - [12/May/2016:19:56:28 +0800] "GET /YXYBB/LEAP/LUPDPWeb/control/person/personalfiles/personalfiles.js HTTP/1.1" 200 2827 "http://new.yxybb.com/YXYBB/yxybb/person_study?loadtype=1" "Mozilla/5.0 (Windows NT 6.1) AppleWebKit/537.36 (KHTML, like Gecko) Chrome/45.0.2454.101 Safari/537.36"
60.24.91.122 - - [12/May/2016:19:56:29 +0800] "GET /YXYBB/LEAP/LUPDPWeb/control/public/personcare/peoplecare.js HTTP/1.1" 200 2100 "http://new.yxybb.com/YXYBB/yxybb/person_study?loadtype=1" "Mozilla/5.0 (Windows NT 6.1) AppleWebKit/537.36 (KHTML, like Gecko) Chrome/45.0.2454.101 Safari/537.36"
60.24.91.122 - - [12/May/2016:19:56:29 +0800] "GET /YXYBB/LEAP/LUPDPWeb/control/public/customerservice/customerservice.js HTTP/1.1" 304 0 "http://new.yxybb.com/YXYBB/yxybb/person_study?loadtype=1" "Mozilla/5.0 (Windows NT 6.1) AppleWebKit/537.36 (KHTML, like Gecko) Chrome/45.0.2454.101 Safari/537.36"
60.24.91.122 - - [12/May/2016:19:56:29 +0800] "GET /YXYBB/LEAP/LUPDPWeb/control/payment/shoppingcart/shoppingcart.js HTTP/1.1" 304 0 "http://new.yxybb.com/YXYBB/yxybb/person_study?loadtype=1" "Mozilla/5.0 (Windows NT 6.1) AppleWebKit/537.36 (KHTML, like Gecko) Chrome/45.0.2454.101 Safari/537.36"
60.24.91.122 - - [12/May/2016:19:56:29 +0800] "POST /YXYBB/LEAP/Service/RPC/RPC.DO?type=997&_z=a5fe HTTP/1.1" 200 32 "http://new.yxybb.com/YXYBB/yxybb/person_study?loadtype=1" "Mozilla/5.0 (Windows NT 6.1) AppleWebKit/537.36 (KHTML, like Gecko) Chrome/45.0.2454.101 Safari/537.36"
60.24.91.122 - - [12/May/2016:19:56:29 +0800] "GET /YXYBB/LEAP/LUPDPWeb/control/public/login/logout.js HTTP/1.1" 304 0 "http://new.yxybb.com/YXYBB/yxybb/person_study?loadtype=1" "Mozilla/5.0 (Windows NT 6.1) AppleWebKit/537.36 (KHTML, like Gecko) Chrome/45.0.2454.101 Safari/537.36"
60.24.91.122 - - [12/May/2016:19:56:29 +0800] "GET /YXYBB/LEAP/LUPDPWeb/control/question/tags.js HTTP/1.1" 304 0 "http://new.yxybb.com/YXYBB/yxybb/person_study?loadtype=1" "Mozilla/5.0 (Windows NT 6.1) AppleWebKit/537.36 (KHTML, like Gecko) Chrome/45.0.2454.101 Safari/537.36"
60.24.91.122 - - [12/May/2016:19:56:29 +0800] "GET /YXYBB/LEAP/LUPDPWeb/control/question/askingQuestion/askingQuestion.js HTTP/1.1" 304 0 "http://new.yxybb.com/YXYBB/yxybb/person_study?loadtype=1" "Mozilla/5.0 (Windows NT 6.1) AppleWebKit/537.36 (KHTML, like Gecko) Chrome/45.0.2454.101 Safari/537.36"
60.24.91.122 - - [12/May/2016:19:56:29 +0800] "GET /YXYBB/LEAP/LUPDPWeb/js/upload/ajaxfileupload.js HTTP/1.1" 304 0 "http://new.yxybb.com/YXYBB/yxybb/person_study?loadtype=1" "Mozilla/5.0 (Windows NT 6.1) AppleWebKit/537.36 (KHTML, like Gecko) Chrome/45.0.2454.101 Safari/537.36"
60.24.91.122 - - [12/May/2016:19:56:29 +0800] "GET /YXYBB/LEAP/LUPDPWeb/js/ueditor1_4_3-utf8-jsp/ueditor.all.js HTTP/1.1" 304 0 "http://new.yxybb.com/YXYBB/yxybb/person_study?loadtype=1" "Mozilla/5.0 (Windows NT 6.1) AppleWebKit/537.36 (KHTML, like Gecko) Chrome/45.0.2454.101 Safari/537.36"
