115.60.88.187 - - [12/May/2016:19:57:11 +0800] "GET /YXYBB/LEAP/LUPDPWeb/js/upload/upload.js HTTP/1.1" 200 988 "http://new.yxybb.com/YXYBB/yxybb/PasswordConfirm" "Mozilla/5.0 (Windows NT 6.1) AppleWebKit/537.36 (KHTML, like Gecko) Chrome/45.0.2454.101 Safari/537.36"
115.60.88.187 - - [12/May/2016:19:57:11 +0800] "GET /YXYBB/LEAP/LUPDPWeb/js/ueditor1_4_3-utf8-jsp/lang/zh-cn/zh-cn.js HTTP/1.1" 200 10356 "http://new.yxybb.com/YXYBB/yxybb/PasswordConfirm" "Mozilla/5.0 (Windows NT 6.1) AppleWebKit/537.36 (KHTML, like Gecko) Chrome/45.0.2454.101 Safari/537.36"
183.204.24.207 - - [12/May/2016:19:57:11 +0800] "POST /YXYBB/restservices/http/single/query HTTP/1.1" 200 108 "http://new.yxybb.com/YXYBB/LEAP/html/trainopen.html?traincasetype=2" "Mozilla/5.0 (Windows NT 6.3; WOW64; Trident/7.0; SMJB; rv:11.0) like Gecko"
120.212.0.4 - - [12/May/2016:19:57:12 +0800] "POST /YXYBB/LEAP/Service/RPC/RPC.DO?callService=web&method=FL_course_checkVideoPlayingAuthorityLock&sid=DC0A66376A28953D56D007934C4A0009&rup=http://new.yxybb.com/YXYBB/ HTTP/1.1" 200 353 "http://new.yxybb.com/YXYBB/yxybb/coursedetails?courseid=6cab4e2c3c554cd68b7f4d5577a3bb75" "Mozilla/5.0 (Windows NT 6.1; WOW64) AppleWebKit/537.36 (KHTML, like Gecko) Chrome/42.0.2311.154 Safari/537.36 LBBROWSER"
115.60.91.31 - - [12/May/2016:19:57:12 +0800] "GET /YXYBB/LEAP/Download/default/2015/12/31/fb46ffb4a60c48cfbcf81a24ee38e431.jpg HTTP/1.1" 304 0 "http://new.yxybb.com/YXYBB/LEAP/html/index.html" "Mozilla/5.0 (Windows NT 6.1; WOW64) AppleWebKit/537.36 (KHTML, like Gecko) Chrome/39.0.2171.95 Safari/537.36 MicroMessenger/6.5.2.501 NetType/WIFI WindowsWechat"
183.204.24.207 - - [12/May/2016:19:57:12 +0800] "POST /YXYBB/restservices/http/single/query HTTP/1.1" 200 108 "http://new.yxybb.com/YXYBB/LEAP/html/trainopen.html?traincasetype=2" "Mozilla/5.0 (Windows NT 6.3; WOW64; Trident/7.0; SMJB; rv:11.0) like Gecko"
180.213.155.223 - - [12/May/2016:19:57:13 +0800] "POST /YXYBB/LEAP/Service/RPC/RPC.DO?callService=web&method=FL_course_maintainVideoPlayingAuthorityLock&sid=3C0814CEC35D67C8A7554DE68AABC30D&rup=http://new.yxybb.com/YXYBB/ HTTP/1.1" 200 358 "http://new.yxybb.com/YXYBB/yxybb/coursevideo?courseid=8bc7ac29c2174b498ca651191594b1a5&cwid=20100519001&pathno=0003000600010001" "Mozilla/5.0 (Windows NT 5.1) AppleWebKit/537.36 (KHTML, like Gecko) Chrome/31.0.1650.63 Safari/537.36"
113.206.216.33 - - [12/May/2016:19:57:13 +0800] "POST /YXYBB/restservices/http/single/query HTTP/1.1" 200 103 "http://new.yxybb.com/YXYBB/LEAP/html/index.html" "Mozilla/4.0 (compatible; MSIE 8.0; Windows NT 5.1; Trident/4.0)"
183.204.133.58 - - [12/May/2016:19:57:13 +0800] "GET /YXYBB/LEAP/Resource/JavaScript/Base/Net.js HTTP/1.1" 200 11709 "http://new.yxybb.com/YXYBB/yxybb/person_study?loadtype=1" "Mozilla/5.0 (Windows NT 6.1; WOW64) AppleWebKit/537.36 (KHTML, like Gecko) Chrome/44.0.2403.69 Safari/537.36 QQBrowser/9.1.4060.400"
183.204.24.207 - - [12/May/2016:19:57:13 +0800] "POST /YXYBB/restservices/http/single/query HTTP/1.1" 200 108 "http://new.yxybb.com/YXYBB/LEAP/html/trainopen.html?traincasetype=2" "Mozilla/5.0 (Windows NT 6.3; WOW64; Trident/7.0; SMJB; rv:11.0) like Gecko"
113.206.216.33 - - [12/May/2016:19:57:14 +0800] "POST /YXYBB/restservices/http/single/query HTTP/1.1" 200 108 "http://new.yxybb.com/YXYBB/LEAP/html/index.html" "Mozilla/4.0 (compatible; MSIE 8.0; Windows NT 5.1; Trident/4.0)"
183.204.133.58 - - [12/May/2016:19:57:14 +0800] "GET /YXYBB/LEAP/LUPDPWeb/control/public/reglog/reglog.js HTTP/1.1" 200 9669 "http://new.yxybb.com/YXYBB/yxybb/person_study?loadtype=1" "Mozilla/5.0 (Windows NT 6.1; WOW64) AppleWebKit/537.36 (KHTML, like Gecko) Chrome/44.0.2403.69 Safari/537.36 QQBrowser/9.1.4060.400"
183.204.24.207 - - [12/May/2016:19:57:14 +0800] "POST /YXYBB/restservices/http/single/query HTTP/1.1" 200 108 "http://new.yxybb.com/YXYBB/LEAP/html/trainopen.html?traincasetype=2" "Mozilla/5.0 (Windows NT 6.3; WOW64; Trident/7.0; SMJB; rv:11.0) like Gecko"
113.206.216.33 - - [12/May/2016:19:57:15 +0800] "POST /YXYBB/restservices/http/single/query HTTP/1.1" 200 108 "http://new.yxybb.com/YXYBB/LEAP/html/index.html" "Mozilla/4.0 (compatible; MSIE 8.0; Windows NT 5.1; Trident/4.0)"
183.204.133.58 - - [12/May/2016:19:57:15 +0800] "GET /YXYBB/LEAP/LUPDPWeb/js/socialOperation.js HTTP/1.1" 200 9405 "http://new.yxybb.com/YXYBB/yxybb/person_study?loadtype=1" "Mozilla/5.0 (Windows NT 6.1; WOW64) AppleWebKit/537.36 (KHTML, like Gecko) Chrome/44.0.2403.69 Safari/537.36 QQBrowser/9.1.4060.400"
113.206.216.33 - - [12/May/2016:19:57:15 +0800] "POST /YXYBB/restservices/http/single/query HTTP/1.1" 200 108 "http://new.yxybb.com/YXYBB/LEAP/html/index.html" "Mozilla/4.0 (compatible; MSIE 8.0; Windows NT 5.1; Trident/4.0)"
183.204.133.58 - - [12/May/2016:19:57:15 +0800] "GET /YXYBB/LEAP/LUPDPWeb/control/information/information.js HTTP/1.1" 200 2682 "http://new.yxybb.com/YXYBB/yxybb/person_study?loadtype=1" "Mozilla/5.0 (Windows NT 6.1; WOW64) AppleWebKit/537.36 (KHTML, like Gecko) Chrome/44.0.2403.69 Safari/537.36 QQBrowser/9.1.4060.400"
118.194.238.198 - - [12/May/2016:19:57:15 +0800] "POST /YXYBB/LEAP/Service/RPC/RPC.DO?callService=web&method=FL_course_uStudyProcessInfo&sid=4C6F736133C0BC3FE9AD5E1FD7FF49AD&rup=http://new.yxybb.com/YXYBB/ HTTP/1.1" 200 702 "http://new.yxybb.com/YXYBB/yxybb/coursevideo?courseid=8bc7ac29c2174b498ca651191594b1a5&cwid=CW201410221434501&pathno=0002000900010001" "Mozilla/5.0 (Windows NT 5.1) AppleWebKit/537.36 (KHTML, like Gecko) Chrome/39.0.2171.99 Safari/537.36 2345Explorer/6.5.0.11018"
113.206.216.33 - - [12/May/2016:19:57:15 +0800] "GET /YXYBB/LEAP/web/css/public/css/main.css HTTP/1.1" 304 0 "http://new.yxybb.com/YXYBB/LEAP/html/index.html" "Mozilla/4.0 (compatible; MSIE 8.0; Windows NT 5.1; Trident/4.0)"
113.206.216.33 - - [12/May/2016:19:57:15 +0800] "GET /YXYBB/LEAP/web/js/public/control/init/index.init.js HTTP/1.1" 304 0 "http://new.yxybb.com/YXYBB/LEAP/html/index.html" "Mozilla/4.0 (compatible; MSIE 8.0; Windows NT 5.1; Trident/4.0)"
183.204.24.207 - - [12/May/2016:19:57:15 +0800] "POST /YXYBB/restservices/http/single/query HTTP/1.1" 200 108 "http://new.yxybb.com/YXYBB/LEAP/html/trainopen.html?traincasetype=2" "Mozilla/5.0 (Windows NT 6.3; WOW64; Trident/7.0; SMJB; rv:11.0) like Gecko"
120.212.0.4 - - [12/May/2016:19:57:16 +0800] "POST /YXYBB/LEAP/Service/RPC/RPC.DO?callService=web&method=FL_course_releaseVideoPlayingAuthorityLock&sid=DC0A66376A28953D56D007934C4A0009&rup=http://new.yxybb.com/YXYBB/ HTTP/1.1" 200 177 "http://new.yxybb.com/YXYBB/yxybb/coursevideo?courseid=6cab4e2c3c554cd68b7f4d5577a3bb75&cwid=CW20140312001&pathno=0003000100010001" "Mozilla/5.0 (Windows NT 6.1; WOW64) AppleWebKit/537.36 (KHTML, like Gecko) Chrome/42.0.2311.154 Safari/537.36 LBBROWSER"
183.204.133.58 - - [12/May/2016:19:57:16 +0800] "GET /YXYBB/LEAP/LUPDPWeb/control/person/workmate/mayworkmake.js HTTP/1.1" 200 1142 "http://new.yxybb.com/YXYBB/yxybb/person_study?loadtype=1" "Mozilla/5.0 (Windows NT 6.1; WOW64) AppleWebKit/537.36 (KHTML, like Gecko) Chrome/44.0.2403.69 Safari/537.36 QQBrowser/9.1.4060.400"
221.196.231.241 - - [12/May/2016:19:57:16 +0800] "POST /YXYBB/LEAP/Service/RPC/RPC.DO?callService=web&method=SearchCache&sid=6910F0596C9581B6AEAD6303EA376F43&rup=http://new.yxybb.com/YXYBB/ HTTP/1.1" 408 0 "http://new.yxybb.com/YXYBB/yxybb/person_study?loadtype=1" "Mozilla/4.0 (compatible; MSIE 8.0; Windows NT 6.1; Trident/4.0; SLCC2; .NET CLR 2.0.50727; .NET CLR 3.5.30729; .NET CLR 3.0.30729; MALN; .NET4.0C)"
183.204.133.58 - - [12/May/2016:19:57:16 +0800] "GET /YXYBB/LEAP/LUPDPWeb/control/person/personalfiles/personalfiles.js HTTP/1.1" 200 2827 "http://new.yxybb.com/YXYBB/yxybb/person_study?loadtype=1" "Mozilla/5.0 (Windows NT 6.1; WOW64) AppleWebKit/537.36 (KHTML, like Gecko) Chrome/44.0.2403.69 Safari/537.36 QQBrowser/9.1.4060.400"
221.196.231.241 - - [12/May/2016:19:57:16 +0800] "GET /YXYBB/LEAP/LUPDPWeb/img/no.gif HTTP/1.1" 304 0 "http://new.yxybb.com/YXYBB/yxybb/person_study?loadtype=1" "Mozilla/4.0 (compatible; MSIE 8.0; Windows NT 6.1; Trident/4.0; SLCC2; .NET CLR 2.0.50727; .NET CLR 3.5.30729; .NET CLR 3.0.30729; MALN; .NET4.0C)"
221.196.231.241 - - [12/May/2016:19:57:16 +0800] "GET /YXYBB/yxybb/pie/pie.htc HTTP/1.1" 404 997 "-" "Mozilla/4.0 (compatible; MSIE 8.0; Windows NT 6.1; Trident/4.0; SLCC2; .NET CLR 2.0.50727; .NET CLR 3.5.30729; .NET CLR 3.0.30729; MALN; .NET4.0C)"
221.196.231.241 - - [12/May/2016:19:57:16 +0800] "GET /YXYBB/LEAP/LUPDPWeb/img/notice_num.png HTTP/1.1" 200 1461 "http://new.yxybb.com/YXYBB/yxybb/person_study?loadtype=1" "Mozilla/4.0 (compatible; MSIE 8.0; Windows NT 6.1; Trident/4.0; SLCC2; .NET CLR 2.0.50727; .NET CLR 3.5.30729; .NET CLR 3.0.30729; MALN; .NET4.0C)"
183.204.133.58 - - [12/May/2016:19:57:16 +0800] "GET /YXYBB/LEAP/LUPDPWeb/control/person/recommendattention/recommendattention.js HTTP/1.1" 200 1200 "http://new.yxybb.com/YXYBB/yxybb/person_study?loadtype=1" "Mozilla/5.0 (Windows NT 6.1; WOW64) AppleWebKit/537.36 (KHTML, like Gecko) Chrome/44.0.2403.69 Safari/537.36 QQBrowser/9.1.4060.400"
183.204.133.58 - - [12/May/2016:19:57:16 +0800] "GET /YXYBB/LEAP/LUPDPWeb/control/public/personcare/peoplecare.js HTTP/1.1" 200 2100 "http://new.yxybb.com/YXYBB/yxybb/person_study?loadtype=1" "Mozilla/5.0 (Windows NT 6.1; WOW64) AppleWebKit/537.36 (KHTML, like Gecko) Chrome/44.0.2403.69 Safari/537.36 QQBrowser/9.1.4060.400"
183.204.133.58 - - [12/May/2016:19:57:16 +0800] "GET /YXYBB/LEAP/LUPDPWeb/control/person/personstudy/personstudy.js HTTP/1.1" 200 6758 "http://new.yxybb.com/YXYBB/yxybb/person_study?loadtype=1" "Mozilla/5.0 (Windows NT 6.1; WOW64) AppleWebKit/537.36 (KHTML, like Gecko) Chrome/44.0.2403.69 Safari/537.36 QQBrowser/9.1.4060.400"
183.204.133.58 - - [12/May/2016:19:57:16 +0800] "GET /YXYBB/LEAP/LUPDPWeb/control/public/customerservice/customerservice.js HTTP/1.1" 200 3172 "http://new.yxybb.com/YXYBB/yxybb/person_study?loadtype=1" "Mozilla/5.0 (Windows NT 6.1; WOW64) AppleWebKit/537.36 (KHTML, like Gecko) Chrome/44.0.2403.69 Safari/537.36 QQBrowser/9.1.4060.400"
183.204.24.207 - - [12/May/2016:19:57:16 +0800] "POST /YXYBB/restservices/http/single/query HTTP/1.1" 200 108 "http://new.yxybb.com/YXYBB/LEAP/html/trainopen.html?traincasetype=2" "Mozilla/5.0 (Windows NT 6.3; WOW64; Trident/7.0; SMJB; rv:11.0) like Gecko"
183.204.133.58 - - [12/May/2016:19:57:17 +0800] "GET /YXYBB/LEAP/LUPDPWeb/control/payment/shoppingcart/shoppingcart.js HTTP/1.1" 200 694 "http://new.yxybb.com/YXYBB/yxybb/person_study?loadtype=1" "Mozilla/5.0 (Windows NT 6.1; WOW64) AppleWebKit/537.36 (KHTML, like Gecko) Chrome/44.0.2403.69 Safari/537.36 QQBrowser/9.1.4060.400"
183.204.133.58 - - [12/May/2016:19:57:17 +0800] "GET /YXYBB/LEAP/LUPDPWeb/js/des.js HTTP/1.1" 200 6286 "http://new.yxybb.com/YXYBB/yxybb/person_study?loadtype=1" "Mozilla/5.0 (Windows NT 6.1; WOW64) AppleWebKit/537.36 (KHTML, like Gecko) Chrome/44.0.2403.69 Safari/537.36 QQBrowser/9.1.4060.400"
183.204.133.58 - - [12/May/2016:19:57:17 +0800] "GET /YXYBB/LEAP/LUPDPWeb/control/public/search/searchinput.js HTTP/1.1" 200 2270 "http://new.yxybb.com/YXYBB/yxybb/person_study?loadtype=1" "Mozilla/5.0 (Windows NT 6.1; WOW64) AppleWebKit/537.36 (KHTML, like Gecko) Chrome/44.0.2403.69 Safari/537.36 QQBrowser/9.1.4060.400"
183.204.133.58 - - [12/May/2016:19:57:17 +0800] "GET /YXYBB/LEAP/LUPDPWeb/control/public/login/logout.js HTTP/1.1" 200 2279 "http://new.yxybb.com/YXYBB/yxybb/person_study?loadtype=1" "Mozilla/5.0 (Windows NT 6.1; WOW64) AppleWebKit/537.36 (KHTML, like Gecko) Chrome/44.0.2403.69 Safari/537.36 QQBrowser/9.1.4060.400"
183.204.133.58 - - [12/May/2016:19:57:17 +0800] "GET /YXYBB/LEAP/LUPDPWeb/control/question/tags.js HTTP/1.1" 200 3479 "http://new.yxybb.com/YXYBB/yxybb/person_study?loadtype=1" "Mozilla/5.0 (Windows NT 6.1; WOW64) AppleWebKit/537.36 (KHTML, like Gecko) Chrome/44.0.2403.69 Safari/537.36 QQBrowser/9.1.4060.400"
120.212.0.4 - - [12/May/2016:19:57:17 +0800] "POST /YXYBB/LEAP/Service/RPC/RPC.DO?callService=web&method=FL_course_checkVideoPlayingAuthorityLock&sid=DC0A66376A28953D56D007934C4A0009&rup=http://new.yxybb.com/YXYBB/ HTTP/1.1" 200 335 "http://new.yxybb.com/YXYBB/yxybb/coursedetails?courseid=6cab4e2c3c554cd68b7f4d5577a3bb75" "Mozilla/5.0 (Windows NT 6.1; WOW64) AppleWebKit/537.36 (KHTML, like Gecko) Chrome/42.0.2311.154 Safari/537.36 LBBROWSER"
120.212.0.4 - - [12/May/2016:19:57:17 +0800] "GET /YXYBB/yxybb/coursevideo?courseid=6cab4e2c3c554cd68b7f4d5577a3bb75&cwid=20090420048&pathno=0001001000010007 HTTP/1.1" 200 4002 "http://new.yxybb.com/YXYBB/yxybb/coursedetails?courseid=6cab4e2c3c554cd68b7f4d5577a3bb75" "Mozilla/5.0 (Windows NT 6.1; WOW64) AppleWebKit/537.36 (KHTML, like Gecko) Chrome/42.0.2311.154 Safari/537.36 LBBROWSER"
221.11.84.36 - - [12/May/2016:19:57:17 +0800] "POST /YXYBB/LEAP/Service/RPC/RPC.DO?callService=web&method=FL_course_maintainVideoPlayingAuthorityLock&sid=B259901E8E1572992462AD194E6188F5&rup=http://new.yxybb.com/YXYBB/ HTTP/1.1" 200 358 "http://new.yxybb.com/YXYBB/yxybb/coursevideo?courseid=d0b1c4f535364e7e9a188035a77e2c97&cwid=CW20140925094937796&pathno=0002000100040002" "Mozilla/5.0 (Windows NT 6.3; WOW64) AppleWebKit/537.36 (KHTML, like Gecko) Chrome/45.0.2454.101 Safari/537.36"
120.212.0.4 - - [12/May/2016:19:57:17 +0800] "POST /YXYBB/LEAP/Service/RPC/RPC.DO?type=997&_z=088d HTTP/1.1" 200 32 "http://new.yxybb.com/YXYBB/yxybb/coursevideo?courseid=6cab4e2c3c554cd68b7f4d5577a3bb75&cwid=20090420048&pathno=0001001000010007" "Mozilla/5.0 (Windows NT 6.1; WOW64) AppleWebKit/537.36 (KHTML, like Gecko) Chrome/42.0.2311.154 Safari/537.36 LBBROWSER"
183.204.24.207 - - [12/May/2016:19:57:17 +0800] "POST /YXYBB/restservices/http/single/query HTTP/1.1" 200 108 "http://new.yxybb.com/YXYBB/LEAP/html/trainopen.html?traincasetype=2" "Mozilla/5.0 (Windows NT 6.3; WOW64; Trident/7.0; SMJB; rv:11.0) like Gecko"
120.212.0.4 - - [12/May/2016:19:57:17 +0800] "POST /YXYBB/LEAP/Service/RPC/RPC.DO?callService=web&method=FL_person_getLoginSession&sid=DC0A66376A28953D56D007934C4A0009&rup=http://new.yxybb.com/YXYBB/ HTTP/1.1" 200 175 "http://new.yxybb.com/YXYBB/yxybb/coursevideo?courseid=6cab4e2c3c554cd68b7f4d5577a3bb75&cwid=20090420048&pathno=0001001000010007" "Mozilla/5.0 (Windows NT 6.1; WOW64) AppleWebKit/537.36 (KHTML, like Gecko) Chrome/42.0.2311.154 Safari/537.36 LBBROWSER"
120.212.0.4 - - [12/May/2016:19:57:18 +0800] "POST /YXYBB/LEAP/Service/RPC/RPC.DO?callService=web&method=FL_course_openVideoPlayingAuthorityLock&sid=DC0A66376A28953D56D007934C4A0009&rup=http://new.yxybb.com/YXYBB/ HTTP/1.1" 200 177 "http://new.yxybb.com/YXYBB/yxybb/coursevideo?courseid=6cab4e2c3c554cd68b7f4d5577a3bb75&cwid=20090420048&pathno=0001001000010007" "Mozilla/5.0 (Windows NT 6.1; WOW64) AppleWebKit/537.36 (KHTML, like Gecko) Chrome/42.0.2311.154 Safari/537.36 LBBROWSER"
120.212.0.4 - - [12/May/2016:19:57:18 +0800] "POST /YXYBB/LEAP/Service/RPC/RPC.DO?callService=web&method=FL_course_checkVideoPlayingAuthorityLock&sid=DC0A66376A28953D56D007934C4A0009&rup=http://new.yxybb.com/YXYBB/ HTTP/1.1" 200 335 "http://new.yxybb.com/YXYBB/yxybb/coursevideo?courseid=6cab4e2c3c554cd68b7f4d5577a3bb75&cwid=20090420048&pathno=0001001000010007" "Mozilla/5.0 (Windows NT 6.1; WOW64) AppleWebKit/537.36 (KHTML, like Gecko) Chrome/42.0.2311.154 Safari/537.36 LBBROWSER"
221.196.149.11 - - [12/May/2016:19:57:18 +0800] "POST /YXYBB/LEAP/Service/RPC/RPC.DO?callService=web&method=FL_course_maintainVideoPlayingAuthorityLock&sid=C027D7325C8F567FD0787E64C52BE680&rup=http://new.yxybb.com/YXYBB/ HTTP/1.1" 200 358 "http://new.yxybb.com/YXYBB/yxybb/coursevideo?courseid=8bc7ac29c2174b498ca651191594b1a5&cwid=CW20150421091712869&pathno=0003000200010001" "Mozilla/5.0 (Windows NT 6.1) AppleWebKit/537.36 (KHTML, like Gecko) Chrome/45.0.2454.101 Safari/537.36"
120.212.0.4 - - [12/May/2016:19:57:18 +0800] "POST /YXYBB/LEAP/Service/RPC/RPC.DO?callService=web&method=FL_course_sVideoBean&sid=DC0A66376A28953D56D007934C4A0009&rup=http://new.yxybb.com/YXYBB/ HTTP/1.1" 200 2243 "http://new.yxybb.com/YXYBB/yxybb/coursevideo?courseid=6cab4e2c3c554cd68b7f4d5577a3bb75&cwid=20090420048&pathno=0001001000010007" "Mozilla/5.0 (Windows NT 6.1; WOW64) AppleWebKit/537.36 (KHTML, like Gecko) Chrome/42.0.2311.154 Safari/537.36 LBBROWSER"
183.204.133.58 - - [12/May/2016:19:57:18 +0800] "GET /YXYBB/LEAP/LUPDPWeb/control/question/askingQuestion/askingQuestion.js HTTP/1.1" 200 2939 "http://new.yxybb.com/YXYBB/yxybb/person_study?loadtype=1" "Mozilla/5.0 (Windows NT 6.1; WOW64) AppleWebKit/537.36 (KHTML, like Gecko) Chrome/44.0.2403.69 Safari/537.36 QQBrowser/9.1.4060.400"
183.204.133.58 - - [12/May/2016:19:57:18 +0800] "GET /YXYBB/LEAP/LUPDPWeb/js/upload/ajaxfileupload.js HTTP/1.1" 200 3550 "http://new.yxybb.com/YXYBB/yxybb/person_study?loadtype=1" "Mozilla/5.0 (Windows NT 6.1; WOW64) AppleWebKit/537.36 (KHTML, like Gecko) Chrome/44.0.2403.69 Safari/537.36 QQBrowser/9.1.4060.400"
120.212.0.4 - - [12/May/2016:19:57:18 +0800] "POST /YXYBB/LEAP/Service/RPC/RPC.DO?callService=web&method=FL_course_getrollnews&sid=DC0A66376A28953D56D007934C4A0009&rup=http://new.yxybb.com/YXYBB/ HTTP/1.1" 200 645 "http://new.yxybb.com/YXYBB/yxybb/coursevideo?courseid=6cab4e2c3c554cd68b7f4d5577a3bb75&cwid=20090420048&pathno=0001001000010007" "Mozilla/5.0 (Windows NT 6.1; WOW64) AppleWebKit/537.36 (KHTML, like Gecko) Chrome/42.0.2311.154 Safari/537.36 LBBROWSER"
183.204.133.58 - - [12/May/2016:19:57:18 +0800] "GET /YXYBB/LEAP/LUPDPWeb/js/upload/upload.js HTTP/1.1" 200 988 "http://new.yxybb.com/YXYBB/yxybb/person_study?loadtype=1" "Mozilla/5.0 (Windows NT 6.1; WOW64) AppleWebKit/537.36 (KHTML, like Gecko) Chrome/44.0.2403.69 Safari/537.36 QQBrowser/9.1.4060.400"
183.204.133.58 - - [12/May/2016:19:57:18 +0800] "GET /YXYBB/LEAP/LUPDPWeb/js/ueditor1_4_3-utf8-jsp/ueditor.config.js HTTP/1.1" 200 7900 "http://new.yxybb.com/YXYBB/yxybb/person_study?loadtype=1" "Mozilla/5.0 (Windows NT 6.1; WOW64) AppleWebKit/537.36 (KHTML, like Gecko) Chrome/44.0.2403.69 Safari/537.36 QQBrowser/9.1.4060.400"
221.196.231.241 - - [12/May/2016:19:57:18 +0800] "POST /YXYBB/LEAP/Service/RPC/RPC.DO?callService=web&method=FL_course_sPersonAllStudyStateBean&sid=6910F0596C9581B6AEAD6303EA376F43&rup=http://new.yxybb.com/YXYBB/ HTTP/1.1" 200 396 "http://new.yxybb.com/YXYBB/yxybb/person_study?loadtype=1" "Mozilla/4.0 (compatible; MSIE 8.0; Windows NT 6.1; Trident/4.0; SLCC2; .NET CLR 2.0.50727; .NET CLR 3.5.30729; .NET CLR 3.0.30729; MALN; .NET4.0C)"
183.204.24.207 - - [12/May/2016:19:57:18 +0800] "POST /YXYBB/restservices/http/single/query HTTP/1.1" 200 108 "http://new.yxybb.com/YXYBB/LEAP/html/trainopen.html?traincasetype=2" "Mozilla/5.0 (Windows NT 6.3; WOW64; Trident/7.0; SMJB; rv:11.0) like Gecko"
183.228.189.148 - - [12/May/2016:19:57:18 +0800] "GET /YXYBB/LEAP/web/js/public/control/pagemodule/index.module.js HTTP/1.1" 200 640 "http://new.yxybb.com/YXYBB/LEAP/html/index.html" "Mozilla/5.0 (Windows NT 5.1) AppleWebKit/537.36 (KHTML, like Gecko) Chrome/45.0.2454.101 Safari/537.36"
183.228.189.148 - - [12/May/2016:19:57:18 +0800] "GET /YXYBB/LEAP/web/js/public/control/pagemodule/footer.module.js HTTP/1.1" 200 1923 "http://new.yxybb.com/YXYBB/LEAP/html/index.html" "Mozilla/5.0 (Windows NT 5.1) AppleWebKit/537.36 (KHTML, like Gecko) Chrome/45.0.2454.101 Safari/537.36"
221.196.231.241 - - [12/May/2016:19:57:18 +0800] "POST /YXYBB/LEAP/Service/RPC/RPC.DO?callService=web&method=FL_course_sStudyRecordBeanSet&sid=6910F0596C9581B6AEAD6303EA376F43&rup=http://new.yxybb.com/YXYBB/ HTTP/1.1" 200 1048 "http://new.yxybb.com/YXYBB/yxybb/person_study?loadtype=1" "Mozilla/4.0 (compatible; MSIE 8.0; Windows NT 6.1; Trident/4.0; SLCC2; .NET CLR 2.0.50727; .NET CLR 3.5.30729; .NET CLR 3.0.30729; MALN; .NET4.0C)"
183.228.189.148 - - [12/May/2016:19:57:18 +0800] "GET /YXYBB/LEAP/web/js/public/control/pagemodule/common.module.js HTTP/1.1" 200 2126 "http://new.yxybb.com/YXYBB/LEAP/html/index.html" "Mozilla/5.0 (Windows NT 5.1) AppleWebKit/537.36 (KHTML, like Gecko) Chrome/45.0.2454.101 Safari/537.36"
183.228.189.148 - - [12/May/2016:19:57:18 +0800] "GET /YXYBB/LEAP/web/js/public/js/des.js HTTP/1.1" 200 3529 "http://new.yxybb.com/YXYBB/LEAP/html/index.html" "Mozilla/5.0 (Windows NT 5.1) AppleWebKit/537.36 (KHTML, like Gecko) Chrome/45.0.2454.101 Safari/537.36"
221.196.231.241 - - [12/May/2016:19:57:19 +0800] "GET /YXYBB/LEAP/LUPDPWeb/img/exam01.gif HTTP/1.1" 200 1474 "http://new.yxybb.com/YXYBB/yxybb/person_study?loadtype=1" "Mozilla/4.0 (compatible; MSIE 8.0; Windows NT 6.1; Trident/4.0; SLCC2; .NET CLR 2.0.50727; .NET CLR 3.5.30729; .NET CLR 3.0.30729; MALN; .NET4.0C)"
221.196.231.241 - - [12/May/2016:19:57:19 +0800] "POST /YXYBB/LEAP/Service/RPC/RPC.DO?callService=web&method=getPersonInfo&sid=6910F0596C9581B6AEAD6303EA376F43&rup=http://new.yxybb.com/YXYBB/ HTTP/1.1" 200 219 "http://new.yxybb.com/YXYBB/yxybb/person_study?loadtype=1" "Mozilla/4.0 (compatible; MSIE 8.0; Windows NT 6.1; Trident/4.0; SLCC2; .NET CLR 2.0.50727; .NET CLR 3.5.30729; .NET CLR 3.0.30729; MALN; .NET4.0C)"
221.196.231.241 - - [12/May/2016:19:57:19 +0800] "GET /YXYBB/LEAP/LUPDPWeb/img/footer_logo.gif HTTP/1.1" 200 5149 "http://new.yxybb.com/YXYBB/yxybb/person_study?loadtype=1" "Mozilla/4.0 (compatible; MSIE 8.0; Windows NT 6.1; Trident/4.0; SLCC2; .NET CLR 2.0.50727; .NET CLR 3.5.30729; .NET CLR 3.0.30729; MALN; .NET4.0C)"
221.196.231.241 - - [12/May/2016:19:57:19 +0800] "GET /YXYBB/LEAP/LUPDPWeb/img/dot04.gif HTTP/1.1" 200 1128 "http://new.yxybb.com/YXYBB/yxybb/person_study?loadtype=1" "Mozilla/4.0 (compatible; MSIE 8.0; Windows NT 6.1; Trident/4.0; SLCC2; .NET CLR 2.0.50727; .NET CLR 3.5.30729; .NET CLR 3.0.30729; MALN; .NET4.0C)"
113.206.216.33 - - [12/May/2016:19:57:19 +0800] "GET /YXYBB/LEAP/img/close.png HTTP/1.1" 404 905 "http://new.yxybb.com/YXYBB/LEAP/html/index.html" "Mozilla/4.0 (compatible; MSIE 8.0; Windows NT 5.1; Trident/4.0)"
221.196.231.241 - - [12/May/2016:19:57:19 +0800] "GET /YXYBB/LEAP/LUPDPWeb/img/copyright01.gif HTTP/1.1" 200 3136 "http://new.yxybb.com/YXYBB/yxybb/person_study?loadtype=1" "Mozilla/4.0 (compatible; MSIE 8.0; Windows NT 6.1; Trident/4.0; SLCC2; .NET CLR 2.0.50727; .NET CLR 3.5.30729; .NET CLR 3.0.30729; MALN; .NET4.0C)"
221.196.231.241 - - [12/May/2016:19:57:19 +0800] "GET /YXYBB/LEAP/LUPDPWeb/img/copyright02.gif HTTP/1.1" 200 2894 "http://new.yxybb.com/YXYBB/yxybb/person_study?loadtype=1" "Mozilla/4.0 (compatible; MSIE 8.0; Windows NT 6.1; Trident/4.0; SLCC2; .NET CLR 2.0.50727; .NET CLR 3.5.30729; .NET CLR 3.0.30729; MALN; .NET4.0C)"
113.206.216.33 - - [12/May/2016:19:57:19 +0800] "POST /YXYBB/restservices/http/single/query HTTP/1.1" 200 847 "http://new.yxybb.com/YXYBB/LEAP/html/index.html" "Mozilla/4.0 (compatible; MSIE 8.0; Windows NT 5.1; Trident/4.0)"
113.206.216.33 - - [12/May/2016:19:57:19 +0800] "POST /YXYBB/restservices/http/single/query HTTP/1.1" 200 956 "http://new.yxybb.com/YXYBB/LEAP/html/index.html" "Mozilla/4.0 (compatible; MSIE 8.0; Windows NT 5.1; Trident/4.0)"
221.196.231.241 - - [12/May/2016:19:57:19 +0800] "GET /YXYBB/LEAP/LUPDPWeb/img/copyright03.gif HTTP/1.1" 200 3169 "http://new.yxybb.com/YXYBB/yxybb/person_study?loadtype=1" "Mozilla/4.0 (compatible; MSIE 8.0; Windows NT 6.1; Trident/4.0; SLCC2; .NET CLR 2.0.50727; .NET CLR 3.5.30729; .NET CLR 3.0.30729; MALN; .NET4.0C)"
183.228.119.117 - - [12/May/2016:19:57:19 +0800] "POST /YXYBB/LEAP/Service/RPC/RPC.DO?callService=web&method=FL_course_uStudyProcessInfo&sid=C724612EF7AC9499E5F403A8295A2E0B&rup=http://new.yxybb.com/YXYBB/ HTTP/1.1" 200 704 "http://new.yxybb.com/YXYBB/yxybb/coursevideo?courseid=d0b1c4f535364e7e9a188035a77e2c97&cwid=CW20120702102158437&pathno=0001000900010001" "Mozilla/5.0 (Windows NT 6.3; WOW64) AppleWebKit/537.36 (KHTML, like Gecko) Chrome/45.0.2454.101 Safari/537.36"
183.228.189.148 - - [12/May/2016:19:57:19 +0800] "GET /YXYBB/LEAP/web/js/public/control/data/header.data.js HTTP/1.1" 200 416 "http://new.yxybb.com/YXYBB/LEAP/html/index.html" "Mozilla/5.0 (Windows NT 5.1) AppleWebKit/537.36 (KHTML, like Gecko) Chrome/45.0.2454.101 Safari/537.36"
183.228.189.148 - - [12/May/2016:19:57:19 +0800] "GET /YXYBB/LEAP/web/js/public/control/data/common.data.js HTTP/1.1" 200 717 "http://new.yxybb.com/YXYBB/LEAP/html/index.html" "Mozilla/5.0 (Windows NT 5.1) AppleWebKit/537.36 (KHTML, like Gecko) Chrome/45.0.2454.101 Safari/537.36"
183.204.53.88 - - [12/May/2016:19:57:19 +0800] "POST /YXYBB/LEAP/Service/RPC/RPC.DO?callService=web&method=FL_course_uStudyProcessInfo&sid=BFFBAE740FAE66A97D8E70EAE7B130C9&rup=http://new.yxybb.com/YXYBB/ HTTP/1.1" 200 706 "http://new.yxybb.com/YXYBB/yxybb/coursevideo?courseid=6cab4e2c3c554cd68b7f4d5577a3bb75&cwid=CW20131231104820742&pathno=0001000300010001" "Mozilla/5.0 (Windows NT 10.0; WOW64) AppleWebKit/537.36 (KHTML, like Gecko) Chrome/47.0.2526.80 Safari/537.36 QQBrowser/9.3.6874.400"
183.228.189.148 - - [12/May/2016:19:57:19 +0800] "GET /YXYBB/LEAP/web/js/public/control/data/footer.data.js HTTP/1.1" 200 587 "http://new.yxybb.com/YXYBB/LEAP/html/index.html" "Mozilla/5.0 (Windows NT 5.1) AppleWebKit/537.36 (KHTML, like Gecko) Chrome/45.0.2454.101 Safari/537.36"
183.228.189.148 - - [12/May/2016:19:57:19 +0800] "GET /YXYBB/LEAP/lib/upload.js HTTP/1.1" 200 1692 "http://new.yxybb.com/YXYBB/LEAP/html/index.html" "Mozilla/5.0 (Windows NT 5.1) AppleWebKit/537.36 (KHTML, like Gecko) Chrome/45.0.2454.101 Safari/537.36"
183.204.24.207 - - [12/May/2016:19:57:19 +0800] "POST /YXYBB/restservices/http/single/query HTTP/1.1" 200 108 "http://new.yxybb.com/YXYBB/LEAP/html/trainopen.html?traincasetype=2" "Mozilla/5.0 (Windows NT 6.3; WOW64; Trident/7.0; SMJB; rv:11.0) like Gecko"
183.228.189.148 - - [12/May/2016:19:57:19 +0800] "GET /YXYBB/LEAP/web/js/public/control/data/person_mycare.data.js HTTP/1.1" 200 867 "http://new.yxybb.com/YXYBB/LEAP/html/index.html" "Mozilla/5.0 (Windows NT 5.1) AppleWebKit/537.36 (KHTML, like Gecko) Chrome/45.0.2454.101 Safari/537.36"
221.196.231.241 - - [12/May/2016:19:57:19 +0800] "GET /YXYBB/LEAP/LUPDPWeb/img/side_icon01.png HTTP/1.1" 200 1260 "http://new.yxybb.com/YXYBB/yxybb/person_study?loadtype=1" "Mozilla/4.0 (compatible; MSIE 8.0; Windows NT 6.1; Trident/4.0; SLCC2; .NET CLR 2.0.50727; .NET CLR 3.5.30729; .NET CLR 3.0.30729; MALN; .NET4.0C)"
183.228.189.148 - - [12/May/2016:19:57:20 +0800] "GET /YXYBB/LEAP/web/js/public/control/pagemodule/socialOperation.module.js HTTP/1.1" 200 4780 "http://new.yxybb.com/YXYBB/LEAP/html/index.html" "Mozilla/5.0 (Windows NT 5.1) AppleWebKit/537.36 (KHTML, like Gecko) Chrome/45.0.2454.101 Safari/537.36"
221.196.231.241 - - [12/May/2016:19:57:20 +0800] "GET /YXYBB/LEAP/LUPDPWeb/img/side_icon02.png HTTP/1.1" 200 4071 "http://new.yxybb.com/YXYBB/yxybb/person_study?loadtype=1" "Mozilla/4.0 (compatible; MSIE 8.0; Windows NT 6.1; Trident/4.0; SLCC2; .NET CLR 2.0.50727; .NET CLR 3.5.30729; .NET CLR 3.0.30729; MALN; .NET4.0C)"
113.206.216.33 - - [12/May/2016:19:57:20 +0800] "POST /YXYBB/restservices/http/single/query HTTP/1.1" 200 110 "http://new.yxybb.com/YXYBB/LEAP/html/index.html" "Mozilla/4.0 (compatible; MSIE 8.0; Windows NT 5.1; Trident/4.0)"
183.204.133.58 - - [12/May/2016:19:57:20 +0800] "GET /YXYBB/LEAP/LUPDPWeb/js/ueditor1_4_3-utf8-jsp/lang/zh-cn/zh-cn.js HTTP/1.1" 200 10356 "http://new.yxybb.com/YXYBB/yxybb/person_study?loadtype=1" "Mozilla/5.0 (Windows NT 6.1; WOW64) AppleWebKit/537.36 (KHTML, like Gecko) Chrome/44.0.2403.69 Safari/537.36 QQBrowser/9.1.4060.400"
183.228.189.148 - - [12/May/2016:19:57:20 +0800] "GET /YXYBB/LEAP/lib/ajaxfileupload.js HTTP/1.1" 200 3598 "http://new.yxybb.com/YXYBB/LEAP/html/index.html" "Mozilla/5.0 (Windows NT 5.1) AppleWebKit/537.36 (KHTML, like Gecko) Chrome/45.0.2454.101 Safari/537.36"
221.196.231.241 - - [12/May/2016:19:57:20 +0800] "GET /YXYBB/LEAP/LUPDPWeb/img/pop_tip_s.gif HTTP/1.1" 200 1458 "http://new.yxybb.com/YXYBB/yxybb/person_study?loadtype=1" "Mozilla/4.0 (compatible; MSIE 8.0; Windows NT 6.1; Trident/4.0; SLCC2; .NET CLR 2.0.50727; .NET CLR 3.5.30729; .NET CLR 3.0.30729; MALN; .NET4.0C)"
113.206.216.33 - - [12/May/2016:19:57:20 +0800] "GET /YXYBB/LEAP/Download/default/system/userpic/2016/1/15/cf59449a0c6146ce9283c53dd9069cee.jpg HTTP/1.1" 200 67284 "http://new.yxybb.com/YXYBB/LEAP/html/index.html" "Mozilla/4.0 (compatible; MSIE 8.0; Windows NT 5.1; Trident/4.0)"
221.196.231.241 - - [12/May/2016:19:57:20 +0800] "GET /YXYBB/LEAP/LUPDPWeb/img/per_home.gif HTTP/1.1" 200 2202 "http://new.yxybb.com/YXYBB/yxybb/person_study?loadtype=1" "Mozilla/4.0 (compatible; MSIE 8.0; Windows NT 6.1; Trident/4.0; SLCC2; .NET CLR 2.0.50727; .NET CLR 3.5.30729; .NET CLR 3.0.30729; MALN; .NET4.0C)"
221.196.231.241 - - [12/May/2016:19:57:20 +0800] "GET /YXYBB/LEAP/LUPDPWeb/img/per_learn.gif HTTP/1.1" 200 2003 "http://new.yxybb.com/YXYBB/yxybb/person_study?loadtype=1" "Mozilla/4.0 (compatible; MSIE 8.0; Windows NT 6.1; Trident/4.0; SLCC2; .NET CLR 2.0.50727; .NET CLR 3.5.30729; .NET CLR 3.0.30729; MALN; .NET4.0C)"
221.196.231.241 - - [12/May/2016:19:57:20 +0800] "GET /YXYBB/LEAP/LUPDPWeb/img/per_QA.gif HTTP/1.1" 200 2854 "http://new.yxybb.com/YXYBB/yxybb/person_study?loadtype=1" "Mozilla/4.0 (compatible; MSIE 8.0; Windows NT 6.1; Trident/4.0; SLCC2; .NET CLR 2.0.50727; .NET CLR 3.5.30729; .NET CLR 3.0.30729; MALN; .NET4.0C)"
183.228.189.148 - - [12/May/2016:19:57:20 +0800] "GET /YXYBB/LEAP/web/js/public/control/data/socialOperation.data.js HTTP/1.1" 200 479 "http://new.yxybb.com/YXYBB/LEAP/html/index.html" "Mozilla/5.0 (Windows NT 5.1) AppleWebKit/537.36 (KHTML, like Gecko) Chrome/45.0.2454.101 Safari/537.36"
221.196.231.241 - - [12/May/2016:19:57:20 +0800] "GET /YXYBB/LEAP/LUPDPWeb/img/per_col.gif HTTP/1.1" 200 1600 "http://new.yxybb.com/YXYBB/yxybb/person_study?loadtype=1" "Mozilla/4.0 (compatible; MSIE 8.0; Windows NT 6.1; Trident/4.0; SLCC2; .NET CLR 2.0.50727; .NET CLR 3.5.30729; .NET CLR 3.0.30729; MALN; .NET4.0C)"
183.204.24.207 - - [12/May/2016:19:57:20 +0800] "POST /YXYBB/restservices/http/single/query HTTP/1.1" 200 108 "http://new.yxybb.com/YXYBB/LEAP/html/trainopen.html?traincasetype=2" "Mozilla/5.0 (Windows NT 6.3; WOW64; Trident/7.0; SMJB; rv:11.0) like Gecko"
221.196.231.241 - - [12/May/2016:19:57:20 +0800] "GET /YXYBB/LEAP/LUPDPWeb/img/per_order.gif HTTP/1.1" 200 1718 "http://new.yxybb.com/YXYBB/yxybb/person_study?loadtype=1" "Mozilla/4.0 (compatible; MSIE 8.0; Windows NT 6.1; Trident/4.0; SLCC2; .NET CLR 2.0.50727; .NET CLR 3.5.30729; .NET CLR 3.0.30729; MALN; .NET4.0C)"
221.196.231.241 - - [12/May/2016:19:57:21 +0800] "GET /YXYBB/LEAP/LUPDPWeb/img/per_setting.gif HTTP/1.1" 200 2150 "http://new.yxybb.com/YXYBB/yxybb/person_study?loadtype=1" "Mozilla/4.0 (compatible; MSIE 8.0; Windows NT 6.1; Trident/4.0; SLCC2; .NET CLR 2.0.50727; .NET CLR 3.5.30729; .NET CLR 3.0.30729; MALN; .NET4.0C)"
183.204.133.58 - - [12/May/2016:19:57:21 +0800] "GET /YXYBB/LEAP/LUPDPWeb/img/logo.png HTTP/1.1" 200 8057 "http://new.yxybb.com/YXYBB/yxybb/person_study?loadtype=1" "Mozilla/5.0 (Windows NT 6.1; WOW64) AppleWebKit/537.36 (KHTML, like Gecko) Chrome/44.0.2403.69 Safari/537.36 QQBrowser/9.1.4060.400"
163.177.69.107 - - [12/May/2016:19:57:21 +0800] "GET / HTTP/1.1" 302 154 "-" "Mozilla/5.0 (Windows; U; Windows NT 5.1; zh-CN; rv:1.9b4) Gecko/2008030317 Firefox/3.0b4"
221.196.231.241 - - [12/May/2016:19:57:21 +0800] "GET /YXYBB/LEAP/Download/default/system/userpic/2016/1/15/cf59449a0c6146ce9283c53dd9069cee.jpg HTTP/1.1" 200 112700 "http://new.yxybb.com/YXYBB/yxybb/person_study?loadtype=1" "Mozilla/4.0 (compatible; MSIE 8.0; Windows NT 6.1; Trident/4.0; SLCC2; .NET CLR 2.0.50727; .NET CLR 3.5.30729; .NET CLR 3.0.30729; MALN; .NET4.0C)"
221.196.231.241 - - [12/May/2016:19:57:21 +0800] "GET /YXYBB/LEAP/Download/default/system/userpic/2016/1/15/0fc6dc3cb8634b1dbb20288ad29709b1.jpg HTTP/1.1" 200 36270 "http://new.yxybb.com/YXYBB/yxybb/person_study?loadtype=1" "Mozilla/4.0 (compatible; MSIE 8.0; Windows NT 6.1; Trident/4.0; SLCC2; .NET CLR 2.0.50727; .NET CLR 3.5.30729; .NET CLR 3.0.30729; MALN; .NET4.0C)"
183.204.24.207 - - [12/May/2016:19:57:21 +0800] "POST /YXYBB/restservices/http/single/query HTTP/1.1" 200 108 "http://new.yxybb.com/YXYBB/LEAP/html/trainopen.html?traincasetype=2" "Mozilla/5.0 (Windows NT 6.3; WOW64; Trident/7.0; SMJB; rv:11.0) like Gecko"
183.204.53.88 - - [12/May/2016:19:57:22 +0800] "POST /YXYBB/LEAP/Service/RPC/RPC.DO?callService=web&method=FL_course_maintainVideoPlayingAuthorityLock&sid=BFFBAE740FAE66A97D8E70EAE7B130C9&rup=http://new.yxybb.com/YXYBB/ HTTP/1.1" 200 358 "http://new.yxybb.com/YXYBB/yxybb/coursevideo?courseid=6cab4e2c3c554cd68b7f4d5577a3bb75&cwid=CW20131231104820742&pathno=0001000300010001" "Mozilla/5.0 (Windows NT 10.0; WOW64) AppleWebKit/537.36 (KHTML, like Gecko) Chrome/47.0.2526.80 Safari/537.36 QQBrowser/9.3.6874.400"
183.204.24.207 - - [12/May/2016:19:57:22 +0800] "POST /YXYBB/restservices/http/single/query HTTP/1.1" 200 108 "http://new.yxybb.com/YXYBB/LEAP/html/trainopen.html?traincasetype=2" "Mozilla/5.0 (Windows NT 6.3; WOW64; Trident/7.0; SMJB; rv:11.0) like Gecko"
125.47.67.222 - - [12/May/2016:19:57:23 +0800] "POST /YXYBB/LEAP/Service/RPC/RPC.DO?callService=web&method=FL_course_uStudyProcessInfo&sid=BADE52A07890DCA62544CAAB7369914D&rup=http://new.yxybb.com/YXYBB/ HTTP/1.1" 200 705 "http://new.yxybb.com/YXYBB/yxybb/coursevideo?courseid=612acaba6b1e4454a4c7ece3bad150a2&cwid=CW20150421150222601&pathno=0002000100010004" "Mozilla/5.0 (Windows NT 5.1) AppleWebKit/537.36 (KHTML, like Gecko) Chrome/45.0.2454.101 Safari/537.36"
113.206.216.33 - - [12/May/2016:19:57:23 +0800] "GET /YXYBB/LEAP/LUPDPWeb/js/jquery.SuperSlide.2.1.1.js HTTP/1.1" 200 3626 "http://new.yxybb.com/YXYBB/yxybb/person_study?loadtype=1" "Mozilla/4.0 (compatible; MSIE 8.0; Windows NT 5.1; Trident/4.0)"
113.206.216.33 - - [12/May/2016:19:57:23 +0800] "GET /YXYBB/LEAP/LUPDPWeb/css/main.css HTTP/1.1" 200 39998 "http://new.yxybb.com/YXYBB/yxybb/person_study?loadtype=1" "Mozilla/4.0 (compatible; MSIE 8.0; Windows NT 5.1; Trident/4.0)"
113.206.216.33 - - [12/May/2016:19:57:23 +0800] "GET /YXYBB/LEAP/LWBPResource/lwbp.js HTTP/1.1" 200 21748 "http://new.yxybb.com/YXYBB/yxybb/person_study?loadtype=1" "Mozilla/4.0 (compatible; MSIE 8.0; Windows NT 5.1; Trident/4.0)"
113.206.216.33 - - [12/May/2016:19:57:23 +0800] "GET /YXYBB/LEAP/LUPDPWeb/js/jquery.js HTTP/1.1" 200 38773 "http://new.yxybb.com/YXYBB/yxybb/person_study?loadtype=1" "Mozilla/4.0 (compatible; MSIE 8.0; Windows NT 5.1; Trident/4.0)"
113.206.216.33 - - [12/May/2016:19:57:23 +0800] "GET /YXYBB/LEAP/LUPDPWeb/control/information/information.js HTTP/1.1" 200 2682 "http://new.yxybb.com/YXYBB/yxybb/person_study?loadtype=1" "Mozilla/4.0 (compatible; MSIE 8.0; Windows NT 5.1; Trident/4.0)"
14.108.176.178 - - [12/May/2016:19:57:23 +0800] "POST /YXYBB/LEAP/Service/RPC/RPC.DO?callService=web&method=FL_course_uStudyProcessInfo&sid=81CBC6FF50F6E404C5E50499CADAA4CD&rup=http://new.yxybb.com/YXYBB/ HTTP/1.1" 200 701 "http://new.yxybb.com/YXYBB/yxybb/coursevideo?courseid=d0b1c4f535364e7e9a188035a77e2c97&cwid=CW20140312024&pathno=0002000500020001" "Mozilla/5.0 (Windows NT 6.1) AppleWebKit/537.36 (KHTML, like Gecko) Chrome/45.0.2454.101 Safari/537.36"
183.204.24.207 - - [12/May/2016:19:57:23 +0800] "POST /YXYBB/restservices/http/single/query HTTP/1.1" 200 108 "http://new.yxybb.com/YXYBB/LEAP/html/trainopen.html?traincasetype=2" "Mozilla/5.0 (Windows NT 6.3; WOW64; Trident/7.0; SMJB; rv:11.0) like Gecko"
42.230.243.91 - - [12/May/2016:19:57:24 +0800] "GET /YXYBB/LEAP/web/js/public/control/pagemodule/index.module.js HTTP/1.1" 200 640 "http://new.yxybb.com/YXYBB/LEAP/html/index.html" "Mozilla/5.0 (Linux; U; Android 4.4.4; zh-cn; HM NOTE 1LTE Build/KTU84P) AppleWebKit/537.36 (KHTML, like Gecko) Version/4.0 Chrome/46.0.2490.85 Mobile Safari/537.36 XiaoMi/MiuiBrowser/2.1.1"
42.230.243.91 - - [12/May/2016:19:57:24 +0800] "GET /YXYBB/LEAP/web/js/public/control/pagemodule/header.module.js HTTP/1.1" 200 4998 "http://new.yxybb.com/YXYBB/LEAP/html/index.html" "Mozilla/5.0 (Linux; U; Android 4.4.4; zh-cn; HM NOTE 1LTE Build/KTU84P) AppleWebKit/537.36 (KHTML, like Gecko) Version/4.0 Chrome/46.0.2490.85 Mobile Safari/537.36 XiaoMi/MiuiBrowser/2.1.1"
42.230.243.91 - - [12/May/2016:19:57:24 +0800] "GET /YXYBB/LEAP/web/js/public/control/pagemodule/footer.module.js HTTP/1.1" 200 1923 "http://new.yxybb.com/YXYBB/LEAP/html/index.html" "Mozilla/5.0 (Linux; U; Android 4.4.4; zh-cn; HM NOTE 1LTE Build/KTU84P) AppleWebKit/537.36 (KHTML, like Gecko) Version/4.0 Chrome/46.0.2490.85 Mobile Safari/537.36 XiaoMi/MiuiBrowser/2.1.1"
42.230.243.91 - - [12/May/2016:19:57:24 +0800] "GET /YXYBB/LEAP/web/js/public/control/pagemodule/common.module.js HTTP/1.1" 200 2126 "http://new.yxybb.com/YXYBB/LEAP/html/index.html" "Mozilla/5.0 (Linux; U; Android 4.4.4; zh-cn; HM NOTE 1LTE Build/KTU84P) AppleWebKit/537.36 (KHTML, like Gecko) Version/4.0 Chrome/46.0.2490.85 Mobile Safari/537.36 XiaoMi/MiuiBrowser/2.1.1"
42.230.243.91 - - [12/May/2016:19:57:24 +0800] "GET /YXYBB/LEAP/web/js/public/js/des.js HTTP/1.1" 200 3529 "http://new.yxybb.com/YXYBB/LEAP/html/index.html" "Mozilla/5.0 (Linux; U; Android 4.4.4; zh-cn; HM NOTE 1LTE Build/KTU84P) AppleWebKit/537.36 (KHTML, like Gecko) Version/4.0 Chrome/46.0.2490.85 Mobile Safari/537.36 XiaoMi/MiuiBrowser/2.1.1"
42.230.243.91 - - [12/May/2016:19:57:24 +0800] "GET /YXYBB/LEAP/web/js/public/control/data/index.data.js HTTP/1.1" 200 283 "http://new.yxybb.com/YXYBB/LEAP/html/index.html" "Mozilla/5.0 (Linux; U; Android 4.4.4; zh-cn; HM NOTE 1LTE Build/KTU84P) AppleWebKit/537.36 (KHTML, like Gecko) Version/4.0 Chrome/46.0.2490.85 Mobile Safari/537.36 XiaoMi/MiuiBrowser/2.1.1"
42.230.243.91 - - [12/May/2016:19:57:24 +0800] "GET /YXYBB/LEAP/lib/avalon.js HTTP/1.1" 200 29030 "http://new.yxybb.com/YXYBB/LEAP/html/index.html" "Mozilla/5.0 (Linux; U; Android 4.4.4; zh-cn; HM NOTE 1LTE Build/KTU84P) AppleWebKit/537.36 (KHTML, like Gecko) Version/4.0 Chrome/46.0.2490.85 Mobile Safari/537.36 XiaoMi/MiuiBrowser/2.1.1"
42.230.243.91 - - [12/May/2016:19:57:24 +0800] "GET /YXYBB/LEAP/lib/jquery.js HTTP/1.1" 200 38773 "http://new.yxybb.com/YXYBB/LEAP/html/index.html" "Mozilla/5.0 (Linux; U; Android 4.4.4; zh-cn; HM NOTE 1LTE Build/KTU84P) AppleWebKit/537.36 (KHTML, like Gecko) Version/4.0 Chrome/46.0.2490.85 Mobile Safari/537.36 XiaoMi/MiuiBrowser/2.1.1"
42.230.243.91 - - [12/May/2016:19:57:24 +0800] "GET /YXYBB/LEAP/web/js/public/control/data/footer.data.js HTTP/1.1" 200 587 "http://new.yxybb.com/YXYBB/LEAP/html/index.html" "Mozilla/5.0 (Linux; U; Android 4.4.4; zh-cn; HM NOTE 1LTE Build/KTU84P) AppleWebKit/537.36 (KHTML, like Gecko) Version/4.0 Chrome/46.0.2490.85 Mobile Safari/537.36 XiaoMi/MiuiBrowser/2.1.1"
42.230.243.91 - - [12/May/2016:19:57:24 +0800] "GET /YXYBB/LEAP/lib/upload.js HTTP/1.1" 200 1692 "http://new.yxybb.com/YXYBB/LEAP/html/index.html" "Mozilla/5.0 (Linux; U; Android 4.4.4; zh-cn; HM NOTE 1LTE Build/KTU84P) AppleWebKit/537.36 (KHTML, like Gecko) Version/4.0 Chrome/46.0.2490.85 Mobile Safari/537.36 XiaoMi/MiuiBrowser/2.1.1"
42.230.243.91 - - [12/May/2016:19:57:24 +0800] "GET /YXYBB/LEAP/web/js/public/control/data/person_mycare.data.js HTTP/1.1" 200 867 "http://new.yxybb.com/YXYBB/LEAP/html/index.html" "Mozilla/5.0 (Linux; U; Android 4.4.4; zh-cn; HM NOTE 1LTE Build/KTU84P) AppleWebKit/537.36 (KHTML, like Gecko) Version/4.0 Chrome/46.0.2490.85 Mobile Safari/537.36 XiaoMi/MiuiBrowser/2.1.1"
42.230.243.91 - - [12/May/2016:19:57:24 +0800] "GET /YXYBB/LEAP/web/js/public/control/pagemodule/socialOperation.module.js HTTP/1.1" 200 4780 "http://new.yxybb.com/YXYBB/LEAP/html/index.html" "Mozilla/5.0 (Linux; U; Android 4.4.4; zh-cn; HM NOTE 1LTE Build/KTU84P) AppleWebKit/537.36 (KHTML, like Gecko) Version/4.0 Chrome/46.0.2490.85 Mobile Safari/537.36 XiaoMi/MiuiBrowser/2.1.1"
183.204.24.207 - - [12/May/2016:19:57:24 +0800] "POST /YXYBB/restservices/http/single/query HTTP/1.1" 200 108 "http://new.yxybb.com/YXYBB/LEAP/html/trainopen.html?traincasetype=2" "Mozilla/5.0 (Windows NT 6.3; WOW64; Trident/7.0; SMJB; rv:11.0) like Gecko"
42.230.243.91 - - [12/May/2016:19:57:25 +0800] "GET /YXYBB/LEAP/lib/ajaxfileupload.js HTTP/1.1" 200 3598 "http://new.yxybb.com/YXYBB/LEAP/html/index.html" "Mozilla/5.0 (Linux; U; Android 4.4.4; zh-cn; HM NOTE 1LTE Build/KTU84P) AppleWebKit/537.36 (KHTML, like Gecko) Version/4.0 Chrome/46.0.2490.85 Mobile Safari/537.36 XiaoMi/MiuiBrowser/2.1.1"
42.230.243.91 - - [12/May/2016:19:57:25 +0800] "GET /YXYBB/LEAP/web/js/public/control/data/header.data.js HTTP/1.1" 200 416 "http://new.yxybb.com/YXYBB/LEAP/html/index.html" "Mozilla/5.0 (Linux; U; Android 4.4.4; zh-cn; HM NOTE 1LTE Build/KTU84P) AppleWebKit/537.36 (KHTML, like Gecko) Version/4.0 Chrome/46.0.2490.85 Mobile Safari/537.36 XiaoMi/MiuiBrowser/2.1.1"
42.230.243.91 - - [12/May/2016:19:57:25 +0800] "GET /YXYBB/LEAP/web/js/public/control/data/socialOperation.data.js HTTP/1.1" 200 479 "http://new.yxybb.com/YXYBB/LEAP/html/index.html" "Mozilla/5.0 (Linux; U; Android 4.4.4; zh-cn; HM NOTE 1LTE Build/KTU84P) AppleWebKit/537.36 (KHTML, like Gecko) Version/4.0 Chrome/46.0.2490.85 Mobile Safari/537.36 XiaoMi/MiuiBrowser/2.1.1"
42.230.243.91 - - [12/May/2016:19:57:25 +0800] "GET /YXYBB/LEAP/web/js/public/control/data/common.data.js HTTP/1.1" 200 717 "http://new.yxybb.com/YXYBB/LEAP/html/index.html" "Mozilla/5.0 (Linux; U; Android 4.4.4; zh-cn; HM NOTE 1LTE Build/KTU84P) AppleWebKit/537.36 (KHTML, like Gecko) Version/4.0 Chrome/46.0.2490.85 Mobile Safari/537.36 XiaoMi/MiuiBrowser/2.1.1"
183.204.24.207 - - [12/May/2016:19:57:25 +0800] "POST /YXYBB/restservices/http/single/query HTTP/1.1" 200 108 "http://new.yxybb.com/YXYBB/LEAP/html/trainopen.html?traincasetype=2" "Mozilla/5.0 (Windows NT 6.3; WOW64; Trident/7.0; SMJB; rv:11.0) like Gecko"
113.57.187.76 - - [12/May/2016:19:57:26 +0800] "GET /YXYBB/LEAP/Download/default/info/rolladpic/2016/3/29/6b3949ad3f644a36a8f9f23acfc80209.jpg HTTP/1.1" 200 50910 "-" "Dalvik/2.1.0 (Linux; U; Android 5.0.2; SM-A5000 Build/LRX22G)"
221.196.231.241 - - [12/May/2016:19:57:26 +0800] "GET /YXYBB/LEAP/Download/default/system/userpic/2016/1/15/bba6623f32cb4bb4bf801b4fa1b6ecb9.jpg HTTP/1.1" 200 131920 "http://new.yxybb.com/YXYBB/yxybb/person_study?loadtype=1" "Mozilla/4.0 (compatible; MSIE 8.0; Windows NT 6.1; Trident/4.0; SLCC2; .NET CLR 2.0.50727; .NET CLR 3.5.30729; .NET CLR 3.0.30729; MALN; .NET4.0C)"
221.204.194.39 - - [12/May/2016:19:57:26 +0800] "GET / HTTP/1.1" 302 154 "http://www.baidu.com/link?url=Y_MJHEtFj3ZE7qorLRL5ea84lKx9Behc5m9exiRbOIe&wd=&eqid=c1dd9a61000215d10000000557346f99" "Mozilla/4.0 (compatible; MSIE 8.0; Windows NT 6.1; WOW64; Trident/4.0; SLCC2; .NET CLR 2.0.50727; .NET CLR 3.5.30729; .NET CLR 3.0.30729; Media Center PC 6.0; InfoPath.2; .NET4.0C)"
183.204.24.207 - - [12/May/2016:19:57:26 +0800] "POST /YXYBB/restservices/http/single/query HTTP/1.1" 200 108 "http://new.yxybb.com/YXYBB/LEAP/html/trainopen.html?traincasetype=2" "Mozilla/5.0 (Windows NT 6.3; WOW64; Trident/7.0; SMJB; rv:11.0) like Gecko"
115.60.88.187 - - [12/May/2016:19:57:27 +0800] "GET /YXYBB/LEAP/LUPDPWeb/js/ueditor1_4_3-utf8-jsp/ueditor.all.js HTTP/1.1" 200 278687 "http://new.yxybb.com/YXYBB/yxybb/PasswordConfirm" "Mozilla/5.0 (Windows NT 6.1) AppleWebKit/537.36 (KHTML, like Gecko) Chrome/45.0.2454.101 Safari/537.36"
221.204.194.39 - - [12/May/2016:19:57:27 +0800] "POST /YXYBB/restservices/http/single/query HTTP/1.1" 200 103 "http://new.yxybb.com/YXYBB/LEAP/html/index.html" "Mozilla/4.0 (compatible; MSIE 8.0; Windows NT 6.1; WOW64; Trident/4.0; SLCC2; .NET CLR 2.0.50727; .NET CLR 3.5.30729; .NET CLR 3.0.30729; Media Center PC 6.0; InfoPath.2; .NET4.0C)"
183.204.24.207 - - [12/May/2016:19:57:27 +0800] "POST /YXYBB/restservices/http/single/query HTTP/1.1" 200 108 "http://new.yxybb.com/YXYBB/LEAP/html/trainopen.html?traincasetype=2" "Mozilla/5.0 (Windows NT 6.3; WOW64; Trident/7.0; SMJB; rv:11.0) like Gecko"
183.204.24.207 - - [12/May/2016:19:57:28 +0800] "POST /YXYBB/restservices/http/single/query HTTP/1.1" 200 108 "http://new.yxybb.com/YXYBB/LEAP/html/trainopen.html?traincasetype=2" "Mozilla/5.0 (Windows NT 6.3; WOW64; Trident/7.0; SMJB; rv:11.0) like Gecko"
120.219.181.107 - - [12/May/2016:19:57:28 +0800] "POST /YXYBB/restservices/http/single/query HTTP/1.1" 200 108 "http://new.yxybb.com/YXYBB/LEAP/html/index.html" "Mozilla/5.0 (Windows NT 5.1) AppleWebKit/537.36 (KHTML, like Gecko) Chrome/45.0.2454.101 Safari/537.36"
120.219.181.107 - - [12/May/2016:19:57:29 +0800] "POST /YXYBB/restservices/http/single/query HTTP/1.1" 200 847 "http://new.yxybb.com/YXYBB/LEAP/html/index.html" "Mozilla/5.0 (Windows NT 5.1) AppleWebKit/537.36 (KHTML, like Gecko) Chrome/45.0.2454.101 Safari/537.36"
183.204.133.58 - - [12/May/2016:19:57:29 +0800] "GET /YXYBB/LEAP/LUPDPWeb/img/yes.gif HTTP/1.1" 200 1459 "http://new.yxybb.com/YXYBB/yxybb/person_study?loadtype=1" "Mozilla/5.0 (Windows NT 6.1; WOW64) AppleWebKit/537.36 (KHTML, like Gecko) Chrome/44.0.2403.69 Safari/537.36 QQBrowser/9.1.4060.400"
113.251.59.58 - - [12/May/2016:19:57:29 +0800] "POST /YXYBB/LEAP/Service/RPC/RPC.DO?callService=web&method=FL_course_maintainVideoPlayingAuthorityLock&sid=7894D503CBF8AF8E3190E1CB771C004D&rup=http://new.yxybb.com/YXYBB/ HTTP/1.1" 200 358 "http://new.yxybb.com/YXYBB/yxybb/coursevideo?courseid=f6fbcb45736a4dbbaa3859703a54ef61&cwid=CW20140423144416825&pathno=0001000800010001" "Mozilla/5.0 (Windows NT 6.1; WOW64) AppleWebKit/537.36 (KHTML, like Gecko) Chrome/31.0.1650.63 Safari/537.36"
120.219.181.107 - - [12/May/2016:19:57:29 +0800] "GET /YXYBB/LEAP/Download/default/system/userpic/2016/1/15/cf59449a0c6146ce9283c53dd9069cee.jpg HTTP/1.1" 304 0 "http://new.yxybb.com/YXYBB/LEAP/html/index.html" "Mozilla/5.0 (Windows NT 5.1) AppleWebKit/537.36 (KHTML, like Gecko) Chrome/45.0.2454.101 Safari/537.36"
120.219.181.107 - - [12/May/2016:19:57:29 +0800] "POST /YXYBB/restservices/http/single/query HTTP/1.1" 200 110 "http://new.yxybb.com/YXYBB/LEAP/html/index.html" "Mozilla/5.0 (Windows NT 5.1) AppleWebKit/537.36 (KHTML, like Gecko) Chrome/45.0.2454.101 Safari/537.36"
183.204.24.207 - - [12/May/2016:19:57:29 +0800] "POST /YXYBB/restservices/http/single/query HTTP/1.1" 200 108 "http://new.yxybb.com/YXYBB/LEAP/html/trainopen.html?traincasetype=2" "Mozilla/5.0 (Windows NT 6.3; WOW64; Trident/7.0; SMJB; rv:11.0) like Gecko"
183.204.133.58 - - [12/May/2016:19:57:29 +0800] "GET /YXYBB/LEAP/LUPDPWeb/img/no.gif HTTP/1.1" 200 1288 "http://new.yxybb.com/YXYBB/yxybb/person_study?loadtype=1" "Mozilla/5.0 (Windows NT 6.1; WOW64) AppleWebKit/537.36 (KHTML, like Gecko) Chrome/44.0.2403.69 Safari/537.36 QQBrowser/9.1.4060.400"
42.230.243.91 - - [12/May/2016:19:57:30 +0800] "POST /YXYBB/restservices/http/single/query HTTP/1.1" 200 103 "http://new.yxybb.com/YXYBB/LEAP/html/index.html" "Mozilla/5.0 (Linux; U; Android 4.4.4; zh-cn; HM NOTE 1LTE Build/KTU84P) AppleWebKit/537.36 (KHTML, like Gecko) Version/4.0 Chrome/46.0.2490.85 Mobile Safari/537.36 XiaoMi/MiuiBrowser/2.1.1"
42.230.243.91 - - [12/May/2016:19:57:30 +0800] "POST /YXYBB/restservices/http/single/query HTTP/1.1" 200 2504 "http://new.yxybb.com/YXYBB/LEAP/html/index.html" "Mozilla/5.0 (Linux; U; Android 4.4.4; zh-cn; HM NOTE 1LTE Build/KTU84P) AppleWebKit/537.36 (KHTML, like Gecko) Version/4.0 Chrome/46.0.2490.85 Mobile Safari/537.36 XiaoMi/MiuiBrowser/2.1.1"
42.230.243.91 - - [12/May/2016:19:57:30 +0800] "POST /YXYBB/restservices/http/single/query HTTP/1.1" 200 103 "http://new.yxybb.com/YXYBB/LEAP/html/index.html" "Mozilla/5.0 (Linux; U; Android 4.4.4; zh-cn; HM NOTE 1LTE Build/KTU84P) AppleWebKit/537.36 (KHTML, like Gecko) Version/4.0 Chrome/46.0.2490.85 Mobile Safari/537.36 XiaoMi/MiuiBrowser/2.1.1"
42.230.243.91 - - [12/May/2016:19:57:30 +0800] "POST /YXYBB/restservices/http/single/query HTTP/1.1" 200 8145 "http://new.yxybb.com/YXYBB/LEAP/html/index.html" "Mozilla/5.0 (Linux; U; Android 4.4.4; zh-cn; HM NOTE 1LTE Build/KTU84P) AppleWebKit/537.36 (KHTML, like Gecko) Version/4.0 Chrome/46.0.2490.85 Mobile Safari/537.36 XiaoMi/MiuiBrowser/2.1.1"
42.230.243.91 - - [12/May/2016:19:57:30 +0800] "GET /YXYBB/LEAP/html/footer.html HTTP/1.1" 200 5804 "http://new.yxybb.com/YXYBB/LEAP/html/index.html" "Mozilla/5.0 (Linux; U; Android 4.4.4; zh-cn; HM NOTE 1LTE Build/KTU84P) AppleWebKit/537.36 (KHTML, like Gecko) Version/4.0 Chrome/46.0.2490.85 Mobile Safari/537.36 XiaoMi/MiuiBrowser/2.1.1"
42.230.243.91 - - [12/May/2016:19:57:30 +0800] "POST /YXYBB/restservices/http/single/query HTTP/1.1" 200 847 "http://new.yxybb.com/YXYBB/LEAP/html/index.html" "Mozilla/5.0 (Linux; U; Android 4.4.4; zh-cn; HM NOTE 1LTE Build/KTU84P) AppleWebKit/537.36 (KHTML, like Gecko) Version/4.0 Chrome/46.0.2490.85 Mobile Safari/537.36 XiaoMi/MiuiBrowser/2.1.1"
42.230.243.91 - - [12/May/2016:19:57:30 +0800] "GET /YXYBB/LEAP/Download/default/2015/12/31/fb46ffb4a60c48cfbcf81a24ee38e431.jpg HTTP/1.1" 200 26635 "http://new.yxybb.com/YXYBB/LEAP/html/index.html" "Mozilla/5.0 (Linux; U; Android 4.4.4; zh-cn; HM NOTE 1LTE Build/KTU84P) AppleWebKit/537.36 (KHTML, like Gecko) Version/4.0 Chrome/46.0.2490.85 Mobile Safari/537.36 XiaoMi/MiuiBrowser/2.1.1"
42.230.243.91 - - [12/May/2016:19:57:30 +0800] "GET /YXYBB/LEAP/web/js/public/js/main.js HTTP/1.1" 200 3736 "http://new.yxybb.com/YXYBB/LEAP/html/index.html" "Mozilla/5.0 (Linux; U; Android 4.4.4; zh-cn; HM NOTE 1LTE Build/KTU84P) AppleWebKit/537.36 (KHTML, like Gecko) Version/4.0 Chrome/46.0.2490.85 Mobile Safari/537.36 XiaoMi/MiuiBrowser/2.1.1"
183.204.24.207 - - [12/May/2016:19:57:30 +0800] "POST /YXYBB/restservices/http/single/query HTTP/1.1" 200 108 "http://new.yxybb.com/YXYBB/LEAP/html/trainopen.html?traincasetype=2" "Mozilla/5.0 (Windows NT 6.3; WOW64; Trident/7.0; SMJB; rv:11.0) like Gecko"
183.204.133.58 - - [12/May/2016:19:57:31 +0800] "GET /YXYBB/LEAP/LUPDPWeb/img/footer_logo.gif HTTP/1.1" 200 5149 "http://new.yxybb.com/YXYBB/yxybb/person_study?loadtype=1" "Mozilla/5.0 (Windows NT 6.1; WOW64) AppleWebKit/537.36 (KHTML, like Gecko) Chrome/44.0.2403.69 Safari/537.36 QQBrowser/9.1.4060.400"
