60.24.91.122 - - [12/May/2016:19:56:29 +0800] "GET /YXYBB/LEAP/LUPDPWeb/js/ueditor1_4_3-utf8-jsp/ueditor.config.js HTTP/1.1" 304 0 "http://new.yxybb.com/YXYBB/yxybb/person_study?loadtype=1" "Mozilla/5.0 (Windows NT 6.1) AppleWebKit/537.36 (KHTML, like Gecko) Chrome/45.0.2454.101 Safari/537.36"
183.204.24.207 - - [12/May/2016:19:56:29 +0800] "GET /YXYBB/LEAP/web/js/public/control/init/trainopen.init.js HTTP/1.1" 200 490 "http://new.yxybb.com/YXYBB/LEAP/html/trainopen.html?traincasetype=2" "Mozilla/5.0 (Windows NT 6.3; WOW64; Trident/7.0; SMJB; rv:11.0) like Gecko"
111.10.251.124 - - [12/May/2016:19:56:29 +0800] "POST /YXYBB/LEAP/Service/RPC/RPC.DO?callService=web&method=FL_course_uStudyProcessInfo&sid=DC1F24311445A24BDAD4629DB1685B46&rup=http://new.yxybb.com/YXYBB/ HTTP/1.1" 200 704 "http://new.yxybb.com/YXYBB/yxybb/coursevideo?courseid=d0b1c4f535364e7e9a188035a77e2c97&cwid=CW20140527100720532&pathno=0002000600010002" "Mozilla/5.0 (Windows NT 6.1) AppleWebKit/537.36 (KHTML, like Gecko) Chrome/45.0.2454.101 Safari/537.36"
183.204.24.207 - - [12/May/2016:19:56:29 +0800] "POST /YXYBB/LEAP/Service/RPC/RPC.DO?callService=web&method=FL_person_getSession&sid=902913643841D5DAB0BC7D6AD8AF8A4B&rup=http://new.yxybb.com/YXYBB/ HTTP/1.1" 200 177 "http://new.yxybb.com/YXYBB/yxybb/trainopen?traincasetype=2" "Mozilla/5.0 (Windows NT 6.3; WOW64; Trident/7.0; SMJB; rv:11.0) like Gecko"
60.24.91.122 - - [12/May/2016:19:56:29 +0800] "GET /YXYBB/LEAP/LUPDPWeb/img/logo.png HTTP/1.1" 304 0 "http://new.yxybb.com/YXYBB/yxybb/person_study?loadtype=1" "Mozilla/5.0 (Windows NT 6.1) AppleWebKit/537.36 (KHTML, like Gecko) Chrome/45.0.2454.101 Safari/537.36"
183.204.133.58 - - [12/May/2016:19:56:29 +0800] "POST /YXYBB/restservices/http/single/query HTTP/1.1" 200 108 "http://new.yxybb.com/YXYBB/LEAP/html/index.html" "Mozilla/5.0 (Windows NT 6.1; WOW64) AppleWebKit/537.36 (KHTML, like Gecko) Chrome/44.0.2403.69 Safari/537.36 QQBrowser/9.1.4060.400"
60.24.91.122 - - [12/May/2016:19:56:29 +0800] "GET /YXYBB/LEAP/LUPDPWeb/img/yes.gif HTTP/1.1" 304 0 "http://new.yxybb.com/YXYBB/yxybb/person_study?loadtype=1" "Mozilla/5.0 (Windows NT 6.1) AppleWebKit/537.36 (KHTML, like Gecko) Chrome/45.0.2454.101 Safari/537.36"
60.24.91.122 - - [12/May/2016:19:56:29 +0800] "GET /YXYBB/LEAP/LUPDPWeb/img/no.gif HTTP/1.1" 304 0 "http://new.yxybb.com/YXYBB/yxybb/person_study?loadtype=1" "Mozilla/5.0 (Windows NT 6.1) AppleWebKit/537.36 (KHTML, like Gecko) Chrome/45.0.2454.101 Safari/537.36"
60.24.91.122 - - [12/May/2016:19:56:29 +0800] "GET /YXYBB/LEAP/LUPDPWeb/img/footer_logo.gif HTTP/1.1" 304 0 "http://new.yxybb.com/YXYBB/yxybb/person_study?loadtype=1" "Mozilla/5.0 (Windows NT 6.1) AppleWebKit/537.36 (KHTML, like Gecko) Chrome/45.0.2454.101 Safari/537.36"
115.60.91.31 - - [12/May/2016:19:56:30 +0800] "GET /YXYBB/LEAP/web/js/public/control/pagemodule/socialOperation.module.js HTTP/1.1" 200 4780 "http://new.yxybb.com/YXYBB/LEAP/html/index.html" "Mozilla/5.0 (Windows NT 6.1; WOW64) AppleWebKit/537.36 (KHTML, like Gecko) Chrome/39.0.2171.95 Safari/537.36 MicroMessenger/6.5.2.501 NetType/WIFI WindowsWechat"
183.204.133.58 - - [12/May/2016:19:56:30 +0800] "POST /YXYBB/restservices/http/single/query HTTP/1.1" 200 108 "http://new.yxybb.com/YXYBB/LEAP/html/index.html" "Mozilla/5.0 (Windows NT 6.1; WOW64) AppleWebKit/537.36 (KHTML, like Gecko) Chrome/44.0.2403.69 Safari/537.36 QQBrowser/9.1.4060.400"
125.86.118.1 - - [12/May/2016:19:56:31 +0800] "POST /YXYBB/LEAP/Service/RPC/RPC.DO?callService=web&method=FL_course_uStudyProcessInfo&sid=2273A5C57046929091D54F7BAE60DCCB&rup=http://new.yxybb.com/YXYBB/ HTTP/1.1" 200 702 "http://new.yxybb.com/YXYBB/yxybb/coursevideo?courseid=f6fbcb45736a4dbbaa3859703a54ef61&cwid=CW20131209102344352&pathno=0003000200080005" "Mozilla/5.0 (Windows NT 6.1) AppleWebKit/537.36 (KHTML, like Gecko) Chrome/44.0.2403.89 Safari/537.36"
111.10.210.34 - - [12/May/2016:19:56:31 +0800] "POST /YXYBB/LEAP/Service/RPC/RPC.DO?callService=web&method=FL_course_uStudyProcessInfo&sid=793BCA68EAE37093E02983EE69271EF3&rup=http://new.yxybb.com/YXYBB/ HTTP/1.1" 200 699 "http://new.yxybb.com/YXYBB/yxybb/coursevideo?courseid=f6fbcb45736a4dbbaa3859703a54ef61&cwid=20100621002&pathno=0001000100010002" "Mozilla/5.0 (Windows NT 6.1; WOW64) AppleWebKit/537.36 (KHTML, like Gecko) Chrome/39.0.2171.99 Safari/537.36 2345Explorer/6.5.0.11018"
60.24.91.122 - - [12/May/2016:19:56:31 +0800] "GET /YXYBB/LEAP/LUPDPWeb/img/menu.jpg HTTP/1.1" 304 0 "http://new.yxybb.com/YXYBB/LEAP/LUPDPWeb/css/main.css" "Mozilla/5.0 (Windows NT 6.1) AppleWebKit/537.36 (KHTML, like Gecko) Chrome/45.0.2454.101 Safari/537.36"
183.204.133.58 - - [12/May/2016:19:56:31 +0800] "POST /YXYBB/restservices/http/single/query HTTP/1.1" 200 108 "http://new.yxybb.com/YXYBB/LEAP/html/index.html" "Mozilla/5.0 (Windows NT 6.1; WOW64) AppleWebKit/537.36 (KHTML, like Gecko) Chrome/44.0.2403.69 Safari/537.36 QQBrowser/9.1.4060.400"
183.204.24.207 - - [12/May/2016:19:56:31 +0800] "GET /YXYBB/LEAP/web/js/public/control/pagemodule/trainopen.module.js HTTP/1.1" 200 2042 "http://new.yxybb.com/YXYBB/LEAP/html/trainopen.html?traincasetype=2" "Mozilla/5.0 (Windows NT 6.3; WOW64; Trident/7.0; SMJB; rv:11.0) like Gecko"
60.24.91.122 - - [12/May/2016:19:56:31 +0800] "GET /YXYBB/LEAP/LUPDPWeb/img/notice_num.png HTTP/1.1" 304 0 "http://new.yxybb.com/YXYBB/LEAP/LUPDPWeb/css/main.css" "Mozilla/5.0 (Windows NT 6.1) AppleWebKit/537.36 (KHTML, like Gecko) Chrome/45.0.2454.101 Safari/537.36"
183.69.235.245 - - [12/May/2016:19:56:31 +0800] "POST /YXYBB/LEAP/Service/RPC/RPC.DO?callService=web&method=FL_course_uStudyProcessInfo&sid=AA083BDC5CAE3D0A64AAA1B0D8868C59&rup=http://new.yxybb.com/YXYBB/ HTTP/1.1" 200 701 "http://new.yxybb.com/YXYBB/yxybb/coursevideo?courseid=d0b1c4f535364e7e9a188035a77e2c97&cwid=CW20140312025&pathno=0002000500020002" "Mozilla/5.0 (Windows NT 6.1) AppleWebKit/537.36 (KHTML, like Gecko) Chrome/45.0.2454.101 Safari/537.36"
60.24.91.122 - - [12/May/2016:19:56:31 +0800] "POST /YXYBB/LEAP/Service/RPC/RPC.DO?callService=web&method=FL_course_sStudyRecordBeanSet&sid=D3979EDC1F42173D353864BFF6F7B4D4&rup=http://new.yxybb.com/YXYBB/ HTTP/1.1" 200 1046 "http://new.yxybb.com/YXYBB/yxybb/person_study?loadtype=1" "Mozilla/5.0 (Windows NT 6.1) AppleWebKit/537.36 (KHTML, like Gecko) Chrome/45.0.2454.101 Safari/537.36"
60.24.91.122 - - [12/May/2016:19:56:31 +0800] "POST /YXYBB/LEAP/Service/RPC/RPC.DO?callService=web&method=getPersonInfo&sid=D3979EDC1F42173D353864BFF6F7B4D4&rup=http://new.yxybb.com/YXYBB/ HTTP/1.1" 200 219 "http://new.yxybb.com/YXYBB/yxybb/person_study?loadtype=1" "Mozilla/5.0 (Windows NT 6.1) AppleWebKit/537.36 (KHTML, like Gecko) Chrome/45.0.2454.101 Safari/537.36"
60.24.91.122 - - [12/May/2016:19:56:32 +0800] "GET /YXYBB/LEAP/LUPDPWeb/img/loading70.gif HTTP/1.1" 200 5463 "http://new.yxybb.com/YXYBB/yxybb/person_study?loadtype=1" "Mozilla/5.0 (Windows NT 6.1) AppleWebKit/537.36 (KHTML, like Gecko) Chrome/45.0.2454.101 Safari/537.36"
60.24.91.122 - - [12/May/2016:19:56:32 +0800] "GET /YXYBB/LEAP/LUPDPWeb/js/ueditor1_4_3-utf8-jsp/themes/iframe.css HTTP/1.1" 304 0 "-" "Mozilla/5.0 (Windows NT 6.1) AppleWebKit/537.36 (KHTML, like Gecko) Chrome/45.0.2454.101 Safari/537.36"
60.24.91.122 - - [12/May/2016:19:56:32 +0800] "GET /YXYBB/LEAP/LUPDPWeb/img/per_learn.gif HTTP/1.1" 200 2003 "http://new.yxybb.com/YXYBB/LEAP/LUPDPWeb/css/main.css" "Mozilla/5.0 (Windows NT 6.1) AppleWebKit/537.36 (KHTML, like Gecko) Chrome/45.0.2454.101 Safari/537.36"
183.204.133.58 - - [12/May/2016:19:56:32 +0800] "POST /YXYBB/restservices/http/single/query HTTP/1.1" 200 108 "http://new.yxybb.com/YXYBB/LEAP/html/index.html" "Mozilla/5.0 (Windows NT 6.1; WOW64) AppleWebKit/537.36 (KHTML, like Gecko) Chrome/44.0.2403.69 Safari/537.36 QQBrowser/9.1.4060.400"
183.204.24.207 - - [12/May/2016:19:56:32 +0800] "POST /YXYBB/restservices/http/single/query HTTP/1.1" 200 103 "http://new.yxybb.com/YXYBB/LEAP/html/trainopen.html?traincasetype=2" "Mozilla/5.0 (Windows NT 6.3; WOW64; Trident/7.0; SMJB; rv:11.0) like Gecko"
183.204.24.207 - - [12/May/2016:19:56:33 +0800] "POST /YXYBB/restservices/http/single/query HTTP/1.1" 200 108 "http://new.yxybb.com/YXYBB/LEAP/html/trainopen.html?traincasetype=2" "Mozilla/5.0 (Windows NT 6.3; WOW64; Trident/7.0; SMJB; rv:11.0) like Gecko"
222.138.95.13 - - [12/May/2016:19:56:33 +0800] "GET /YXYBB/yxybb/coursedetails?courseid=6cab4e2c3c554cd68b7f4d5577a3bb75 HTTP/1.1" 200 7051 "http://new.yxybb.com/YXYBB/yxybb/coursevideo?courseid=6cab4e2c3c554cd68b7f4d5577a3bb75&cwid=CW20140103112317436&pathno=0001000200010001" "Mozilla/5.0 (Windows NT 6.1; WOW64) AppleWebKit/537.36 (KHTML, like Gecko) Chrome/47.0.2526.80 Safari/537.36 Core/1.47.277.400 QQBrowser/9.4.7658.400"
60.24.91.122 - - [12/May/2016:19:56:33 +0800] "GET /YXYBB/LEAP/LUPDPWeb/img/per_home.gif HTTP/1.1" 200 2202 "http://new.yxybb.com/YXYBB/LEAP/LUPDPWeb/css/main.css" "Mozilla/5.0 (Windows NT 6.1) AppleWebKit/537.36 (KHTML, like Gecko) Chrome/45.0.2454.101 Safari/537.36"
183.204.24.207 - - [12/May/2016:19:56:33 +0800] "POST /YXYBB/restservices/http/single/query HTTP/1.1" 200 103 "http://new.yxybb.com/YXYBB/LEAP/html/trainopen.html?traincasetype=2" "Mozilla/5.0 (Windows NT 6.3; WOW64; Trident/7.0; SMJB; rv:11.0) like Gecko"
58.251.80.60 - - [12/May/2016:19:56:33 +0800] "POST /YXYBB/restservices/web/wxReceiveMessage/query?signature=d648bfc751b5f7245dc3ca68ec8b0cd7b9f5c9c2&timestamp=1463054193&nonce=398297871 HTTP/1.0" 200 0 "-" "Mozilla/4.0"
183.204.24.207 - - [12/May/2016:19:56:33 +0800] "GET /YXYBB/LEAP/web/js/public/control/data/trainopen.data.js HTTP/1.1" 200 414 "http://new.yxybb.com/YXYBB/LEAP/html/trainopen.html?traincasetype=2" "Mozilla/5.0 (Windows NT 6.3; WOW64; Trident/7.0; SMJB; rv:11.0) like Gecko"
221.196.149.11 - - [12/May/2016:19:56:34 +0800] "POST /YXYBB/LEAP/Service/RPC/RPC.DO?callService=web&method=FL_course_uStudyProcessInfo&sid=C027D7325C8F567FD0787E64C52BE680&rup=http://new.yxybb.com/YXYBB/ HTTP/1.1" 200 704 "http://new.yxybb.com/YXYBB/yxybb/coursevideo?courseid=8bc7ac29c2174b498ca651191594b1a5&cwid=CW20150421091712869&pathno=0003000200010001" "Mozilla/5.0 (Windows NT 6.1) AppleWebKit/537.36 (KHTML, like Gecko) Chrome/45.0.2454.101 Safari/537.36"
183.204.24.207 - - [12/May/2016:19:56:34 +0800] "POST /YXYBB/restservices/http/single/query HTTP/1.1" 200 103 "http://new.yxybb.com/YXYBB/LEAP/html/trainopen.html?traincasetype=2" "Mozilla/5.0 (Windows NT 6.3; WOW64; Trident/7.0; SMJB; rv:11.0) like Gecko"
183.204.24.207 - - [12/May/2016:19:56:34 +0800] "POST /YXYBB/restservices/http/single/query HTTP/1.1" 200 847 "http://new.yxybb.com/YXYBB/LEAP/html/trainopen.html?traincasetype=2" "Mozilla/5.0 (Windows NT 6.3; WOW64; Trident/7.0; SMJB; rv:11.0) like Gecko"
60.24.91.122 - - [12/May/2016:19:56:34 +0800] "GET /YXYBB/LEAP/LUPDPWeb/img/zone_icon.gif HTTP/1.1" 304 0 "http://new.yxybb.com/YXYBB/LEAP/LUPDPWeb/css/main.css" "Mozilla/5.0 (Windows NT 6.1) AppleWebKit/537.36 (KHTML, like Gecko) Chrome/45.0.2454.101 Safari/537.36"
60.24.91.122 - - [12/May/2016:19:56:34 +0800] "GET /YXYBB/LEAP/LUPDPWeb/img/icoLT.gif HTTP/1.1" 200 1126 "http://new.yxybb.com/YXYBB/LEAP/LUPDPWeb/css/main.css" "Mozilla/5.0 (Windows NT 6.1) AppleWebKit/537.36 (KHTML, like Gecko) Chrome/45.0.2454.101 Safari/537.36"
60.24.91.122 - - [12/May/2016:19:56:34 +0800] "GET /YXYBB/LEAP/LUPDPWeb/img/side_icon01.png HTTP/1.1" 304 0 "http://new.yxybb.com/YXYBB/yxybb/person_study?loadtype=1" "Mozilla/5.0 (Windows NT 6.1) AppleWebKit/537.36 (KHTML, like Gecko) Chrome/45.0.2454.101 Safari/537.36"
60.24.91.122 - - [12/May/2016:19:56:34 +0800] "GET /YXYBB/LEAP/LUPDPWeb/img/side_icon03.png HTTP/1.1" 304 0 "http://new.yxybb.com/YXYBB/yxybb/person_study?loadtype=1" "Mozilla/5.0 (Windows NT 6.1) AppleWebKit/537.36 (KHTML, like Gecko) Chrome/45.0.2454.101 Safari/537.36"
60.24.91.122 - - [12/May/2016:19:56:34 +0800] "GET /YXYBB/LEAP/LUPDPWeb/js/ueditor1_4_3-utf8-jsp/third-party/zeroclipboard/ZeroClipboard.js HTTP/1.1" 304 0 "http://new.yxybb.com/YXYBB/yxybb/person_study?loadtype=1" "Mozilla/5.0 (Windows NT 6.1) AppleWebKit/537.36 (KHTML, like Gecko) Chrome/45.0.2454.101 Safari/537.36"
183.204.24.207 - - [12/May/2016:19:56:34 +0800] "POST /YXYBB/restservices/http/single/query HTTP/1.1" 200 208 "http://new.yxybb.com/YXYBB/LEAP/html/trainopen.html?traincasetype=2" "Mozilla/5.0 (Windows NT 6.3; WOW64; Trident/7.0; SMJB; rv:11.0) like Gecko"
115.60.91.31 - - [12/May/2016:19:56:34 +0800] "POST /YXYBB/restservices/http/single/query HTTP/1.1" 200 103 "http://new.yxybb.com/YXYBB/LEAP/html/index.html" "Mozilla/5.0 (Windows NT 6.1; WOW64) AppleWebKit/537.36 (KHTML, like Gecko) Chrome/39.0.2171.95 Safari/537.36 MicroMessenger/6.5.2.501 NetType/WIFI WindowsWechat"
115.60.91.31 - - [12/May/2016:19:56:34 +0800] "POST /YXYBB/restservices/http/single/query HTTP/1.1" 200 2504 "http://new.yxybb.com/YXYBB/LEAP/html/index.html" "Mozilla/5.0 (Windows NT 6.1; WOW64) AppleWebKit/537.36 (KHTML, like Gecko) Chrome/39.0.2171.95 Safari/537.36 MicroMessenger/6.5.2.501 NetType/WIFI WindowsWechat"
115.60.91.31 - - [12/May/2016:19:56:34 +0800] "POST /YXYBB/restservices/http/single/query HTTP/1.1" 200 103 "http://new.yxybb.com/YXYBB/LEAP/html/index.html" "Mozilla/5.0 (Windows NT 6.1; WOW64) AppleWebKit/537.36 (KHTML, like Gecko) Chrome/39.0.2171.95 Safari/537.36 MicroMessenger/6.5.2.501 NetType/WIFI WindowsWechat"
115.60.91.31 - - [12/May/2016:19:56:34 +0800] "GET /YXYBB/LEAP/html/footer.html HTTP/1.1" 200 5804 "http://new.yxybb.com/YXYBB/LEAP/html/index.html" "Mozilla/5.0 (Windows NT 6.1; WOW64) AppleWebKit/537.36 (KHTML, like Gecko) Chrome/39.0.2171.95 Safari/537.36 MicroMessenger/6.5.2.501 NetType/WIFI WindowsWechat"
115.60.91.31 - - [12/May/2016:19:56:34 +0800] "POST /YXYBB/restservices/http/single/query HTTP/1.1" 200 847 "http://new.yxybb.com/YXYBB/LEAP/html/index.html" "Mozilla/5.0 (Windows NT 6.1; WOW64) AppleWebKit/537.36 (KHTML, like Gecko) Chrome/39.0.2171.95 Safari/537.36 MicroMessenger/6.5.2.501 NetType/WIFI WindowsWechat"
123.7.115.46 - - [12/May/2016:19:56:34 +0800] "POST /YXYBB/LEAP/Service/RPC/RPC.DO?callService=web&method=FL_course_uStudyProcessInfo&sid=A17F89649A9A01E651EC7991B02758DB&rup=http://new.yxybb.com/YXYBB/ HTTP/1.1" 200 700 "http://new.yxybb.com/YXYBB/yxybb/coursevideo?courseid=6cab4e2c3c554cd68b7f4d5577a3bb75&cwid=CW20140418112300669&pathno=0001000700010001" "Mozilla/5.0 (Windows NT 6.1; WOW64) AppleWebKit/537.36 (KHTML, like Gecko) Chrome/45.0.2454.101 Safari/537.36"
115.60.91.31 - - [12/May/2016:19:56:35 +0800] "POST /YXYBB/restservices/http/single/query HTTP/1.1" 200 108 "http://new.yxybb.com/YXYBB/LEAP/html/index.html" "Mozilla/5.0 (Windows NT 6.1; WOW64) AppleWebKit/537.36 (KHTML, like Gecko) Chrome/39.0.2171.95 Safari/537.36 MicroMessenger/6.5.2.501 NetType/WIFI WindowsWechat"
115.58.255.73 - - [12/May/2016:19:56:35 +0800] "POST /YXYBB/LEAP/Service/RPC/RPC.DO?type=997&_z=82f6 HTTP/1.1" 200 32 "http://new.yxybb.com/YXYBB/yxybb/orderconfirm" "Mozilla/5.0 (Windows NT 6.1; WOW64) AppleWebKit/537.36 (KHTML, like Gecko) Chrome/38.0.2125.122 Safari/537.36 SE 2.X MetaSr 1.0"
115.58.255.73 - - [12/May/2016:19:56:35 +0800] "POST /YXYBB/LEAP/Service/RPC/RPC.DO?callService=web&method=FL_person_getLoginSession&sid=6A2E5C8D35A2E47FC77EDFFD17C2FCA3&rup=http://new.yxybb.com/YXYBB/ HTTP/1.1" 200 175 "http://new.yxybb.com/YXYBB/yxybb/orderconfirm" "Mozilla/5.0 (Windows NT 6.1; WOW64) AppleWebKit/537.36 (KHTML, like Gecko) Chrome/38.0.2125.122 Safari/537.36 SE 2.X MetaSr 1.0"
115.60.91.31 - - [12/May/2016:19:56:35 +0800] "POST /YXYBB/restservices/http/single/query HTTP/1.1" 200 103 "http://new.yxybb.com/YXYBB/LEAP/html/index.html" "Mozilla/5.0 (Windows NT 6.1; WOW64) AppleWebKit/537.36 (KHTML, like Gecko) Chrome/39.0.2171.95 Safari/537.36 MicroMessenger/6.5.2.501 NetType/WIFI WindowsWechat"
115.58.255.73 - - [12/May/2016:19:56:35 +0800] "POST /YXYBB/LEAP/Service/RPC/RPC.DO?callService=web&method=SearchCache&sid=6A2E5C8D35A2E47FC77EDFFD17C2FCA3&rup=http://new.yxybb.com/YXYBB/ HTTP/1.1" 200 552 "http://new.yxybb.com/YXYBB/yxybb/orderconfirm" "Mozilla/5.0 (Windows NT 6.1; WOW64) AppleWebKit/537.36 (KHTML, like Gecko) Chrome/38.0.2125.122 Safari/537.36 SE 2.X MetaSr 1.0"
115.58.255.73 - - [12/May/2016:19:56:35 +0800] "POST /YXYBB/LEAP/Service/RPC/RPC.DO?callService=web&method=notReadMessageNum&sid=6A2E5C8D35A2E47FC77EDFFD17C2FCA3&rup=http://new.yxybb.com/YXYBB/ HTTP/1.1" 200 173 "http://new.yxybb.com/YXYBB/yxybb/orderconfirm" "Mozilla/5.0 (Windows NT 6.1; WOW64) AppleWebKit/537.36 (KHTML, like Gecko) Chrome/38.0.2125.122 Safari/537.36 SE 2.X MetaSr 1.0"
60.24.91.122 - - [12/May/2016:19:56:35 +0800] "GET /YXYBB/LEAP/LUPDPWeb/js/ueditor1_4_3-utf8-jsp/third-party/zeroclipboard/ZeroClipboard.swf?noCache=1463055447970 HTTP/1.1" 200 3933 "http://new.yxybb.com/YXYBB/yxybb/person_study?loadtype=1" "Mozilla/5.0 (Windows NT 6.1) AppleWebKit/537.36 (KHTML, like Gecko) Chrome/45.0.2454.101 Safari/537.36"
123.54.16.76 - - [12/May/2016:19:56:35 +0800] "POST /YXYBB/LEAP/Service/RPC/RPC.DO?callService=web&method=FL_course_uStudyProcessInfo&sid=82334C0B24D02D6CB9A0E6C71238B84A&rup=http://new.yxybb.com/YXYBB/ HTTP/1.1" 200 690 "http://new.yxybb.com/YXYBB/yxybb/coursevideo?courseid=6cab4e2c3c554cd68b7f4d5577a3bb75&cwid=20110107005&pathno=0001001100010001" "Mozilla/5.0 (Windows NT 6.1; WOW64) AppleWebKit/537.36 (KHTML, like Gecko) Chrome/47.0.2526.108 Safari/537.36 2345Explorer/7.0.0.12288"
115.58.255.73 - - [12/May/2016:19:56:36 +0800] "GET /YXYBB/LEAP/LUPDPWeb/js/ueditor1_4_3-utf8-jsp/third-party/zeroclipboard/ZeroClipboard.swf?noCache=1463054047421 HTTP/1.1" 200 3933 "http://new.yxybb.com/YXYBB/yxybb/orderconfirm" "Mozilla/5.0 (Windows NT 6.1; WOW64) AppleWebKit/537.36 (KHTML, like Gecko) Chrome/38.0.2125.122 Safari/537.36 SE 2.X MetaSr 1.0"
183.204.24.207 - - [12/May/2016:19:56:36 +0800] "POST /YXYBB/restservices/http/single/query HTTP/1.1" 200 108 "http://new.yxybb.com/YXYBB/LEAP/html/trainopen.html?traincasetype=2" "Mozilla/5.0 (Windows NT 6.3; WOW64; Trident/7.0; SMJB; rv:11.0) like Gecko"
183.204.24.207 - - [12/May/2016:19:56:37 +0800] "POST /YXYBB/restservices/http/single/query HTTP/1.1" 200 108 "http://new.yxybb.com/YXYBB/LEAP/html/trainopen.html?traincasetype=2" "Mozilla/5.0 (Windows NT 6.3; WOW64; Trident/7.0; SMJB; rv:11.0) like Gecko"
60.24.91.122 - - [12/May/2016:19:56:38 +0800] "GET /YXYBB/LEAP/Download/default/system/userpic/2016/1/15/bba6623f32cb4bb4bf801b4fa1b6ecb9.jpg HTTP/1.1" 200 97525 "http://new.yxybb.com/YXYBB/yxybb/person_study?loadtype=1" "Mozilla/5.0 (Windows NT 6.1) AppleWebKit/537.36 (KHTML, like Gecko) Chrome/45.0.2454.101 Safari/537.36"
60.24.91.122 - - [12/May/2016:19:56:38 +0800] "GET /YXYBB/LEAP/LUPDPWeb/js/TouchSlide.1.1.js HTTP/1.1" 304 0 "http://new.yxybb.com/YXYBB/yxybb/coursedetails?courseid=8bc7ac29c2174b498ca651191594b1a5" "Mozilla/5.0 (Windows NT 6.1) AppleWebKit/537.36 (KHTML, like Gecko) Chrome/45.0.2454.101 Safari/537.36"
60.24.91.122 - - [12/May/2016:19:56:38 +0800] "GET /YXYBB/LEAP/LUPDPWeb/control/information/information_newsdetails/infomationDetails.js HTTP/1.1" 304 0 "http://new.yxybb.com/YXYBB/yxybb/coursedetails?courseid=8bc7ac29c2174b498ca651191594b1a5" "Mozilla/5.0 (Windows NT 6.1) AppleWebKit/537.36 (KHTML, like Gecko) Chrome/45.0.2454.101 Safari/537.36"
60.24.91.122 - - [12/May/2016:19:56:38 +0800] "GET /YXYBB/LEAP/LUPDPWeb/control/information/report/report.js HTTP/1.1" 304 0 "http://new.yxybb.com/YXYBB/yxybb/coursedetails?courseid=8bc7ac29c2174b498ca651191594b1a5" "Mozilla/5.0 (Windows NT 6.1) AppleWebKit/537.36 (KHTML, like Gecko) Chrome/45.0.2454.101 Safari/537.36"
60.24.91.122 - - [12/May/2016:19:56:38 +0800] "GET /YXYBB/LEAP/LUPDPWeb/control/person/share/share.js HTTP/1.1" 304 0 "http://new.yxybb.com/YXYBB/yxybb/coursedetails?courseid=8bc7ac29c2174b498ca651191594b1a5" "Mozilla/5.0 (Windows NT 6.1) AppleWebKit/537.36 (KHTML, like Gecko) Chrome/45.0.2454.101 Safari/537.36"
60.24.91.122 - - [12/May/2016:19:56:38 +0800] "POST /YXYBB/LEAP/Service/RPC/RPC.DO?type=997&_z=28e1 HTTP/1.1" 200 32 "http://new.yxybb.com/YXYBB/yxybb/coursedetails?courseid=8bc7ac29c2174b498ca651191594b1a5" "Mozilla/5.0 (Windows NT 6.1) AppleWebKit/537.36 (KHTML, like Gecko) Chrome/45.0.2454.101 Safari/537.36"
60.24.91.122 - - [12/May/2016:19:56:38 +0800] "GET /YXYBB/LEAP/LUPDPWeb/js/parabola.js HTTP/1.1" 304 0 "http://new.yxybb.com/YXYBB/yxybb/coursedetails?courseid=8bc7ac29c2174b498ca651191594b1a5" "Mozilla/5.0 (Windows NT 6.1) AppleWebKit/537.36 (KHTML, like Gecko) Chrome/45.0.2454.101 Safari/537.36"
60.24.91.122 - - [12/May/2016:19:56:38 +0800] "POST /YXYBB/LEAP/Service/RPC/RPC.DO?callService=web&method=FL_person_getLoginSession&sid=D3979EDC1F42173D353864BFF6F7B4D4&rup=http://new.yxybb.com/YXYBB/ HTTP/1.1" 200 175 "http://new.yxybb.com/YXYBB/yxybb/coursedetails?courseid=8bc7ac29c2174b498ca651191594b1a5" "Mozilla/5.0 (Windows NT 6.1) AppleWebKit/537.36 (KHTML, like Gecko) Chrome/45.0.2454.101 Safari/537.36"
222.138.95.13 - - [12/May/2016:19:56:38 +0800] "POST /YXYBB/LEAP/Service/RPC/RPC.DO?callService=web&method=FL_course_sVaildSignupBeanAndStudyRecords&sid=E726684DABA01DC4D0CC6F3896640CE6&rup=http://new.yxybb.com/YXYBB/ HTTP/1.1" 200 1089 "http://new.yxybb.com/YXYBB/yxybb/coursedetails?courseid=6cab4e2c3c554cd68b7f4d5577a3bb75" "Mozilla/5.0 (Windows NT 6.1; WOW64) AppleWebKit/537.36 (KHTML, like Gecko) Chrome/47.0.2526.80 Safari/537.36 Core/1.47.277.400 QQBrowser/9.4.7658.400"
183.204.24.207 - - [12/May/2016:19:56:38 +0800] "POST /YXYBB/restservices/http/single/query HTTP/1.1" 200 108 "http://new.yxybb.com/YXYBB/LEAP/html/trainopen.html?traincasetype=2" "Mozilla/5.0 (Windows NT 6.3; WOW64; Trident/7.0; SMJB; rv:11.0) like Gecko"
14.108.176.178 - - [12/May/2016:19:56:39 +0800] "POST /YXYBB/LEAP/Service/RPC/RPC.DO?callService=web&method=FL_course_maintainVideoPlayingAuthorityLock&sid=81CBC6FF50F6E404C5E50499CADAA4CD&rup=http://new.yxybb.com/YXYBB/ HTTP/1.1" 200 358 "http://new.yxybb.com/YXYBB/yxybb/coursevideo?courseid=d0b1c4f535364e7e9a188035a77e2c97&cwid=CW20140312024&pathno=0002000500020001" "Mozilla/5.0 (Windows NT 6.1) AppleWebKit/537.36 (KHTML, like Gecko) Chrome/45.0.2454.101 Safari/537.36"
222.138.95.13 - - [12/May/2016:19:56:39 +0800] "POST /YXYBB/LEAP/Service/RPC/RPC.DO?callService=web&method=FL_course_sCourseDetailsInfo&sid=E726684DABA01DC4D0CC6F3896640CE6&rup=http://new.yxybb.com/YXYBB/ HTTP/1.1" 200 1091 "http://new.yxybb.com/YXYBB/yxybb/coursedetails?courseid=6cab4e2c3c554cd68b7f4d5577a3bb75" "Mozilla/5.0 (Windows NT 6.1; WOW64) AppleWebKit/537.36 (KHTML, like Gecko) Chrome/47.0.2526.80 Safari/537.36 Core/1.47.277.400 QQBrowser/9.4.7658.400"
222.138.95.13 - - [12/May/2016:19:56:39 +0800] "POST /YXYBB/LEAP/Service/RPC/RPC.DO?callService=web&method=FL_course_sRecommendCourseInfos&sid=E726684DABA01DC4D0CC6F3896640CE6&rup=http://new.yxybb.com/YXYBB/ HTTP/1.1" 200 1378 "http://new.yxybb.com/YXYBB/yxybb/coursedetails?courseid=6cab4e2c3c554cd68b7f4d5577a3bb75" "Mozilla/5.0 (Windows NT 6.1; WOW64) AppleWebKit/537.36 (KHTML, like Gecko) Chrome/47.0.2526.80 Safari/537.36 Core/1.47.277.400 QQBrowser/9.4.7658.400"
222.138.95.13 - - [12/May/2016:19:56:39 +0800] "POST /YXYBB/LEAP/Service/RPC/RPC.DO?callService=web&method=FL_SocialOperation_sCommentByReplyto&sid=E726684DABA01DC4D0CC6F3896640CE6&rup=http://new.yxybb.com/YXYBB/ HTTP/1.1" 200 1165 "http://new.yxybb.com/YXYBB/yxybb/coursedetails?courseid=6cab4e2c3c554cd68b7f4d5577a3bb75" "Mozilla/5.0 (Windows NT 6.1; WOW64) AppleWebKit/537.36 (KHTML, like Gecko) Chrome/47.0.2526.80 Safari/537.36 Core/1.47.277.400 QQBrowser/9.4.7658.400"
60.24.91.122 - - [12/May/2016:19:56:39 +0800] "POST /YXYBB/LEAP/Service/RPC/RPC.DO?callService=web&method=SearchCache&sid=D3979EDC1F42173D353864BFF6F7B4D4&rup=http://new.yxybb.com/YXYBB/ HTTP/1.1" 200 552 "http://new.yxybb.com/YXYBB/yxybb/coursedetails?courseid=8bc7ac29c2174b498ca651191594b1a5" "Mozilla/5.0 (Windows NT 6.1) AppleWebKit/537.36 (KHTML, like Gecko) Chrome/45.0.2454.101 Safari/537.36"
60.24.91.122 - - [12/May/2016:19:56:39 +0800] "GET /YXYBB/LEAP/Download/default/system/userpic/2016/1/15/cf59449a0c6146ce9283c53dd9069cee.jpg HTTP/1.1" 304 0 "http://new.yxybb.com/YXYBB/yxybb/coursedetails?courseid=8bc7ac29c2174b498ca651191594b1a5" "Mozilla/5.0 (Windows NT 6.1) AppleWebKit/537.36 (KHTML, like Gecko) Chrome/45.0.2454.101 Safari/537.36"
183.204.24.207 - - [12/May/2016:19:56:39 +0800] "POST /YXYBB/restservices/http/single/query HTTP/1.1" 200 108 "http://new.yxybb.com/YXYBB/LEAP/html/trainopen.html?traincasetype=2" "Mozilla/5.0 (Windows NT 6.3; WOW64; Trident/7.0; SMJB; rv:11.0) like Gecko"
183.71.215.63 - - [12/May/2016:19:56:40 +0800] "POST /YXYBB/LEAP/Service/RPC/RPC.DO?callService=web&method=FL_course_maintainVideoPlayingAuthorityLock&sid=1FED88EEA126DF7BEF40AF656A76E20B&rup=http://new.yxybb.com/YXYBB/ HTTP/1.1" 200 358 "http://new.yxybb.com/YXYBB/yxybb/coursevideo?courseid=948cd7fbbeea4a249eda351180daf7e8&cwid=CW20140613172604914&pathno=0003000200020004" "Mozilla/5.0 (Windows NT 10.2) AppleWebKit/537.1 (KHTML, like Gecko) Chrome/21.0.1180.89 Safari/537.1"
222.138.95.13 - - [12/May/2016:19:56:40 +0800] "GET /YXYBB/LEAP/Download/default/2016/3/28/9f049a3d7f854a649a5b908e3068823d.jpg HTTP/1.1" 304 0 "http://new.yxybb.com/YXYBB/yxybb/coursedetails?courseid=6cab4e2c3c554cd68b7f4d5577a3bb75" "Mozilla/5.0 (Windows NT 6.1; WOW64) AppleWebKit/537.36 (KHTML, like Gecko) Chrome/47.0.2526.80 Safari/537.36 Core/1.47.277.400 QQBrowser/9.4.7658.400"
222.138.95.13 - - [12/May/2016:19:56:40 +0800] "POST /YXYBB/LEAP/Service/RPC/RPC.DO?callService=web&method=FL_SocialOperation_sCommentByReplyto&sid=E726684DABA01DC4D0CC6F3896640CE6&rup=http://new.yxybb.com/YXYBB/ HTTP/1.1" 200 177 "http://new.yxybb.com/YXYBB/yxybb/coursedetails?courseid=6cab4e2c3c554cd68b7f4d5577a3bb75" "Mozilla/5.0 (Windows NT 6.1; WOW64) AppleWebKit/537.36 (KHTML, like Gecko) Chrome/47.0.2526.80 Safari/537.36 Core/1.47.277.400 QQBrowser/9.4.7658.400"
222.138.95.13 - - [12/May/2016:19:56:40 +0800] "POST /YXYBB/LEAP/Service/RPC/RPC.DO?callService=web&method=FL_SocialOperation_sCommentByReplyto&sid=E726684DABA01DC4D0CC6F3896640CE6&rup=http://new.yxybb.com/YXYBB/ HTTP/1.1" 200 177 "http://new.yxybb.com/YXYBB/yxybb/coursedetails?courseid=6cab4e2c3c554cd68b7f4d5577a3bb75" "Mozilla/5.0 (Windows NT 6.1; WOW64) AppleWebKit/537.36 (KHTML, like Gecko) Chrome/47.0.2526.80 Safari/537.36 Core/1.47.277.400 QQBrowser/9.4.7658.400"
115.60.88.187 - - [12/May/2016:19:56:40 +0800] "POST /YXYBB/restservices/http/single/query HTTP/1.1" 200 108 "http://new.yxybb.com/YXYBB/LEAP/html/index.html" "Mozilla/5.0 (Windows NT 6.1) AppleWebKit/537.36 (KHTML, like Gecko) Chrome/45.0.2454.101 Safari/537.36"
183.204.24.207 - - [12/May/2016:19:56:40 +0800] "POST /YXYBB/restservices/http/single/query HTTP/1.1" 200 108 "http://new.yxybb.com/YXYBB/LEAP/html/trainopen.html?traincasetype=2" "Mozilla/5.0 (Windows NT 6.3; WOW64; Trident/7.0; SMJB; rv:11.0) like Gecko"
183.204.24.207 - - [12/May/2016:19:56:41 +0800] "POST /YXYBB/LEAP/Service/RPC/RPC.DO?callService=web&method=FL_course_maintainVideoPlayingAuthorityLock&sid=09C94BA20208B65F5E70F7BBFD18F051&rup=http://new.yxybb.com/YXYBB/ HTTP/1.1" 200 358 "http://new.yxybb.com/YXYBB/yxybb/coursevideo?courseid=6cab4e2c3c554cd68b7f4d5577a3bb75&cwid=CW20131231104820742&pathno=0001000300010001" "Mozilla/5.0 (Windows NT 6.3; WOW64) AppleWebKit/537.36 (KHTML, like Gecko) Chrome/45.0.2454.101 Safari/537.36"
58.251.80.60 - - [12/May/2016:19:56:41 +0800] "POST /YXYBB/restservices/web/wxReceiveMessage/query?signature=a2c29edbfa8c937bfc8be69361845cec47991fe8&timestamp=1463054198&nonce=1588205543 HTTP/1.0" 200 0 "-" "Mozilla/4.0"
183.204.24.207 - - [12/May/2016:19:56:41 +0800] "POST /YXYBB/restservices/http/single/query HTTP/1.1" 200 108 "http://new.yxybb.com/YXYBB/LEAP/html/trainopen.html?traincasetype=2" "Mozilla/5.0 (Windows NT 6.3; WOW64; Trident/7.0; SMJB; rv:11.0) like Gecko"
222.138.95.13 - - [12/May/2016:19:56:41 +0800] "POST /YXYBB/LEAP/Service/RPC/RPC.DO?callService=web&method=FL_SocialOperation_sCommentByReplyto&sid=E726684DABA01DC4D0CC6F3896640CE6&rup=http://new.yxybb.com/YXYBB/ HTTP/1.1" 200 819 "http://new.yxybb.com/YXYBB/yxybb/coursedetails?courseid=6cab4e2c3c554cd68b7f4d5577a3bb75" "Mozilla/5.0 (Windows NT 6.1; WOW64) AppleWebKit/537.36 (KHTML, like Gecko) Chrome/47.0.2526.80 Safari/537.36 Core/1.47.277.400 QQBrowser/9.4.7658.400"
222.138.95.13 - - [12/May/2016:19:56:42 +0800] "POST /YXYBB/LEAP/Service/RPC/RPC.DO?callService=web&method=FL_SocialOperation_sOperationNum&sid=E726684DABA01DC4D0CC6F3896640CE6&rup=http://new.yxybb.com/YXYBB/ HTTP/1.1" 200 260 "http://new.yxybb.com/YXYBB/yxybb/coursedetails?courseid=6cab4e2c3c554cd68b7f4d5577a3bb75" "Mozilla/5.0 (Windows NT 6.1; WOW64) AppleWebKit/537.36 (KHTML, like Gecko) Chrome/47.0.2526.80 Safari/537.36 Core/1.47.277.400 QQBrowser/9.4.7658.400"
222.138.95.13 - - [12/May/2016:19:56:42 +0800] "GET /YXYBB/LEAP/LUPDPWeb/js/socialOperation.js?_=1463054218854 HTTP/1.1" 200 9405 "http://new.yxybb.com/YXYBB/yxybb/coursedetails?courseid=6cab4e2c3c554cd68b7f4d5577a3bb75" "Mozilla/5.0 (Windows NT 6.1; WOW64) AppleWebKit/537.36 (KHTML, like Gecko) Chrome/47.0.2526.80 Safari/537.36 Core/1.47.277.400 QQBrowser/9.4.7658.400"
222.138.95.13 - - [12/May/2016:19:56:42 +0800] "GET /YXYBB/LEAP/LUPDPWeb/js/ueditor1_4_3-utf8-jsp/third-party/zeroclipboard/ZeroClipboard.swf?noCache=1463054218844 HTTP/1.1" 200 3933 "http://new.yxybb.com/YXYBB/yxybb/coursedetails?courseid=6cab4e2c3c554cd68b7f4d5577a3bb75" "Mozilla/5.0 (Windows NT 6.1; WOW64) AppleWebKit/537.36 (KHTML, like Gecko) Chrome/47.0.2526.80 Safari/537.36 Core/1.47.277.400 QQBrowser/9.4.7658.400"
183.204.24.207 - - [12/May/2016:19:56:42 +0800] "POST /YXYBB/restservices/http/single/query HTTP/1.1" 200 108 "http://new.yxybb.com/YXYBB/LEAP/html/trainopen.html?traincasetype=2" "Mozilla/5.0 (Windows NT 6.3; WOW64; Trident/7.0; SMJB; rv:11.0) like Gecko"
222.138.95.13 - - [12/May/2016:19:56:42 +0800] "GET /YXYBB/LEAP/LUPDPWeb/js/main.js?_=1463054220394 HTTP/1.1" 200 17533 "http://new.yxybb.com/YXYBB/yxybb/coursedetails?courseid=6cab4e2c3c554cd68b7f4d5577a3bb75" "Mozilla/5.0 (Windows NT 6.1; WOW64) AppleWebKit/537.36 (KHTML, like Gecko) Chrome/47.0.2526.80 Safari/537.36 Core/1.47.277.400 QQBrowser/9.4.7658.400"
222.138.95.13 - - [12/May/2016:19:56:43 +0800] "GET /YXYBB/LEAP/LUPDPWeb/js/main.js?_=1463054220454 HTTP/1.1" 200 17533 "http://new.yxybb.com/YXYBB/yxybb/coursedetails?courseid=6cab4e2c3c554cd68b7f4d5577a3bb75" "Mozilla/5.0 (Windows NT 6.1; WOW64) AppleWebKit/537.36 (KHTML, like Gecko) Chrome/47.0.2526.80 Safari/537.36 Core/1.47.277.400 QQBrowser/9.4.7658.400"
115.58.255.73 - - [12/May/2016:19:56:43 +0800] "POST /YXYBB/LEAP/Service/RPC/RPC.DO?callService=web&method=FL_person_getLoginSession&sid=6A2E5C8D35A2E47FC77EDFFD17C2FCA3&rup=http://new.yxybb.com/YXYBB/ HTTP/1.1" 200 175 "http://new.yxybb.com/YXYBB/yxybb/orderconfirm" "Mozilla/5.0 (Windows NT 6.1; WOW64) AppleWebKit/537.36 (KHTML, like Gecko) Chrome/38.0.2125.122 Safari/537.36 SE 2.X MetaSr 1.0"
115.58.255.73 - - [12/May/2016:19:56:43 +0800] "POST /YXYBB/LEAP/Service/RPC/RPC.DO?callService=web&method=FL_course_sCommoditysStateArr&sid=6A2E5C8D35A2E47FC77EDFFD17C2FCA3&rup=http://new.yxybb.com/YXYBB/ HTTP/1.1" 200 522 "http://new.yxybb.com/YXYBB/yxybb/orderconfirm" "Mozilla/5.0 (Windows NT 6.1; WOW64) AppleWebKit/537.36 (KHTML, like Gecko) Chrome/38.0.2125.122 Safari/537.36 SE 2.X MetaSr 1.0"
183.204.24.207 - - [12/May/2016:19:56:43 +0800] "POST /YXYBB/restservices/http/single/query HTTP/1.1" 200 108 "http://new.yxybb.com/YXYBB/LEAP/html/trainopen.html?traincasetype=2" "Mozilla/5.0 (Windows NT 6.3; WOW64; Trident/7.0; SMJB; rv:11.0) like Gecko"
115.58.255.73 - - [12/May/2016:19:56:44 +0800] "POST /YXYBB/LEAP/Service/RPC/RPC.DO?callService=web&method=FL_course_createOrderInfo&sid=6A2E5C8D35A2E47FC77EDFFD17C2FCA3&rup=http://new.yxybb.com/YXYBB/ HTTP/1.1" 200 349 "http://new.yxybb.com/YXYBB/yxybb/orderconfirm" "Mozilla/5.0 (Windows NT 6.1; WOW64) AppleWebKit/537.36 (KHTML, like Gecko) Chrome/38.0.2125.122 Safari/537.36 SE 2.X MetaSr 1.0"
115.58.255.73 - - [12/May/2016:19:56:44 +0800] "GET /YXYBB/yxybb/orderpay HTTP/1.1" 200 5433 "http://new.yxybb.com/YXYBB/yxybb/orderconfirm" "Mozilla/5.0 (Windows NT 6.1; WOW64) AppleWebKit/537.36 (KHTML, like Gecko) Chrome/38.0.2125.122 Safari/537.36 SE 2.X MetaSr 1.0"
222.138.95.13 - - [12/May/2016:19:56:44 +0800] "GET /YXYBB/LEAP/LUPDPWeb/js/main.js?_=1463054221634 HTTP/1.1" 200 17533 "http://new.yxybb.com/YXYBB/yxybb/coursedetails?courseid=6cab4e2c3c554cd68b7f4d5577a3bb75" "Mozilla/5.0 (Windows NT 6.1; WOW64) AppleWebKit/537.36 (KHTML, like Gecko) Chrome/47.0.2526.80 Safari/537.36 Core/1.47.277.400 QQBrowser/9.4.7658.400"
60.24.91.122 - - [12/May/2016:19:56:44 +0800] "POST /YXYBB/LEAP/Service/RPC/RPC.DO?callService=web&method=FL_course_sRecommendCourseInfos&sid=D3979EDC1F42173D353864BFF6F7B4D4&rup=http://new.yxybb.com/YXYBB/ HTTP/1.1" 200 1378 "http://new.yxybb.com/YXYBB/yxybb/coursedetails?courseid=8bc7ac29c2174b498ca651191594b1a5" "Mozilla/5.0 (Windows NT 6.1) AppleWebKit/537.36 (KHTML, like Gecko) Chrome/45.0.2454.101 Safari/537.36"
60.24.91.122 - - [12/May/2016:19:56:44 +0800] "POST /YXYBB/LEAP/Service/RPC/RPC.DO?callService=web&method=FL_SocialOperation_sCommentByReplyto&sid=D3979EDC1F42173D353864BFF6F7B4D4&rup=http://new.yxybb.com/YXYBB/ HTTP/1.1" 200 1185 "http://new.yxybb.com/YXYBB/yxybb/coursedetails?courseid=8bc7ac29c2174b498ca651191594b1a5" "Mozilla/5.0 (Windows NT 6.1) AppleWebKit/537.36 (KHTML, like Gecko) Chrome/45.0.2454.101 Safari/537.36"
60.24.91.122 - - [12/May/2016:19:56:44 +0800] "GET /YXYBB/LEAP/LUPDPWeb/img/clearbox.gif HTTP/1.1" 304 0 "http://new.yxybb.com/YXYBB/LEAP/LUPDPWeb/css/main.css" "Mozilla/5.0 (Windows NT 6.1) AppleWebKit/537.36 (KHTML, like Gecko) Chrome/45.0.2454.101 Safari/537.36"
60.24.91.122 - - [12/May/2016:19:56:44 +0800] "POST /YXYBB/LEAP/Service/RPC/RPC.DO?callService=web&method=FL_SocialOperation_sOperationNum&sid=D3979EDC1F42173D353864BFF6F7B4D4&rup=http://new.yxybb.com/YXYBB/ HTTP/1.1" 200 260 "http://new.yxybb.com/YXYBB/yxybb/coursedetails?courseid=8bc7ac29c2174b498ca651191594b1a5" "Mozilla/5.0 (Windows NT 6.1) AppleWebKit/537.36 (KHTML, like Gecko) Chrome/45.0.2454.101 Safari/537.36"
222.138.95.13 - - [12/May/2016:19:56:44 +0800] "GET /YXYBB/LEAP/LUPDPWeb/js/socialOperation.js?_=1463054221636 HTTP/1.1" 200 9405 "http://new.yxybb.com/YXYBB/yxybb/coursedetails?courseid=6cab4e2c3c554cd68b7f4d5577a3bb75" "Mozilla/5.0 (Windows NT 6.1; WOW64) AppleWebKit/537.36 (KHTML, like Gecko) Chrome/47.0.2526.80 Safari/537.36 Core/1.47.277.400 QQBrowser/9.4.7658.400"
115.58.255.73 - - [12/May/2016:19:56:44 +0800] "GET /YXYBB/LEAP/Download/default/system/userpic/2016/1/15/cf59449a0c6146ce9283c53dd9069cee.jpg HTTP/1.1" 206 0 "http://new.yxybb.com/YXYBB/yxybb/orderconfirm" "Mozilla/5.0 (Windows NT 6.1; WOW64) AppleWebKit/537.36 (KHTML, like Gecko) Chrome/38.0.2125.122 Safari/537.36 SE 2.X MetaSr 1.0"
115.58.255.73 - - [12/May/2016:19:56:44 +0800] "POST /YXYBB/LEAP/Service/RPC/RPC.DO?type=997&_z=8949 HTTP/1.1" 200 32 "http://new.yxybb.com/YXYBB/yxybb/orderpay" "Mozilla/5.0 (Windows NT 6.1; WOW64) AppleWebKit/537.36 (KHTML, like Gecko) Chrome/38.0.2125.122 Safari/537.36 SE 2.X MetaSr 1.0"
60.24.91.122 - - [12/May/2016:19:56:44 +0800] "POST /YXYBB/LEAP/Service/RPC/RPC.DO?callService=web&method=FL_SocialOperation_sCommentByReplyto&sid=D3979EDC1F42173D353864BFF6F7B4D4&rup=http://new.yxybb.com/YXYBB/ HTTP/1.1" 200 177 "http://new.yxybb.com/YXYBB/yxybb/coursedetails?courseid=8bc7ac29c2174b498ca651191594b1a5" "Mozilla/5.0 (Windows NT 6.1) AppleWebKit/537.36 (KHTML, like Gecko) Chrome/45.0.2454.101 Safari/537.36"
60.24.91.122 - - [12/May/2016:19:56:44 +0800] "POST /YXYBB/LEAP/Service/RPC/RPC.DO?callService=web&method=FL_SocialOperation_sCommentByReplyto&sid=D3979EDC1F42173D353864BFF6F7B4D4&rup=http://new.yxybb.com/YXYBB/ HTTP/1.1" 200 177 "http://new.yxybb.com/YXYBB/yxybb/coursedetails?courseid=8bc7ac29c2174b498ca651191594b1a5" "Mozilla/5.0 (Windows NT 6.1) AppleWebKit/537.36 (KHTML, like Gecko) Chrome/45.0.2454.101 Safari/537.36"
115.58.255.73 - - [12/May/2016:19:56:44 +0800] "POST /YXYBB/LEAP/Service/RPC/RPC.DO?callService=web&method=FL_person_getLoginSession&sid=6A2E5C8D35A2E47FC77EDFFD17C2FCA3&rup=http://new.yxybb.com/YXYBB/ HTTP/1.1" 200 175 "http://new.yxybb.com/YXYBB/yxybb/orderpay" "Mozilla/5.0 (Windows NT 6.1; WOW64) AppleWebKit/537.36 (KHTML, like Gecko) Chrome/38.0.2125.122 Safari/537.36 SE 2.X MetaSr 1.0"
60.24.91.122 - - [12/May/2016:19:56:44 +0800] "POST /YXYBB/LEAP/Service/RPC/RPC.DO?callService=web&method=FL_SocialOperation_sCommentByReplyto&sid=D3979EDC1F42173D353864BFF6F7B4D4&rup=http://new.yxybb.com/YXYBB/ HTTP/1.1" 200 177 "http://new.yxybb.com/YXYBB/yxybb/coursedetails?courseid=8bc7ac29c2174b498ca651191594b1a5" "Mozilla/5.0 (Windows NT 6.1) AppleWebKit/537.36 (KHTML, like Gecko) Chrome/45.0.2454.101 Safari/537.36"
60.24.91.122 - - [12/May/2016:19:56:44 +0800] "GET /YXYBB/LEAP/Resource/flash/get_flash_player.gif HTTP/1.1" 304 0 "http://new.yxybb.com/YXYBB/yxybb/coursedetails?courseid=8bc7ac29c2174b498ca651191594b1a5" "Mozilla/5.0 (Windows NT 6.1) AppleWebKit/537.36 (KHTML, like Gecko) Chrome/45.0.2454.101 Safari/537.36"
60.24.91.122 - - [12/May/2016:19:56:44 +0800] "GET /YXYBB/LEAP/Resource/flash/hp.swf HTTP/1.1" 304 0 "http://new.yxybb.com/YXYBB/yxybb/coursedetails?courseid=8bc7ac29c2174b498ca651191594b1a5" "Mozilla/5.0 (Windows NT 6.1) AppleWebKit/537.36 (KHTML, like Gecko) Chrome/45.0.2454.101 Safari/537.36"
60.24.91.122 - - [12/May/2016:19:56:44 +0800] "GET /YXYBB/LEAP/LUPDPWeb/js/socialOperation.js?_=1463055457682 HTTP/1.1" 200 9405 "http://new.yxybb.com/YXYBB/yxybb/coursedetails?courseid=8bc7ac29c2174b498ca651191594b1a5" "Mozilla/5.0 (Windows NT 6.1) AppleWebKit/537.36 (KHTML, like Gecko) Chrome/45.0.2454.101 Safari/537.36"
183.204.24.207 - - [12/May/2016:19:56:44 +0800] "POST /YXYBB/restservices/http/single/query HTTP/1.1" 200 108 "http://new.yxybb.com/YXYBB/LEAP/html/trainopen.html?traincasetype=2" "Mozilla/5.0 (Windows NT 6.3; WOW64; Trident/7.0; SMJB; rv:11.0) like Gecko"
115.58.255.73 - - [12/May/2016:19:56:45 +0800] "POST /YXYBB/LEAP/Service/RPC/RPC.DO?callService=web&method=SearchCache&sid=6A2E5C8D35A2E47FC77EDFFD17C2FCA3&rup=http://new.yxybb.com/YXYBB/ HTTP/1.1" 200 552 "http://new.yxybb.com/YXYBB/yxybb/orderpay" "Mozilla/5.0 (Windows NT 6.1; WOW64) AppleWebKit/537.36 (KHTML, like Gecko) Chrome/38.0.2125.122 Safari/537.36 SE 2.X MetaSr 1.0"
115.58.255.73 - - [12/May/2016:19:56:45 +0800] "POST /YXYBB/LEAP/Service/RPC/RPC.DO?callService=web&method=notReadMessageNum&sid=6A2E5C8D35A2E47FC77EDFFD17C2FCA3&rup=http://new.yxybb.com/YXYBB/ HTTP/1.1" 200 173 "http://new.yxybb.com/YXYBB/yxybb/orderpay" "Mozilla/5.0 (Windows NT 6.1; WOW64) AppleWebKit/537.36 (KHTML, like Gecko) Chrome/38.0.2125.122 Safari/537.36 SE 2.X MetaSr 1.0"
60.24.91.122 - - [12/May/2016:19:56:45 +0800] "GET /YXYBB/LEAP/LUPDPWeb/js/socialOperation.js?_=1463055457685 HTTP/1.1" 200 9405 "http://new.yxybb.com/YXYBB/yxybb/coursedetails?courseid=8bc7ac29c2174b498ca651191594b1a5" "Mozilla/5.0 (Windows NT 6.1) AppleWebKit/537.36 (KHTML, like Gecko) Chrome/45.0.2454.101 Safari/537.36"
115.58.255.73 - - [12/May/2016:19:56:45 +0800] "POST /YXYBB/LEAP/Service/RPC/RPC.DO?callService=web&method=FL_course_sVaildOrderBeans&sid=6A2E5C8D35A2E47FC77EDFFD17C2FCA3&rup=http://new.yxybb.com/YXYBB/ HTTP/1.1" 200 951 "http://new.yxybb.com/YXYBB/yxybb/orderpay" "Mozilla/5.0 (Windows NT 6.1; WOW64) AppleWebKit/537.36 (KHTML, like Gecko) Chrome/38.0.2125.122 Safari/537.36 SE 2.X MetaSr 1.0"
183.230.16.69 - - [12/May/2016:19:56:45 +0800] "POST /YXYBB/restservices/http/single/query HTTP/1.1" 200 1425 "http://new.yxybb.com/YXYBB/LEAP/html/course.html" "Mozilla/5.0 (Windows NT 6.1) AppleWebKit/537.36 (KHTML, like Gecko) Chrome/45.0.2454.101 Safari/537.36"
60.24.91.122 - - [12/May/2016:19:56:45 +0800] "POST /YXYBB/LEAP/Service/RPC/RPC.DO?callService=web&method=FL_course_sTrainResTree&sid=D3979EDC1F42173D353864BFF6F7B4D4&rup=http://new.yxybb.com/YXYBB/ HTTP/1.1" 200 12561 "http://new.yxybb.com/YXYBB/yxybb/coursedetails?courseid=8bc7ac29c2174b498ca651191594b1a5" "Mozilla/5.0 (Windows NT 6.1) AppleWebKit/537.36 (KHTML, like Gecko) Chrome/45.0.2454.101 Safari/537.36"
183.230.16.69 - - [12/May/2016:19:56:45 +0800] "POST /YXYBB/restservices/http/single/query HTTP/1.1" 200 847 "http://new.yxybb.com/YXYBB/LEAP/html/course.html" "Mozilla/5.0 (Windows NT 6.1) AppleWebKit/537.36 (KHTML, like Gecko) Chrome/45.0.2454.101 Safari/537.36"
183.230.16.69 - - [12/May/2016:19:56:45 +0800] "POST /YXYBB/restservices/http/single/query HTTP/1.1" 200 1961 "http://new.yxybb.com/YXYBB/LEAP/html/course.html" "Mozilla/5.0 (Windows NT 6.1) AppleWebKit/537.36 (KHTML, like Gecko) Chrome/45.0.2454.101 Safari/537.36"
115.58.255.73 - - [12/May/2016:19:56:45 +0800] "GET /YXYBB/yxybb/null HTTP/1.1" 404 905 "http://new.yxybb.com/YXYBB/yxybb/orderpay" "Mozilla/5.0 (Windows NT 6.1; WOW64) AppleWebKit/537.36 (KHTML, like Gecko) Chrome/38.0.2125.122 Safari/537.36 SE 2.X MetaSr 1.0"
115.58.255.73 - - [12/May/2016:19:56:45 +0800] "POST /YXYBB/LEAP/Service/RPC/RPC.DO?callService=web&method=FL_course_sPayBankListBeans&sid=6A2E5C8D35A2E47FC77EDFFD17C2FCA3&rup=http://new.yxybb.com/YXYBB/ HTTP/1.1" 200 1550 "http://new.yxybb.com/YXYBB/yxybb/orderpay" "Mozilla/5.0 (Windows NT 6.1; WOW64) AppleWebKit/537.36 (KHTML, like Gecko) Chrome/38.0.2125.122 Safari/537.36 SE 2.X MetaSr 1.0"
115.58.255.73 - - [12/May/2016:19:56:45 +0800] "GET /YXYBB/LEAP/LUPDPWeb/img/error/course_error_img.png HTTP/1.1" 206 1 "http://new.yxybb.com/YXYBB/yxybb/orderpay" "Mozilla/5.0 (Windows NT 6.1; WOW64) AppleWebKit/537.36 (KHTML, like Gecko) Chrome/38.0.2125.122 Safari/537.36 SE 2.X MetaSr 1.0"
115.58.255.73 - - [12/May/2016:19:56:45 +0800] "GET /YXYBB/LEAP/LUPDPWeb/js/ueditor1_4_3-utf8-jsp/third-party/zeroclipboard/ZeroClipboard.swf?noCache=1463054056613 HTTP/1.1" 200 3933 "http://new.yxybb.com/YXYBB/yxybb/orderpay" "Mozilla/5.0 (Windows NT 6.1; WOW64) AppleWebKit/537.36 (KHTML, like Gecko) Chrome/38.0.2125.122 Safari/537.36 SE 2.X MetaSr 1.0"
115.58.255.73 - - [12/May/2016:19:56:45 +0800] "GET /YXYBB/LEAP/LUPDPWeb/img/error/course_error_img.png HTTP/1.1" 206 20783 "http://new.yxybb.com/YXYBB/yxybb/orderpay" "Mozilla/5.0 (Windows NT 6.1; WOW64) AppleWebKit/537.36 (KHTML, like Gecko) Chrome/38.0.2125.122 Safari/537.36 SE 2.X MetaSr 1.0"
183.204.24.207 - - [12/May/2016:19:56:45 +0800] "POST /YXYBB/restservices/http/single/query HTTP/1.1" 200 108 "http://new.yxybb.com/YXYBB/LEAP/html/trainopen.html?traincasetype=2" "Mozilla/5.0 (Windows NT 6.3; WOW64; Trident/7.0; SMJB; rv:11.0) like Gecko"
60.24.91.122 - - [12/May/2016:19:56:46 +0800] "GET /YXYBB/LEAP/LUPDPWeb/js/socialOperation.js?_=1463055457687 HTTP/1.1" 200 9405 "http://new.yxybb.com/YXYBB/yxybb/coursedetails?courseid=8bc7ac29c2174b498ca651191594b1a5" "Mozilla/5.0 (Windows NT 6.1) AppleWebKit/537.36 (KHTML, like Gecko) Chrome/45.0.2454.101 Safari/537.36"
183.204.24.207 - - [12/May/2016:19:56:46 +0800] "POST /YXYBB/restservices/http/single/query HTTP/1.1" 200 108 "http://new.yxybb.com/YXYBB/LEAP/html/trainopen.html?traincasetype=2" "Mozilla/5.0 (Windows NT 6.3; WOW64; Trident/7.0; SMJB; rv:11.0) like Gecko"
60.24.91.122 - - [12/May/2016:19:56:47 +0800] "GET /YXYBB/LEAP/LUPDPWeb/js/socialOperation.js?_=1463055457691 HTTP/1.1" 200 9405 "http://new.yxybb.com/YXYBB/yxybb/coursedetails?courseid=8bc7ac29c2174b498ca651191594b1a5" "Mozilla/5.0 (Windows NT 6.1) AppleWebKit/537.36 (KHTML, like Gecko) Chrome/45.0.2454.101 Safari/537.36"
60.24.91.122 - - [12/May/2016:19:56:47 +0800] "GET /YXYBB/LEAP/LUPDPWeb/js/main.js?_=1463055457693 HTTP/1.1" 200 17533 "http://new.yxybb.com/YXYBB/yxybb/coursedetails?courseid=8bc7ac29c2174b498ca651191594b1a5" "Mozilla/5.0 (Windows NT 6.1) AppleWebKit/537.36 (KHTML, like Gecko) Chrome/45.0.2454.101 Safari/537.36"
42.230.243.91 - - [12/May/2016:19:56:47 +0800] "GET / HTTP/1.1" 302 154 "-" "Mozilla/5.0 (Linux; U; Android 4.4.4; zh-cn; HM NOTE 1LTE Build/KTU84P) AppleWebKit/537.36 (KHTML, like Gecko) Version/4.0 Chrome/46.0.2490.85 Mobile Safari/537.36 XiaoMi/MiuiBrowser/2.1.1"
113.200.249.51 - - [12/May/2016:19:56:47 +0800] "POST /YXYBB/LEAP/Service/RPC/RPC.DO?callService=web&method=FL_course_maintainVideoPlayingAuthorityLock&sid=FE242851A100C9DB1BE6771955EE24C8&rup=http://new.yxybb.com/YXYBB/ HTTP/1.1" 200 358 "http://new.yxybb.com/YXYBB/yxybb/coursevideo?courseid=f6fbcb45736a4dbbaa3859703a54ef61&cwid=CW20140821092924185&pathno=0002000100010001" "Mozilla/5.0 (Windows NT 5.1) AppleWebKit/537.36 (KHTML, like Gecko) Chrome/45.0.2454.101 Safari/537.36"
183.204.24.207 - - [12/May/2016:19:56:47 +0800] "POST /YXYBB/restservices/http/single/query HTTP/1.1" 200 108 "http://new.yxybb.com/YXYBB/LEAP/html/trainopen.html?traincasetype=2" "Mozilla/5.0 (Windows NT 6.3; WOW64; Trident/7.0; SMJB; rv:11.0) like Gecko"
60.24.91.122 - - [12/May/2016:19:56:48 +0800] "GET /YXYBB/LEAP/LUPDPWeb/js/socialOperation.js?_=1463055457693 HTTP/1.1" 200 9405 "http://new.yxybb.com/YXYBB/yxybb/coursedetails?courseid=8bc7ac29c2174b498ca651191594b1a5" "Mozilla/5.0 (Windows NT 6.1) AppleWebKit/537.36 (KHTML, like Gecko) Chrome/45.0.2454.101 Safari/537.36"
60.24.91.122 - - [12/May/2016:19:56:48 +0800] "GET /YXYBB/LEAP/LUPDPWeb/js/main.js?_=1463055457932 HTTP/1.1" 200 17533 "http://new.yxybb.com/YXYBB/yxybb/coursedetails?courseid=8bc7ac29c2174b498ca651191594b1a5" "Mozilla/5.0 (Windows NT 6.1) AppleWebKit/537.36 (KHTML, like Gecko) Chrome/45.0.2454.101 Safari/537.36"
183.230.16.69 - - [12/May/2016:19:56:48 +0800] "GET /YXYBB/LEAP/Download/default/2016/3/29/a1f162192aee415384e3f0025cd2b297.jpg HTTP/1.1" 200 45191 "-" "Dalvik/1.6.0 (Linux; U; Android 4.4.4; HUAWEI C199s Build/HuaweiC199s)"
183.204.24.207 - - [12/May/2016:19:56:48 +0800] "POST /YXYBB/restservices/http/single/query HTTP/1.1" 200 108 "http://new.yxybb.com/YXYBB/LEAP/html/trainopen.html?traincasetype=2" "Mozilla/5.0 (Windows NT 6.3; WOW64; Trident/7.0; SMJB; rv:11.0) like Gecko"
60.24.91.122 - - [12/May/2016:19:56:49 +0800] "GET /YXYBB/LEAP/LUPDPWeb/js/socialOperation.js?_=1463055457933 HTTP/1.1" 200 9405 "http://new.yxybb.com/YXYBB/yxybb/coursedetails?courseid=8bc7ac29c2174b498ca651191594b1a5" "Mozilla/5.0 (Windows NT 6.1) AppleWebKit/537.36 (KHTML, like Gecko) Chrome/45.0.2454.101 Safari/537.36"
113.251.59.58 - - [12/May/2016:19:56:49 +0800] "POST /YXYBB/LEAP/Service/RPC/RPC.DO?callService=web&method=FL_course_uStudyProcessInfo&sid=7894D503CBF8AF8E3190E1CB771C004D&rup=http://new.yxybb.com/YXYBB/ HTTP/1.1" 200 703 "http://new.yxybb.com/YXYBB/yxybb/coursevideo?courseid=f6fbcb45736a4dbbaa3859703a54ef61&cwid=CW20140423144416825&pathno=0001000800010001" "Mozilla/5.0 (Windows NT 6.1; WOW64) AppleWebKit/537.36 (KHTML, like Gecko) Chrome/31.0.1650.63 Safari/537.36"
183.228.119.117 - - [12/May/2016:19:56:49 +0800] "POST /YXYBB/LEAP/Service/RPC/RPC.DO?callService=web&method=FL_course_maintainVideoPlayingAuthorityLock&sid=C724612EF7AC9499E5F403A8295A2E0B&rup=http://new.yxybb.com/YXYBB/ HTTP/1.1" 200 358 "http://new.yxybb.com/YXYBB/yxybb/coursevideo?courseid=d0b1c4f535364e7e9a188035a77e2c97&cwid=CW20120702102158437&pathno=0001000900010001" "Mozilla/5.0 (Windows NT 6.3; WOW64) AppleWebKit/537.36 (KHTML, like Gecko) Chrome/45.0.2454.101 Safari/537.36"
60.24.91.122 - - [12/May/2016:19:56:49 +0800] "GET /YXYBB/LEAP/LUPDPWeb/img/ico_arrow.png HTTP/1.1" 304 0 "http://new.yxybb.com/YXYBB/LEAP/LUPDPWeb/css/main.css" "Mozilla/5.0 (Windows NT 6.1) AppleWebKit/537.36 (KHTML, like Gecko) Chrome/45.0.2454.101 Safari/537.36"
60.24.91.122 - - [12/May/2016:19:56:49 +0800] "GET /YXYBB/LEAP/Download/default/2016/4/6/c7c047f742ff4ebab8ad8d6711c03d5f.jpg HTTP/1.1" 304 0 "http://new.yxybb.com/YXYBB/yxybb/coursedetails?courseid=8bc7ac29c2174b498ca651191594b1a5" "Mozilla/5.0 (Windows NT 6.1) AppleWebKit/537.36 (KHTML, like Gecko) Chrome/45.0.2454.101 Safari/537.36"
123.149.5.204 - - [12/May/2016:19:56:49 +0800] "GET /YXYBB/yxybb/coursedetails?courseid=6481d19dc76040bd8c8631980a95a682 HTTP/1.1" 200 7051 "http://new.yxybb.com/YXYBB/LEAP/html/trainopen.html?traincasetype=2" "Mozilla/5.0 (Windows NT 5.1) AppleWebKit/537.36 (KHTML, like Gecko) Chrome/45.0.2454.101 Safari/537.36"
60.24.91.122 - - [12/May/2016:19:56:49 +0800] "GET /YXYBB/LEAP/LUPDPWeb/img/study_st01.gif HTTP/1.1" 304 0 "http://new.yxybb.com/YXYBB/yxybb/coursedetails?courseid=8bc7ac29c2174b498ca651191594b1a5" "Mozilla/5.0 (Windows NT 6.1) AppleWebKit/537.36 (KHTML, like Gecko) Chrome/45.0.2454.101 Safari/537.36"
123.149.5.204 - - [12/May/2016:19:56:49 +0800] "GET /YXYBB/LEAP/LUPDPWeb/js/TouchSlide.1.1.js HTTP/1.1" 200 2316 "http://new.yxybb.com/YXYBB/yxybb/coursedetails?courseid=6481d19dc76040bd8c8631980a95a682" "Mozilla/5.0 (Windows NT 5.1) AppleWebKit/537.36 (KHTML, like Gecko) Chrome/45.0.2454.101 Safari/537.36"
123.149.5.204 - - [12/May/2016:19:56:49 +0800] "GET /YXYBB/LEAP/LUPDPWeb/control/course/courseCommonFunction.js HTTP/1.1" 200 8507 "http://new.yxybb.com/YXYBB/yxybb/coursedetails?courseid=6481d19dc76040bd8c8631980a95a682" "Mozilla/5.0 (Windows NT 5.1) AppleWebKit/537.36 (KHTML, like Gecko) Chrome/45.0.2454.101 Safari/537.36"
183.204.24.207 - - [12/May/2016:19:56:49 +0800] "POST /YXYBB/restservices/http/single/query HTTP/1.1" 200 108 "http://new.yxybb.com/YXYBB/LEAP/html/trainopen.html?traincasetype=2" "Mozilla/5.0 (Windows NT 6.3; WOW64; Trident/7.0; SMJB; rv:11.0) like Gecko"
60.24.91.122 - - [12/May/2016:19:56:50 +0800] "GET /YXYBB/LEAP/LUPDPWeb/img/study_st03.gif HTTP/1.1" 304 0 "http://new.yxybb.com/YXYBB/yxybb/coursedetails?courseid=8bc7ac29c2174b498ca651191594b1a5" "Mozilla/5.0 (Windows NT 6.1) AppleWebKit/537.36 (KHTML, like Gecko) Chrome/45.0.2454.101 Safari/537.36"
42.230.243.91 - - [12/May/2016:19:56:50 +0800] "GET /YXYBB/LEAP/html/index.html HTTP/1.1" 200 4647 "-" "Mozilla/5.0 (Linux; U; Android 4.4.4; zh-cn; HM NOTE 1LTE Build/KTU84P) AppleWebKit/537.36 (KHTML, like Gecko) Version/4.0 Chrome/46.0.2490.85 Mobile Safari/537.36 XiaoMi/MiuiBrowser/2.1.1"
