60.27.81.29 - - [12/May/2016:19:54:39 +0800] "POST /YXYBB/LEAP/Service/RPC/RPC.DO?callService=web&method=FL_course_maintainVideoPlayingAuthorityLock&sid=4093643FD4F9EFCA17C6FEBE40B3E170&rup=http://new.yxybb.com/YXYBB/ HTTP/1.1" 200 358 "http://new.yxybb.com/YXYBB/yxybb/coursevideo?courseid=8bc7ac29c2174b498ca651191594b1a5&cwid=CW20130718172628720&pathno=0003000800010002" "Mozilla/5.0 (Windows NT 10.0) AppleWebKit/537.36 (KHTML, like Gecko) Chrome/47.0.2526.80 Safari/537.36 Core/1.47.210.400 QQBrowser/9.3.7458.400"
120.219.181.107 - - [12/May/2016:19:54:40 +0800] "GET /YXYBB/LEAP/Download/default/2016/3/28/9f049a3d7f854a649a5b908e3068823d.jpg HTTP/1.1" 200 42892 "http://new.yxybb.com/YXYBB/yxybb/person_order?bank_seq_no=20160512062629359345&body=%E8%BF%99%E6%98%AF%E6%9D%A5%E8%87%AA%E4%BA%8E%E4%BF%9D%E5%AE%9D%E7%BD%91%E7%9A%84%E5%9F%B9%E8%AE%AD%E8%AF%BE%E7%A8%8B&buyer_email=kehuzijinbu023%40alipay.com&buyer_id=2088502970160936&exterface=create_direct_pay_by_user&is_success=T&notify_id=RqPnCoPT3K9%252Fvwbh3InXSh7ozb7p%252F5aB7cebPerwHX23tFYR0dVWHWTa9T4XwLvI%252Faw3&notify_time=2016-05-12+19%3A54%3A07&notify_type=trade_status_sync&out_trade_no=06D69385C4D849D0BD57CCB73841390A&payment_type=1&seller_email=longrise2008%40yahoo.cn&seller_id=2088001971536565&subject=%E4%BF%9D%E5%AE%9D%E8%AF%BE%E7%A8%8B%E7%B2%BE%E9%80%89&total_fee=60.00&trade_no=2016051221001004930221824905&trade_status=TRADE_SUCCESS&sign=2968709b5a3954af880ff47fa0b8578f&sign_type=MD5" "Mozilla/5.0 (Windows NT 5.1) AppleWebKit/537.36 (KHTML, like Gecko) Chrome/45.0.2454.101 Safari/537.36"
120.219.181.107 - - [12/May/2016:19:54:40 +0800] "POST /YXYBB/LEAP/Service/RPC/RPC.DO?callService=web&method=getPersonInfo&sid=1E30C39EC429949B46289523B47AB228&rup=http://new.yxybb.com/YXYBB/ HTTP/1.1" 200 219 "http://new.yxybb.com/YXYBB/yxybb/person_order?bank_seq_no=20160512062629359345&body=%E8%BF%99%E6%98%AF%E6%9D%A5%E8%87%AA%E4%BA%8E%E4%BF%9D%E5%AE%9D%E7%BD%91%E7%9A%84%E5%9F%B9%E8%AE%AD%E8%AF%BE%E7%A8%8B&buyer_email=kehuzijinbu023%40alipay.com&buyer_id=2088502970160936&exterface=create_direct_pay_by_user&is_success=T&notify_id=RqPnCoPT3K9%252Fvwbh3InXSh7ozb7p%252F5aB7cebPerwHX23tFYR0dVWHWTa9T4XwLvI%252Faw3&notify_time=2016-05-12+19%3A54%3A07&notify_type=trade_status_sync&out_trade_no=06D69385C4D849D0BD57CCB73841390A&payment_type=1&seller_email=longrise2008%40yahoo.cn&seller_id=2088001971536565&subject=%E4%BF%9D%E5%AE%9D%E8%AF%BE%E7%A8%8B%E7%B2%BE%E9%80%89&total_fee=60.00&trade_no=2016051221001004930221824905&trade_status=TRADE_SUCCESS&sign=2968709b5a3954af880ff47fa0b8578f&sign_type=MD5" "Mozilla/5.0 (Windows NT 5.1) AppleWebKit/537.36 (KHTML, like Gecko) Chrome/45.0.2454.101 Safari/537.36"
120.219.181.107 - - [12/May/2016:19:54:40 +0800] "POST /YXYBB/LEAP/Service/RPC/RPC.DO?callService=web&method=notReadMessageNum&sid=1E30C39EC429949B46289523B47AB228&rup=http://new.yxybb.com/YXYBB/ HTTP/1.1" 200 173 "http://new.yxybb.com/YXYBB/yxybb/person_order?bank_seq_no=20160512062629359345&body=%E8%BF%99%E6%98%AF%E6%9D%A5%E8%87%AA%E4%BA%8E%E4%BF%9D%E5%AE%9D%E7%BD%91%E7%9A%84%E5%9F%B9%E8%AE%AD%E8%AF%BE%E7%A8%8B&buyer_email=kehuzijinbu023%40alipay.com&buyer_id=2088502970160936&exterface=create_direct_pay_by_user&is_success=T&notify_id=RqPnCoPT3K9%252Fvwbh3InXSh7ozb7or06M1FkPz%252BRUBobvU1IHE5EKDujMadDCDynfqXXf&notify_time=2016-05-12+19%3A54%3A18&notify_type=trade_status_sync&out_trade_no=06D69385C4D849D0BD57CCB73841390A&payment_type=1&seller_email=longrise2008%40yahoo.cn&seller_id=2088001971536565&subject=%E4%BF%9D%E5%AE%9D%E8%AF%BE%E7%A8%8B%E7%B2%BE%E9%80%89&total_fee=60.00&trade_no=2016051221001004930221824905&trade_status=TRADE_SUCCESS&sign=3632ed34d9ab3617ca8ea2d4390fec58&sign_type=MD5" "Mozilla/5.0 (Windows NT 5.1) AppleWebKit/537.36 (KHTML, like Gecko) Chrome/45.0.2454.101 Safari/537.36"
120.219.181.107 - - [12/May/2016:19:54:40 +0800] "POST /YXYBB/LEAP/Service/RPC/RPC.DO?callService=web&method=FL_person_getLoginSession&sid=1E30C39EC429949B46289523B47AB228&rup=http://new.yxybb.com/YXYBB/ HTTP/1.1" 200 175 "http://new.yxybb.com/YXYBB/yxybb/person_order?bank_seq_no=20160512062629359345&body=%E8%BF%99%E6%98%AF%E6%9D%A5%E8%87%AA%E4%BA%8E%E4%BF%9D%E5%AE%9D%E7%BD%91%E7%9A%84%E5%9F%B9%E8%AE%AD%E8%AF%BE%E7%A8%8B&buyer_email=kehuzijinbu023%40alipay.com&buyer_id=2088502970160936&exterface=create_direct_pay_by_user&is_success=T&notify_id=RqPnCoPT3K9%252Fvwbh3InXSh7ozb7p%252F5aB7cebPerwHX23tFYR0dVWHWTa9T4XwLvI%252Faw3&notify_time=2016-05-12+19%3A54%3A07&notify_type=trade_status_sync&out_trade_no=06D69385C4D849D0BD57CCB73841390A&payment_type=1&seller_email=longrise2008%40yahoo.cn&seller_id=2088001971536565&subject=%E4%BF%9D%E5%AE%9D%E8%AF%BE%E7%A8%8B%E7%B2%BE%E9%80%89&total_fee=60.00&trade_no=2016051221001004930221824905&trade_status=TRADE_SUCCESS&sign=2968709b5a3954af880ff47fa0b8578f&sign_type=MD5" "Mozilla/5.0 (Windows NT 5.1) AppleWebKit/537.36 (KHTML, like Gecko) Chrome/45.0.2454.101 Safari/537.36"
120.219.181.107 - - [12/May/2016:19:54:40 +0800] "GET /YXYBB/LEAP/LUPDPWeb/img/delete.gif HTTP/1.1" 200 1736 "http://new.yxybb.com/YXYBB/LEAP/LUPDPWeb/css/main.css" "Mozilla/5.0 (Windows NT 5.1) AppleWebKit/537.36 (KHTML, like Gecko) Chrome/45.0.2454.101 Safari/537.36"
120.212.0.4 - - [12/May/2016:19:54:41 +0800] "GET / HTTP/1.1" 302 154 "https://www.baidu.com/link?url=5HaG7O10oTA9__JOe467D_gsF5YPQRJEm1PgVWLKxSa&wd=&eqid=9ebc8e3f000251da00000003573461a3" "Mozilla/5.0 (Windows NT 6.1; WOW64) AppleWebKit/537.36 (KHTML, like Gecko) Chrome/42.0.2311.154 Safari/537.36 LBBROWSER"
183.204.24.207 - - [12/May/2016:19:54:41 +0800] "POST /YXYBB/LEAP/Service/RPC/RPC.DO?callService=web&method=FL_course_maintainVideoPlayingAuthorityLock&sid=09C94BA20208B65F5E70F7BBFD18F051&rup=http://new.yxybb.com/YXYBB/ HTTP/1.1" 200 358 "http://new.yxybb.com/YXYBB/yxybb/coursevideo?courseid=6cab4e2c3c554cd68b7f4d5577a3bb75&cwid=CW20131231104820742&pathno=0001000300010001" "Mozilla/5.0 (Windows NT 6.3; WOW64) AppleWebKit/537.36 (KHTML, like Gecko) Chrome/45.0.2454.101 Safari/537.36"
120.219.181.107 - - [12/May/2016:19:54:41 +0800] "GET /YXYBB/LEAP/LUPDPWeb/js/ueditor1_4_3-utf8-jsp/third-party/zeroclipboard/ZeroClipboard.swf?noCache=1463054224384 HTTP/1.1" 200 3933 "http://new.yxybb.com/YXYBB/yxybb/person_order?bank_seq_no=20160512062629359345&body=%E8%BF%99%E6%98%AF%E6%9D%A5%E8%87%AA%E4%BA%8E%E4%BF%9D%E5%AE%9D%E7%BD%91%E7%9A%84%E5%9F%B9%E8%AE%AD%E8%AF%BE%E7%A8%8B&buyer_email=kehuzijinbu023%40alipay.com&buyer_id=2088502970160936&exterface=create_direct_pay_by_user&is_success=T&notify_id=RqPnCoPT3K9%252Fvwbh3InXSh7ozb7p%252F5aB7cebPerwHX23tFYR0dVWHWTa9T4XwLvI%252Faw3&notify_time=2016-05-12+19%3A54%3A07&notify_type=trade_status_sync&out_trade_no=06D69385C4D849D0BD57CCB73841390A&payment_type=1&seller_email=longrise2008%40yahoo.cn&seller_id=2088001971536565&subject=%E4%BF%9D%E5%AE%9D%E8%AF%BE%E7%A8%8B%E7%B2%BE%E9%80%89&total_fee=60.00&trade_no=2016051221001004930221824905&trade_status=TRADE_SUCCESS&sign=2968709b5a3954af880ff47fa0b8578f&sign_type=MD5" "Mozilla/5.0 (Windows NT 5.1) AppleWebKit/537.36 (KHTML, like Gecko) Chrome/45.0.2454.101 Safari/537.36"
120.219.181.107 - - [12/May/2016:19:54:41 +0800] "GET /YXYBB/LEAP/LUPDPWeb/img/zone_icon18.gif HTTP/1.1" 200 1199 "http://new.yxybb.com/YXYBB/LEAP/LUPDPWeb/css/main.css" "Mozilla/5.0 (Windows NT 5.1) AppleWebKit/537.36 (KHTML, like Gecko) Chrome/45.0.2454.101 Safari/537.36"
120.219.181.107 - - [12/May/2016:19:54:41 +0800] "GET /YXYBB/LEAP/LUPDPWeb/img/per_col.gif HTTP/1.1" 200 1600 "http://new.yxybb.com/YXYBB/LEAP/LUPDPWeb/css/main.css" "Mozilla/5.0 (Windows NT 5.1) AppleWebKit/537.36 (KHTML, like Gecko) Chrome/45.0.2454.101 Safari/537.36"
120.219.181.107 - - [12/May/2016:19:54:41 +0800] "GET /YXYBB/LEAP/LUPDPWeb/img/icoLT.gif HTTP/1.1" 200 1126 "http://new.yxybb.com/YXYBB/LEAP/LUPDPWeb/css/main.css" "Mozilla/5.0 (Windows NT 5.1) AppleWebKit/537.36 (KHTML, like Gecko) Chrome/45.0.2454.101 Safari/537.36"
120.219.181.107 - - [12/May/2016:19:54:41 +0800] "GET /YXYBB/LEAP/LUPDPWeb/img/per_order.gif HTTP/1.1" 206 1 "http://new.yxybb.com/YXYBB/LEAP/LUPDPWeb/css/main.css" "Mozilla/5.0 (Windows NT 5.1) AppleWebKit/537.36 (KHTML, like Gecko) Chrome/45.0.2454.101 Safari/537.36"
120.219.181.107 - - [12/May/2016:19:54:41 +0800] "GET /YXYBB/LEAP/LUPDPWeb/img/per_order.gif HTTP/1.1" 206 614 "http://new.yxybb.com/YXYBB/LEAP/LUPDPWeb/css/main.css" "Mozilla/5.0 (Windows NT 5.1) AppleWebKit/537.36 (KHTML, like Gecko) Chrome/45.0.2454.101 Safari/537.36"
221.11.84.36 - - [12/May/2016:19:54:41 +0800] "GET /YXYBB/LEAP/web/js/public/control/init/index.init.js HTTP/1.1" 200 474 "http://new.yxybb.com/YXYBB/LEAP/html/index.html" "Mozilla/5.0 (iPhone; CPU iPhone OS 9_0_2 like Mac OS X) AppleWebKit/601.1.46 (KHTML, like Gecko) Mobile/13A452 MicroMessenger/6.3.16 NetType/WIFI Language/zh_CN"
120.219.181.107 - - [12/May/2016:19:54:41 +0800] "GET /YXYBB/LEAP/LUPDPWeb/img/per_setting.gif HTTP/1.1" 200 2150 "http://new.yxybb.com/YXYBB/LEAP/LUPDPWeb/css/main.css" "Mozilla/5.0 (Windows NT 5.1) AppleWebKit/537.36 (KHTML, like Gecko) Chrome/45.0.2454.101 Safari/537.36"
120.219.181.107 - - [12/May/2016:19:54:42 +0800] "GET /YXYBB/LEAP/Download/default/system/userpic/2016/1/15/0fc6dc3cb8634b1dbb20288ad29709b1.jpg HTTP/1.1" 206 0 "http://new.yxybb.com/YXYBB/yxybb/person_order?bank_seq_no=20160512062629359345&body=%E8%BF%99%E6%98%AF%E6%9D%A5%E8%87%AA%E4%BA%8E%E4%BF%9D%E5%AE%9D%E7%BD%91%E7%9A%84%E5%9F%B9%E8%AE%AD%E8%AF%BE%E7%A8%8B&buyer_email=kehuzijinbu023%40alipay.com&buyer_id=2088502970160936&exterface=create_direct_pay_by_user&is_success=T&notify_id=RqPnCoPT3K9%252Fvwbh3InXSh7ozb7p%252F5aB7cebPerwHX23tFYR0dVWHWTa9T4XwLvI%252Faw3&notify_time=2016-05-12+19%3A54%3A07&notify_type=trade_status_sync&out_trade_no=06D69385C4D849D0BD57CCB73841390A&payment_type=1&seller_email=longrise2008%40yahoo.cn&seller_id=2088001971536565&subject=%E4%BF%9D%E5%AE%9D%E8%AF%BE%E7%A8%8B%E7%B2%BE%E9%80%89&total_fee=60.00&trade_no=2016051221001004930221824905&trade_status=TRADE_SUCCESS&sign=2968709b5a3954af880ff47fa0b8578f&sign_type=MD5" "Mozilla/5.0 (Windows NT 5.1) AppleWebKit/537.36 (KHTML, like Gecko) Chrome/45.0.2454.101 Safari/537.36"
120.219.181.107 - - [12/May/2016:19:54:42 +0800] "GET /YXYBB/LEAP/Download/default/system/userpic/2016/1/15/cf59449a0c6146ce9283c53dd9069cee.jpg HTTP/1.1" 206 0 "http://new.yxybb.com/YXYBB/yxybb/person_order?bank_seq_no=20160512062629359345&body=%E8%BF%99%E6%98%AF%E6%9D%A5%E8%87%AA%E4%BA%8E%E4%BF%9D%E5%AE%9D%E7%BD%91%E7%9A%84%E5%9F%B9%E8%AE%AD%E8%AF%BE%E7%A8%8B&buyer_email=kehuzijinbu023%40alipay.com&buyer_id=2088502970160936&exterface=create_direct_pay_by_user&is_success=T&notify_id=RqPnCoPT3K9%252Fvwbh3InXSh7ozb7p%252F5aB7cebPerwHX23tFYR0dVWHWTa9T4XwLvI%252Faw3&notify_time=2016-05-12+19%3A54%3A07&notify_type=trade_status_sync&out_trade_no=06D69385C4D849D0BD57CCB73841390A&payment_type=1&seller_email=longrise2008%40yahoo.cn&seller_id=2088001971536565&subject=%E4%BF%9D%E5%AE%9D%E8%AF%BE%E7%A8%8B%E7%B2%BE%E9%80%89&total_fee=60.00&trade_no=2016051221001004930221824905&trade_status=TRADE_SUCCESS&sign=2968709b5a3954af880ff47fa0b8578f&sign_type=MD5" "Mozilla/5.0 (Windows NT 5.1) AppleWebKit/537.36 (KHTML, like Gecko) Chrome/45.0.2454.101 Safari/537.36"
120.219.181.107 - - [12/May/2016:19:54:43 +0800] "POST /YXYBB/LEAP/Service/RPC/RPC.DO?type=997&_z=d840 HTTP/1.1" 200 32 "http://new.yxybb.com/YXYBB/yxybb/person_order" "Mozilla/5.0 (Windows NT 5.1) AppleWebKit/537.36 (KHTML, like Gecko) Chrome/45.0.2454.101 Safari/537.36"
120.219.181.107 - - [12/May/2016:19:54:43 +0800] "POST /YXYBB/LEAP/Service/RPC/RPC.DO?callService=web&method=FL_person_getLoginSession&sid=1E30C39EC429949B46289523B47AB228&rup=http://new.yxybb.com/YXYBB/ HTTP/1.1" 200 175 "http://new.yxybb.com/YXYBB/yxybb/person_order" "Mozilla/5.0 (Windows NT 5.1) AppleWebKit/537.36 (KHTML, like Gecko) Chrome/45.0.2454.101 Safari/537.36"
120.219.181.107 - - [12/May/2016:19:54:43 +0800] "POST /YXYBB/LEAP/Service/RPC/RPC.DO?callService=web&method=SearchCache&sid=1E30C39EC429949B46289523B47AB228&rup=http://new.yxybb.com/YXYBB/ HTTP/1.1" 200 552 "http://new.yxybb.com/YXYBB/yxybb/person_order" "Mozilla/5.0 (Windows NT 5.1) AppleWebKit/537.36 (KHTML, like Gecko) Chrome/45.0.2454.101 Safari/537.36"
120.219.181.107 - - [12/May/2016:19:54:43 +0800] "POST /YXYBB/LEAP/Service/RPC/RPC.DO?callService=web&method=notReadMessageNum&sid=1E30C39EC429949B46289523B47AB228&rup=http://new.yxybb.com/YXYBB/ HTTP/1.1" 200 173 "http://new.yxybb.com/YXYBB/yxybb/person_order" "Mozilla/5.0 (Windows NT 5.1) AppleWebKit/537.36 (KHTML, like Gecko) Chrome/45.0.2454.101 Safari/537.36"
120.219.181.107 - - [12/May/2016:19:54:43 +0800] "POST /YXYBB/LEAP/Service/RPC/RPC.DO?callService=web&method=FL_course_sPersonAllOrderStateBean&sid=1E30C39EC429949B46289523B47AB228&rup=http://new.yxybb.com/YXYBB/ HTTP/1.1" 200 363 "http://new.yxybb.com/YXYBB/yxybb/person_order" "Mozilla/5.0 (Windows NT 5.1) AppleWebKit/537.36 (KHTML, like Gecko) Chrome/45.0.2454.101 Safari/537.36"
120.219.181.107 - - [12/May/2016:19:54:44 +0800] "POST /YXYBB/LEAP/Service/RPC/RPC.DO?callService=web&method=FL_course_sPersonOrderBeanSet&sid=1E30C39EC429949B46289523B47AB228&rup=http://new.yxybb.com/YXYBB/ HTTP/1.1" 200 1073 "http://new.yxybb.com/YXYBB/yxybb/person_order" "Mozilla/5.0 (Windows NT 5.1) AppleWebKit/537.36 (KHTML, like Gecko) Chrome/45.0.2454.101 Safari/537.36"
120.219.181.107 - - [12/May/2016:19:54:44 +0800] "GET /YXYBB/LEAP/LUPDPWeb/js/ueditor1_4_3-utf8-jsp/third-party/zeroclipboard/ZeroClipboard.swf?noCache=1463054227906 HTTP/1.1" 200 3933 "http://new.yxybb.com/YXYBB/yxybb/person_order" "Mozilla/5.0 (Windows NT 5.1) AppleWebKit/537.36 (KHTML, like Gecko) Chrome/45.0.2454.101 Safari/537.36"
120.212.0.4 - - [12/May/2016:19:54:46 +0800] "POST /YXYBB/restservices/http/single/query HTTP/1.1" 200 2504 "http://new.yxybb.com/YXYBB/LEAP/html/index.html" "Mozilla/5.0 (Windows NT 6.1; WOW64) AppleWebKit/537.36 (KHTML, like Gecko) Chrome/42.0.2311.154 Safari/537.36 LBBROWSER"
120.212.0.4 - - [12/May/2016:19:54:46 +0800] "POST /YXYBB/restservices/http/single/query HTTP/1.1" 200 898 "http://new.yxybb.com/YXYBB/LEAP/html/index.html" "Mozilla/5.0 (Windows NT 6.1; WOW64) AppleWebKit/537.36 (KHTML, like Gecko) Chrome/42.0.2311.154 Safari/537.36 LBBROWSER"
120.212.0.4 - - [12/May/2016:19:54:46 +0800] "POST /YXYBB/restservices/http/single/query HTTP/1.1" 200 898 "http://new.yxybb.com/YXYBB/LEAP/html/index.html" "Mozilla/5.0 (Windows NT 6.1; WOW64) AppleWebKit/537.36 (KHTML, like Gecko) Chrome/42.0.2311.154 Safari/537.36 LBBROWSER"
120.212.0.4 - - [12/May/2016:19:54:46 +0800] "POST /YXYBB/restservices/http/single/query HTTP/1.1" 200 108 "http://new.yxybb.com/YXYBB/LEAP/html/index.html" "Mozilla/5.0 (Windows NT 6.1; WOW64) AppleWebKit/537.36 (KHTML, like Gecko) Chrome/42.0.2311.154 Safari/537.36 LBBROWSER"
120.212.0.4 - - [12/May/2016:19:54:46 +0800] "POST /YXYBB/restservices/http/single/query HTTP/1.1" 200 110 "http://new.yxybb.com/YXYBB/LEAP/html/index.html" "Mozilla/5.0 (Windows NT 6.1; WOW64) AppleWebKit/537.36 (KHTML, like Gecko) Chrome/42.0.2311.154 Safari/537.36 LBBROWSER"
113.251.59.58 - - [12/May/2016:19:54:47 +0800] "POST /YXYBB/LEAP/Service/RPC/RPC.DO?callService=web&method=FL_course_uStudyProcessInfo&sid=7894D503CBF8AF8E3190E1CB771C004D&rup=http://new.yxybb.com/YXYBB/ HTTP/1.1" 200 702 "http://new.yxybb.com/YXYBB/yxybb/coursevideo?courseid=f6fbcb45736a4dbbaa3859703a54ef61&cwid=CW20140423144416825&pathno=0001000800010001" "Mozilla/5.0 (Windows NT 6.1; WOW64) AppleWebKit/537.36 (KHTML, like Gecko) Chrome/31.0.1650.63 Safari/537.36"
113.200.249.51 - - [12/May/2016:19:54:47 +0800] "POST /YXYBB/LEAP/Service/RPC/RPC.DO?callService=web&method=FL_course_maintainVideoPlayingAuthorityLock&sid=FE242851A100C9DB1BE6771955EE24C8&rup=http://new.yxybb.com/YXYBB/ HTTP/1.1" 200 358 "http://new.yxybb.com/YXYBB/yxybb/coursevideo?courseid=f6fbcb45736a4dbbaa3859703a54ef61&cwid=CW20140821092924185&pathno=0002000100010001" "Mozilla/5.0 (Windows NT 5.1) AppleWebKit/537.36 (KHTML, like Gecko) Chrome/45.0.2454.101 Safari/537.36"
183.230.16.83 - - [12/May/2016:19:54:49 +0800] "GET /YXYBB/LEAP/LUPDPWeb/control/course/video/player/LPmain.swf HTTP/1.1" 200 422215 "http://new.yxybb.com/YXYBB/yxybb/coursevideo?courseid=d0b1c4f535364e7e9a188035a77e2c97&cwid=CW20150312155603&pathno=0001000100010001" "Mozilla/5.0 (Windows NT 6.1; WOW64; Trident/7.0; rv:11.0) like Gecko"
119.85.119.181 - - [12/May/2016:19:54:49 +0800] "POST /YXYBB/LEAP/Service/RPC/RPC.DO?callService=web&method=FL_course_uStudyProcessInfo&sid=FC35B570DD56613F04B3E124215183EF&rup=http://new.yxybb.com/YXYBB/ HTTP/1.1" 200 693 "http://new.yxybb.com/YXYBB/yxybb/coursevideo?courseid=f6fbcb45736a4dbbaa3859703a54ef61&cwid=20100621012&pathno=0001000100030001" "Mozilla/5.0 (Windows NT 6.3; Trident/7.0; rv:11.0) like Gecko"
113.206.216.33 - - [12/May/2016:19:54:49 +0800] "GET / HTTP/1.1" 302 154 "-" "Mozilla/4.0 (compatible; MSIE 8.0; Windows NT 5.1; Trident/4.0)"
183.228.119.117 - - [12/May/2016:19:54:49 +0800] "POST /YXYBB/LEAP/Service/RPC/RPC.DO?callService=web&method=FL_course_maintainVideoPlayingAuthorityLock&sid=C724612EF7AC9499E5F403A8295A2E0B&rup=http://new.yxybb.com/YXYBB/ HTTP/1.1" 200 358 "http://new.yxybb.com/YXYBB/yxybb/coursevideo?courseid=d0b1c4f535364e7e9a188035a77e2c97&cwid=CW20120702102158437&pathno=0001000900010001" "Mozilla/5.0 (Windows NT 6.3; WOW64) AppleWebKit/537.36 (KHTML, like Gecko) Chrome/45.0.2454.101 Safari/537.36"
113.206.216.33 - - [12/May/2016:19:54:50 +0800] "POST /YXYBB/restservices/http/single/query HTTP/1.1" 200 103 "http://new.yxybb.com/YXYBB/LEAP/html/index.html" "Mozilla/4.0 (compatible; MSIE 8.0; Windows NT 5.1; Trident/4.0)"
113.206.216.33 - - [12/May/2016:19:54:50 +0800] "POST /YXYBB/restservices/http/single/query HTTP/1.1" 200 8145 "http://new.yxybb.com/YXYBB/LEAP/html/index.html" "Mozilla/4.0 (compatible; MSIE 8.0; Windows NT 5.1; Trident/4.0)"
113.206.216.33 - - [12/May/2016:19:54:50 +0800] "POST /YXYBB/restservices/http/single/query HTTP/1.1" 200 847 "http://new.yxybb.com/YXYBB/LEAP/html/index.html" "Mozilla/4.0 (compatible; MSIE 8.0; Windows NT 5.1; Trident/4.0)"
113.206.216.33 - - [12/May/2016:19:54:50 +0800] "POST /YXYBB/restservices/http/single/query HTTP/1.1" 200 2504 "http://new.yxybb.com/YXYBB/LEAP/html/index.html" "Mozilla/4.0 (compatible; MSIE 8.0; Windows NT 5.1; Trident/4.0)"
125.83.98.233 - - [12/May/2016:19:54:50 +0800] "POST /YXYBB/LEAP/Service/RPC/RPC.DO?callService=web&method=FL_course_uStudyProcessInfo&sid=0EEE5076BF7F8C53F5946663B4499285&rup=http://new.yxybb.com/YXYBB/ HTTP/1.1" 200 703 "http://new.yxybb.com/YXYBB/yxybb/coursevideo?courseid=d0b1c4f535364e7e9a188035a77e2c97&cwid=CW20150126150240927&pathno=0001000200010001" "Mozilla/5.0 (Windows NT 6.1) AppleWebKit/537.36 (KHTML, like Gecko) Chrome/31.0.1650.63 Safari/537.36"
125.47.67.222 - - [12/May/2016:19:54:52 +0800] "POST /YXYBB/LEAP/Service/RPC/RPC.DO?callService=web&method=FL_course_maintainVideoPlayingAuthorityLock&sid=BADE52A07890DCA62544CAAB7369914D&rup=http://new.yxybb.com/YXYBB/ HTTP/1.1" 200 358 "http://new.yxybb.com/YXYBB/yxybb/coursevideo?courseid=612acaba6b1e4454a4c7ece3bad150a2&cwid=CW20150421150222601&pathno=0002000100010004" "Mozilla/5.0 (Windows NT 5.1) AppleWebKit/537.36 (KHTML, like Gecko) Chrome/45.0.2454.101 Safari/537.36"
113.206.216.33 - - [12/May/2016:19:54:53 +0800] "POST /YXYBB/restservices/http/single/query HTTP/1.1" 200 103 "http://new.yxybb.com/YXYBB/LEAP/html/index.html" "Mozilla/4.0 (compatible; MSIE 8.0; Windows NT 5.1; Trident/4.0)"
125.83.98.233 - - [12/May/2016:19:54:55 +0800] "POST /YXYBB/LEAP/Service/RPC/RPC.DO?callService=web&method=FL_course_maintainVideoPlayingAuthorityLock&sid=0EEE5076BF7F8C53F5946663B4499285&rup=http://new.yxybb.com/YXYBB/ HTTP/1.1" 200 358 "http://new.yxybb.com/YXYBB/yxybb/coursevideo?courseid=d0b1c4f535364e7e9a188035a77e2c97&cwid=CW20150126150240927&pathno=0001000200010001" "Mozilla/5.0 (Windows NT 6.1) AppleWebKit/537.36 (KHTML, like Gecko) Chrome/31.0.1650.63 Safari/537.36"
125.39.162.3 - - [12/May/2016:19:54:56 +0800] "GET / HTTP/1.1" 302 154 "-" "Mozilla/5.0 (Windows NT 6.1) AppleWebKit/537.1 (KHTML, like Gecko) Chrome/21.0.1180.89 Safari/537.1"
60.27.81.29 - - [12/May/2016:19:54:56 +0800] "POST /YXYBB/LEAP/Service/RPC/RPC.DO?callService=web&method=FL_course_uStudyProcessInfo&sid=4093643FD4F9EFCA17C6FEBE40B3E170&rup=http://new.yxybb.com/YXYBB/ HTTP/1.1" 200 704 "http://new.yxybb.com/YXYBB/yxybb/coursevideo?courseid=8bc7ac29c2174b498ca651191594b1a5&cwid=CW20130718172628720&pathno=0003000800010002" "Mozilla/5.0 (Windows NT 10.0) AppleWebKit/537.36 (KHTML, like Gecko) Chrome/47.0.2526.80 Safari/537.36 Core/1.47.210.400 QQBrowser/9.3.7458.400"
120.219.181.107 - - [12/May/2016:19:54:57 +0800] "GET /YXYBB/LEAP/Download/default/system/userpic/2016/1/15/cf59449a0c6146ce9283c53dd9069cee.jpg HTTP/1.1" 200 112700 "http://new.yxybb.com/YXYBB/yxybb/person_order" "Mozilla/5.0 (Windows NT 5.1) AppleWebKit/537.36 (KHTML, like Gecko) Chrome/45.0.2454.101 Safari/537.36"
222.138.95.13 - - [12/May/2016:19:54:57 +0800] "POST /YXYBB/LEAP/Service/RPC/RPC.DO?callService=web&method=FL_course_uStudyProcessInfo&sid=E726684DABA01DC4D0CC6F3896640CE6&rup=http://new.yxybb.com/YXYBB/ HTTP/1.1" 200 703 "http://new.yxybb.com/YXYBB/yxybb/coursevideo?courseid=6cab4e2c3c554cd68b7f4d5577a3bb75&cwid=CW20140103112317436&pathno=0001000200010001" "Mozilla/5.0 (Windows NT 6.1; WOW64) AppleWebKit/537.36 (KHTML, like Gecko) Chrome/47.0.2526.80 Safari/537.36 Core/1.47.277.400 QQBrowser/9.4.7658.400"
111.10.243.178 - - [12/May/2016:19:54:57 +0800] "POST /YXYBB/LEAP/Service/RPC/RPC.DO?callService=web&method=FL_course_uStudyProcessInfo&sid=D0CC2290B980A2743F22D9F0EF06D600&rup=http://new.yxybb.com/YXYBB/ HTTP/1.1" 200 704 "http://new.yxybb.com/YXYBB/yxybb/coursevideo?courseid=9885931daa97e2511144c574fdf28cdb&cwid=CW2016BJHXGST100W11&pathno=0012" "Mozilla/5.0 (Windows NT 6.1) AppleWebKit/537.36 (KHTML, like Gecko) Chrome/31.0.1650.63 Safari/537.36"
125.39.162.3 - - [12/May/2016:19:54:57 +0800] "GET /YXYBB/LEAP/web/css/public/css/main.css HTTP/1.1" 200 31047 "http://new.yxybb.com/YXYBB/LEAP/html/index.html" "Mozilla/5.0 (Windows NT 6.1) AppleWebKit/537.1 (KHTML, like Gecko) Chrome/21.0.1180.89 Safari/537.1"
60.24.91.122 - - [12/May/2016:19:54:59 +0800] "GET /YXYBB/LEAP/web/css/public/css/main.css HTTP/1.1" 200 31047 "http://new.yxybb.com/YXYBB/LEAP/html/index.html" "Mozilla/5.0 (Windows NT 6.1) AppleWebKit/537.36 (KHTML, like Gecko) Chrome/45.0.2454.101 Safari/537.36"
113.206.216.33 - - [12/May/2016:19:54:59 +0800] "POST /YXYBB/restservices/http/single/query HTTP/1.1" 200 208 "http://new.yxybb.com/YXYBB/LEAP/html/index.html" "Mozilla/4.0 (compatible; MSIE 8.0; Windows NT 5.1; Trident/4.0)"
120.219.181.107 - - [12/May/2016:19:54:59 +0800] "POST /YXYBB/LEAP/Service/RPC/RPC.DO?type=997&_z=c41d HTTP/1.1" 200 32 "http://new.yxybb.com/YXYBB/yxybb/person_order" "Mozilla/5.0 (Windows NT 5.1) AppleWebKit/537.36 (KHTML, like Gecko) Chrome/45.0.2454.101 Safari/537.36"
120.219.181.107 - - [12/May/2016:19:54:59 +0800] "POST /YXYBB/LEAP/Service/RPC/RPC.DO?callService=web&method=FL_person_getLoginSession&sid=1E30C39EC429949B46289523B47AB228&rup=http://new.yxybb.com/YXYBB/ HTTP/1.1" 200 175 "http://new.yxybb.com/YXYBB/yxybb/person_order" "Mozilla/5.0 (Windows NT 5.1) AppleWebKit/537.36 (KHTML, like Gecko) Chrome/45.0.2454.101 Safari/537.36"
113.206.216.33 - - [12/May/2016:19:54:59 +0800] "POST /YXYBB/restservices/http/single/query HTTP/1.1" 200 208 "http://new.yxybb.com/YXYBB/LEAP/html/index.html" "Mozilla/4.0 (compatible; MSIE 8.0; Windows NT 5.1; Trident/4.0)"
120.219.181.107 - - [12/May/2016:19:54:59 +0800] "POST /YXYBB/LEAP/Service/RPC/RPC.DO?callService=web&method=SearchCache&sid=1E30C39EC429949B46289523B47AB228&rup=http://new.yxybb.com/YXYBB/ HTTP/1.1" 200 552 "http://new.yxybb.com/YXYBB/yxybb/person_order" "Mozilla/5.0 (Windows NT 5.1) AppleWebKit/537.36 (KHTML, like Gecko) Chrome/45.0.2454.101 Safari/537.36"
120.219.181.107 - - [12/May/2016:19:54:59 +0800] "GET /YXYBB/LEAP/Download/default/system/userpic/2016/1/15/cf59449a0c6146ce9283c53dd9069cee.jpg HTTP/1.1" 304 0 "http://new.yxybb.com/YXYBB/yxybb/person_order" "Mozilla/5.0 (Windows NT 5.1) AppleWebKit/537.36 (KHTML, like Gecko) Chrome/45.0.2454.101 Safari/537.36"
120.219.181.107 - - [12/May/2016:19:54:59 +0800] "POST /YXYBB/LEAP/Service/RPC/RPC.DO?callService=web&method=notReadMessageNum&sid=1E30C39EC429949B46289523B47AB228&rup=http://new.yxybb.com/YXYBB/ HTTP/1.1" 200 173 "http://new.yxybb.com/YXYBB/yxybb/person_order" "Mozilla/5.0 (Windows NT 5.1) AppleWebKit/537.36 (KHTML, like Gecko) Chrome/45.0.2454.101 Safari/537.36"
39.163.55.205 - - [12/May/2016:19:55:00 +0800] "GET /YXYBB/LEAP/LUPDPWeb/js/ueditor1_4_3-utf8-jsp/ueditor.all.js HTTP/1.1" 200 278687 "http://new.yxybb.com/YXYBB/yxybb/person_study?loadtype=1" "Mozilla/4.0 (compatible; MSIE 8.0; Windows NT 5.1; Trident/4.0)"
120.219.181.107 - - [12/May/2016:19:55:00 +0800] "POST /YXYBB/LEAP/Service/RPC/RPC.DO?callService=web&method=FL_course_sPersonAllOrderStateBean&sid=1E30C39EC429949B46289523B47AB228&rup=http://new.yxybb.com/YXYBB/ HTTP/1.1" 200 363 "http://new.yxybb.com/YXYBB/yxybb/person_order" "Mozilla/5.0 (Windows NT 5.1) AppleWebKit/537.36 (KHTML, like Gecko) Chrome/45.0.2454.101 Safari/537.36"
120.219.181.107 - - [12/May/2016:19:55:00 +0800] "POST /YXYBB/LEAP/Service/RPC/RPC.DO?callService=web&method=FL_course_sPersonOrderBeanSet&sid=1E30C39EC429949B46289523B47AB228&rup=http://new.yxybb.com/YXYBB/ HTTP/1.1" 200 1073 "http://new.yxybb.com/YXYBB/yxybb/person_order" "Mozilla/5.0 (Windows NT 5.1) AppleWebKit/537.36 (KHTML, like Gecko) Chrome/45.0.2454.101 Safari/537.36"
120.219.181.107 - - [12/May/2016:19:55:00 +0800] "POST /YXYBB/LEAP/Service/RPC/RPC.DO?callService=web&method=getPersonInfo&sid=1E30C39EC429949B46289523B47AB228&rup=http://new.yxybb.com/YXYBB/ HTTP/1.1" 200 219 "http://new.yxybb.com/YXYBB/yxybb/person_order" "Mozilla/5.0 (Windows NT 5.1) AppleWebKit/537.36 (KHTML, like Gecko) Chrome/45.0.2454.101 Safari/537.36"
120.219.181.107 - - [12/May/2016:19:55:00 +0800] "POST /YXYBB/LEAP/Service/RPC/RPC.DO?callService=web&method=FL_person_suggestedFollows&sid=1E30C39EC429949B46289523B47AB228&rup=http://new.yxybb.com/YXYBB/ HTTP/1.1" 200 682 "http://new.yxybb.com/YXYBB/yxybb/person_order" "Mozilla/5.0 (Windows NT 5.1) AppleWebKit/537.36 (KHTML, like Gecko) Chrome/45.0.2454.101 Safari/537.36"
120.212.0.4 - - [12/May/2016:19:55:00 +0800] "POST /YXYBB/restservices/http/single/query HTTP/1.1" 200 1961 "http://new.yxybb.com/YXYBB/LEAP/html/course.html" "Mozilla/5.0 (Windows NT 6.1; WOW64) AppleWebKit/537.36 (KHTML, like Gecko) Chrome/42.0.2311.154 Safari/537.36 LBBROWSER"
120.212.0.4 - - [12/May/2016:19:55:00 +0800] "POST /YXYBB/restservices/http/single/query HTTP/1.1" 200 108 "http://new.yxybb.com/YXYBB/LEAP/html/course.html" "Mozilla/5.0 (Windows NT 6.1; WOW64) AppleWebKit/537.36 (KHTML, like Gecko) Chrome/42.0.2311.154 Safari/537.36 LBBROWSER"
120.212.0.4 - - [12/May/2016:19:55:00 +0800] "POST /YXYBB/restservices/http/single/query HTTP/1.1" 200 1185 "http://new.yxybb.com/YXYBB/LEAP/html/course.html" "Mozilla/5.0 (Windows NT 6.1; WOW64) AppleWebKit/537.36 (KHTML, like Gecko) Chrome/42.0.2311.154 Safari/537.36 LBBROWSER"
120.212.0.4 - - [12/May/2016:19:55:00 +0800] "POST /YXYBB/restservices/http/single/query HTTP/1.1" 200 847 "http://new.yxybb.com/YXYBB/LEAP/html/course.html" "Mozilla/5.0 (Windows NT 6.1; WOW64) AppleWebKit/537.36 (KHTML, like Gecko) Chrome/42.0.2311.154 Safari/537.36 LBBROWSER"
120.219.181.107 - - [12/May/2016:19:55:00 +0800] "POST /YXYBB/LEAP/Service/RPC/RPC.DO?callService=web&method=FL_person_getLoginSession&sid=1E30C39EC429949B46289523B47AB228&rup=http://new.yxybb.com/YXYBB/ HTTP/1.1" 200 175 "http://new.yxybb.com/YXYBB/yxybb/person_order" "Mozilla/5.0 (Windows NT 5.1) AppleWebKit/537.36 (KHTML, like Gecko) Chrome/45.0.2454.101 Safari/537.36"
120.212.0.4 - - [12/May/2016:19:55:00 +0800] "GET /YXYBB/LEAP/Download/default/system/userpic/2016/1/15/cf59449a0c6146ce9283c53dd9069cee.jpg HTTP/1.1" 304 0 "http://new.yxybb.com/YXYBB/LEAP/html/course.html" "Mozilla/5.0 (Windows NT 6.1; WOW64) AppleWebKit/537.36 (KHTML, like Gecko) Chrome/42.0.2311.154 Safari/537.36 LBBROWSER"
120.212.0.4 - - [12/May/2016:19:55:00 +0800] "POST /YXYBB/restservices/http/single/query HTTP/1.1" 200 110 "http://new.yxybb.com/YXYBB/LEAP/html/course.html" "Mozilla/5.0 (Windows NT 6.1; WOW64) AppleWebKit/537.36 (KHTML, like Gecko) Chrome/42.0.2311.154 Safari/537.36 LBBROWSER"
125.39.162.3 - - [12/May/2016:19:55:01 +0800] "GET /YXYBB/LEAP/lib/jquery.js HTTP/1.1" 200 38773 "http://new.yxybb.com/YXYBB/LEAP/html/index.html" "Mozilla/5.0 (Windows NT 6.1) AppleWebKit/537.1 (KHTML, like Gecko) Chrome/21.0.1180.89 Safari/537.1"
125.39.162.3 - - [12/May/2016:19:55:01 +0800] "POST /YXYBB/restservices/http/single/query HTTP/1.1" 200 2504 "http://new.yxybb.com/YXYBB/LEAP/html/index.html" "Mozilla/5.0 (Windows NT 6.1) AppleWebKit/537.1 (KHTML, like Gecko) Chrome/21.0.1180.89 Safari/537.1"
125.39.162.3 - - [12/May/2016:19:55:01 +0800] "POST /YXYBB/restservices/http/single/query HTTP/1.1" 200 8145 "http://new.yxybb.com/YXYBB/LEAP/html/index.html" "Mozilla/5.0 (Windows NT 6.1) AppleWebKit/537.1 (KHTML, like Gecko) Chrome/21.0.1180.89 Safari/537.1"
60.24.91.122 - - [12/May/2016:19:55:01 +0800] "GET /YXYBB/LEAP/web/js/public/control/init/index.init.js HTTP/1.1" 200 474 "http://new.yxybb.com/YXYBB/LEAP/html/index.html" "Mozilla/5.0 (Windows NT 6.1) AppleWebKit/537.36 (KHTML, like Gecko) Chrome/45.0.2454.101 Safari/537.36"
120.219.181.107 - - [12/May/2016:19:55:01 +0800] "GET /YXYBB/LEAP/LUPDPWeb/js/ueditor1_4_3-utf8-jsp/third-party/zeroclipboard/ZeroClipboard.swf?noCache=1463054244488 HTTP/1.1" 200 3933 "http://new.yxybb.com/YXYBB/yxybb/person_order" "Mozilla/5.0 (Windows NT 5.1) AppleWebKit/537.36 (KHTML, like Gecko) Chrome/45.0.2454.101 Safari/537.36"
115.58.255.73 - - [12/May/2016:19:55:01 +0800] "GET /YXYBB/LEAP/html/shield.html HTTP/1.1" 200 1357 "http://new.yxybb.com/YXYBB/LEAP/html/bascinfo.html" "Mozilla/5.0 (Windows NT 6.1; WOW64) AppleWebKit/537.36 (KHTML, like Gecko) Chrome/38.0.2125.122 Safari/537.36 SE 2.X MetaSr 1.0"
112.64.235.90 - - [12/May/2016:19:55:02 +0800] "GET /yxybb/leap/html/shield.html HTTP/1.1" 404 162 "http://www.sogou.com/" "Mozilla/5.0 (Linux; U; Android 4.4.2; zh-cn; GT-I9500 Build/KOT49H) AppleWebKit/537.36 (KHTML, like Gecko)Version/4.0 MQQBrowser/5.0 QQ-URL-Manager Mobile Safari/537.36"
115.58.255.73 - - [12/May/2016:19:55:02 +0800] "GET /YXYBB/LEAP/html/shield.html HTTP/1.1" 200 1357 "http://new.yxybb.com/YXYBB/LEAP/html/bascinfo.html" "Mozilla/5.0 (Windows NT 6.1; WOW64) AppleWebKit/537.36 (KHTML, like Gecko) Chrome/38.0.2125.122 Safari/537.36 SE 2.X MetaSr 1.0"
113.206.216.33 - - [12/May/2016:19:55:02 +0800] "POST /YXYBB/restservices/http/single/query HTTP/1.1" 200 108 "http://new.yxybb.com/YXYBB/LEAP/html/index.html" "Mozilla/4.0 (compatible; MSIE 8.0; Windows NT 5.1; Trident/4.0)"
113.206.216.33 - - [12/May/2016:19:55:02 +0800] "POST /YXYBB/restservices/http/single/query HTTP/1.1" 200 108 "http://new.yxybb.com/YXYBB/LEAP/html/index.html" "Mozilla/4.0 (compatible; MSIE 8.0; Windows NT 5.1; Trident/4.0)"
113.206.216.33 - - [12/May/2016:19:55:03 +0800] "POST /YXYBB/restservices/http/single/query HTTP/1.1" 200 208 "http://new.yxybb.com/YXYBB/LEAP/html/index.html" "Mozilla/4.0 (compatible; MSIE 8.0; Windows NT 5.1; Trident/4.0)"
115.58.255.73 - - [12/May/2016:19:55:03 +0800] "GET /YXYBB/LEAP/web/js/public/control/init/shield.init.js HTTP/1.1" 200 506 "http://new.yxybb.com/YXYBB/LEAP/html/shield.html" "Mozilla/5.0 (Windows NT 6.1; WOW64) AppleWebKit/537.36 (KHTML, like Gecko) Chrome/38.0.2125.122 Safari/537.36 SE 2.X MetaSr 1.0"
120.212.0.4 - - [12/May/2016:19:55:03 +0800] "GET /YXYBB/LEAP/Download/default/2016/3/30/d8ae7d0788cc494fad438f637f88117b.jpg HTTP/1.1" 304 0 "http://new.yxybb.com/YXYBB/LEAP/html/course.html" "Mozilla/5.0 (Windows NT 6.1; WOW64) AppleWebKit/537.36 (KHTML, like Gecko) Chrome/42.0.2311.154 Safari/537.36 LBBROWSER"
120.212.0.4 - - [12/May/2016:19:55:03 +0800] "GET /YXYBB/LEAP/Download/default/2016/5/11/32e2945074534a9c9aa76cf488be0a96.png HTTP/1.1" 304 0 "http://new.yxybb.com/YXYBB/LEAP/html/course.html" "Mozilla/5.0 (Windows NT 6.1; WOW64) AppleWebKit/537.36 (KHTML, like Gecko) Chrome/42.0.2311.154 Safari/537.36 LBBROWSER"
115.58.255.73 - - [12/May/2016:19:55:03 +0800] "GET /YXYBB/LEAP/web/js/public/control/pagemodule/shield.module.js HTTP/1.1" 200 298 "http://new.yxybb.com/YXYBB/LEAP/html/shield.html" "Mozilla/5.0 (Windows NT 6.1; WOW64) AppleWebKit/537.36 (KHTML, like Gecko) Chrome/38.0.2125.122 Safari/537.36 SE 2.X MetaSr 1.0"
113.206.216.33 - - [12/May/2016:19:55:03 +0800] "POST /YXYBB/restservices/http/single/query HTTP/1.1" 200 108 "http://new.yxybb.com/YXYBB/LEAP/html/index.html" "Mozilla/4.0 (compatible; MSIE 8.0; Windows NT 5.1; Trident/4.0)"
115.58.255.73 - - [12/May/2016:19:55:03 +0800] "POST /YXYBB/restservices/http/single/query HTTP/1.1" 200 108 "http://new.yxybb.com/YXYBB/LEAP/html/shield.html" "Mozilla/5.0 (Windows NT 6.1; WOW64) AppleWebKit/537.36 (KHTML, like Gecko) Chrome/38.0.2125.122 Safari/537.36 SE 2.X MetaSr 1.0"
115.58.255.73 - - [12/May/2016:19:55:03 +0800] "POST /YXYBB/restservices/http/single/query HTTP/1.1" 200 847 "http://new.yxybb.com/YXYBB/LEAP/html/shield.html" "Mozilla/5.0 (Windows NT 6.1; WOW64) AppleWebKit/537.36 (KHTML, like Gecko) Chrome/38.0.2125.122 Safari/537.36 SE 2.X MetaSr 1.0"
115.58.255.73 - - [12/May/2016:19:55:03 +0800] "GET /YXYBB/LEAP/Download/default/system/userpic/2016/1/15/cf59449a0c6146ce9283c53dd9069cee.jpg HTTP/1.1" 304 0 "http://new.yxybb.com/YXYBB/LEAP/html/shield.html" "Mozilla/5.0 (Windows NT 6.1; WOW64) AppleWebKit/537.36 (KHTML, like Gecko) Chrome/38.0.2125.122 Safari/537.36 SE 2.X MetaSr 1.0"
115.58.255.73 - - [12/May/2016:19:55:03 +0800] "POST /YXYBB/restservices/http/single/query HTTP/1.1" 200 110 "http://new.yxybb.com/YXYBB/LEAP/html/shield.html" "Mozilla/5.0 (Windows NT 6.1; WOW64) AppleWebKit/537.36 (KHTML, like Gecko) Chrome/38.0.2125.122 Safari/537.36 SE 2.X MetaSr 1.0"
113.206.216.33 - - [12/May/2016:19:55:04 +0800] "POST /YXYBB/restservices/http/single/query HTTP/1.1" 200 108 "http://new.yxybb.com/YXYBB/LEAP/html/index.html" "Mozilla/4.0 (compatible; MSIE 8.0; Windows NT 5.1; Trident/4.0)"
113.206.216.33 - - [12/May/2016:19:55:04 +0800] "POST /YXYBB/restservices/http/single/query HTTP/1.1" 200 108 "http://new.yxybb.com/YXYBB/LEAP/html/index.html" "Mozilla/4.0 (compatible; MSIE 8.0; Windows NT 5.1; Trident/4.0)"
113.206.216.33 - - [12/May/2016:19:55:05 +0800] "POST /YXYBB/restservices/http/single/query HTTP/1.1" 200 108 "http://new.yxybb.com/YXYBB/LEAP/html/index.html" "Mozilla/4.0 (compatible; MSIE 8.0; Windows NT 5.1; Trident/4.0)"
113.206.216.33 - - [12/May/2016:19:55:05 +0800] "POST /YXYBB/restservices/http/single/query HTTP/1.1" 200 108 "http://new.yxybb.com/YXYBB/LEAP/html/index.html" "Mozilla/4.0 (compatible; MSIE 8.0; Windows NT 5.1; Trident/4.0)"
106.87.8.36 - - [12/May/2016:19:55:05 +0800] "POST /YXYBB/LEAP/Service/RPC/RPC.DO?callService=web&method=FL_course_uStudyProcessInfo&sid=EB5CB2ACFB88748395C706A8C2662DED&rup=http://new.yxybb.com/YXYBB/ HTTP/1.1" 200 704 "http://new.yxybb.com/YXYBB/yxybb/coursevideo?courseid=d0b1c4f535364e7e9a188035a77e2c97&cwid=CW20120702103118515&pathno=0001000900010003" "Mozilla/5.0 (Windows NT 5.1) AppleWebKit/537.36 (KHTML, like Gecko) Chrome/47.0.2526.80 Safari/537.36 Core/1.47.277.400 QQBrowser/9.4.7658.400"
183.228.215.130 - - [12/May/2016:19:55:05 +0800] "POST /YXYBB/LEAP/Service/RPC/RPC.DO?callService=web&method=FL_course_maintainVideoPlayingAuthorityLock&sid=A81176B792124D06DE62780F4AE353D2&rup=http://new.yxybb.com/YXYBB/ HTTP/1.1" 200 358 "http://new.yxybb.com/YXYBB/yxybb/coursevideo?courseid=948cd7fbbeea4a249eda351180daf7e8&cwid=20100621013&pathno=0001000100030002" "Mozilla/4.0 (compatible; MSIE 8.0; Windows NT 6.1; WOW64; Trident/4.0; SLCC2; .NET CLR 2.0.50727; .NET CLR 3.5.30729; .NET CLR 3.0.30729)"
113.206.216.33 - - [12/May/2016:19:55:06 +0800] "POST /YXYBB/restservices/http/single/query HTTP/1.1" 200 108 "http://new.yxybb.com/YXYBB/LEAP/html/index.html" "Mozilla/4.0 (compatible; MSIE 8.0; Windows NT 5.1; Trident/4.0)"
113.206.216.33 - - [12/May/2016:19:55:06 +0800] "POST /YXYBB/restservices/http/single/query HTTP/1.1" 200 108 "http://new.yxybb.com/YXYBB/LEAP/html/index.html" "Mozilla/4.0 (compatible; MSIE 8.0; Windows NT 5.1; Trident/4.0)"
115.58.255.73 - - [12/May/2016:19:55:06 +0800] "POST /YXYBB/restservices/http/single/query HTTP/1.1" 200 101 "http://new.yxybb.com/YXYBB/LEAP/html/bascinfo.html" "Mozilla/5.0 (Windows NT 6.1; WOW64) AppleWebKit/537.36 (KHTML, like Gecko) Chrome/38.0.2125.122 Safari/537.36 SE 2.X MetaSr 1.0"
115.58.255.73 - - [12/May/2016:19:55:06 +0800] "POST /YXYBB/restservices/http/single/query HTTP/1.1" 200 108 "http://new.yxybb.com/YXYBB/LEAP/html/bascinfo.html" "Mozilla/5.0 (Windows NT 6.1; WOW64) AppleWebKit/537.36 (KHTML, like Gecko) Chrome/38.0.2125.122 Safari/537.36 SE 2.X MetaSr 1.0"
115.58.255.73 - - [12/May/2016:19:55:06 +0800] "POST /YXYBB/restservices/http/single/query HTTP/1.1" 200 847 "http://new.yxybb.com/YXYBB/LEAP/html/bascinfo.html" "Mozilla/5.0 (Windows NT 6.1; WOW64) AppleWebKit/537.36 (KHTML, like Gecko) Chrome/38.0.2125.122 Safari/537.36 SE 2.X MetaSr 1.0"
183.230.16.83 - - [12/May/2016:19:55:07 +0800] "GET /YXYBB/LEAP/LUPDPWeb/img/questionhover.png HTTP/1.1" 200 1198 "http://new.yxybb.com/YXYBB/yxybb/coursevideo?courseid=d0b1c4f535364e7e9a188035a77e2c97&cwid=CW20150312155603&pathno=0001000100010001" "Mozilla/5.0 (Windows NT 6.1; WOW64; Trident/7.0; rv:11.0) like Gecko"
113.206.216.33 - - [12/May/2016:19:55:07 +0800] "POST /YXYBB/restservices/http/single/query HTTP/1.1" 200 108 "http://new.yxybb.com/YXYBB/LEAP/html/index.html" "Mozilla/4.0 (compatible; MSIE 8.0; Windows NT 5.1; Trident/4.0)"
113.206.216.33 - - [12/May/2016:19:55:07 +0800] "POST /YXYBB/restservices/http/single/query HTTP/1.1" 200 108 "http://new.yxybb.com/YXYBB/LEAP/html/index.html" "Mozilla/4.0 (compatible; MSIE 8.0; Windows NT 5.1; Trident/4.0)"
115.58.255.73 - - [12/May/2016:19:55:07 +0800] "GET /YXYBB/LEAP/Download/default/system/userpic/2016/1/15/cf59449a0c6146ce9283c53dd9069cee.jpg HTTP/1.1" 304 0 "http://new.yxybb.com/YXYBB/LEAP/html/bascinfo.html" "Mozilla/5.0 (Windows NT 6.1; WOW64) AppleWebKit/537.36 (KHTML, like Gecko) Chrome/38.0.2125.122 Safari/537.36 SE 2.X MetaSr 1.0"
115.58.255.73 - - [12/May/2016:19:55:07 +0800] "POST /YXYBB/restservices/http/single/query HTTP/1.1" 200 110 "http://new.yxybb.com/YXYBB/LEAP/html/bascinfo.html" "Mozilla/5.0 (Windows NT 6.1; WOW64) AppleWebKit/537.36 (KHTML, like Gecko) Chrome/38.0.2125.122 Safari/537.36 SE 2.X MetaSr 1.0"
111.161.242.100 - - [12/May/2016:19:55:07 +0800] "POST /YXYBB/LEAP/Service/RPC/RPC.DO?callService=web&method=FL_course_maintainVideoPlayingAuthorityLock&sid=2688BD93898C6573CCC0C331D7BD6DF7&rup=http://new.yxybb.com/YXYBB/ HTTP/1.1" 200 358 "http://new.yxybb.com/YXYBB/yxybb/coursevideo?courseid=8bc7ac29c2174b498ca651191594b1a5&cwid=CW20130718172628720&pathno=0003000800010002" "Mozilla/5.0 (Windows NT 5.1) AppleWebKit/537.36 (KHTML, like Gecko) Chrome/31.0.1650.63 Safari/537.36"
113.206.216.33 - - [12/May/2016:19:55:08 +0800] "POST /YXYBB/restservices/http/single/query HTTP/1.1" 200 108 "http://new.yxybb.com/YXYBB/LEAP/html/index.html" "Mozilla/4.0 (compatible; MSIE 8.0; Windows NT 5.1; Trident/4.0)"
113.206.216.33 - - [12/May/2016:19:55:08 +0800] "POST /YXYBB/restservices/http/single/query HTTP/1.1" 200 103 "http://new.yxybb.com/YXYBB/LEAP/html/index.html" "Mozilla/4.0 (compatible; MSIE 8.0; Windows NT 5.1; Trident/4.0)"
113.206.216.33 - - [12/May/2016:19:55:09 +0800] "POST /YXYBB/restservices/http/single/query HTTP/1.1" 200 208 "http://new.yxybb.com/YXYBB/LEAP/html/index.html" "Mozilla/4.0 (compatible; MSIE 8.0; Windows NT 5.1; Trident/4.0)"
113.206.216.33 - - [12/May/2016:19:55:09 +0800] "POST /YXYBB/restservices/http/single/query HTTP/1.1" 200 108 "http://new.yxybb.com/YXYBB/LEAP/html/index.html" "Mozilla/4.0 (compatible; MSIE 8.0; Windows NT 5.1; Trident/4.0)"
111.10.247.89 - - [12/May/2016:19:55:09 +0800] "GET /YXYBB/LEAP/Download/default/info/rolladpic/2016/3/31/ce45d1f8013f4cffa6882ca71ed64fae.jpg HTTP/1.1" 200 45238 "-" "Dalvik/2.1.0 (Linux; U; Android 6.0; HUAWEI NXT-AL10 Build/HUAWEINXT-AL10)"
113.206.216.33 - - [12/May/2016:19:55:09 +0800] "POST /YXYBB/restservices/http/single/query HTTP/1.1" 200 108 "http://new.yxybb.com/YXYBB/LEAP/html/index.html" "Mozilla/4.0 (compatible; MSIE 8.0; Windows NT 5.1; Trident/4.0)"
222.138.95.13 - - [12/May/2016:19:55:09 +0800] "POST /YXYBB/LEAP/Service/RPC/RPC.DO?callService=web&method=FL_course_maintainVideoPlayingAuthorityLock&sid=E726684DABA01DC4D0CC6F3896640CE6&rup=http://new.yxybb.com/YXYBB/ HTTP/1.1" 200 358 "http://new.yxybb.com/YXYBB/yxybb/coursevideo?courseid=6cab4e2c3c554cd68b7f4d5577a3bb75&cwid=CW20140103112317436&pathno=0001000200010001" "Mozilla/5.0 (Windows NT 6.1; WOW64) AppleWebKit/537.36 (KHTML, like Gecko) Chrome/47.0.2526.80 Safari/537.36 Core/1.47.277.400 QQBrowser/9.4.7658.400"
113.206.216.33 - - [12/May/2016:19:55:10 +0800] "POST /YXYBB/restservices/http/single/query HTTP/1.1" 200 108 "http://new.yxybb.com/YXYBB/LEAP/html/index.html" "Mozilla/4.0 (compatible; MSIE 8.0; Windows NT 5.1; Trident/4.0)"
113.206.216.33 - - [12/May/2016:19:55:10 +0800] "POST /YXYBB/restservices/http/single/query HTTP/1.1" 200 108 "http://new.yxybb.com/YXYBB/LEAP/html/index.html" "Mozilla/4.0 (compatible; MSIE 8.0; Windows NT 5.1; Trident/4.0)"
113.206.216.33 - - [12/May/2016:19:55:10 +0800] "POST /YXYBB/restservices/http/single/query HTTP/1.1" 200 108 "http://new.yxybb.com/YXYBB/LEAP/html/index.html" "Mozilla/4.0 (compatible; MSIE 8.0; Windows NT 5.1; Trident/4.0)"
113.206.216.33 - - [12/May/2016:19:55:11 +0800] "POST /YXYBB/restservices/http/single/query HTTP/1.1" 200 108 "http://new.yxybb.com/YXYBB/LEAP/html/index.html" "Mozilla/4.0 (compatible; MSIE 8.0; Windows NT 5.1; Trident/4.0)"
113.206.216.33 - - [12/May/2016:19:55:11 +0800] "POST /YXYBB/restservices/http/single/query HTTP/1.1" 200 108 "http://new.yxybb.com/YXYBB/LEAP/html/index.html" "Mozilla/4.0 (compatible; MSIE 8.0; Windows NT 5.1; Trident/4.0)"
221.11.84.36 - - [12/May/2016:19:55:11 +0800] "POST /YXYBB/LEAP/Service/RPC/RPC.DO?callService=web&method=FL_course_sRecommendCourseInfos&sid=B259901E8E1572992462AD194E6188F5&rup=http://new.yxybb.com/YXYBB/ HTTP/1.1" 200 1378 "http://new.yxybb.com/YXYBB/yxybb/coursedetails?courseid=d0b1c4f535364e7e9a188035a77e2c97" "Mozilla/5.0 (Windows NT 6.3; WOW64) AppleWebKit/537.36 (KHTML, like Gecko) Chrome/45.0.2454.101 Safari/537.36"
221.11.84.36 - - [12/May/2016:19:55:11 +0800] "POST /YXYBB/LEAP/Service/RPC/RPC.DO?callService=web&method=FL_course_sTrainResTree&sid=B259901E8E1572992462AD194E6188F5&rup=http://new.yxybb.com/YXYBB/ HTTP/1.1" 200 9678 "http://new.yxybb.com/YXYBB/yxybb/coursedetails?courseid=d0b1c4f535364e7e9a188035a77e2c97" "Mozilla/5.0 (Windows NT 6.3; WOW64) AppleWebKit/537.36 (KHTML, like Gecko) Chrome/45.0.2454.101 Safari/537.36"
183.228.119.117 - - [12/May/2016:19:55:11 +0800] "POST /YXYBB/LEAP/Service/RPC/RPC.DO?callService=web&method=FL_course_uStudyProcessInfo&sid=C724612EF7AC9499E5F403A8295A2E0B&rup=http://new.yxybb.com/YXYBB/ HTTP/1.1" 200 704 "http://new.yxybb.com/YXYBB/yxybb/coursevideo?courseid=d0b1c4f535364e7e9a188035a77e2c97&cwid=CW20120702102158437&pathno=0001000900010001" "Mozilla/5.0 (Windows NT 6.3; WOW64) AppleWebKit/537.36 (KHTML, like Gecko) Chrome/45.0.2454.101 Safari/537.36"
125.39.162.3 - - [12/May/2016:19:55:12 +0800] "GET /YXYBB/yxybb/person_study?loadtype=1 HTTP/1.1" 200 5490 "http://new.yxybb.com/YXYBB/LEAP/html/index.html" "Mozilla/5.0 (Windows NT 6.1) AppleWebKit/537.1 (KHTML, like Gecko) Chrome/21.0.1180.89 Safari/537.1"
113.206.216.33 - - [12/May/2016:19:55:12 +0800] "POST /YXYBB/restservices/http/single/query HTTP/1.1" 200 108 "http://new.yxybb.com/YXYBB/LEAP/html/index.html" "Mozilla/4.0 (compatible; MSIE 8.0; Windows NT 5.1; Trident/4.0)"
183.69.69.44 - - [12/May/2016:19:55:12 +0800] "GET /Yxybb/continuestudy HTTP/1.1" 404 564 "-" "Mozilla/5.0 (compatible; MSIE 9.0; Windows NT 6.1; Trident/5.0)"
113.206.216.33 - - [12/May/2016:19:55:12 +0800] "POST /YXYBB/restservices/http/single/query HTTP/1.1" 200 108 "http://new.yxybb.com/YXYBB/LEAP/html/index.html" "Mozilla/4.0 (compatible; MSIE 8.0; Windows NT 5.1; Trident/4.0)"
113.206.216.33 - - [12/May/2016:19:55:12 +0800] "POST /YXYBB/restservices/http/single/query HTTP/1.1" 200 108 "http://new.yxybb.com/YXYBB/LEAP/html/index.html" "Mozilla/4.0 (compatible; MSIE 8.0; Windows NT 5.1; Trident/4.0)"
125.39.162.3 - - [12/May/2016:19:55:12 +0800] "GET /YXYBB/LEAP/LUPDPWeb/css/main.css HTTP/1.1" 304 0 "http://new.yxybb.com/YXYBB/yxybb/person_study?loadtype=1" "Mozilla/5.0 (Windows NT 6.1) AppleWebKit/537.1 (KHTML, like Gecko) Chrome/21.0.1180.89 Safari/537.1"
60.24.91.122 - - [12/May/2016:19:55:12 +0800] "GET /YXYBB/LEAP/web/js/public/control/pagemodule/footer.module.js HTTP/1.1" 200 1923 "http://new.yxybb.com/YXYBB/LEAP/html/index.html" "Mozilla/5.0 (Windows NT 6.1) AppleWebKit/537.36 (KHTML, like Gecko) Chrome/45.0.2454.101 Safari/537.36"
60.24.91.122 - - [12/May/2016:19:55:12 +0800] "GET /YXYBB/LEAP/web/js/public/js/des.js HTTP/1.1" 200 3529 "http://new.yxybb.com/YXYBB/LEAP/html/index.html" "Mozilla/5.0 (Windows NT 6.1) AppleWebKit/537.36 (KHTML, like Gecko) Chrome/45.0.2454.101 Safari/537.36"
60.24.91.122 - - [12/May/2016:19:55:12 +0800] "GET /YXYBB/LEAP/web/js/public/control/pagemodule/index.module.js HTTP/1.1" 200 640 "http://new.yxybb.com/YXYBB/LEAP/html/index.html" "Mozilla/5.0 (Windows NT 6.1) AppleWebKit/537.36 (KHTML, like Gecko) Chrome/45.0.2454.101 Safari/537.36"
60.24.91.122 - - [12/May/2016:19:55:12 +0800] "GET /YXYBB/LEAP/web/js/public/control/data/index.data.js HTTP/1.1" 200 283 "http://new.yxybb.com/YXYBB/LEAP/html/index.html" "Mozilla/5.0 (Windows NT 6.1) AppleWebKit/537.36 (KHTML, like Gecko) Chrome/45.0.2454.101 Safari/537.36"
60.24.91.122 - - [12/May/2016:19:55:13 +0800] "GET /YXYBB/LEAP/lib/jquery.js HTTP/1.1" 200 38773 "http://new.yxybb.com/YXYBB/LEAP/html/index.html" "Mozilla/5.0 (Windows NT 6.1) AppleWebKit/537.36 (KHTML, like Gecko) Chrome/45.0.2454.101 Safari/537.36"
125.39.162.3 - - [12/May/2016:19:55:13 +0800] "GET /YXYBB/LEAP/LUPDPWeb/control/payment/shoppingcart/shoppingcart.js HTTP/1.1" 304 0 "http://new.yxybb.com/YXYBB/yxybb/person_study?loadtype=1" "Mozilla/5.0 (Windows NT 6.1) AppleWebKit/537.1 (KHTML, like Gecko) Chrome/21.0.1180.89 Safari/537.1"
180.213.155.223 - - [12/May/2016:19:55:13 +0800] "POST /YXYBB/LEAP/Service/RPC/RPC.DO?callService=web&method=FL_course_maintainVideoPlayingAuthorityLock&sid=3C0814CEC35D67C8A7554DE68AABC30D&rup=http://new.yxybb.com/YXYBB/ HTTP/1.1" 200 358 "http://new.yxybb.com/YXYBB/yxybb/coursevideo?courseid=8bc7ac29c2174b498ca651191594b1a5&cwid=20100519001&pathno=0003000600010001" "Mozilla/5.0 (Windows NT 5.1) AppleWebKit/537.36 (KHTML, like Gecko) Chrome/31.0.1650.63 Safari/537.36"
125.39.162.3 - - [12/May/2016:19:55:13 +0800] "GET /YXYBB/LEAP/LUPDPWeb/control/public/search/searchinput.js HTTP/1.1" 304 0 "http://new.yxybb.com/YXYBB/yxybb/person_study?loadtype=1" "Mozilla/5.0 (Windows NT 6.1) AppleWebKit/537.1 (KHTML, like Gecko) Chrome/21.0.1180.89 Safari/537.1"
125.39.162.3 - - [12/May/2016:19:55:13 +0800] "GET /YXYBB/LEAP/LUPDPWeb/control/question/tags.js HTTP/1.1" 304 0 "http://new.yxybb.com/YXYBB/yxybb/person_study?loadtype=1" "Mozilla/5.0 (Windows NT 6.1) AppleWebKit/537.1 (KHTML, like Gecko) Chrome/21.0.1180.89 Safari/537.1"
113.206.216.33 - - [12/May/2016:19:55:13 +0800] "POST /YXYBB/restservices/http/single/query HTTP/1.1" 200 108 "http://new.yxybb.com/YXYBB/LEAP/html/index.html" "Mozilla/4.0 (compatible; MSIE 8.0; Windows NT 5.1; Trident/4.0)"
119.85.119.181 - - [12/May/2016:19:55:13 +0800] "POST /YXYBB/LEAP/Service/RPC/RPC.DO?callService=web&method=FL_course_maintainVideoPlayingAuthorityLock&sid=FC35B570DD56613F04B3E124215183EF&rup=http://new.yxybb.com/YXYBB/ HTTP/1.1" 200 358 "http://new.yxybb.com/YXYBB/yxybb/coursevideo?courseid=f6fbcb45736a4dbbaa3859703a54ef61&cwid=20100621012&pathno=0001000100030001" "Mozilla/5.0 (Windows NT 6.3; Trident/7.0; rv:11.0) like Gecko"
183.230.16.90 - - [12/May/2016:19:55:13 +0800] "GET /YXYBB/LEAP/Download/default/info/rolladpic/2016/3/31/ce45d1f8013f4cffa6882ca71ed64fae.jpg HTTP/1.1" 200 45238 "-" "Dalvik/1.6.0 (Linux; U; Android 4.4.4; C8817D Build/HuaweiC8817D)"
115.60.88.187 - - [12/May/2016:19:55:13 +0800] "GET /YXYBB/LEAP/web/css/public/css/main.css HTTP/1.1" 200 31047 "http://new.yxybb.com/YXYBB/LEAP/html/index.html" "Mozilla/5.0 (Windows NT 6.1) AppleWebKit/537.36 (KHTML, like Gecko) Chrome/45.0.2454.101 Safari/537.36"
113.206.216.33 - - [12/May/2016:19:55:13 +0800] "POST /YXYBB/restservices/http/single/query HTTP/1.1" 200 108 "http://new.yxybb.com/YXYBB/LEAP/html/index.html" "Mozilla/4.0 (compatible; MSIE 8.0; Windows NT 5.1; Trident/4.0)"
60.24.91.122 - - [12/May/2016:19:55:13 +0800] "GET /YXYBB/LEAP/web/js/public/control/data/common.data.js HTTP/1.1" 200 717 "http://new.yxybb.com/YXYBB/LEAP/html/index.html" "Mozilla/5.0 (Windows NT 6.1) AppleWebKit/537.36 (KHTML, like Gecko) Chrome/45.0.2454.101 Safari/537.36"
60.24.91.122 - - [12/May/2016:19:55:13 +0800] "GET /YXYBB/LEAP/web/js/public/control/data/footer.data.js HTTP/1.1" 200 587 "http://new.yxybb.com/YXYBB/LEAP/html/index.html" "Mozilla/5.0 (Windows NT 6.1) AppleWebKit/537.36 (KHTML, like Gecko) Chrome/45.0.2454.101 Safari/537.36"
60.24.91.122 - - [12/May/2016:19:55:13 +0800] "GET /YXYBB/LEAP/lib/upload.js HTTP/1.1" 200 1692 "http://new.yxybb.com/YXYBB/LEAP/html/index.html" "Mozilla/5.0 (Windows NT 6.1) AppleWebKit/537.36 (KHTML, like Gecko) Chrome/45.0.2454.101 Safari/537.36"
