118.194.238.198 - - [12/May/2016:19:55:14 +0800] "POST /YXYBB/LEAP/Service/RPC/RPC.DO?callService=web&method=FL_course_uStudyProcessInfo&sid=4C6F736133C0BC3FE9AD5E1FD7FF49AD&rup=http://new.yxybb.com/YXYBB/ HTTP/1.1" 200 699 "http://new.yxybb.com/YXYBB/yxybb/coursevideo?courseid=8bc7ac29c2174b498ca651191594b1a5&cwid=CW201410221434501&pathno=0002000900010001" "Mozilla/5.0 (Windows NT 5.1) AppleWebKit/537.36 (KHTML, like Gecko) Chrome/39.0.2171.99 Safari/537.36 2345Explorer/6.5.0.11018"
113.206.216.33 - - [12/May/2016:19:55:14 +0800] "POST /YXYBB/restservices/http/single/query HTTP/1.1" 200 108 "http://new.yxybb.com/YXYBB/LEAP/html/index.html" "Mozilla/4.0 (compatible; MSIE 8.0; Windows NT 5.1; Trident/4.0)"
60.24.91.122 - - [12/May/2016:19:55:14 +0800] "GET /YXYBB/LEAP/web/js/public/control/pagemodule/socialOperation.module.js HTTP/1.1" 200 4780 "http://new.yxybb.com/YXYBB/LEAP/html/index.html" "Mozilla/5.0 (Windows NT 6.1) AppleWebKit/537.36 (KHTML, like Gecko) Chrome/45.0.2454.101 Safari/537.36"
221.11.84.36 - - [12/May/2016:19:55:15 +0800] "GET /YXYBB/LEAP/Download/default/2016/3/28/a303655500864f65ba63584591aeda49.jpg HTTP/1.1" 304 0 "http://new.yxybb.com/YXYBB/yxybb/coursedetails?courseid=d0b1c4f535364e7e9a188035a77e2c97" "Mozilla/5.0 (Windows NT 6.3; WOW64) AppleWebKit/537.36 (KHTML, like Gecko) Chrome/45.0.2454.101 Safari/537.36"
120.219.181.107 - - [12/May/2016:19:55:15 +0800] "GET /YXYBB/LEAP/Download/default/2016/3/28/9f049a3d7f854a649a5b908e3068823d.jpg HTTP/1.1" 206 37686 "http://new.yxybb.com/YXYBB/yxybb/person_order" "Mozilla/5.0 (Windows NT 5.1) AppleWebKit/537.36 (KHTML, like Gecko) Chrome/45.0.2454.101 Safari/537.36"
120.219.181.107 - - [12/May/2016:19:55:15 +0800] "GET /YXYBB/LEAP/Download/default/2016/3/28/9f049a3d7f854a649a5b908e3068823d.jpg HTTP/1.1" 200 42892 "http://new.yxybb.com/YXYBB/yxybb/person_order" "Mozilla/5.0 (Windows NT 5.1) AppleWebKit/537.36 (KHTML, like Gecko) Chrome/45.0.2454.101 Safari/537.36"
221.11.84.36 - - [12/May/2016:19:55:15 +0800] "POST /YXYBB/LEAP/Service/RPC/RPC.DO?callService=web&method=FL_SocialOperation_sOperationNum&sid=B259901E8E1572992462AD194E6188F5&rup=http://new.yxybb.com/YXYBB/ HTTP/1.1" 200 261 "http://new.yxybb.com/YXYBB/yxybb/coursedetails?courseid=d0b1c4f535364e7e9a188035a77e2c97" "Mozilla/5.0 (Windows NT 6.3; WOW64) AppleWebKit/537.36 (KHTML, like Gecko) Chrome/45.0.2454.101 Safari/537.36"
113.206.216.33 - - [12/May/2016:19:55:15 +0800] "POST /YXYBB/restservices/http/single/query HTTP/1.1" 200 108 "http://new.yxybb.com/YXYBB/LEAP/html/index.html" "Mozilla/4.0 (compatible; MSIE 8.0; Windows NT 5.1; Trident/4.0)"
113.206.216.33 - - [12/May/2016:19:55:15 +0800] "POST /YXYBB/restservices/http/single/query HTTP/1.1" 200 108 "http://new.yxybb.com/YXYBB/LEAP/html/index.html" "Mozilla/4.0 (compatible; MSIE 8.0; Windows NT 5.1; Trident/4.0)"
60.24.91.122 - - [12/May/2016:19:55:15 +0800] "GET /YXYBB/LEAP/web/js/public/control/data/header.data.js HTTP/1.1" 200 416 "http://new.yxybb.com/YXYBB/LEAP/html/index.html" "Mozilla/5.0 (Windows NT 6.1) AppleWebKit/537.36 (KHTML, like Gecko) Chrome/45.0.2454.101 Safari/537.36"
113.206.216.33 - - [12/May/2016:19:55:15 +0800] "POST /YXYBB/restservices/http/single/query HTTP/1.1" 200 108 "http://new.yxybb.com/YXYBB/LEAP/html/index.html" "Mozilla/4.0 (compatible; MSIE 8.0; Windows NT 5.1; Trident/4.0)"
221.11.84.36 - - [12/May/2016:19:55:15 +0800] "GET /YXYBB/LEAP/LUPDPWeb/js/ueditor1_4_3-utf8-jsp/third-party/zeroclipboard/ZeroClipboard.swf?noCache=1463054303870 HTTP/1.1" 200 3933 "http://new.yxybb.com/YXYBB/yxybb/coursedetails?courseid=d0b1c4f535364e7e9a188035a77e2c97" "Mozilla/5.0 (Windows NT 6.3; WOW64) AppleWebKit/537.36 (KHTML, like Gecko) Chrome/45.0.2454.101 Safari/537.36"
125.39.162.3 - - [12/May/2016:19:55:16 +0800] "GET /YXYBB/LEAP/LUPDPWeb/js/ueditor1_4_3-utf8-jsp/themes/default/css/ueditor.css HTTP/1.1" 304 0 "http://new.yxybb.com/YXYBB/yxybb/person_study?loadtype=1" "Mozilla/5.0 (Windows NT 6.1) AppleWebKit/537.1 (KHTML, like Gecko) Chrome/21.0.1180.89 Safari/537.1"
125.39.162.3 - - [12/May/2016:19:55:16 +0800] "GET /YXYBB/LEAP/LUPDPWeb/img/logo.png HTTP/1.1" 304 0 "http://new.yxybb.com/YXYBB/yxybb/person_study?loadtype=1" "Mozilla/5.0 (Windows NT 6.1) AppleWebKit/537.1 (KHTML, like Gecko) Chrome/21.0.1180.89 Safari/537.1"
125.39.162.3 - - [12/May/2016:19:55:16 +0800] "GET /YXYBB/LEAP/LUPDPWeb/img/no.gif HTTP/1.1" 304 0 "http://new.yxybb.com/YXYBB/yxybb/person_study?loadtype=1" "Mozilla/5.0 (Windows NT 6.1) AppleWebKit/537.1 (KHTML, like Gecko) Chrome/21.0.1180.89 Safari/537.1"
125.39.162.3 - - [12/May/2016:19:55:16 +0800] "GET /YXYBB/LEAP/LUPDPWeb/img/notice_num.png HTTP/1.1" 304 0 "http://new.yxybb.com/YXYBB/yxybb/person_study?loadtype=1" "Mozilla/5.0 (Windows NT 6.1) AppleWebKit/537.1 (KHTML, like Gecko) Chrome/21.0.1180.89 Safari/537.1"
113.206.216.33 - - [12/May/2016:19:55:16 +0800] "POST /YXYBB/restservices/http/single/query HTTP/1.1" 200 108 "http://new.yxybb.com/YXYBB/LEAP/html/index.html" "Mozilla/4.0 (compatible; MSIE 8.0; Windows NT 5.1; Trident/4.0)"
113.206.216.33 - - [12/May/2016:19:55:16 +0800] "POST /YXYBB/restservices/http/single/query HTTP/1.1" 200 108 "http://new.yxybb.com/YXYBB/LEAP/html/index.html" "Mozilla/4.0 (compatible; MSIE 8.0; Windows NT 5.1; Trident/4.0)"
221.11.84.36 - - [12/May/2016:19:55:16 +0800] "POST /YXYBB/LEAP/Service/RPC/RPC.DO?callService=web&method=FL_course_checkVideoPlayingAuthorityLock&sid=B259901E8E1572992462AD194E6188F5&rup=http://new.yxybb.com/YXYBB/ HTTP/1.1" 200 335 "http://new.yxybb.com/YXYBB/yxybb/coursedetails?courseid=d0b1c4f535364e7e9a188035a77e2c97" "Mozilla/5.0 (Windows NT 6.3; WOW64) AppleWebKit/537.36 (KHTML, like Gecko) Chrome/45.0.2454.101 Safari/537.36"
221.11.84.36 - - [12/May/2016:19:55:17 +0800] "GET /YXYBB/yxybb/coursevideo?courseid=d0b1c4f535364e7e9a188035a77e2c97&cwid=CW20140925094937796&pathno=0002000100040002 HTTP/1.1" 200 4002 "http://new.yxybb.com/YXYBB/yxybb/coursedetails?courseid=d0b1c4f535364e7e9a188035a77e2c97" "Mozilla/5.0 (Windows NT 6.3; WOW64) AppleWebKit/537.36 (KHTML, like Gecko) Chrome/45.0.2454.101 Safari/537.36"
221.11.84.36 - - [12/May/2016:19:55:17 +0800] "POST /YXYBB/LEAP/Service/RPC/RPC.DO?type=997&_z=ca21 HTTP/1.1" 200 32 "http://new.yxybb.com/YXYBB/yxybb/coursevideo?courseid=d0b1c4f535364e7e9a188035a77e2c97&cwid=CW20140925094937796&pathno=0002000100040002" "Mozilla/5.0 (Windows NT 6.3; WOW64) AppleWebKit/537.36 (KHTML, like Gecko) Chrome/45.0.2454.101 Safari/537.36"
221.11.84.36 - - [12/May/2016:19:55:17 +0800] "POST /YXYBB/LEAP/Service/RPC/RPC.DO?callService=web&method=FL_person_getLoginSession&sid=B259901E8E1572992462AD194E6188F5&rup=http://new.yxybb.com/YXYBB/ HTTP/1.1" 200 175 "http://new.yxybb.com/YXYBB/yxybb/coursevideo?courseid=d0b1c4f535364e7e9a188035a77e2c97&cwid=CW20140925094937796&pathno=0002000100040002" "Mozilla/5.0 (Windows NT 6.3; WOW64) AppleWebKit/537.36 (KHTML, like Gecko) Chrome/45.0.2454.101 Safari/537.36"
113.206.216.33 - - [12/May/2016:19:55:17 +0800] "POST /YXYBB/restservices/http/single/query HTTP/1.1" 200 103 "http://new.yxybb.com/YXYBB/LEAP/html/course.html" "Mozilla/4.0 (compatible; MSIE 8.0; Windows NT 5.1; Trident/4.0)"
113.206.216.33 - - [12/May/2016:19:55:17 +0800] "POST /YXYBB/restservices/http/single/query HTTP/1.1" 200 12033 "http://new.yxybb.com/YXYBB/LEAP/html/course.html" "Mozilla/4.0 (compatible; MSIE 8.0; Windows NT 5.1; Trident/4.0)"
113.206.216.33 - - [12/May/2016:19:55:17 +0800] "POST /YXYBB/restservices/http/single/query HTTP/1.1" 200 1425 "http://new.yxybb.com/YXYBB/LEAP/html/course.html" "Mozilla/4.0 (compatible; MSIE 8.0; Windows NT 5.1; Trident/4.0)"
221.11.84.36 - - [12/May/2016:19:55:17 +0800] "POST /YXYBB/LEAP/Service/RPC/RPC.DO?callService=web&method=FL_course_openVideoPlayingAuthorityLock&sid=B259901E8E1572992462AD194E6188F5&rup=http://new.yxybb.com/YXYBB/ HTTP/1.1" 200 177 "http://new.yxybb.com/YXYBB/yxybb/coursevideo?courseid=d0b1c4f535364e7e9a188035a77e2c97&cwid=CW20140925094937796&pathno=0002000100040002" "Mozilla/5.0 (Windows NT 6.3; WOW64) AppleWebKit/537.36 (KHTML, like Gecko) Chrome/45.0.2454.101 Safari/537.36"
221.11.84.36 - - [12/May/2016:19:55:17 +0800] "POST /YXYBB/LEAP/Service/RPC/RPC.DO?callService=web&method=FL_course_checkVideoPlayingAuthorityLock&sid=B259901E8E1572992462AD194E6188F5&rup=http://new.yxybb.com/YXYBB/ HTTP/1.1" 200 335 "http://new.yxybb.com/YXYBB/yxybb/coursevideo?courseid=d0b1c4f535364e7e9a188035a77e2c97&cwid=CW20140925094937796&pathno=0002000100040002" "Mozilla/5.0 (Windows NT 6.3; WOW64) AppleWebKit/537.36 (KHTML, like Gecko) Chrome/45.0.2454.101 Safari/537.36"
125.39.162.3 - - [12/May/2016:19:55:17 +0800] "POST /YXYBB/LEAP/Service/RPC/RPC.DO?callService=web&method=FL_course_sStudyRecordBeanSet&sid=E78848FD36B828556DBF4AD948EBF601&rup=http://new.yxybb.com/YXYBB/ HTTP/1.1" 200 335 "http://new.yxybb.com/YXYBB/yxybb/person_study?loadtype=1" "Mozilla/5.0 (Windows NT 6.1) AppleWebKit/537.1 (KHTML, like Gecko) Chrome/21.0.1180.89 Safari/537.1"
125.39.162.3 - - [12/May/2016:19:55:17 +0800] "POST /YXYBB/LEAP/Service/RPC/RPC.DO?callService=web&method=getPersonInfo&sid=E78848FD36B828556DBF4AD948EBF601&rup=http://new.yxybb.com/YXYBB/ HTTP/1.1" 200 219 "http://new.yxybb.com/YXYBB/yxybb/person_study?loadtype=1" "Mozilla/5.0 (Windows NT 6.1) AppleWebKit/537.1 (KHTML, like Gecko) Chrome/21.0.1180.89 Safari/537.1"
221.11.84.36 - - [12/May/2016:19:55:17 +0800] "POST /YXYBB/LEAP/Service/RPC/RPC.DO?callService=web&method=FL_course_sVideoBean&sid=B259901E8E1572992462AD194E6188F5&rup=http://new.yxybb.com/YXYBB/ HTTP/1.1" 200 2168 "http://new.yxybb.com/YXYBB/yxybb/coursevideo?courseid=d0b1c4f535364e7e9a188035a77e2c97&cwid=CW20140925094937796&pathno=0002000100040002" "Mozilla/5.0 (Windows NT 6.3; WOW64) AppleWebKit/537.36 (KHTML, like Gecko) Chrome/45.0.2454.101 Safari/537.36"
125.39.162.3 - - [12/May/2016:19:55:17 +0800] "GET /YXYBB/LEAP/LUPDPWeb/img/dot04.gif HTTP/1.1" 304 0 "http://new.yxybb.com/YXYBB/yxybb/person_study?loadtype=1" "Mozilla/5.0 (Windows NT 6.1) AppleWebKit/537.1 (KHTML, like Gecko) Chrome/21.0.1180.89 Safari/537.1"
125.39.162.3 - - [12/May/2016:19:55:17 +0800] "GET /YXYBB/LEAP/LUPDPWeb/img/copyright01.gif HTTP/1.1" 304 0 "http://new.yxybb.com/YXYBB/yxybb/person_study?loadtype=1" "Mozilla/5.0 (Windows NT 6.1) AppleWebKit/537.1 (KHTML, like Gecko) Chrome/21.0.1180.89 Safari/537.1"
125.39.162.3 - - [12/May/2016:19:55:17 +0800] "GET /YXYBB/LEAP/LUPDPWeb/img/copyright03.gif HTTP/1.1" 304 0 "http://new.yxybb.com/YXYBB/yxybb/person_study?loadtype=1" "Mozilla/5.0 (Windows NT 6.1) AppleWebKit/537.1 (KHTML, like Gecko) Chrome/21.0.1180.89 Safari/537.1"
125.39.162.3 - - [12/May/2016:19:55:17 +0800] "GET /YXYBB/LEAP/LUPDPWeb/img/new_tip.png HTTP/1.1" 304 0 "http://new.yxybb.com/YXYBB/yxybb/person_study?loadtype=1" "Mozilla/5.0 (Windows NT 6.1) AppleWebKit/537.1 (KHTML, like Gecko) Chrome/21.0.1180.89 Safari/537.1"
125.39.162.3 - - [12/May/2016:19:55:17 +0800] "GET /YXYBB/LEAP/LUPDPWeb/js/ueditor1_4_3-utf8-jsp/third-party/codemirror/codemirror.css HTTP/1.1" 304 0 "http://new.yxybb.com/YXYBB/yxybb/person_study?loadtype=1" "Mozilla/5.0 (Windows NT 6.1) AppleWebKit/537.1 (KHTML, like Gecko) Chrome/21.0.1180.89 Safari/537.1"
125.39.162.3 - - [12/May/2016:19:55:18 +0800] "GET /YXYBB/LEAP/LUPDPWeb/img/side_icon01.png HTTP/1.1" 304 0 "http://new.yxybb.com/YXYBB/yxybb/person_study?loadtype=1" "Mozilla/5.0 (Windows NT 6.1) AppleWebKit/537.1 (KHTML, like Gecko) Chrome/21.0.1180.89 Safari/537.1"
125.39.162.3 - - [12/May/2016:19:55:18 +0800] "GET /YXYBB/LEAP/LUPDPWeb/img/cross.gif HTTP/1.1" 304 0 "http://new.yxybb.com/YXYBB/yxybb/person_study?loadtype=1" "Mozilla/5.0 (Windows NT 6.1) AppleWebKit/537.1 (KHTML, like Gecko) Chrome/21.0.1180.89 Safari/537.1"
125.39.162.3 - - [12/May/2016:19:55:18 +0800] "GET /YXYBB/LEAP/Download/default/system/userpic/2016/1/15/0fc6dc3cb8634b1dbb20288ad29709b1.jpg HTTP/1.1" 200 36270 "http://new.yxybb.com/YXYBB/yxybb/person_study?loadtype=1" "Mozilla/5.0 (Windows NT 6.1) AppleWebKit/537.1 (KHTML, like Gecko) Chrome/21.0.1180.89 Safari/537.1"
221.196.149.11 - - [12/May/2016:19:55:18 +0800] "POST /YXYBB/LEAP/Service/RPC/RPC.DO?callService=web&method=FL_course_maintainVideoPlayingAuthorityLock&sid=C027D7325C8F567FD0787E64C52BE680&rup=http://new.yxybb.com/YXYBB/ HTTP/1.1" 200 358 "http://new.yxybb.com/YXYBB/yxybb/coursevideo?courseid=8bc7ac29c2174b498ca651191594b1a5&cwid=CW20150421091712869&pathno=0003000200010001" "Mozilla/5.0 (Windows NT 6.1) AppleWebKit/537.36 (KHTML, like Gecko) Chrome/45.0.2454.101 Safari/537.36"
183.204.53.88 - - [12/May/2016:19:55:18 +0800] "POST /YXYBB/LEAP/Service/RPC/RPC.DO?callService=web&method=FL_course_uStudyProcessInfo&sid=BFFBAE740FAE66A97D8E70EAE7B130C9&rup=http://new.yxybb.com/YXYBB/ HTTP/1.1" 200 706 "http://new.yxybb.com/YXYBB/yxybb/coursevideo?courseid=6cab4e2c3c554cd68b7f4d5577a3bb75&cwid=CW20131231104820742&pathno=0001000300010001" "Mozilla/5.0 (Windows NT 10.0; WOW64) AppleWebKit/537.36 (KHTML, like Gecko) Chrome/47.0.2526.80 Safari/537.36 QQBrowser/9.3.6874.400"
221.11.84.36 - - [12/May/2016:19:55:18 +0800] "POST /YXYBB/LEAP/Service/RPC/RPC.DO?callService=web&method=FL_course_getrollnews&sid=B259901E8E1572992462AD194E6188F5&rup=http://new.yxybb.com/YXYBB/ HTTP/1.1" 200 645 "http://new.yxybb.com/YXYBB/yxybb/coursevideo?courseid=d0b1c4f535364e7e9a188035a77e2c97&cwid=CW20140925094937796&pathno=0002000100040002" "Mozilla/5.0 (Windows NT 6.3; WOW64) AppleWebKit/537.36 (KHTML, like Gecko) Chrome/45.0.2454.101 Safari/537.36"
60.24.91.122 - - [12/May/2016:19:55:18 +0800] "POST /YXYBB/restservices/http/single/query HTTP/1.1" 200 2504 "http://new.yxybb.com/YXYBB/LEAP/html/index.html" "Mozilla/5.0 (Windows NT 6.1) AppleWebKit/537.36 (KHTML, like Gecko) Chrome/45.0.2454.101 Safari/537.36"
60.24.91.122 - - [12/May/2016:19:55:18 +0800] "POST /YXYBB/restservices/http/single/query HTTP/1.1" 200 2504 "http://new.yxybb.com/YXYBB/LEAP/html/index.html" "Mozilla/5.0 (Windows NT 6.1) AppleWebKit/537.36 (KHTML, like Gecko) Chrome/45.0.2454.101 Safari/537.36"
60.24.91.122 - - [12/May/2016:19:55:18 +0800] "POST /YXYBB/restservices/http/single/query HTTP/1.1" 200 847 "http://new.yxybb.com/YXYBB/LEAP/html/index.html" "Mozilla/5.0 (Windows NT 6.1) AppleWebKit/537.36 (KHTML, like Gecko) Chrome/45.0.2454.101 Safari/537.36"
60.24.91.122 - - [12/May/2016:19:55:18 +0800] "GET /YXYBB/LEAP/html/footer.html HTTP/1.1" 200 5804 "http://new.yxybb.com/YXYBB/LEAP/html/index.html" "Mozilla/5.0 (Windows NT 6.1) AppleWebKit/537.36 (KHTML, like Gecko) Chrome/45.0.2454.101 Safari/537.36"
221.11.84.36 - - [12/May/2016:19:55:19 +0800] "GET /YXYBB/LEAP/html/index.html HTTP/1.1" 200 4647 "-" "Mozilla/5.0 (iPhone; CPU iPhone OS 9_0_2 like Mac OS X) AppleWebKit/601.1.46 (KHTML, like Gecko) Mobile/13A452 MicroMessenger/6.3.16 NetType/WIFI Language/zh_CN"
60.27.79.251 - - [12/May/2016:19:55:19 +0800] "POST /YXYBB/LEAP/Service/RPC/RPC.DO?callService=web&method=FL_course_maintainVideoPlayingAuthorityLock&sid=2E8A25703F346AFA5995ADFF911281AD&rup=http://new.yxybb.com/YXYBB/ HTTP/1.1" 200 358 "http://new.yxybb.com/YXYBB/yxybb/coursevideo?courseid=10fe4f2e4bf733217448407a926d1d59&cwid=CW20110728150002568&pathno=00000001" "Mozilla/5.0 (Windows NT 5.1) AppleWebKit/537.36 (KHTML, like Gecko) Chrome/45.0.2454.101 Safari/537.36"
221.11.84.36 - - [12/May/2016:19:55:20 +0800] "GET /YXYBB/LEAP/web/js/public/LEAP/lib/require.js HTTP/1.1" 200 26001 "http://new.yxybb.com/YXYBB/LEAP/html/index.html" "Mozilla/5.0 (iPhone; CPU iPhone OS 9_0_2 like Mac OS X) AppleWebKit/601.1.46 (KHTML, like Gecko) Mobile/13A452 MicroMessenger/6.3.16 NetType/WIFI Language/zh_CN"
183.204.53.88 - - [12/May/2016:19:55:20 +0800] "POST /YXYBB/LEAP/Service/RPC/RPC.DO?callService=web&method=FL_course_maintainVideoPlayingAuthorityLock&sid=BFFBAE740FAE66A97D8E70EAE7B130C9&rup=http://new.yxybb.com/YXYBB/ HTTP/1.1" 200 358 "http://new.yxybb.com/YXYBB/yxybb/coursevideo?courseid=6cab4e2c3c554cd68b7f4d5577a3bb75&cwid=CW20131231104820742&pathno=0001000300010001" "Mozilla/5.0 (Windows NT 10.0; WOW64) AppleWebKit/537.36 (KHTML, like Gecko) Chrome/47.0.2526.80 Safari/537.36 QQBrowser/9.3.6874.400"
113.206.216.33 - - [12/May/2016:19:55:20 +0800] "POST /YXYBB/restservices/http/single/query HTTP/1.1" 200 103 "http://new.yxybb.com/YXYBB/LEAP/html/course.html" "Mozilla/4.0 (compatible; MSIE 8.0; Windows NT 5.1; Trident/4.0)"
125.47.67.222 - - [12/May/2016:19:55:20 +0800] "POST /YXYBB/LEAP/Service/RPC/RPC.DO?callService=web&method=FL_course_uStudyProcessInfo&sid=BADE52A07890DCA62544CAAB7369914D&rup=http://new.yxybb.com/YXYBB/ HTTP/1.1" 200 705 "http://new.yxybb.com/YXYBB/yxybb/coursevideo?courseid=612acaba6b1e4454a4c7ece3bad150a2&cwid=CW20150421150222601&pathno=0002000100010004" "Mozilla/5.0 (Windows NT 5.1) AppleWebKit/537.36 (KHTML, like Gecko) Chrome/45.0.2454.101 Safari/537.36"
14.108.176.178 - - [12/May/2016:19:55:21 +0800] "POST /YXYBB/LEAP/Service/RPC/RPC.DO?callService=web&method=FL_course_uStudyProcessInfo&sid=81CBC6FF50F6E404C5E50499CADAA4CD&rup=http://new.yxybb.com/YXYBB/ HTTP/1.1" 200 701 "http://new.yxybb.com/YXYBB/yxybb/coursevideo?courseid=d0b1c4f535364e7e9a188035a77e2c97&cwid=CW20140312024&pathno=0002000500020001" "Mozilla/5.0 (Windows NT 6.1) AppleWebKit/537.36 (KHTML, like Gecko) Chrome/45.0.2454.101 Safari/537.36"
120.219.181.107 - - [12/May/2016:19:55:23 +0800] "POST /YXYBB/LEAP/Service/RPC/RPC.DO?callService=web&method=FL_person_getLoginSession&sid=1E30C39EC429949B46289523B47AB228&rup=http://new.yxybb.com/YXYBB/ HTTP/1.1" 200 175 "http://new.yxybb.com/YXYBB/yxybb/person_order" "Mozilla/5.0 (Windows NT 5.1) AppleWebKit/537.36 (KHTML, like Gecko) Chrome/45.0.2454.101 Safari/537.36"
120.219.181.107 - - [12/May/2016:19:55:23 +0800] "GET /YXYBB/yxybb/invoiceapply?chargelistid=a20e2a5f51244b709a29a03b0757b1a2 HTTP/1.1" 200 6317 "http://new.yxybb.com/YXYBB/yxybb/person_order" "Mozilla/5.0 (Windows NT 5.1) AppleWebKit/537.36 (KHTML, like Gecko) Chrome/45.0.2454.101 Safari/537.36"
183.204.133.58 - - [12/May/2016:19:55:23 +0800] "GET / HTTP/1.1" 302 154 "https://www.sogou.com/link?url=6IqLFeTuIyg4Mh41O7LvZADydjxbYhws&query=http%3B%2F%2Fnew.yxybb.com" "Mozilla/5.0 (Windows NT 6.1; WOW64) AppleWebKit/537.36 (KHTML, like Gecko) Chrome/44.0.2403.69 Safari/537.36 QQBrowser/9.1.4060.400"
183.204.133.58 - - [12/May/2016:19:55:23 +0800] "GET /YXYBB/LEAP/html/index.html HTTP/1.1" 200 4647 "https://www.sogou.com/link?url=6IqLFeTuIyg4Mh41O7LvZADydjxbYhws&query=http%3B%2F%2Fnew.yxybb.com" "Mozilla/5.0 (Windows NT 6.1; WOW64) AppleWebKit/537.36 (KHTML, like Gecko) Chrome/44.0.2403.69 Safari/537.36 QQBrowser/9.1.4060.400"
120.219.181.107 - - [12/May/2016:19:55:24 +0800] "POST /YXYBB/LEAP/Service/RPC/RPC.DO?type=997&_z=2b50 HTTP/1.1" 200 32 "http://new.yxybb.com/YXYBB/yxybb/invoiceapply?chargelistid=a20e2a5f51244b709a29a03b0757b1a2" "Mozilla/5.0 (Windows NT 5.1) AppleWebKit/537.36 (KHTML, like Gecko) Chrome/45.0.2454.101 Safari/537.36"
120.219.181.107 - - [12/May/2016:19:55:24 +0800] "POST /YXYBB/LEAP/Service/RPC/RPC.DO?callService=web&method=FL_person_getLoginSession&sid=1E30C39EC429949B46289523B47AB228&rup=http://new.yxybb.com/YXYBB/ HTTP/1.1" 200 175 "http://new.yxybb.com/YXYBB/yxybb/invoiceapply?chargelistid=a20e2a5f51244b709a29a03b0757b1a2" "Mozilla/5.0 (Windows NT 5.1) AppleWebKit/537.36 (KHTML, like Gecko) Chrome/45.0.2454.101 Safari/537.36"
183.204.133.58 - - [12/May/2016:19:55:25 +0800] "GET /YXYBB/LEAP/web/css/public/css/main.css HTTP/1.1" 200 31047 "http://new.yxybb.com/YXYBB/LEAP/html/index.html" "Mozilla/5.0 (Windows NT 6.1; WOW64) AppleWebKit/537.36 (KHTML, like Gecko) Chrome/44.0.2403.69 Safari/537.36 QQBrowser/9.1.4060.400"
183.204.133.58 - - [12/May/2016:19:55:25 +0800] "GET /YXYBB/LEAP/web/js/public/control/init/index.init.js HTTP/1.1" 200 474 "http://new.yxybb.com/YXYBB/LEAP/html/index.html" "Mozilla/5.0 (Windows NT 6.1; WOW64) AppleWebKit/537.36 (KHTML, like Gecko) Chrome/44.0.2403.69 Safari/537.36 QQBrowser/9.1.4060.400"
120.212.0.4 - - [12/May/2016:19:55:26 +0800] "GET /YXYBB/LEAP/Download/default/2016/3/30/bad2f67546b04b1db7194ec1310dee8d.jpg HTTP/1.1" 206 0 "http://new.yxybb.com/YXYBB/LEAP/html/course.html" "Mozilla/5.0 (Windows NT 6.1; WOW64) AppleWebKit/537.36 (KHTML, like Gecko) Chrome/42.0.2311.154 Safari/537.36 LBBROWSER"
120.212.0.4 - - [12/May/2016:19:55:26 +0800] "GET /YXYBB/LEAP/Download/default/2016/5/11/dc0b5aa8955e4a52bb029af84264778e.png HTTP/1.1" 206 0 "http://new.yxybb.com/YXYBB/LEAP/html/course.html" "Mozilla/5.0 (Windows NT 6.1; WOW64) AppleWebKit/537.36 (KHTML, like Gecko) Chrome/42.0.2311.154 Safari/537.36 LBBROWSER"
120.212.0.4 - - [12/May/2016:19:55:27 +0800] "POST /YXYBB/LEAP/Service/RPC/RPC.DO?type=997&_z=b344 HTTP/1.1" 200 32 "http://new.yxybb.com/YXYBB/yxybb/person_study" "Mozilla/5.0 (Windows NT 6.1; WOW64) AppleWebKit/537.36 (KHTML, like Gecko) Chrome/42.0.2311.154 Safari/537.36 LBBROWSER"
120.212.0.4 - - [12/May/2016:19:55:27 +0800] "POST /YXYBB/LEAP/Service/RPC/RPC.DO?callService=web&method=FL_person_getLoginSession&sid=DC0A66376A28953D56D007934C4A0009&rup=http://new.yxybb.com/YXYBB/ HTTP/1.1" 200 175 "http://new.yxybb.com/YXYBB/yxybb/person_study" "Mozilla/5.0 (Windows NT 6.1; WOW64) AppleWebKit/537.36 (KHTML, like Gecko) Chrome/42.0.2311.154 Safari/537.36 LBBROWSER"
120.212.0.4 - - [12/May/2016:19:55:27 +0800] "POST /YXYBB/LEAP/Service/RPC/RPC.DO?callService=web&method=SearchCache&sid=DC0A66376A28953D56D007934C4A0009&rup=http://new.yxybb.com/YXYBB/ HTTP/1.1" 200 552 "http://new.yxybb.com/YXYBB/yxybb/person_study" "Mozilla/5.0 (Windows NT 6.1; WOW64) AppleWebKit/537.36 (KHTML, like Gecko) Chrome/42.0.2311.154 Safari/537.36 LBBROWSER"
120.212.0.4 - - [12/May/2016:19:55:27 +0800] "GET /YXYBB/LEAP/Download/default/system/userpic/2016/1/15/cf59449a0c6146ce9283c53dd9069cee.jpg HTTP/1.1" 304 0 "http://new.yxybb.com/YXYBB/yxybb/person_study" "Mozilla/5.0 (Windows NT 6.1; WOW64) AppleWebKit/537.36 (KHTML, like Gecko) Chrome/42.0.2311.154 Safari/537.36 LBBROWSER"
120.212.0.4 - - [12/May/2016:19:55:27 +0800] "POST /YXYBB/LEAP/Service/RPC/RPC.DO?callService=web&method=notReadMessageNum&sid=DC0A66376A28953D56D007934C4A0009&rup=http://new.yxybb.com/YXYBB/ HTTP/1.1" 200 173 "http://new.yxybb.com/YXYBB/yxybb/person_study" "Mozilla/5.0 (Windows NT 6.1; WOW64) AppleWebKit/537.36 (KHTML, like Gecko) Chrome/42.0.2311.154 Safari/537.36 LBBROWSER"
111.10.247.89 - - [12/May/2016:19:55:27 +0800] "GET /YXYBB/LEAP/Download/default/info/rolladpic/2016/3/31/ce45d1f8013f4cffa6882ca71ed64fae.jpg HTTP/1.1" 200 45238 "-" "Dalvik/2.1.0 (Linux; U; Android 6.0; HUAWEI NXT-AL10 Build/HUAWEINXT-AL10)"
183.204.133.58 - - [12/May/2016:19:55:28 +0800] "GET /YXYBB/LEAP/web/js/public/control/pagemodule/index.module.js HTTP/1.1" 200 640 "http://new.yxybb.com/YXYBB/LEAP/html/index.html" "Mozilla/5.0 (Windows NT 6.1; WOW64) AppleWebKit/537.36 (KHTML, like Gecko) Chrome/44.0.2403.69 Safari/537.36 QQBrowser/9.1.4060.400"
183.204.133.58 - - [12/May/2016:19:55:28 +0800] "GET /YXYBB/LEAP/web/js/public/control/pagemodule/footer.module.js HTTP/1.1" 200 1923 "http://new.yxybb.com/YXYBB/LEAP/html/index.html" "Mozilla/5.0 (Windows NT 6.1; WOW64) AppleWebKit/537.36 (KHTML, like Gecko) Chrome/44.0.2403.69 Safari/537.36 QQBrowser/9.1.4060.400"
183.204.133.58 - - [12/May/2016:19:55:28 +0800] "GET /YXYBB/LEAP/web/js/public/js/des.js HTTP/1.1" 200 3529 "http://new.yxybb.com/YXYBB/LEAP/html/index.html" "Mozilla/5.0 (Windows NT 6.1; WOW64) AppleWebKit/537.36 (KHTML, like Gecko) Chrome/44.0.2403.69 Safari/537.36 QQBrowser/9.1.4060.400"
120.212.0.4 - - [12/May/2016:19:55:28 +0800] "POST /YXYBB/LEAP/Service/RPC/RPC.DO?callService=web&method=FL_course_sStudyRecordBeanSet&sid=DC0A66376A28953D56D007934C4A0009&rup=http://new.yxybb.com/YXYBB/ HTTP/1.1" 200 1045 "http://new.yxybb.com/YXYBB/yxybb/person_study" "Mozilla/5.0 (Windows NT 6.1; WOW64) AppleWebKit/537.36 (KHTML, like Gecko) Chrome/42.0.2311.154 Safari/537.36 LBBROWSER"
120.212.0.4 - - [12/May/2016:19:55:28 +0800] "GET /YXYBB/LEAP/Download/default/2016/3/28/9f049a3d7f854a649a5b908e3068823d.jpg HTTP/1.1" 304 0 "http://new.yxybb.com/YXYBB/yxybb/person_study" "Mozilla/5.0 (Windows NT 6.1; WOW64) AppleWebKit/537.36 (KHTML, like Gecko) Chrome/42.0.2311.154 Safari/537.36 LBBROWSER"
120.212.0.4 - - [12/May/2016:19:55:28 +0800] "POST /YXYBB/LEAP/Service/RPC/RPC.DO?callService=web&method=getPersonInfo&sid=DC0A66376A28953D56D007934C4A0009&rup=http://new.yxybb.com/YXYBB/ HTTP/1.1" 200 219 "http://new.yxybb.com/YXYBB/yxybb/person_study" "Mozilla/5.0 (Windows NT 6.1; WOW64) AppleWebKit/537.36 (KHTML, like Gecko) Chrome/42.0.2311.154 Safari/537.36 LBBROWSER"
120.212.0.4 - - [12/May/2016:19:55:28 +0800] "POST /YXYBB/LEAP/Service/RPC/RPC.DO?callService=web&method=FL_person_suggestedFollows&sid=DC0A66376A28953D56D007934C4A0009&rup=http://new.yxybb.com/YXYBB/ HTTP/1.1" 200 682 "http://new.yxybb.com/YXYBB/yxybb/person_study" "Mozilla/5.0 (Windows NT 6.1; WOW64) AppleWebKit/537.36 (KHTML, like Gecko) Chrome/42.0.2311.154 Safari/537.36 LBBROWSER"
183.204.133.58 - - [12/May/2016:19:55:29 +0800] "GET /YXYBB/LEAP/lib/jquery.js HTTP/1.1" 200 38773 "http://new.yxybb.com/YXYBB/LEAP/html/index.html" "Mozilla/5.0 (Windows NT 6.1; WOW64) AppleWebKit/537.36 (KHTML, like Gecko) Chrome/44.0.2403.69 Safari/537.36 QQBrowser/9.1.4060.400"
120.212.0.4 - - [12/May/2016:19:55:29 +0800] "GET /YXYBB/LEAP/Download/default/system/userpic/2016/1/15/0fc6dc3cb8634b1dbb20288ad29709b1.jpg HTTP/1.1" 200 36270 "http://new.yxybb.com/YXYBB/yxybb/person_study" "Mozilla/5.0 (Windows NT 6.1; WOW64) AppleWebKit/537.36 (KHTML, like Gecko) Chrome/42.0.2311.154 Safari/537.36 LBBROWSER"
113.251.59.58 - - [12/May/2016:19:55:29 +0800] "POST /YXYBB/LEAP/Service/RPC/RPC.DO?callService=web&method=FL_course_maintainVideoPlayingAuthorityLock&sid=7894D503CBF8AF8E3190E1CB771C004D&rup=http://new.yxybb.com/YXYBB/ HTTP/1.1" 200 358 "http://new.yxybb.com/YXYBB/yxybb/coursevideo?courseid=f6fbcb45736a4dbbaa3859703a54ef61&cwid=CW20140423144416825&pathno=0001000800010001" "Mozilla/5.0 (Windows NT 6.1; WOW64) AppleWebKit/537.36 (KHTML, like Gecko) Chrome/31.0.1650.63 Safari/537.36"
125.86.118.1 - - [12/May/2016:19:55:30 +0800] "POST /YXYBB/LEAP/Service/RPC/RPC.DO?callService=web&method=FL_course_uStudyProcessInfo&sid=2273A5C57046929091D54F7BAE60DCCB&rup=http://new.yxybb.com/YXYBB/ HTTP/1.1" 200 699 "http://new.yxybb.com/YXYBB/yxybb/coursevideo?courseid=f6fbcb45736a4dbbaa3859703a54ef61&cwid=CW20131209102344352&pathno=0003000200080005" "Mozilla/5.0 (Windows NT 6.1) AppleWebKit/537.36 (KHTML, like Gecko) Chrome/44.0.2403.89 Safari/537.36"
120.212.0.4 - - [12/May/2016:19:55:30 +0800] "GET /YXYBB/LEAP/LUPDPWeb/js/ueditor1_4_3-utf8-jsp/third-party/zeroclipboard/ZeroClipboard.swf?noCache=1463054282200 HTTP/1.1" 200 3933 "http://new.yxybb.com/YXYBB/yxybb/person_study" "Mozilla/5.0 (Windows NT 6.1; WOW64) AppleWebKit/537.36 (KHTML, like Gecko) Chrome/42.0.2311.154 Safari/537.36 LBBROWSER"
183.204.133.58 - - [12/May/2016:19:55:30 +0800] "GET /YXYBB/LEAP/web/js/public/control/data/footer.data.js HTTP/1.1" 200 587 "http://new.yxybb.com/YXYBB/LEAP/html/index.html" "Mozilla/5.0 (Windows NT 6.1; WOW64) AppleWebKit/537.36 (KHTML, like Gecko) Chrome/44.0.2403.69 Safari/537.36 QQBrowser/9.1.4060.400"
183.204.133.58 - - [12/May/2016:19:55:30 +0800] "GET /YXYBB/LEAP/lib/upload.js HTTP/1.1" 200 1692 "http://new.yxybb.com/YXYBB/LEAP/html/index.html" "Mozilla/5.0 (Windows NT 6.1; WOW64) AppleWebKit/537.36 (KHTML, like Gecko) Chrome/44.0.2403.69 Safari/537.36 QQBrowser/9.1.4060.400"
111.10.210.34 - - [12/May/2016:19:55:30 +0800] "POST /YXYBB/LEAP/Service/RPC/RPC.DO?callService=web&method=FL_course_uStudyProcessInfo&sid=793BCA68EAE37093E02983EE69271EF3&rup=http://new.yxybb.com/YXYBB/ HTTP/1.1" 200 699 "http://new.yxybb.com/YXYBB/yxybb/coursevideo?courseid=f6fbcb45736a4dbbaa3859703a54ef61&cwid=20100621002&pathno=0001000100010002" "Mozilla/5.0 (Windows NT 6.1; WOW64) AppleWebKit/537.36 (KHTML, like Gecko) Chrome/39.0.2171.99 Safari/537.36 2345Explorer/6.5.0.11018"
183.204.133.58 - - [12/May/2016:19:55:31 +0800] "GET /YXYBB/LEAP/lib/ajaxfileupload.js HTTP/1.1" 200 3598 "http://new.yxybb.com/YXYBB/LEAP/html/index.html" "Mozilla/5.0 (Windows NT 6.1; WOW64) AppleWebKit/537.36 (KHTML, like Gecko) Chrome/44.0.2403.69 Safari/537.36 QQBrowser/9.1.4060.400"
221.196.149.11 - - [12/May/2016:19:55:32 +0800] "POST /YXYBB/LEAP/Service/RPC/RPC.DO?callService=web&method=FL_course_uStudyProcessInfo&sid=C027D7325C8F567FD0787E64C52BE680&rup=http://new.yxybb.com/YXYBB/ HTTP/1.1" 200 704 "http://new.yxybb.com/YXYBB/yxybb/coursevideo?courseid=8bc7ac29c2174b498ca651191594b1a5&cwid=CW20150421091712869&pathno=0003000200010001" "Mozilla/5.0 (Windows NT 6.1) AppleWebKit/537.36 (KHTML, like Gecko) Chrome/45.0.2454.101 Safari/537.36"
183.204.133.58 - - [12/May/2016:19:55:32 +0800] "POST /YXYBB/restservices/http/single/query HTTP/1.1" 200 2504 "http://new.yxybb.com/YXYBB/LEAP/html/index.html" "Mozilla/5.0 (Windows NT 6.1; WOW64) AppleWebKit/537.36 (KHTML, like Gecko) Chrome/44.0.2403.69 Safari/537.36 QQBrowser/9.1.4060.400"
183.204.133.58 - - [12/May/2016:19:55:32 +0800] "POST /YXYBB/restservices/http/single/query HTTP/1.1" 200 2504 "http://new.yxybb.com/YXYBB/LEAP/html/index.html" "Mozilla/5.0 (Windows NT 6.1; WOW64) AppleWebKit/537.36 (KHTML, like Gecko) Chrome/44.0.2403.69 Safari/537.36 QQBrowser/9.1.4060.400"
183.204.133.58 - - [12/May/2016:19:55:32 +0800] "GET /YXYBB/LEAP/html/header.html HTTP/1.1" 200 5311 "http://new.yxybb.com/YXYBB/LEAP/html/index.html" "Mozilla/5.0 (Windows NT 6.1; WOW64) AppleWebKit/537.36 (KHTML, like Gecko) Chrome/44.0.2403.69 Safari/537.36 QQBrowser/9.1.4060.400"
183.204.133.58 - - [12/May/2016:19:55:33 +0800] "GET /YXYBB/LEAP/web/js/public/js/main.js HTTP/1.1" 200 3736 "http://new.yxybb.com/YXYBB/LEAP/html/index.html" "Mozilla/5.0 (Windows NT 6.1; WOW64) AppleWebKit/537.36 (KHTML, like Gecko) Chrome/44.0.2403.69 Safari/537.36 QQBrowser/9.1.4060.400"
123.7.115.46 - - [12/May/2016:19:55:33 +0800] "POST /YXYBB/LEAP/Service/RPC/RPC.DO?callService=web&method=FL_course_uStudyProcessInfo&sid=A17F89649A9A01E651EC7991B02758DB&rup=http://new.yxybb.com/YXYBB/ HTTP/1.1" 200 703 "http://new.yxybb.com/YXYBB/yxybb/coursevideo?courseid=6cab4e2c3c554cd68b7f4d5577a3bb75&cwid=CW20140418112300669&pathno=0001000700010001" "Mozilla/5.0 (Windows NT 6.1; WOW64) AppleWebKit/537.36 (KHTML, like Gecko) Chrome/45.0.2454.101 Safari/537.36"
59.173.241.186 - - [12/May/2016:19:55:34 +0800] "GET /YXYBB/yxybb/personelct_trainrecord?planid=cdf10463f7f04f11a4b8d03597ffb955&studentno=201501165112421717&num=Bta8DiMDZtb5HMbTRwNCJ14fdFT6IaD6 HTTP/1.1" 200 1037 "http://new.yxybb.com/YXYBB/yxybb/person_study?loadtype=2" "Mozilla/5.0 (Windows NT 5.1) AppleWebKit/537.36 (KHTML, like Gecko) Chrome/45.0.2454.101 Safari/537.36"
59.173.241.186 - - [12/May/2016:19:55:34 +0800] "POST /YXYBB/LEAP/Service/RPC/RPC.DO?type=997&_z=66d9 HTTP/1.1" 200 32 "http://new.yxybb.com/YXYBB/yxybb/personelct_trainrecord?planid=cdf10463f7f04f11a4b8d03597ffb955&studentno=201501165112421717&num=Bta8DiMDZtb5HMbTRwNCJ14fdFT6IaD6" "Mozilla/5.0 (Windows NT 5.1) AppleWebKit/537.36 (KHTML, like Gecko) Chrome/45.0.2454.101 Safari/537.36"
59.173.241.186 - - [12/May/2016:19:55:34 +0800] "POST /YXYBB/LEAP/Service/RPC/RPC.DO?callService=web&method=FL_person_getLoginSession&sid=B59591DE1EB09DBE034DCC906F9B2044&rup=http://new.yxybb.com/YXYBB/ HTTP/1.1" 200 175 "http://new.yxybb.com/YXYBB/yxybb/personelct_trainrecord?planid=cdf10463f7f04f11a4b8d03597ffb955&studentno=201501165112421717&num=Bta8DiMDZtb5HMbTRwNCJ14fdFT6IaD6" "Mozilla/5.0 (Windows NT 5.1) AppleWebKit/537.36 (KHTML, like Gecko) Chrome/45.0.2454.101 Safari/537.36"
59.173.241.186 - - [12/May/2016:19:55:35 +0800] "POST /YXYBB/LEAP/Service/RPC/RPC.DO?callService=web&method=FL_person_getSession&sid=B59591DE1EB09DBE034DCC906F9B2044&rup=http://new.yxybb.com/YXYBB/ HTTP/1.1" 200 638 "http://new.yxybb.com/YXYBB/yxybb/personelct_trainrecord?planid=cdf10463f7f04f11a4b8d03597ffb955&studentno=201501165112421717&num=Bta8DiMDZtb5HMbTRwNCJ14fdFT6IaD6" "Mozilla/5.0 (Windows NT 5.1) AppleWebKit/537.36 (KHTML, like Gecko) Chrome/45.0.2454.101 Safari/537.36"
123.4.254.161 - - [12/May/2016:19:55:35 +0800] "GET /%E5%AD%A6%E4%B9%A0 HTTP/1.1" 404 162 "-" "Mozilla/5.0 (iPhone; CPU iPhone OS 9_2 like Mac OS X) AppleWebKit/601.1.46 (KHTML, like Gecko) Version/9.0 Mobile/13C75 Safari/601.1"
120.219.181.107 - - [12/May/2016:19:55:36 +0800] "POST /YXYBB/LEAP/Service/RPC/RPC.DO?callService=web&method=notReadMessageNum&sid=1E30C39EC429949B46289523B47AB228&rup=http://new.yxybb.com/YXYBB/ HTTP/1.1" 200 173 "http://new.yxybb.com/YXYBB/yxybb/invoiceapply?chargelistid=a20e2a5f51244b709a29a03b0757b1a2" "Mozilla/5.0 (Windows NT 5.1) AppleWebKit/537.36 (KHTML, like Gecko) Chrome/45.0.2454.101 Safari/537.36"
120.219.181.107 - - [12/May/2016:19:55:36 +0800] "POST /YXYBB/LEAP/Service/RPC/RPC.DO?callService=web&method=getPersonInfo&sid=1E30C39EC429949B46289523B47AB228&rup=http://new.yxybb.com/YXYBB/ HTTP/1.1" 200 219 "http://new.yxybb.com/YXYBB/yxybb/invoiceapply?chargelistid=a20e2a5f51244b709a29a03b0757b1a2" "Mozilla/5.0 (Windows NT 5.1) AppleWebKit/537.36 (KHTML, like Gecko) Chrome/45.0.2454.101 Safari/537.36"
120.219.181.107 - - [12/May/2016:19:55:36 +0800] "POST /YXYBB/LEAP/Service/RPC/RPC.DO?callService=web&method=FL_course_sInvoiceBeanSet&sid=1E30C39EC429949B46289523B47AB228&rup=http://new.yxybb.com/YXYBB/ HTTP/1.1" 200 570 "http://new.yxybb.com/YXYBB/yxybb/invoiceapply?chargelistid=a20e2a5f51244b709a29a03b0757b1a2" "Mozilla/5.0 (Windows NT 5.1) AppleWebKit/537.36 (KHTML, like Gecko) Chrome/45.0.2454.101 Safari/537.36"
120.219.181.107 - - [12/May/2016:19:55:36 +0800] "POST /YXYBB/LEAP/Service/RPC/RPC.DO?callService=web&method=FL_person_suggestedFollows&sid=1E30C39EC429949B46289523B47AB228&rup=http://new.yxybb.com/YXYBB/ HTTP/1.1" 200 682 "http://new.yxybb.com/YXYBB/yxybb/invoiceapply?chargelistid=a20e2a5f51244b709a29a03b0757b1a2" "Mozilla/5.0 (Windows NT 5.1) AppleWebKit/537.36 (KHTML, like Gecko) Chrome/45.0.2454.101 Safari/537.36"
120.219.181.107 - - [12/May/2016:19:55:36 +0800] "GET /YXYBB/LEAP/Download/default/system/userpic/2016/1/15/0fc6dc3cb8634b1dbb20288ad29709b1.jpg HTTP/1.1" 304 0 "http://new.yxybb.com/YXYBB/yxybb/invoiceapply?chargelistid=a20e2a5f51244b709a29a03b0757b1a2" "Mozilla/5.0 (Windows NT 5.1) AppleWebKit/537.36 (KHTML, like Gecko) Chrome/45.0.2454.101 Safari/537.36"
120.219.181.107 - - [12/May/2016:19:55:36 +0800] "GET /YXYBB/LEAP/LUPDPWeb/js/ueditor1_4_3-utf8-jsp/third-party/zeroclipboard/ZeroClipboard.swf?noCache=1463054280385 HTTP/1.1" 200 3933 "http://new.yxybb.com/YXYBB/yxybb/invoiceapply?chargelistid=a20e2a5f51244b709a29a03b0757b1a2" "Mozilla/5.0 (Windows NT 5.1) AppleWebKit/537.36 (KHTML, like Gecko) Chrome/45.0.2454.101 Safari/537.36"
221.11.84.36 - - [12/May/2016:19:55:37 +0800] "GET /YXYBB/LEAP/web/js/public/control/pagemodule/index.module.js HTTP/1.1" 200 640 "http://new.yxybb.com/YXYBB/LEAP/html/index.html" "Mozilla/5.0 (iPhone; CPU iPhone OS 9_0_2 like Mac OS X) AppleWebKit/601.1.46 (KHTML, like Gecko) Mobile/13A452 MicroMessenger/6.3.16 NetType/WIFI Language/zh_CN"
221.11.84.36 - - [12/May/2016:19:55:37 +0800] "GET /YXYBB/LEAP/web/js/public/js/des.js HTTP/1.1" 200 3529 "http://new.yxybb.com/YXYBB/LEAP/html/index.html" "Mozilla/5.0 (iPhone; CPU iPhone OS 9_0_2 like Mac OS X) AppleWebKit/601.1.46 (KHTML, like Gecko) Mobile/13A452 MicroMessenger/6.3.16 NetType/WIFI Language/zh_CN"
221.11.84.36 - - [12/May/2016:19:55:37 +0800] "GET /YXYBB/LEAP/web/js/public/control/pagemodule/footer.module.js HTTP/1.1" 200 1923 "http://new.yxybb.com/YXYBB/LEAP/html/index.html" "Mozilla/5.0 (iPhone; CPU iPhone OS 9_0_2 like Mac OS X) AppleWebKit/601.1.46 (KHTML, like Gecko) Mobile/13A452 MicroMessenger/6.3.16 NetType/WIFI Language/zh_CN"
221.11.84.36 - - [12/May/2016:19:55:37 +0800] "GET /YXYBB/LEAP/web/js/public/control/data/index.data.js HTTP/1.1" 200 283 "http://new.yxybb.com/YXYBB/LEAP/html/index.html" "Mozilla/5.0 (iPhone; CPU iPhone OS 9_0_2 like Mac OS X) AppleWebKit/601.1.46 (KHTML, like Gecko) Mobile/13A452 MicroMessenger/6.3.16 NetType/WIFI Language/zh_CN"
221.11.84.36 - - [12/May/2016:19:55:37 +0800] "GET /YXYBB/LEAP/lib/avalon.js HTTP/1.1" 200 29030 "http://new.yxybb.com/YXYBB/LEAP/html/index.html" "Mozilla/5.0 (iPhone; CPU iPhone OS 9_0_2 like Mac OS X) AppleWebKit/601.1.46 (KHTML, like Gecko) Mobile/13A452 MicroMessenger/6.3.16 NetType/WIFI Language/zh_CN"
221.11.84.36 - - [12/May/2016:19:55:38 +0800] "GET /YXYBB/LEAP/lib/jquery.js HTTP/1.1" 200 38773 "http://new.yxybb.com/YXYBB/LEAP/html/index.html" "Mozilla/5.0 (iPhone; CPU iPhone OS 9_0_2 like Mac OS X) AppleWebKit/601.1.46 (KHTML, like Gecko) Mobile/13A452 MicroMessenger/6.3.16 NetType/WIFI Language/zh_CN"
120.212.0.4 - - [12/May/2016:19:55:38 +0800] "POST /YXYBB/LEAP/Service/RPC/RPC.DO?callService=web&method=FL_course_maintainVideoPlayingAuthorityLock&sid=DC0A66376A28953D56D007934C4A0009&rup=http://new.yxybb.com/YXYBB/ HTTP/1.1" 200 358 "http://new.yxybb.com/YXYBB/yxybb/coursevideo?courseid=6cab4e2c3c554cd68b7f4d5577a3bb75&cwid=CW20140312001&pathno=0003000100010001" "Mozilla/5.0 (Windows NT 6.1; WOW64) AppleWebKit/537.36 (KHTML, like Gecko) Chrome/42.0.2311.154 Safari/537.36 LBBROWSER"
59.173.241.186 - - [12/May/2016:19:55:39 +0800] "POST /YXYBB/LEAP/Service/RPC/RPC.DO?callService=web&method=FL_course_getElectTrainRecPicLink&sid=B59591DE1EB09DBE034DCC906F9B2044&rup=http://new.yxybb.com/YXYBB/ HTTP/1.1" 200 438 "http://new.yxybb.com/YXYBB/yxybb/personelct_trainrecord?planid=cdf10463f7f04f11a4b8d03597ffb955&studentno=201501165112421717&num=Bta8DiMDZtb5HMbTRwNCJ14fdFT6IaD6" "Mozilla/5.0 (Windows NT 5.1) AppleWebKit/537.36 (KHTML, like Gecko) Chrome/45.0.2454.101 Safari/537.36"
221.11.84.36 - - [12/May/2016:19:55:39 +0800] "GET /YXYBB/LEAP/web/js/public/control/data/person_mycare.data.js HTTP/1.1" 200 867 "http://new.yxybb.com/YXYBB/LEAP/html/index.html" "Mozilla/5.0 (iPhone; CPU iPhone OS 9_0_2 like Mac OS X) AppleWebKit/601.1.46 (KHTML, like Gecko) Mobile/13A452 MicroMessenger/6.3.16 NetType/WIFI Language/zh_CN"
221.11.84.36 - - [12/May/2016:19:55:39 +0800] "GET /YXYBB/LEAP/web/js/public/control/pagemodule/socialOperation.module.js HTTP/1.1" 200 4780 "http://new.yxybb.com/YXYBB/LEAP/html/index.html" "Mozilla/5.0 (iPhone; CPU iPhone OS 9_0_2 like Mac OS X) AppleWebKit/601.1.46 (KHTML, like Gecko) Mobile/13A452 MicroMessenger/6.3.16 NetType/WIFI Language/zh_CN"
221.204.194.37 - - [12/May/2016:19:55:39 +0800] "POST /YXYBB/restservices/http/single/query HTTP/1.1" 200 847 "http://new.yxybb.com/YXYBB/LEAP/html/index.html" "Mozilla/5.0 (Windows NT 5.1) AppleWebKit/537.36 (KHTML, like Gecko) Chrome/45.0.2454.101 Safari/537.36"
221.11.84.36 - - [12/May/2016:19:55:40 +0800] "GET /YXYBB/LEAP/lib/ajaxfileupload.js HTTP/1.1" 200 3598 "http://new.yxybb.com/YXYBB/LEAP/html/index.html" "Mozilla/5.0 (iPhone; CPU iPhone OS 9_0_2 like Mac OS X) AppleWebKit/601.1.46 (KHTML, like Gecko) Mobile/13A452 MicroMessenger/6.3.16 NetType/WIFI Language/zh_CN"
60.28.138.145 - - [12/May/2016:19:55:40 +0800] "POST /YXYBB/LEAP/Service/RPC/RPC.DO?callService=web&method=FL_course_uStudyProcessInfo&sid=350D2D11ABEDB27945A095865D3CD941&rup=http://new.yxybb.com/YXYBB/ HTTP/1.1" 200 695 "http://new.yxybb.com/YXYBB/yxybb/coursevideo?courseid=8bc7ac29c2174b498ca651191594b1a5&cwid=20100519001&pathno=0003000600010001" "Mozilla/5.0 (Windows NT 6.1; WOW64) AppleWebKit/537.36 (KHTML, like Gecko) Chrome/48.0.2564.116 Safari/537.36"
125.39.162.3 - - [12/May/2016:19:55:41 +0800] "POST /YXYBB/LEAP/Service/RPC/RPC.DO?callService=web&method=FL_course_sStudyRecordBeanSet&sid=E78848FD36B828556DBF4AD948EBF601&rup=http://new.yxybb.com/YXYBB/ HTTP/1.1" 200 1806 "http://new.yxybb.com/YXYBB/yxybb/person_study?loadtype=1" "Mozilla/5.0 (Windows NT 6.1) AppleWebKit/537.1 (KHTML, like Gecko) Chrome/21.0.1180.89 Safari/537.1"
221.204.194.37 - - [12/May/2016:19:55:42 +0800] "POST /YXYBB/restservices/http/single/query HTTP/1.1" 200 8145 "http://new.yxybb.com/YXYBB/LEAP/html/index.html" "Mozilla/5.0 (Windows NT 5.1) AppleWebKit/537.36 (KHTML, like Gecko) Chrome/45.0.2454.101 Safari/537.36"
14.106.89.228 - - [12/May/2016:19:55:42 +0800] "POST /YXYBB/LEAP/Service/RPC/RPC.DO?callService=web&method=FL_course_maintainVideoPlayingAuthorityLock&sid=951D9ACF7F9CDE7F50006DFD9825B827&rup=http://new.yxybb.com/YXYBB/ HTTP/1.1" 200 358 "http://new.yxybb.com/YXYBB/yxybb/coursevideo?courseid=d0b1c4f535364e7e9a188035a77e2c97&cwid=CW20150906141229809&pathno=0001001000040002" "Mozilla/5.0 (Windows NT 10.0; WOW64) AppleWebKit/537.36 (KHTML, like Gecko) Chrome/45.0.2454.101 Safari/537.36"
221.204.194.37 - - [12/May/2016:19:55:42 +0800] "GET /YXYBB/LEAP/Download/default/2015/12/31/fb46ffb4a60c48cfbcf81a24ee38e431.jpg HTTP/1.1" 304 0 "http://new.yxybb.com/YXYBB/LEAP/html/index.html" "Mozilla/5.0 (Windows NT 5.1) AppleWebKit/537.36 (KHTML, like Gecko) Chrome/45.0.2454.101 Safari/537.36"
183.204.133.58 - - [12/May/2016:19:55:43 +0800] "POST /YXYBB/restservices/http/single/query HTTP/1.1" 200 103 "http://new.yxybb.com/YXYBB/LEAP/html/index.html" "Mozilla/5.0 (Windows NT 6.1; WOW64) AppleWebKit/537.36 (KHTML, like Gecko) Chrome/44.0.2403.69 Safari/537.36 QQBrowser/9.1.4060.400"
183.204.133.58 - - [12/May/2016:19:55:43 +0800] "POST /YXYBB/restservices/http/single/query HTTP/1.1" 200 103 "http://new.yxybb.com/YXYBB/LEAP/html/index.html" "Mozilla/5.0 (Windows NT 6.1; WOW64) AppleWebKit/537.36 (KHTML, like Gecko) Chrome/44.0.2403.69 Safari/537.36 QQBrowser/9.1.4060.400"
60.27.79.251 - - [12/May/2016:19:55:43 +0800] "POST /YXYBB/LEAP/Service/RPC/RPC.DO?callService=web&method=FL_course_uStudyProcessInfo&sid=2E8A25703F346AFA5995ADFF911281AD&rup=http://new.yxybb.com/YXYBB/ HTTP/1.1" 200 699 "http://new.yxybb.com/YXYBB/yxybb/coursevideo?courseid=10fe4f2e4bf733217448407a926d1d59&cwid=CW20110728150002568&pathno=00000001" "Mozilla/5.0 (Windows NT 5.1) AppleWebKit/537.36 (KHTML, like Gecko) Chrome/45.0.2454.101 Safari/537.36"
183.204.133.58 - - [12/May/2016:19:55:43 +0800] "POST /YXYBB/restservices/http/single/query HTTP/1.1" 200 847 "http://new.yxybb.com/YXYBB/LEAP/html/index.html" "Mozilla/5.0 (Windows NT 6.1; WOW64) AppleWebKit/537.36 (KHTML, like Gecko) Chrome/44.0.2403.69 Safari/537.36 QQBrowser/9.1.4060.400"
183.204.133.58 - - [12/May/2016:19:55:43 +0800] "POST /YXYBB/restservices/http/single/query HTTP/1.1" 200 108 "http://new.yxybb.com/YXYBB/LEAP/html/index.html" "Mozilla/5.0 (Windows NT 6.1; WOW64) AppleWebKit/537.36 (KHTML, like Gecko) Chrome/44.0.2403.69 Safari/537.36 QQBrowser/9.1.4060.400"
221.11.84.36 - - [12/May/2016:19:55:43 +0800] "GET /YXYBB/LEAP/web/js/public/control/data/header.data.js HTTP/1.1" 200 416 "http://new.yxybb.com/YXYBB/LEAP/html/index.html" "Mozilla/5.0 (iPhone; CPU iPhone OS 9_0_2 like Mac OS X) AppleWebKit/601.1.46 (KHTML, like Gecko) Mobile/13A452 MicroMessenger/6.3.16 NetType/WIFI Language/zh_CN"
27.10.187.191 - - [12/May/2016:19:55:44 +0800] "POST /YXYBB/LEAP/Service/RPC/RPC.DO?callService=web&method=FL_course_maintainVideoPlayingAuthorityLock&sid=797777DD72C870BEF66DCC7D19CC0AC8&rup=http://new.yxybb.com/YXYBB/ HTTP/1.1" 200 358 "http://new.yxybb.com/YXYBB/yxybb/coursevideo?courseid=f6fbcb45736a4dbbaa3859703a54ef61&cwid=CW20120322173611921&pathno=0002000300010001" "Mozilla/5.0 (Windows NT 6.1) AppleWebKit/537.36 (KHTML, like Gecko) Chrome/45.0.2454.101 Safari/537.36"
125.39.162.3 - - [12/May/2016:19:55:44 +0800] "GET /YXYBB/LEAP/Download/default/2016/4/6/0ce3c36c4d1241cf83c3e4ae3fd3178e.jpg HTTP/1.1" 304 0 "http://new.yxybb.com/YXYBB/yxybb/person_study?loadtype=1" "Mozilla/5.0 (Windows NT 6.1) AppleWebKit/537.1 (KHTML, like Gecko) Chrome/21.0.1180.89 Safari/537.1"
125.39.162.3 - - [12/May/2016:19:55:44 +0800] "GET /YXYBB/yxybb/null HTTP/1.1" 404 905 "http://new.yxybb.com/YXYBB/yxybb/person_study?loadtype=1" "Mozilla/5.0 (Windows NT 6.1) AppleWebKit/537.1 (KHTML, like Gecko) Chrome/21.0.1180.89 Safari/537.1"
125.39.162.3 - - [12/May/2016:19:55:44 +0800] "GET /YXYBB/LEAP/Download/default/2016/4/6/02d5e25cf56647cfbf692a4b78c474c7.jpg HTTP/1.1" 304 0 "http://new.yxybb.com/YXYBB/yxybb/person_study?loadtype=1" "Mozilla/5.0 (Windows NT 6.1) AppleWebKit/537.1 (KHTML, like Gecko) Chrome/21.0.1180.89 Safari/537.1"
180.213.155.223 - - [12/May/2016:19:55:44 +0800] "POST /YXYBB/LEAP/Service/RPC/RPC.DO?callService=web&method=FL_course_uStudyProcessInfo&sid=3C0814CEC35D67C8A7554DE68AABC30D&rup=http://new.yxybb.com/YXYBB/ HTTP/1.1" 200 700 "http://new.yxybb.com/YXYBB/yxybb/coursevideo?courseid=8bc7ac29c2174b498ca651191594b1a5&cwid=20100519001&pathno=0003000600010001" "Mozilla/5.0 (Windows NT 5.1) AppleWebKit/537.36 (KHTML, like Gecko) Chrome/31.0.1650.63 Safari/537.36"
125.39.162.3 - - [12/May/2016:19:55:44 +0800] "GET /YXYBB/LEAP/Download/default/2016/4/6/c7c047f742ff4ebab8ad8d6711c03d5f.jpg HTTP/1.1" 304 0 "http://new.yxybb.com/YXYBB/yxybb/person_study?loadtype=1" "Mozilla/5.0 (Windows NT 6.1) AppleWebKit/537.1 (KHTML, like Gecko) Chrome/21.0.1180.89 Safari/537.1"
125.39.162.3 - - [12/May/2016:19:55:44 +0800] "GET /YXYBB/LEAP/Download/default/2016/4/6/d5f8ba0102c3439fb4398f05e0f7f5eb.jpg HTTP/1.1" 304 0 "http://new.yxybb.com/YXYBB/yxybb/person_study?loadtype=1" "Mozilla/5.0 (Windows NT 6.1) AppleWebKit/537.1 (KHTML, like Gecko) Chrome/21.0.1180.89 Safari/537.1"
125.39.162.3 - - [12/May/2016:19:55:44 +0800] "POST /YXYBB/LEAP/Service/RPC/RPC.DO?callService=web&method=FL_course_sStudyRecordBeanSet&sid=E78848FD36B828556DBF4AD948EBF601&rup=http://new.yxybb.com/YXYBB/ HTTP/1.1" 200 1806 "http://new.yxybb.com/YXYBB/yxybb/person_study?loadtype=1" "Mozilla/5.0 (Windows NT 6.1) AppleWebKit/537.1 (KHTML, like Gecko) Chrome/21.0.1180.89 Safari/537.1"
60.27.79.251 - - [12/May/2016:19:55:44 +0800] "GET /YXYBB/LEAP/LUPDPWeb/img/questionhover.png HTTP/1.1" 200 1198 "http://new.yxybb.com/YXYBB/LEAP/LUPDPWeb/css/main.css" "Mozilla/5.0 (Windows NT 5.1) AppleWebKit/537.36 (KHTML, like Gecko) Chrome/45.0.2454.101 Safari/537.36"
183.204.133.58 - - [12/May/2016:19:55:44 +0800] "POST /YXYBB/restservices/http/single/query HTTP/1.1" 200 103 "http://new.yxybb.com/YXYBB/LEAP/html/index.html" "Mozilla/5.0 (Windows NT 6.1; WOW64) AppleWebKit/537.36 (KHTML, like Gecko) Chrome/44.0.2403.69 Safari/537.36 QQBrowser/9.1.4060.400"
115.60.88.187 - - [12/May/2016:19:55:44 +0800] "GET /YXYBB/LEAP/html/index.html HTTP/1.1" 304 0 "-" "Mozilla/5.0 (Windows NT 6.1) AppleWebKit/537.36 (KHTML, like Gecko) Chrome/45.0.2454.101 Safari/537.36"
125.39.162.3 - - [12/May/2016:19:55:45 +0800] "POST /YXYBB/LEAP/Service/RPC/RPC.DO?callService=web&method=FL_course_sStudyRecordBeanSet&sid=E78848FD36B828556DBF4AD948EBF601&rup=http://new.yxybb.com/YXYBB/ HTTP/1.1" 200 1806 "http://new.yxybb.com/YXYBB/yxybb/person_study?loadtype=1" "Mozilla/5.0 (Windows NT 6.1) AppleWebKit/537.1 (KHTML, like Gecko) Chrome/21.0.1180.89 Safari/537.1"
115.60.88.187 - - [12/May/2016:19:55:45 +0800] "GET /YXYBB/LEAP/web/css/public/css/main.css HTTP/1.1" 200 31047 "http://new.yxybb.com/YXYBB/LEAP/html/index.html" "Mozilla/5.0 (Windows NT 6.1) AppleWebKit/537.36 (KHTML, like Gecko) Chrome/45.0.2454.101 Safari/537.36"
120.219.181.107 - - [12/May/2016:19:55:45 +0800] "POST /YXYBB/LEAP/Service/RPC/RPC.DO?type=997&_z=1cc7 HTTP/1.1" 200 32 "http://new.yxybb.com/YXYBB/yxybb/person_order" "Mozilla/5.0 (Windows NT 5.1) AppleWebKit/537.36 (KHTML, like Gecko) Chrome/45.0.2454.101 Safari/537.36"
120.219.181.107 - - [12/May/2016:19:55:45 +0800] "POST /YXYBB/LEAP/Service/RPC/RPC.DO?callService=web&method=FL_person_getLoginSession&sid=1E30C39EC429949B46289523B47AB228&rup=http://new.yxybb.com/YXYBB/ HTTP/1.1" 200 175 "http://new.yxybb.com/YXYBB/yxybb/person_order" "Mozilla/5.0 (Windows NT 5.1) AppleWebKit/537.36 (KHTML, like Gecko) Chrome/45.0.2454.101 Safari/537.36"
120.219.181.107 - - [12/May/2016:19:55:45 +0800] "POST /YXYBB/LEAP/Service/RPC/RPC.DO?callService=web&method=SearchCache&sid=1E30C39EC429949B46289523B47AB228&rup=http://new.yxybb.com/YXYBB/ HTTP/1.1" 200 552 "http://new.yxybb.com/YXYBB/yxybb/person_order" "Mozilla/5.0 (Windows NT 5.1) AppleWebKit/537.36 (KHTML, like Gecko) Chrome/45.0.2454.101 Safari/537.36"
183.204.133.58 - - [12/May/2016:19:55:45 +0800] "POST /YXYBB/restservices/http/single/query HTTP/1.1" 200 103 "http://new.yxybb.com/YXYBB/LEAP/html/index.html" "Mozilla/5.0 (Windows NT 6.1; WOW64) AppleWebKit/537.36 (KHTML, like Gecko) Chrome/44.0.2403.69 Safari/537.36 QQBrowser/9.1.4060.400"
120.219.181.107 - - [12/May/2016:19:55:45 +0800] "POST /YXYBB/LEAP/Service/RPC/RPC.DO?callService=web&method=notReadMessageNum&sid=1E30C39EC429949B46289523B47AB228&rup=http://new.yxybb.com/YXYBB/ HTTP/1.1" 200 173 "http://new.yxybb.com/YXYBB/yxybb/person_order" "Mozilla/5.0 (Windows NT 5.1) AppleWebKit/537.36 (KHTML, like Gecko) Chrome/45.0.2454.101 Safari/537.36"
183.204.133.58 - - [12/May/2016:19:55:45 +0800] "POST /YXYBB/restservices/http/single/query HTTP/1.1" 200 103 "http://new.yxybb.com/YXYBB/LEAP/html/index.html" "Mozilla/5.0 (Windows NT 6.1; WOW64) AppleWebKit/537.36 (KHTML, like Gecko) Chrome/44.0.2403.69 Safari/537.36 QQBrowser/9.1.4060.400"
183.204.133.58 - - [12/May/2016:19:55:45 +0800] "POST /YXYBB/restservices/http/single/query HTTP/1.1" 200 8145 "http://new.yxybb.com/YXYBB/LEAP/html/index.html" "Mozilla/5.0 (Windows NT 6.1; WOW64) AppleWebKit/537.36 (KHTML, like Gecko) Chrome/44.0.2403.69 Safari/537.36 QQBrowser/9.1.4060.400"
183.204.133.58 - - [12/May/2016:19:55:45 +0800] "POST /YXYBB/restservices/http/single/query HTTP/1.1" 200 847 "http://new.yxybb.com/YXYBB/LEAP/html/index.html" "Mozilla/5.0 (Windows NT 6.1; WOW64) AppleWebKit/537.36 (KHTML, like Gecko) Chrome/44.0.2403.69 Safari/537.36 QQBrowser/9.1.4060.400"
183.204.133.58 - - [12/May/2016:19:55:45 +0800] "POST /YXYBB/restservices/http/single/query HTTP/1.1" 200 108 "http://new.yxybb.com/YXYBB/LEAP/html/index.html" "Mozilla/5.0 (Windows NT 6.1; WOW64) AppleWebKit/537.36 (KHTML, like Gecko) Chrome/44.0.2403.69 Safari/537.36 QQBrowser/9.1.4060.400"
