42.230.243.91 - - [12/May/2016:19:57:31 +0800] "POST /YXYBB/restservices/http/single/query HTTP/1.1" 200 108 "http://new.yxybb.com/YXYBB/LEAP/html/index.html" "Mozilla/5.0 (Linux; U; Android 4.4.4; zh-cn; HM NOTE 1LTE Build/KTU84P) AppleWebKit/537.36 (KHTML, like Gecko) Version/4.0 Chrome/46.0.2490.85 Mobile Safari/537.36 XiaoMi/MiuiBrowser/2.1.1"
42.230.243.91 - - [12/May/2016:19:57:31 +0800] "POST /YXYBB/restservices/http/single/query HTTP/1.1" 200 103 "http://new.yxybb.com/YXYBB/LEAP/html/index.html" "Mozilla/5.0 (Linux; U; Android 4.4.4; zh-cn; HM NOTE 1LTE Build/KTU84P) AppleWebKit/537.36 (KHTML, like Gecko) Version/4.0 Chrome/46.0.2490.85 Mobile Safari/537.36 XiaoMi/MiuiBrowser/2.1.1"
183.204.24.207 - - [12/May/2016:19:57:31 +0800] "POST /YXYBB/restservices/http/single/query HTTP/1.1" 200 108 "http://new.yxybb.com/YXYBB/LEAP/html/trainopen.html?traincasetype=2" "Mozilla/5.0 (Windows NT 6.3; WOW64; Trident/7.0; SMJB; rv:11.0) like Gecko"
219.156.65.113 - - [12/May/2016:19:57:32 +0800] "POST /YXYBB/LEAP/Service/RPC/RPC.DO?callService=web&method=FL_course_maintainVideoPlayingAuthorityLock&sid=A2D9638C11AF01383196FE1C9EC9F996&rup=http://new.yxybb.com/YXYBB/ HTTP/1.1" 200 358 "http://new.yxybb.com/YXYBB/yxybb/coursevideo?courseid=6cab4e2c3c554cd68b7f4d5577a3bb75&cwid=CW20131231104820742&pathno=0001000300010001" "Mozilla/5.0 (Windows NT 10.0; WOW64) AppleWebKit/537.36 (KHTML, like Gecko) Chrome/47.0.2526.80 Safari/537.36 QQBrowser/9.3.6581.400"
183.204.24.207 - - [12/May/2016:19:57:32 +0800] "POST /YXYBB/restservices/http/single/query HTTP/1.1" 200 108 "http://new.yxybb.com/YXYBB/LEAP/html/trainopen.html?traincasetype=2" "Mozilla/5.0 (Windows NT 6.3; WOW64; Trident/7.0; SMJB; rv:11.0) like Gecko"
183.69.235.245 - - [12/May/2016:19:57:33 +0800] "POST /YXYBB/LEAP/Service/RPC/RPC.DO?callService=web&method=FL_course_uStudyProcessInfo&sid=AA083BDC5CAE3D0A64AAA1B0D8868C59&rup=http://new.yxybb.com/YXYBB/ HTTP/1.1" 200 701 "http://new.yxybb.com/YXYBB/yxybb/coursevideo?courseid=d0b1c4f535364e7e9a188035a77e2c97&cwid=CW20140312025&pathno=0002000500020002" "Mozilla/5.0 (Windows NT 6.1) AppleWebKit/537.36 (KHTML, like Gecko) Chrome/45.0.2454.101 Safari/537.36"
120.219.181.107 - - [12/May/2016:19:57:33 +0800] "GET /YXYBB/yxybb/person_study?loadtype=1 HTTP/1.1" 200 5490 "http://new.yxybb.com/YXYBB/LEAP/html/index.html" "Mozilla/5.0 (Windows NT 5.1) AppleWebKit/537.36 (KHTML, like Gecko) Chrome/45.0.2454.101 Safari/537.36"
183.204.24.207 - - [12/May/2016:19:57:33 +0800] "POST /YXYBB/restservices/http/single/query HTTP/1.1" 200 108 "http://new.yxybb.com/YXYBB/LEAP/html/trainopen.html?traincasetype=2" "Mozilla/5.0 (Windows NT 6.3; WOW64; Trident/7.0; SMJB; rv:11.0) like Gecko"
120.219.181.107 - - [12/May/2016:19:57:33 +0800] "POST /YXYBB/LEAP/Service/RPC/RPC.DO?type=997&_z=f4ee HTTP/1.1" 200 32 "http://new.yxybb.com/YXYBB/yxybb/person_study?loadtype=1" "Mozilla/5.0 (Windows NT 5.1) AppleWebKit/537.36 (KHTML, like Gecko) Chrome/45.0.2454.101 Safari/537.36"
183.204.24.207 - - [12/May/2016:19:57:34 +0800] "POST /YXYBB/restservices/http/single/query HTTP/1.1" 200 108 "http://new.yxybb.com/YXYBB/LEAP/html/trainopen.html?traincasetype=2" "Mozilla/5.0 (Windows NT 6.3; WOW64; Trident/7.0; SMJB; rv:11.0) like Gecko"
221.196.149.11 - - [12/May/2016:19:57:35 +0800] "POST /YXYBB/LEAP/Service/RPC/RPC.DO?callService=web&method=FL_course_uStudyProcessInfo&sid=C027D7325C8F567FD0787E64C52BE680&rup=http://new.yxybb.com/YXYBB/ HTTP/1.1" 200 703 "http://new.yxybb.com/YXYBB/yxybb/coursevideo?courseid=8bc7ac29c2174b498ca651191594b1a5&cwid=CW20150421091712869&pathno=0003000200010001" "Mozilla/5.0 (Windows NT 6.1) AppleWebKit/537.36 (KHTML, like Gecko) Chrome/45.0.2454.101 Safari/537.36"
120.219.181.107 - - [12/May/2016:19:57:35 +0800] "POST /YXYBB/LEAP/Service/RPC/RPC.DO?callService=web&method=FL_person_getLoginSession&sid=1E30C39EC429949B46289523B47AB228&rup=http://new.yxybb.com/YXYBB/ HTTP/1.1" 200 175 "http://new.yxybb.com/YXYBB/yxybb/person_study?loadtype=1" "Mozilla/5.0 (Windows NT 5.1) AppleWebKit/537.36 (KHTML, like Gecko) Chrome/45.0.2454.101 Safari/537.36"
183.204.24.207 - - [12/May/2016:19:57:35 +0800] "POST /YXYBB/restservices/http/single/query HTTP/1.1" 200 108 "http://new.yxybb.com/YXYBB/LEAP/html/trainopen.html?traincasetype=2" "Mozilla/5.0 (Windows NT 6.3; WOW64; Trident/7.0; SMJB; rv:11.0) like Gecko"
125.39.162.3 - - [12/May/2016:19:57:36 +0800] "POST /YXYBB/LEAP/Service/RPC/RPC.DO?callService=web&method=FL_Search_TopInputSearch&sid=E78848FD36B828556DBF4AD948EBF601&rup=http://new.yxybb.com/YXYBB/ HTTP/1.1" 200 2929 "http://new.yxybb.com/YXYBB/yxybb/coursedetails?courseid=72ef1485235d54e772e9066bef90f702" "Mozilla/5.0 (Windows NT 6.1) AppleWebKit/537.1 (KHTML, like Gecko) Chrome/21.0.1180.89 Safari/537.1"
183.204.24.207 - - [12/May/2016:19:57:36 +0800] "POST /YXYBB/restservices/http/single/query HTTP/1.1" 200 108 "http://new.yxybb.com/YXYBB/LEAP/html/trainopen.html?traincasetype=2" "Mozilla/5.0 (Windows NT 6.3; WOW64; Trident/7.0; SMJB; rv:11.0) like Gecko"
183.204.133.58 - - [12/May/2016:19:57:37 +0800] "POST /YXYBB/LEAP/Service/RPC/RPC.DO?type=997&_z=37c4 HTTP/1.1" 200 32 "http://new.yxybb.com/YXYBB/yxybb/person_study?loadtype=1" "Mozilla/5.0 (Windows NT 6.1; WOW64) AppleWebKit/537.36 (KHTML, like Gecko) Chrome/44.0.2403.69 Safari/537.36 QQBrowser/9.1.4060.400"
183.204.133.58 - - [12/May/2016:19:57:37 +0800] "POST /YXYBB/LEAP/Service/RPC/RPC.DO?callService=web&method=FL_person_getLoginSession&sid=E75BEDD3DBD9F738AFBB17F1C42CD3B0&rup=http://new.yxybb.com/YXYBB/ HTTP/1.1" 200 175 "http://new.yxybb.com/YXYBB/yxybb/person_study?loadtype=1" "Mozilla/5.0 (Windows NT 6.1; WOW64) AppleWebKit/537.36 (KHTML, like Gecko) Chrome/44.0.2403.69 Safari/537.36 QQBrowser/9.1.4060.400"
123.54.16.76 - - [12/May/2016:19:57:37 +0800] "POST /YXYBB/LEAP/Service/RPC/RPC.DO?callService=web&method=FL_course_uStudyProcessInfo&sid=82334C0B24D02D6CB9A0E6C71238B84A&rup=http://new.yxybb.com/YXYBB/ HTTP/1.1" 200 694 "http://new.yxybb.com/YXYBB/yxybb/coursevideo?courseid=6cab4e2c3c554cd68b7f4d5577a3bb75&cwid=20110107005&pathno=0001001100010001" "Mozilla/5.0 (Windows NT 6.1; WOW64) AppleWebKit/537.36 (KHTML, like Gecko) Chrome/47.0.2526.108 Safari/537.36 2345Explorer/7.0.0.12288"
113.248.152.60 - - [12/May/2016:19:57:37 +0800] "GET /YXYBB/LEAP/web/js/public/control/init/allcourse.init.js HTTP/1.1" 200 502 "http://new.yxybb.com/YXYBB/LEAP/html/allcourse.html" "Mozilla/5.0 (compatible; MSIE 10.0; Windows NT 6.1; WOW64; Trident/6.0)"
120.219.181.107 - - [12/May/2016:19:57:37 +0800] "POST /YXYBB/LEAP/Service/RPC/RPC.DO?callService=web&method=SearchCache&sid=1E30C39EC429949B46289523B47AB228&rup=http://new.yxybb.com/YXYBB/ HTTP/1.1" 200 552 "http://new.yxybb.com/YXYBB/yxybb/person_study?loadtype=1" "Mozilla/5.0 (Windows NT 5.1) AppleWebKit/537.36 (KHTML, like Gecko) Chrome/45.0.2454.101 Safari/537.36"
120.219.181.107 - - [12/May/2016:19:57:37 +0800] "GET /YXYBB/LEAP/Download/default/system/userpic/2016/1/15/cf59449a0c6146ce9283c53dd9069cee.jpg HTTP/1.1" 304 0 "http://new.yxybb.com/YXYBB/yxybb/person_study?loadtype=1" "Mozilla/5.0 (Windows NT 5.1) AppleWebKit/537.36 (KHTML, like Gecko) Chrome/45.0.2454.101 Safari/537.36"
120.219.181.107 - - [12/May/2016:19:57:37 +0800] "POST /YXYBB/LEAP/Service/RPC/RPC.DO?callService=web&method=notReadMessageNum&sid=1E30C39EC429949B46289523B47AB228&rup=http://new.yxybb.com/YXYBB/ HTTP/1.1" 200 173 "http://new.yxybb.com/YXYBB/yxybb/person_study?loadtype=1" "Mozilla/5.0 (Windows NT 5.1) AppleWebKit/537.36 (KHTML, like Gecko) Chrome/45.0.2454.101 Safari/537.36"
120.219.181.107 - - [12/May/2016:19:57:37 +0800] "POST /YXYBB/LEAP/Service/RPC/RPC.DO?callService=web&method=FL_course_sPersonAllStudyStateBean&sid=1E30C39EC429949B46289523B47AB228&rup=http://new.yxybb.com/YXYBB/ HTTP/1.1" 200 396 "http://new.yxybb.com/YXYBB/yxybb/person_study?loadtype=1" "Mozilla/5.0 (Windows NT 5.1) AppleWebKit/537.36 (KHTML, like Gecko) Chrome/45.0.2454.101 Safari/537.36"
113.248.152.60 - - [12/May/2016:19:57:37 +0800] "GET /YXYBB/LEAP/web/js/public/control/pagemodule/allcourse.module.js HTTP/1.1" 200 1694 "http://new.yxybb.com/YXYBB/LEAP/html/allcourse.html" "Mozilla/5.0 (compatible; MSIE 10.0; Windows NT 6.1; WOW64; Trident/6.0)"
113.248.152.60 - - [12/May/2016:19:57:37 +0800] "GET /YXYBB/LEAP/web/js/public/js/module/cours_all.js HTTP/1.1" 200 540 "http://new.yxybb.com/YXYBB/LEAP/html/allcourse.html" "Mozilla/5.0 (compatible; MSIE 10.0; Windows NT 6.1; WOW64; Trident/6.0)"
120.219.181.107 - - [12/May/2016:19:57:37 +0800] "POST /YXYBB/LEAP/Service/RPC/RPC.DO?callService=web&method=FL_course_sStudyRecordBeanSet&sid=1E30C39EC429949B46289523B47AB228&rup=http://new.yxybb.com/YXYBB/ HTTP/1.1" 200 1028 "http://new.yxybb.com/YXYBB/yxybb/person_study?loadtype=1" "Mozilla/5.0 (Windows NT 5.1) AppleWebKit/537.36 (KHTML, like Gecko) Chrome/45.0.2454.101 Safari/537.36"
183.204.24.207 - - [12/May/2016:19:57:37 +0800] "POST /YXYBB/restservices/http/single/query HTTP/1.1" 200 108 "http://new.yxybb.com/YXYBB/LEAP/html/trainopen.html?traincasetype=2" "Mozilla/5.0 (Windows NT 6.3; WOW64; Trident/7.0; SMJB; rv:11.0) like Gecko"
120.219.181.107 - - [12/May/2016:19:57:37 +0800] "POST /YXYBB/LEAP/Service/RPC/RPC.DO?callService=web&method=getPersonInfo&sid=1E30C39EC429949B46289523B47AB228&rup=http://new.yxybb.com/YXYBB/ HTTP/1.1" 200 219 "http://new.yxybb.com/YXYBB/yxybb/person_study?loadtype=1" "Mozilla/5.0 (Windows NT 5.1) AppleWebKit/537.36 (KHTML, like Gecko) Chrome/45.0.2454.101 Safari/537.36"
113.248.152.60 - - [12/May/2016:19:57:38 +0800] "GET /YXYBB/LEAP/web/js/public/control/pagemodule/courseCommon.module.js HTTP/1.1" 200 737 "http://new.yxybb.com/YXYBB/LEAP/html/allcourse.html" "Mozilla/5.0 (compatible; MSIE 10.0; Windows NT 6.1; WOW64; Trident/6.0)"
120.219.181.107 - - [12/May/2016:19:57:38 +0800] "POST /YXYBB/LEAP/Service/RPC/RPC.DO?callService=web&method=FL_person_suggestedFollows&sid=1E30C39EC429949B46289523B47AB228&rup=http://new.yxybb.com/YXYBB/ HTTP/1.1" 200 682 "http://new.yxybb.com/YXYBB/yxybb/person_study?loadtype=1" "Mozilla/5.0 (Windows NT 5.1) AppleWebKit/537.36 (KHTML, like Gecko) Chrome/45.0.2454.101 Safari/537.36"
120.219.181.107 - - [12/May/2016:19:57:38 +0800] "POST /YXYBB/LEAP/Service/RPC/RPC.DO?callService=web&method=FL_course_sAbleSignupTrainPlanBeans&sid=1E30C39EC429949B46289523B47AB228&rup=http://new.yxybb.com/YXYBB/ HTTP/1.1" 200 404 "http://new.yxybb.com/YXYBB/yxybb/person_study?loadtype=1" "Mozilla/5.0 (Windows NT 5.1) AppleWebKit/537.36 (KHTML, like Gecko) Chrome/45.0.2454.101 Safari/537.36"
125.39.162.3 - - [12/May/2016:19:57:38 +0800] "POST /YXYBB/LEAP/Service/RPC/RPC.DO?callService=web&method=FL_Search_TopInputSearch&sid=E78848FD36B828556DBF4AD948EBF601&rup=http://new.yxybb.com/YXYBB/ HTTP/1.1" 200 496 "http://new.yxybb.com/YXYBB/yxybb/coursedetails?courseid=72ef1485235d54e772e9066bef90f702" "Mozilla/5.0 (Windows NT 6.1) AppleWebKit/537.1 (KHTML, like Gecko) Chrome/21.0.1180.89 Safari/537.1"
125.39.162.3 - - [12/May/2016:19:57:38 +0800] "GET /YXYBB/LEAP/Download/default/bbwUserPhoto/2016/1/26/dcebe7e4cdd945baaf813e48c27ea43b.jpg HTTP/1.1" 200 66607 "http://new.yxybb.com/YXYBB/yxybb/coursedetails?courseid=72ef1485235d54e772e9066bef90f702" "Mozilla/5.0 (Windows NT 6.1) AppleWebKit/537.1 (KHTML, like Gecko) Chrome/21.0.1180.89 Safari/537.1"
125.39.162.3 - - [12/May/2016:19:57:38 +0800] "GET /YXYBB/LEAP/Download/default/system/userpic/2016/1/15/5916e50cdcd64532a17bf7977403a13f.jpg HTTP/1.1" 200 42972 "http://new.yxybb.com/YXYBB/yxybb/coursedetails?courseid=72ef1485235d54e772e9066bef90f702" "Mozilla/5.0 (Windows NT 6.1) AppleWebKit/537.1 (KHTML, like Gecko) Chrome/21.0.1180.89 Safari/537.1"
113.248.152.60 - - [12/May/2016:19:57:38 +0800] "POST /YXYBB/restservices/http/single/query HTTP/1.1" 200 108 "http://new.yxybb.com/YXYBB/LEAP/html/allcourse.html" "Mozilla/5.0 (compatible; MSIE 10.0; Windows NT 6.1; WOW64; Trident/6.0)"
113.248.152.60 - - [12/May/2016:19:57:38 +0800] "POST /YXYBB/restservices/http/single/query HTTP/1.1" 200 5673 "http://new.yxybb.com/YXYBB/LEAP/html/allcourse.html" "Mozilla/5.0 (compatible; MSIE 10.0; Windows NT 6.1; WOW64; Trident/6.0)"
113.248.152.60 - - [12/May/2016:19:57:38 +0800] "POST /YXYBB/restservices/http/single/query HTTP/1.1" 200 847 "http://new.yxybb.com/YXYBB/LEAP/html/allcourse.html" "Mozilla/5.0 (compatible; MSIE 10.0; Windows NT 6.1; WOW64; Trident/6.0)"
113.248.152.60 - - [12/May/2016:19:57:38 +0800] "POST /YXYBB/restservices/http/single/query HTTP/1.1" 200 11288 "http://new.yxybb.com/YXYBB/LEAP/html/allcourse.html" "Mozilla/5.0 (compatible; MSIE 10.0; Windows NT 6.1; WOW64; Trident/6.0)"
113.248.152.60 - - [12/May/2016:19:57:38 +0800] "GET /YXYBB/LEAP/img/close.png HTTP/1.1" 404 905 "http://new.yxybb.com/YXYBB/LEAP/html/allcourse.html" "Mozilla/5.0 (compatible; MSIE 10.0; Windows NT 6.1; WOW64; Trident/6.0)"
120.219.181.107 - - [12/May/2016:19:57:38 +0800] "GET /YXYBB/LEAP/Download/default/system/userpic/2016/1/15/0fc6dc3cb8634b1dbb20288ad29709b1.jpg HTTP/1.1" 304 0 "http://new.yxybb.com/YXYBB/yxybb/person_study?loadtype=1" "Mozilla/5.0 (Windows NT 5.1) AppleWebKit/537.36 (KHTML, like Gecko) Chrome/45.0.2454.101 Safari/537.36"
113.248.152.60 - - [12/May/2016:19:57:38 +0800] "POST /YXYBB/restservices/http/single/query HTTP/1.1" 200 110 "http://new.yxybb.com/YXYBB/LEAP/html/allcourse.html" "Mozilla/5.0 (compatible; MSIE 10.0; Windows NT 6.1; WOW64; Trident/6.0)"
120.219.181.107 - - [12/May/2016:19:57:38 +0800] "GET /YXYBB/LEAP/LUPDPWeb/js/ueditor1_4_3-utf8-jsp/third-party/zeroclipboard/ZeroClipboard.swf?noCache=1463054408027 HTTP/1.1" 200 3933 "http://new.yxybb.com/YXYBB/yxybb/person_study?loadtype=1" "Mozilla/5.0 (Windows NT 5.1) AppleWebKit/537.36 (KHTML, like Gecko) Chrome/45.0.2454.101 Safari/537.36"
183.228.215.130 - - [12/May/2016:19:57:38 +0800] "POST /YXYBB/LEAP/Service/RPC/RPC.DO?callService=web&method=FL_course_releaseVideoPlayingAuthorityLock&sid=A81176B792124D06DE62780F4AE353D2&rup=http://new.yxybb.com/YXYBB/ HTTP/1.1" 200 177 "http://new.yxybb.com/YXYBB/yxybb/coursevideo?courseid=948cd7fbbeea4a249eda351180daf7e8&cwid=20100621013&pathno=0001000100030002" "Mozilla/4.0 (compatible; MSIE 8.0; Windows NT 6.1; WOW64; Trident/4.0; SLCC2; .NET CLR 2.0.50727; .NET CLR 3.5.30729; .NET CLR 3.0.30729)"
183.204.24.207 - - [12/May/2016:19:57:38 +0800] "POST /YXYBB/restservices/http/single/query HTTP/1.1" 200 108 "http://new.yxybb.com/YXYBB/LEAP/html/trainopen.html?traincasetype=2" "Mozilla/5.0 (Windows NT 6.3; WOW64; Trident/7.0; SMJB; rv:11.0) like Gecko"
113.248.152.60 - - [12/May/2016:19:57:39 +0800] "GET /YXYBB/LEAP/Download/default/2016/3/30/d8ae7d0788cc494fad438f637f88117b.jpg HTTP/1.1" 200 21659 "http://new.yxybb.com/YXYBB/LEAP/html/allcourse.html" "Mozilla/5.0 (compatible; MSIE 10.0; Windows NT 6.1; WOW64; Trident/6.0)"
125.39.162.3 - - [12/May/2016:19:57:39 +0800] "POST /YXYBB/LEAP/Service/RPC/RPC.DO?callService=web&method=FL_Search_TopInputSearch&sid=E78848FD36B828556DBF4AD948EBF601&rup=http://new.yxybb.com/YXYBB/ HTTP/1.1" 200 496 "http://new.yxybb.com/YXYBB/yxybb/coursedetails?courseid=72ef1485235d54e772e9066bef90f702" "Mozilla/5.0 (Windows NT 6.1) AppleWebKit/537.1 (KHTML, like Gecko) Chrome/21.0.1180.89 Safari/537.1"
113.248.152.60 - - [12/May/2016:19:57:39 +0800] "GET /YXYBB/LEAP/Download/default/2016/3/30/a1efa676fdc4437d82db4c24070ac54e.jpg HTTP/1.1" 200 26635 "http://new.yxybb.com/YXYBB/LEAP/html/allcourse.html" "Mozilla/5.0 (compatible; MSIE 10.0; Windows NT 6.1; WOW64; Trident/6.0)"
113.248.152.60 - - [12/May/2016:19:57:39 +0800] "GET /YXYBB/LEAP/Download/default/2016/4/22/2c005e4fcb5a4dea9ba91ef40befdc61.jpg HTTP/1.1" 200 52901 "http://new.yxybb.com/YXYBB/LEAP/html/allcourse.html" "Mozilla/5.0 (compatible; MSIE 10.0; Windows NT 6.1; WOW64; Trident/6.0)"
113.248.152.60 - - [12/May/2016:19:57:39 +0800] "GET /YXYBB/LEAP/Download/default/2016/5/11/32e2945074534a9c9aa76cf488be0a96.png HTTP/1.1" 200 46022 "http://new.yxybb.com/YXYBB/LEAP/html/allcourse.html" "Mozilla/5.0 (compatible; MSIE 10.0; Windows NT 6.1; WOW64; Trident/6.0)"
183.204.24.207 - - [12/May/2016:19:57:39 +0800] "POST /YXYBB/restservices/http/single/query HTTP/1.1" 200 108 "http://new.yxybb.com/YXYBB/LEAP/html/trainopen.html?traincasetype=2" "Mozilla/5.0 (Windows NT 6.3; WOW64; Trident/7.0; SMJB; rv:11.0) like Gecko"
113.248.152.60 - - [12/May/2016:19:57:40 +0800] "GET /YXYBB/LEAP/Download/default/2016/4/22/daae09cf32634811af9abec7badb8572.jpg HTTP/1.1" 200 68021 "http://new.yxybb.com/YXYBB/LEAP/html/allcourse.html" "Mozilla/5.0 (compatible; MSIE 10.0; Windows NT 6.1; WOW64; Trident/6.0)"
113.248.152.60 - - [12/May/2016:19:57:40 +0800] "GET /YXYBB/LEAP/Download/default/2016/5/11/bef3ed1842e44b14a391f369bd49ccc0.png HTTP/1.1" 200 78097 "http://new.yxybb.com/YXYBB/LEAP/html/allcourse.html" "Mozilla/5.0 (compatible; MSIE 10.0; Windows NT 6.1; WOW64; Trident/6.0)"
113.248.152.60 - - [12/May/2016:19:57:40 +0800] "GET /YXYBB/LEAP/Download/default/2016/5/11/dc0b5aa8955e4a52bb029af84264778e.png HTTP/1.1" 200 69232 "http://new.yxybb.com/YXYBB/LEAP/html/allcourse.html" "Mozilla/5.0 (compatible; MSIE 10.0; Windows NT 6.1; WOW64; Trident/6.0)"
183.204.24.207 - - [12/May/2016:19:57:40 +0800] "POST /YXYBB/restservices/http/single/query HTTP/1.1" 200 108 "http://new.yxybb.com/YXYBB/LEAP/html/trainopen.html?traincasetype=2" "Mozilla/5.0 (Windows NT 6.3; WOW64; Trident/7.0; SMJB; rv:11.0) like Gecko"
183.204.24.207 - - [12/May/2016:19:57:41 +0800] "POST /YXYBB/restservices/http/single/query HTTP/1.1" 200 108 "http://new.yxybb.com/YXYBB/LEAP/html/trainopen.html?traincasetype=2" "Mozilla/5.0 (Windows NT 6.3; WOW64; Trident/7.0; SMJB; rv:11.0) like Gecko"
113.248.152.60 - - [12/May/2016:19:57:42 +0800] "GET /YXYBB/LEAP/Download/default/2016/4/21/82c3bccf86f543358d19ad57e642ffe5.jpg HTTP/1.1" 200 35837 "http://new.yxybb.com/YXYBB/LEAP/html/allcourse.html" "Mozilla/5.0 (compatible; MSIE 10.0; Windows NT 6.1; WOW64; Trident/6.0)"
14.106.89.228 - - [12/May/2016:19:57:42 +0800] "POST /YXYBB/LEAP/Service/RPC/RPC.DO?callService=web&method=FL_course_maintainVideoPlayingAuthorityLock&sid=951D9ACF7F9CDE7F50006DFD9825B827&rup=http://new.yxybb.com/YXYBB/ HTTP/1.1" 200 358 "http://new.yxybb.com/YXYBB/yxybb/coursevideo?courseid=d0b1c4f535364e7e9a188035a77e2c97&cwid=CW20150906141229809&pathno=0001001000040002" "Mozilla/5.0 (Windows NT 10.0; WOW64) AppleWebKit/537.36 (KHTML, like Gecko) Chrome/45.0.2454.101 Safari/537.36"
183.204.24.207 - - [12/May/2016:19:57:42 +0800] "POST /YXYBB/restservices/http/single/query HTTP/1.1" 200 108 "http://new.yxybb.com/YXYBB/LEAP/html/trainopen.html?traincasetype=2" "Mozilla/5.0 (Windows NT 6.3; WOW64; Trident/7.0; SMJB; rv:11.0) like Gecko"
125.39.162.3 - - [12/May/2016:19:57:43 +0800] "GET /YXYBB/yxybb/Search?param=%E6%97%B6%E9%97%B4%E7%AE%A1%E7%90%86 HTTP/1.1" 200 6629 "http://new.yxybb.com/YXYBB/yxybb/coursedetails?courseid=72ef1485235d54e772e9066bef90f702" "Mozilla/5.0 (Windows NT 6.1) AppleWebKit/537.1 (KHTML, like Gecko) Chrome/21.0.1180.89 Safari/537.1"
125.39.162.3 - - [12/May/2016:19:57:43 +0800] "GET /YXYBB/LEAP/LUPDPWeb/control/public/search/search.js HTTP/1.1" 200 5740 "http://new.yxybb.com/YXYBB/yxybb/Search?param=%E6%97%B6%E9%97%B4%E7%AE%A1%E7%90%86" "Mozilla/5.0 (Windows NT 6.1) AppleWebKit/537.1 (KHTML, like Gecko) Chrome/21.0.1180.89 Safari/537.1"
125.39.162.3 - - [12/May/2016:19:57:43 +0800] "POST /YXYBB/LEAP/Service/RPC/RPC.DO?type=997&_z=b1a0 HTTP/1.1" 200 32 "http://new.yxybb.com/YXYBB/yxybb/Search?param=%E6%97%B6%E9%97%B4%E7%AE%A1%E7%90%86" "Mozilla/5.0 (Windows NT 6.1) AppleWebKit/537.1 (KHTML, like Gecko) Chrome/21.0.1180.89 Safari/537.1"
120.219.181.107 - - [12/May/2016:19:57:43 +0800] "GET /YXYBB/LEAP/Download/default/system/userpic/2016/1/15/bba6623f32cb4bb4bf801b4fa1b6ecb9.jpg HTTP/1.1" 200 107405 "http://new.yxybb.com/YXYBB/yxybb/person_study?loadtype=1" "Mozilla/5.0 (Windows NT 5.1) AppleWebKit/537.36 (KHTML, like Gecko) Chrome/45.0.2454.101 Safari/537.36"
183.204.24.207 - - [12/May/2016:19:57:43 +0800] "POST /YXYBB/restservices/http/single/query HTTP/1.1" 200 108 "http://new.yxybb.com/YXYBB/LEAP/html/trainopen.html?traincasetype=2" "Mozilla/5.0 (Windows NT 6.3; WOW64; Trident/7.0; SMJB; rv:11.0) like Gecko"
120.219.181.107 - - [12/May/2016:19:57:44 +0800] "POST /YXYBB/LEAP/Service/RPC/RPC.DO?type=997&_z=fd56 HTTP/1.1" 200 32 "http://new.yxybb.com/YXYBB/yxybb/coursedetails?courseid=6cab4e2c3c554cd68b7f4d5577a3bb75" "Mozilla/5.0 (Windows NT 5.1) AppleWebKit/537.36 (KHTML, like Gecko) Chrome/45.0.2454.101 Safari/537.36"
120.219.181.107 - - [12/May/2016:19:57:44 +0800] "POST /YXYBB/LEAP/Service/RPC/RPC.DO?callService=web&method=FL_person_getLoginSession&sid=1E30C39EC429949B46289523B47AB228&rup=http://new.yxybb.com/YXYBB/ HTTP/1.1" 200 175 "http://new.yxybb.com/YXYBB/yxybb/coursedetails?courseid=6cab4e2c3c554cd68b7f4d5577a3bb75" "Mozilla/5.0 (Windows NT 5.1) AppleWebKit/537.36 (KHTML, like Gecko) Chrome/45.0.2454.101 Safari/537.36"
113.248.152.60 - - [12/May/2016:19:57:44 +0800] "GET /YXYBB/LEAP/Download/default/2016/5/11/5264952e20904aa3a9b4a8345afedc00.png HTTP/1.1" 200 48355 "http://new.yxybb.com/YXYBB/LEAP/html/allcourse.html" "Mozilla/5.0 (compatible; MSIE 10.0; Windows NT 6.1; WOW64; Trident/6.0)"
125.39.162.3 - - [12/May/2016:19:57:44 +0800] "POST /YXYBB/LEAP/Service/RPC/RPC.DO?callService=web&method=FL_person_getLoginSession&sid=E78848FD36B828556DBF4AD948EBF601&rup=http://new.yxybb.com/YXYBB/ HTTP/1.1" 200 175 "http://new.yxybb.com/YXYBB/yxybb/Search?param=%E6%97%B6%E9%97%B4%E7%AE%A1%E7%90%86" "Mozilla/5.0 (Windows NT 6.1) AppleWebKit/537.1 (KHTML, like Gecko) Chrome/21.0.1180.89 Safari/537.1"
125.39.162.3 - - [12/May/2016:19:57:44 +0800] "POST /YXYBB/LEAP/Service/RPC/RPC.DO?callService=web&method=SearchCache&sid=E78848FD36B828556DBF4AD948EBF601&rup=http://new.yxybb.com/YXYBB/ HTTP/1.1" 200 552 "http://new.yxybb.com/YXYBB/yxybb/Search?param=%E6%97%B6%E9%97%B4%E7%AE%A1%E7%90%86" "Mozilla/5.0 (Windows NT 6.1) AppleWebKit/537.1 (KHTML, like Gecko) Chrome/21.0.1180.89 Safari/537.1"
125.39.162.3 - - [12/May/2016:19:57:44 +0800] "GET /YXYBB/LEAP/Download/default/system/userpic/2016/1/15/cf59449a0c6146ce9283c53dd9069cee.jpg HTTP/1.1" 304 0 "http://new.yxybb.com/YXYBB/yxybb/Search?param=%E6%97%B6%E9%97%B4%E7%AE%A1%E7%90%86" "Mozilla/5.0 (Windows NT 6.1) AppleWebKit/537.1 (KHTML, like Gecko) Chrome/21.0.1180.89 Safari/537.1"
125.39.162.3 - - [12/May/2016:19:57:44 +0800] "POST /YXYBB/LEAP/Service/RPC/RPC.DO?callService=web&method=notReadMessageNum&sid=E78848FD36B828556DBF4AD948EBF601&rup=http://new.yxybb.com/YXYBB/ HTTP/1.1" 200 173 "http://new.yxybb.com/YXYBB/yxybb/Search?param=%E6%97%B6%E9%97%B4%E7%AE%A1%E7%90%86" "Mozilla/5.0 (Windows NT 6.1) AppleWebKit/537.1 (KHTML, like Gecko) Chrome/21.0.1180.89 Safari/537.1"
125.39.162.3 - - [12/May/2016:19:57:44 +0800] "POST /YXYBB/LEAP/Service/RPC/RPC.DO?callService=web&method=FL_Search_SearchDetails&sid=E78848FD36B828556DBF4AD948EBF601&rup=http://new.yxybb.com/YXYBB/ HTTP/1.1" 200 1042 "http://new.yxybb.com/YXYBB/yxybb/Search?param=%E6%97%B6%E9%97%B4%E7%AE%A1%E7%90%86" "Mozilla/5.0 (Windows NT 6.1) AppleWebKit/537.1 (KHTML, like Gecko) Chrome/21.0.1180.89 Safari/537.1"
125.39.162.3 - - [12/May/2016:19:57:44 +0800] "GET /YXYBB/LEAP/LUPDPWeb/js/ueditor1_4_3-utf8-jsp/third-party/zeroclipboard/ZeroClipboard.swf?noCache=1463054212916 HTTP/1.1" 200 3933 "http://new.yxybb.com/YXYBB/yxybb/Search?param=%E6%97%B6%E9%97%B4%E7%AE%A1%E7%90%86" "Mozilla/5.0 (Windows NT 6.1) AppleWebKit/537.1 (KHTML, like Gecko) Chrome/21.0.1180.89 Safari/537.1"
113.248.152.60 - - [12/May/2016:19:57:44 +0800] "GET /YXYBB/LEAP/Download/default/2016/4/22/6e3195068bb8457aa956e11647bf2f35.jpg HTTP/1.1" 200 73127 "http://new.yxybb.com/YXYBB/LEAP/html/allcourse.html" "Mozilla/5.0 (compatible; MSIE 10.0; Windows NT 6.1; WOW64; Trident/6.0)"
120.219.181.107 - - [12/May/2016:19:57:44 +0800] "POST /YXYBB/LEAP/Service/RPC/RPC.DO?callService=web&method=SearchCache&sid=1E30C39EC429949B46289523B47AB228&rup=http://new.yxybb.com/YXYBB/ HTTP/1.1" 200 552 "http://new.yxybb.com/YXYBB/yxybb/coursedetails?courseid=6cab4e2c3c554cd68b7f4d5577a3bb75" "Mozilla/5.0 (Windows NT 5.1) AppleWebKit/537.36 (KHTML, like Gecko) Chrome/45.0.2454.101 Safari/537.36"
120.219.181.107 - - [12/May/2016:19:57:44 +0800] "GET /YXYBB/LEAP/Download/default/system/userpic/2016/1/15/cf59449a0c6146ce9283c53dd9069cee.jpg HTTP/1.1" 304 0 "http://new.yxybb.com/YXYBB/yxybb/coursedetails?courseid=6cab4e2c3c554cd68b7f4d5577a3bb75" "Mozilla/5.0 (Windows NT 5.1) AppleWebKit/537.36 (KHTML, like Gecko) Chrome/45.0.2454.101 Safari/537.36"
183.204.24.207 - - [12/May/2016:19:57:44 +0800] "POST /YXYBB/restservices/http/single/query HTTP/1.1" 200 108 "http://new.yxybb.com/YXYBB/LEAP/html/trainopen.html?traincasetype=2" "Mozilla/5.0 (Windows NT 6.3; WOW64; Trident/7.0; SMJB; rv:11.0) like Gecko"
221.11.84.36 - - [12/May/2016:19:57:45 +0800] "POST /YXYBB/LEAP/Service/RPC/RPC.DO?callService=web&method=FL_course_uStudyProcessInfo&sid=B259901E8E1572992462AD194E6188F5&rup=http://new.yxybb.com/YXYBB/ HTTP/1.1" 200 701 "http://new.yxybb.com/YXYBB/yxybb/coursevideo?courseid=d0b1c4f535364e7e9a188035a77e2c97&cwid=CW20140925094937796&pathno=0002000100040002" "Mozilla/5.0 (Windows NT 6.3; WOW64) AppleWebKit/537.36 (KHTML, like Gecko) Chrome/45.0.2454.101 Safari/537.36"
125.39.162.3 - - [12/May/2016:19:57:45 +0800] "GET /YXYBB/LEAP/LUPDPWeb/js/main.js?_=1463054213431 HTTP/1.1" 200 17533 "http://new.yxybb.com/YXYBB/yxybb/Search?param=%E6%97%B6%E9%97%B4%E7%AE%A1%E7%90%86" "Mozilla/5.0 (Windows NT 6.1) AppleWebKit/537.1 (KHTML, like Gecko) Chrome/21.0.1180.89 Safari/537.1"
125.39.162.3 - - [12/May/2016:19:57:45 +0800] "GET /YXYBB/LEAP/LUPDPWeb/js/comment.js?_=1463054213437 HTTP/1.1" 200 4802 "http://new.yxybb.com/YXYBB/yxybb/Search?param=%E6%97%B6%E9%97%B4%E7%AE%A1%E7%90%86" "Mozilla/5.0 (Windows NT 6.1) AppleWebKit/537.1 (KHTML, like Gecko) Chrome/21.0.1180.89 Safari/537.1"
125.39.162.3 - - [12/May/2016:19:57:45 +0800] "GET /YXYBB/LEAP/Download/default/2016/4/26/66960a84bcf949eebca70263391cef28.png HTTP/1.1" 304 0 "http://new.yxybb.com/YXYBB/yxybb/Search?param=%E6%97%B6%E9%97%B4%E7%AE%A1%E7%90%86" "Mozilla/5.0 (Windows NT 6.1) AppleWebKit/537.1 (KHTML, like Gecko) Chrome/21.0.1180.89 Safari/537.1"
60.28.138.145 - - [12/May/2016:19:57:45 +0800] "POST /YXYBB/LEAP/Service/RPC/RPC.DO?callService=web&method=FL_course_uStudyProcessInfo&sid=350D2D11ABEDB27945A095865D3CD941&rup=http://new.yxybb.com/YXYBB/ HTTP/1.1" 200 695 "http://new.yxybb.com/YXYBB/yxybb/coursevideo?courseid=8bc7ac29c2174b498ca651191594b1a5&cwid=20100519001&pathno=0003000600010001" "Mozilla/5.0 (Windows NT 6.1; WOW64) AppleWebKit/537.36 (KHTML, like Gecko) Chrome/48.0.2564.116 Safari/537.36"
183.204.24.207 - - [12/May/2016:19:57:45 +0800] "POST /YXYBB/restservices/http/single/query HTTP/1.1" 200 108 "http://new.yxybb.com/YXYBB/LEAP/html/trainopen.html?traincasetype=2" "Mozilla/5.0 (Windows NT 6.3; WOW64; Trident/7.0; SMJB; rv:11.0) like Gecko"
60.24.91.122 - - [12/May/2016:19:57:46 +0800] "POST /YXYBB/LEAP/Service/RPC/RPC.DO?callService=web&method=FL_course_releaseVideoPlayingAuthorityLock&sid=D3979EDC1F42173D353864BFF6F7B4D4&rup=http://new.yxybb.com/YXYBB/ HTTP/1.1" 200 177 "http://new.yxybb.com/YXYBB/yxybb/coursevideo?courseid=8bc7ac29c2174b498ca651191594b1a5&cwid=CW20150228144702&pathno=0002000300010001" "Mozilla/5.0 (Windows NT 6.1) AppleWebKit/537.36 (KHTML, like Gecko) Chrome/45.0.2454.101 Safari/537.36"
60.24.91.122 - - [12/May/2016:19:57:46 +0800] "POST /YXYBB/LEAP/Service/RPC/RPC.DO?type=997&_z=f865 HTTP/1.1" 200 32 "http://new.yxybb.com/YXYBB/yxybb/coursedetails?courseid=8bc7ac29c2174b498ca651191594b1a5" "Mozilla/5.0 (Windows NT 6.1) AppleWebKit/537.36 (KHTML, like Gecko) Chrome/45.0.2454.101 Safari/537.36"
183.204.24.207 - - [12/May/2016:19:57:46 +0800] "POST /YXYBB/restservices/http/single/query HTTP/1.1" 200 108 "http://new.yxybb.com/YXYBB/LEAP/html/trainopen.html?traincasetype=2" "Mozilla/5.0 (Windows NT 6.3; WOW64; Trident/7.0; SMJB; rv:11.0) like Gecko"
120.219.181.107 - - [12/May/2016:19:57:47 +0800] "POST /YXYBB/LEAP/Service/RPC/RPC.DO?callService=web&method=FL_course_sTrainResTree&sid=1E30C39EC429949B46289523B47AB228&rup=http://new.yxybb.com/YXYBB/ HTTP/1.1" 200 15391 "http://new.yxybb.com/YXYBB/yxybb/coursedetails?courseid=6cab4e2c3c554cd68b7f4d5577a3bb75" "Mozilla/5.0 (Windows NT 5.1) AppleWebKit/537.36 (KHTML, like Gecko) Chrome/45.0.2454.101 Safari/537.36"
120.219.181.107 - - [12/May/2016:19:57:47 +0800] "POST /YXYBB/LEAP/Service/RPC/RPC.DO?callService=web&method=FL_SocialOperation_sCommentByReplyto&sid=1E30C39EC429949B46289523B47AB228&rup=http://new.yxybb.com/YXYBB/ HTTP/1.1" 200 1165 "http://new.yxybb.com/YXYBB/yxybb/coursedetails?courseid=6cab4e2c3c554cd68b7f4d5577a3bb75" "Mozilla/5.0 (Windows NT 5.1) AppleWebKit/537.36 (KHTML, like Gecko) Chrome/45.0.2454.101 Safari/537.36"
120.219.181.107 - - [12/May/2016:19:57:47 +0800] "POST /YXYBB/LEAP/Service/RPC/RPC.DO?callService=web&method=FL_course_sRecommendCourseInfos&sid=1E30C39EC429949B46289523B47AB228&rup=http://new.yxybb.com/YXYBB/ HTTP/1.1" 200 1378 "http://new.yxybb.com/YXYBB/yxybb/coursedetails?courseid=6cab4e2c3c554cd68b7f4d5577a3bb75" "Mozilla/5.0 (Windows NT 5.1) AppleWebKit/537.36 (KHTML, like Gecko) Chrome/45.0.2454.101 Safari/537.36"
120.219.181.107 - - [12/May/2016:19:57:47 +0800] "POST /YXYBB/LEAP/Service/RPC/RPC.DO?callService=web&method=FL_SocialOperation_sOperationNum&sid=1E30C39EC429949B46289523B47AB228&rup=http://new.yxybb.com/YXYBB/ HTTP/1.1" 200 260 "http://new.yxybb.com/YXYBB/yxybb/coursedetails?courseid=6cab4e2c3c554cd68b7f4d5577a3bb75" "Mozilla/5.0 (Windows NT 5.1) AppleWebKit/537.36 (KHTML, like Gecko) Chrome/45.0.2454.101 Safari/537.36"
60.24.91.122 - - [12/May/2016:19:57:47 +0800] "POST /YXYBB/LEAP/Service/RPC/RPC.DO?callService=web&method=FL_person_getLoginSession&sid=D3979EDC1F42173D353864BFF6F7B4D4&rup=http://new.yxybb.com/YXYBB/ HTTP/1.1" 200 175 "http://new.yxybb.com/YXYBB/yxybb/coursedetails?courseid=8bc7ac29c2174b498ca651191594b1a5" "Mozilla/5.0 (Windows NT 6.1) AppleWebKit/537.36 (KHTML, like Gecko) Chrome/45.0.2454.101 Safari/537.36"
183.204.24.207 - - [12/May/2016:19:57:47 +0800] "POST /YXYBB/restservices/http/single/query HTTP/1.1" 200 108 "http://new.yxybb.com/YXYBB/LEAP/html/trainopen.html?traincasetype=2" "Mozilla/5.0 (Windows NT 6.3; WOW64; Trident/7.0; SMJB; rv:11.0) like Gecko"
60.24.91.122 - - [12/May/2016:19:57:48 +0800] "POST /YXYBB/LEAP/Service/RPC/RPC.DO?callService=web&method=SearchCache&sid=D3979EDC1F42173D353864BFF6F7B4D4&rup=http://new.yxybb.com/YXYBB/ HTTP/1.1" 200 552 "http://new.yxybb.com/YXYBB/yxybb/coursedetails?courseid=8bc7ac29c2174b498ca651191594b1a5" "Mozilla/5.0 (Windows NT 6.1) AppleWebKit/537.36 (KHTML, like Gecko) Chrome/45.0.2454.101 Safari/537.36"
120.219.181.107 - - [12/May/2016:19:57:48 +0800] "GET /YXYBB/LEAP/LUPDPWeb/js/ueditor1_4_3-utf8-jsp/third-party/zeroclipboard/ZeroClipboard.swf?noCache=1463054417351 HTTP/1.1" 200 3933 "http://new.yxybb.com/YXYBB/yxybb/coursedetails?courseid=6cab4e2c3c554cd68b7f4d5577a3bb75" "Mozilla/5.0 (Windows NT 5.1) AppleWebKit/537.36 (KHTML, like Gecko) Chrome/45.0.2454.101 Safari/537.36"
60.24.91.122 - - [12/May/2016:19:57:48 +0800] "POST /YXYBB/LEAP/Service/RPC/RPC.DO?callService=web&method=notReadMessageNum&sid=D3979EDC1F42173D353864BFF6F7B4D4&rup=http://new.yxybb.com/YXYBB/ HTTP/1.1" 200 173 "http://new.yxybb.com/YXYBB/yxybb/coursedetails?courseid=8bc7ac29c2174b498ca651191594b1a5" "Mozilla/5.0 (Windows NT 6.1) AppleWebKit/537.36 (KHTML, like Gecko) Chrome/45.0.2454.101 Safari/537.36"
60.24.91.122 - - [12/May/2016:19:57:48 +0800] "POST /YXYBB/LEAP/Service/RPC/RPC.DO?callService=web&method=FL_course_sVaildSignupBeanAndStudyRecords&sid=D3979EDC1F42173D353864BFF6F7B4D4&rup=http://new.yxybb.com/YXYBB/ HTTP/1.1" 200 4523 "http://new.yxybb.com/YXYBB/yxybb/coursedetails?courseid=8bc7ac29c2174b498ca651191594b1a5" "Mozilla/5.0 (Windows NT 6.1) AppleWebKit/537.36 (KHTML, like Gecko) Chrome/45.0.2454.101 Safari/537.36"
221.196.231.241 - - [12/May/2016:19:57:48 +0800] "GET /YXYBB/LEAP/LUPDPWeb/img/error/course_error_img.png HTTP/1.1" 200 46076 "http://new.yxybb.com/YXYBB/yxybb/person_study?loadtype=1" "Mozilla/4.0 (compatible; MSIE 8.0; Windows NT 6.1; Trident/4.0; SLCC2; .NET CLR 2.0.50727; .NET CLR 3.5.30729; .NET CLR 3.0.30729; MALN; .NET4.0C)"
120.219.181.107 - - [12/May/2016:19:57:48 +0800] "POST /YXYBB/LEAP/Service/RPC/RPC.DO?callService=web&method=FL_SocialOperation_sCommentByReplyto&sid=1E30C39EC429949B46289523B47AB228&rup=http://new.yxybb.com/YXYBB/ HTTP/1.1" 200 177 "http://new.yxybb.com/YXYBB/yxybb/coursedetails?courseid=6cab4e2c3c554cd68b7f4d5577a3bb75" "Mozilla/5.0 (Windows NT 5.1) AppleWebKit/537.36 (KHTML, like Gecko) Chrome/45.0.2454.101 Safari/537.36"
120.219.181.107 - - [12/May/2016:19:57:48 +0800] "POST /YXYBB/LEAP/Service/RPC/RPC.DO?callService=web&method=FL_SocialOperation_sCommentByReplyto&sid=1E30C39EC429949B46289523B47AB228&rup=http://new.yxybb.com/YXYBB/ HTTP/1.1" 200 177 "http://new.yxybb.com/YXYBB/yxybb/coursedetails?courseid=6cab4e2c3c554cd68b7f4d5577a3bb75" "Mozilla/5.0 (Windows NT 5.1) AppleWebKit/537.36 (KHTML, like Gecko) Chrome/45.0.2454.101 Safari/537.36"
120.219.181.107 - - [12/May/2016:19:57:48 +0800] "GET /YXYBB/LEAP/LUPDPWeb/js/main.js?_=1463054417838 HTTP/1.1" 200 17533 "http://new.yxybb.com/YXYBB/yxybb/coursedetails?courseid=6cab4e2c3c554cd68b7f4d5577a3bb75" "Mozilla/5.0 (Windows NT 5.1) AppleWebKit/537.36 (KHTML, like Gecko) Chrome/45.0.2454.101 Safari/537.36"
120.219.181.107 - - [12/May/2016:19:57:48 +0800] "POST /YXYBB/LEAP/Service/RPC/RPC.DO?callService=web&method=FL_SocialOperation_sCommentByReplyto&sid=1E30C39EC429949B46289523B47AB228&rup=http://new.yxybb.com/YXYBB/ HTTP/1.1" 200 819 "http://new.yxybb.com/YXYBB/yxybb/coursedetails?courseid=6cab4e2c3c554cd68b7f4d5577a3bb75" "Mozilla/5.0 (Windows NT 5.1) AppleWebKit/537.36 (KHTML, like Gecko) Chrome/45.0.2454.101 Safari/537.36"
183.69.235.245 - - [12/May/2016:19:57:48 +0800] "POST /YXYBB/LEAP/Service/RPC/RPC.DO?callService=web&method=FL_course_maintainVideoPlayingAuthorityLock&sid=AA083BDC5CAE3D0A64AAA1B0D8868C59&rup=http://new.yxybb.com/YXYBB/ HTTP/1.1" 200 358 "http://new.yxybb.com/YXYBB/yxybb/coursevideo?courseid=d0b1c4f535364e7e9a188035a77e2c97&cwid=CW20140312025&pathno=0002000500020002" "Mozilla/5.0 (Windows NT 6.1) AppleWebKit/537.36 (KHTML, like Gecko) Chrome/45.0.2454.101 Safari/537.36"
60.24.91.122 - - [12/May/2016:19:57:48 +0800] "POST /YXYBB/LEAP/Service/RPC/RPC.DO?callService=web&method=FL_course_sCourseDetailsInfo&sid=D3979EDC1F42173D353864BFF6F7B4D4&rup=http://new.yxybb.com/YXYBB/ HTTP/1.1" 200 1092 "http://new.yxybb.com/YXYBB/yxybb/coursedetails?courseid=8bc7ac29c2174b498ca651191594b1a5" "Mozilla/5.0 (Windows NT 6.1) AppleWebKit/537.36 (KHTML, like Gecko) Chrome/45.0.2454.101 Safari/537.36"
60.24.91.122 - - [12/May/2016:19:57:48 +0800] "POST /YXYBB/LEAP/Service/RPC/RPC.DO?callService=web&method=FL_SocialOperation_sCommentByReplyto&sid=D3979EDC1F42173D353864BFF6F7B4D4&rup=http://new.yxybb.com/YXYBB/ HTTP/1.1" 200 1185 "http://new.yxybb.com/YXYBB/yxybb/coursedetails?courseid=8bc7ac29c2174b498ca651191594b1a5" "Mozilla/5.0 (Windows NT 6.1) AppleWebKit/537.36 (KHTML, like Gecko) Chrome/45.0.2454.101 Safari/537.36"
60.24.91.122 - - [12/May/2016:19:57:48 +0800] "POST /YXYBB/LEAP/Service/RPC/RPC.DO?callService=web&method=FL_course_sTrainResTree&sid=D3979EDC1F42173D353864BFF6F7B4D4&rup=http://new.yxybb.com/YXYBB/ HTTP/1.1" 200 14866 "http://new.yxybb.com/YXYBB/yxybb/coursedetails?courseid=8bc7ac29c2174b498ca651191594b1a5" "Mozilla/5.0 (Windows NT 6.1) AppleWebKit/537.36 (KHTML, like Gecko) Chrome/45.0.2454.101 Safari/537.36"
183.204.24.207 - - [12/May/2016:19:57:48 +0800] "POST /YXYBB/restservices/http/single/query HTTP/1.1" 200 108 "http://new.yxybb.com/YXYBB/LEAP/html/trainopen.html?traincasetype=2" "Mozilla/5.0 (Windows NT 6.3; WOW64; Trident/7.0; SMJB; rv:11.0) like Gecko"
111.10.210.34 - - [12/May/2016:19:57:49 +0800] "POST /YXYBB/LEAP/Service/RPC/RPC.DO?callService=web&method=FL_course_maintainVideoPlayingAuthorityLock&sid=793BCA68EAE37093E02983EE69271EF3&rup=http://new.yxybb.com/YXYBB/ HTTP/1.1" 200 358 "http://new.yxybb.com/YXYBB/yxybb/coursevideo?courseid=f6fbcb45736a4dbbaa3859703a54ef61&cwid=20100621002&pathno=0001000100010002" "Mozilla/5.0 (Windows NT 6.1; WOW64) AppleWebKit/537.36 (KHTML, like Gecko) Chrome/39.0.2171.99 Safari/537.36 2345Explorer/6.5.0.11018"
120.219.181.107 - - [12/May/2016:19:57:49 +0800] "GET /YXYBB/LEAP/LUPDPWeb/js/main.js?_=1463054417847 HTTP/1.1" 200 17533 "http://new.yxybb.com/YXYBB/yxybb/coursedetails?courseid=6cab4e2c3c554cd68b7f4d5577a3bb75" "Mozilla/5.0 (Windows NT 5.1) AppleWebKit/537.36 (KHTML, like Gecko) Chrome/45.0.2454.101 Safari/537.36"
120.219.181.107 - - [12/May/2016:19:57:49 +0800] "GET /YXYBB/LEAP/LUPDPWeb/js/socialOperation.js?_=1463054417851 HTTP/1.1" 200 9405 "http://new.yxybb.com/YXYBB/yxybb/coursedetails?courseid=6cab4e2c3c554cd68b7f4d5577a3bb75" "Mozilla/5.0 (Windows NT 5.1) AppleWebKit/537.36 (KHTML, like Gecko) Chrome/45.0.2454.101 Safari/537.36"
183.204.24.207 - - [12/May/2016:19:57:49 +0800] "POST /YXYBB/restservices/http/single/query HTTP/1.1" 200 108 "http://new.yxybb.com/YXYBB/LEAP/html/trainopen.html?traincasetype=2" "Mozilla/5.0 (Windows NT 6.3; WOW64; Trident/7.0; SMJB; rv:11.0) like Gecko"
60.24.91.122 - - [12/May/2016:19:57:49 +0800] "POST /YXYBB/LEAP/Service/RPC/RPC.DO?callService=web&method=FL_SocialOperation_sCommentByReplyto&sid=D3979EDC1F42173D353864BFF6F7B4D4&rup=http://new.yxybb.com/YXYBB/ HTTP/1.1" 200 177 "http://new.yxybb.com/YXYBB/yxybb/coursedetails?courseid=8bc7ac29c2174b498ca651191594b1a5" "Mozilla/5.0 (Windows NT 6.1) AppleWebKit/537.36 (KHTML, like Gecko) Chrome/45.0.2454.101 Safari/537.36"
60.24.91.122 - - [12/May/2016:19:57:49 +0800] "POST /YXYBB/LEAP/Service/RPC/RPC.DO?callService=web&method=FL_SocialOperation_sCommentByReplyto&sid=D3979EDC1F42173D353864BFF6F7B4D4&rup=http://new.yxybb.com/YXYBB/ HTTP/1.1" 200 177 "http://new.yxybb.com/YXYBB/yxybb/coursedetails?courseid=8bc7ac29c2174b498ca651191594b1a5" "Mozilla/5.0 (Windows NT 6.1) AppleWebKit/537.36 (KHTML, like Gecko) Chrome/45.0.2454.101 Safari/537.36"
60.24.91.122 - - [12/May/2016:19:57:49 +0800] "POST /YXYBB/LEAP/Service/RPC/RPC.DO?callService=web&method=FL_SocialOperation_sCommentByReplyto&sid=D3979EDC1F42173D353864BFF6F7B4D4&rup=http://new.yxybb.com/YXYBB/ HTTP/1.1" 200 177 "http://new.yxybb.com/YXYBB/yxybb/coursedetails?courseid=8bc7ac29c2174b498ca651191594b1a5" "Mozilla/5.0 (Windows NT 6.1) AppleWebKit/537.36 (KHTML, like Gecko) Chrome/45.0.2454.101 Safari/537.36"
60.24.91.122 - - [12/May/2016:19:57:49 +0800] "POST /YXYBB/LEAP/Service/RPC/RPC.DO?callService=web&method=FL_SocialOperation_sCommentByReplyto&sid=D3979EDC1F42173D353864BFF6F7B4D4&rup=http://new.yxybb.com/YXYBB/ HTTP/1.1" 200 177 "http://new.yxybb.com/YXYBB/yxybb/coursedetails?courseid=8bc7ac29c2174b498ca651191594b1a5" "Mozilla/5.0 (Windows NT 6.1) AppleWebKit/537.36 (KHTML, like Gecko) Chrome/45.0.2454.101 Safari/537.36"
60.24.91.122 - - [12/May/2016:19:57:49 +0800] "POST /YXYBB/LEAP/Service/RPC/RPC.DO?callService=web&method=FL_SocialOperation_sCommentByReplyto&sid=D3979EDC1F42173D353864BFF6F7B4D4&rup=http://new.yxybb.com/YXYBB/ HTTP/1.1" 200 177 "http://new.yxybb.com/YXYBB/yxybb/coursedetails?courseid=8bc7ac29c2174b498ca651191594b1a5" "Mozilla/5.0 (Windows NT 6.1) AppleWebKit/537.36 (KHTML, like Gecko) Chrome/45.0.2454.101 Safari/537.36"
60.24.91.122 - - [12/May/2016:19:57:50 +0800] "GET /YXYBB/LEAP/LUPDPWeb/js/main.js?_=1463055522881 HTTP/1.1" 200 17533 "http://new.yxybb.com/YXYBB/yxybb/coursedetails?courseid=8bc7ac29c2174b498ca651191594b1a5" "Mozilla/5.0 (Windows NT 6.1) AppleWebKit/537.36 (KHTML, like Gecko) Chrome/45.0.2454.101 Safari/537.36"
60.24.91.122 - - [12/May/2016:19:57:50 +0800] "GET /YXYBB/LEAP/LUPDPWeb/js/ueditor1_4_3-utf8-jsp/third-party/zeroclipboard/ZeroClipboard.swf?noCache=1463055522859 HTTP/1.1" 200 3933 "http://new.yxybb.com/YXYBB/yxybb/coursedetails?courseid=8bc7ac29c2174b498ca651191594b1a5" "Mozilla/5.0 (Windows NT 6.1) AppleWebKit/537.36 (KHTML, like Gecko) Chrome/45.0.2454.101 Safari/537.36"
113.251.59.58 - - [12/May/2016:19:57:50 +0800] "POST /YXYBB/LEAP/Service/RPC/RPC.DO?callService=web&method=FL_course_uStudyProcessInfo&sid=7894D503CBF8AF8E3190E1CB771C004D&rup=http://new.yxybb.com/YXYBB/ HTTP/1.1" 200 703 "http://new.yxybb.com/YXYBB/yxybb/coursevideo?courseid=f6fbcb45736a4dbbaa3859703a54ef61&cwid=CW20140423144416825&pathno=0001000800010001" "Mozilla/5.0 (Windows NT 6.1; WOW64) AppleWebKit/537.36 (KHTML, like Gecko) Chrome/31.0.1650.63 Safari/537.36"
120.219.181.107 - - [12/May/2016:19:57:50 +0800] "GET /YXYBB/LEAP/LUPDPWeb/js/main.js?_=1463054418613 HTTP/1.1" 200 17533 "http://new.yxybb.com/YXYBB/yxybb/coursedetails?courseid=6cab4e2c3c554cd68b7f4d5577a3bb75" "Mozilla/5.0 (Windows NT 5.1) AppleWebKit/537.36 (KHTML, like Gecko) Chrome/45.0.2454.101 Safari/537.36"
60.24.91.122 - - [12/May/2016:19:57:50 +0800] "GET /YXYBB/LEAP/LUPDPWeb/js/socialOperation.js?_=1463055522898 HTTP/1.1" 200 9405 "http://new.yxybb.com/YXYBB/yxybb/coursedetails?courseid=8bc7ac29c2174b498ca651191594b1a5" "Mozilla/5.0 (Windows NT 6.1) AppleWebKit/537.36 (KHTML, like Gecko) Chrome/45.0.2454.101 Safari/537.36"
183.204.24.207 - - [12/May/2016:19:57:50 +0800] "POST /YXYBB/restservices/http/single/query HTTP/1.1" 200 108 "http://new.yxybb.com/YXYBB/LEAP/html/trainopen.html?traincasetype=2" "Mozilla/5.0 (Windows NT 6.3; WOW64; Trident/7.0; SMJB; rv:11.0) like Gecko"
120.219.181.107 - - [12/May/2016:19:57:51 +0800] "GET /YXYBB/LEAP/LUPDPWeb/js/socialOperation.js?_=1463054418614 HTTP/1.1" 200 9405 "http://new.yxybb.com/YXYBB/yxybb/coursedetails?courseid=6cab4e2c3c554cd68b7f4d5577a3bb75" "Mozilla/5.0 (Windows NT 5.1) AppleWebKit/537.36 (KHTML, like Gecko) Chrome/45.0.2454.101 Safari/537.36"
60.24.91.122 - - [12/May/2016:19:57:51 +0800] "GET /YXYBB/LEAP/LUPDPWeb/js/socialOperation.js?_=1463055522902 HTTP/1.1" 200 9405 "http://new.yxybb.com/YXYBB/yxybb/coursedetails?courseid=8bc7ac29c2174b498ca651191594b1a5" "Mozilla/5.0 (Windows NT 6.1) AppleWebKit/537.36 (KHTML, like Gecko) Chrome/45.0.2454.101 Safari/537.36"
120.219.181.107 - - [12/May/2016:19:57:51 +0800] "GET /YXYBB/LEAP/Download/default/2016/3/28/9f049a3d7f854a649a5b908e3068823d.jpg HTTP/1.1" 304 0 "http://new.yxybb.com/YXYBB/yxybb/coursedetails?courseid=6cab4e2c3c554cd68b7f4d5577a3bb75" "Mozilla/5.0 (Windows NT 5.1) AppleWebKit/537.36 (KHTML, like Gecko) Chrome/45.0.2454.101 Safari/537.36"
120.219.181.107 - - [12/May/2016:19:57:51 +0800] "GET /YXYBB/LEAP/LUPDPWeb/js/socialOperation.js?_=1463054420901 HTTP/1.1" 200 9405 "http://new.yxybb.com/YXYBB/yxybb/coursedetails?courseid=6cab4e2c3c554cd68b7f4d5577a3bb75" "Mozilla/5.0 (Windows NT 5.1) AppleWebKit/537.36 (KHTML, like Gecko) Chrome/45.0.2454.101 Safari/537.36"
125.86.118.1 - - [12/May/2016:19:57:51 +0800] "POST /YXYBB/LEAP/Service/RPC/RPC.DO?callService=web&method=FL_course_maintainVideoPlayingAuthorityLock&sid=2273A5C57046929091D54F7BAE60DCCB&rup=http://new.yxybb.com/YXYBB/ HTTP/1.1" 200 358 "http://new.yxybb.com/YXYBB/yxybb/coursevideo?courseid=f6fbcb45736a4dbbaa3859703a54ef61&cwid=CW20131209102344352&pathno=0003000200080005" "Mozilla/5.0 (Windows NT 6.1) AppleWebKit/537.36 (KHTML, like Gecko) Chrome/44.0.2403.89 Safari/537.36"
60.24.91.122 - - [12/May/2016:19:57:51 +0800] "GET /YXYBB/LEAP/LUPDPWeb/js/main.js?_=1463055522919 HTTP/1.1" 200 17533 "http://new.yxybb.com/YXYBB/yxybb/coursedetails?courseid=8bc7ac29c2174b498ca651191594b1a5" "Mozilla/5.0 (Windows NT 6.1) AppleWebKit/537.36 (KHTML, like Gecko) Chrome/45.0.2454.101 Safari/537.36"
183.204.24.207 - - [12/May/2016:19:57:51 +0800] "POST /YXYBB/restservices/http/single/query HTTP/1.1" 200 108 "http://new.yxybb.com/YXYBB/LEAP/html/trainopen.html?traincasetype=2" "Mozilla/5.0 (Windows NT 6.3; WOW64; Trident/7.0; SMJB; rv:11.0) like Gecko"
180.213.155.223 - - [12/May/2016:19:57:52 +0800] "POST /YXYBB/LEAP/Service/RPC/RPC.DO?callService=web&method=FL_course_uStudyProcessInfo&sid=3C0814CEC35D67C8A7554DE68AABC30D&rup=http://new.yxybb.com/YXYBB/ HTTP/1.1" 200 700 "http://new.yxybb.com/YXYBB/yxybb/coursevideo?courseid=8bc7ac29c2174b498ca651191594b1a5&cwid=20100519001&pathno=0003000600010001" "Mozilla/5.0 (Windows NT 5.1) AppleWebKit/537.36 (KHTML, like Gecko) Chrome/31.0.1650.63 Safari/537.36"
60.24.91.122 - - [12/May/2016:19:57:52 +0800] "GET /YXYBB/LEAP/LUPDPWeb/js/socialOperation.js?_=1463055522926 HTTP/1.1" 200 9405 "http://new.yxybb.com/YXYBB/yxybb/coursedetails?courseid=8bc7ac29c2174b498ca651191594b1a5" "Mozilla/5.0 (Windows NT 6.1) AppleWebKit/537.36 (KHTML, like Gecko) Chrome/45.0.2454.101 Safari/537.36"
183.204.24.207 - - [12/May/2016:19:57:52 +0800] "POST /YXYBB/restservices/http/single/query HTTP/1.1" 200 108 "http://new.yxybb.com/YXYBB/LEAP/html/trainopen.html?traincasetype=2" "Mozilla/5.0 (Windows NT 6.3; WOW64; Trident/7.0; SMJB; rv:11.0) like Gecko"
60.24.91.122 - - [12/May/2016:19:57:52 +0800] "GET /YXYBB/LEAP/LUPDPWeb/js/main.js?_=1463055523784 HTTP/1.1" 200 17533 "http://new.yxybb.com/YXYBB/yxybb/coursedetails?courseid=8bc7ac29c2174b498ca651191594b1a5" "Mozilla/5.0 (Windows NT 6.1) AppleWebKit/537.36 (KHTML, like Gecko) Chrome/45.0.2454.101 Safari/537.36"
14.106.89.228 - - [12/May/2016:19:57:53 +0800] "POST /YXYBB/LEAP/Service/RPC/RPC.DO?callService=web&method=FL_course_uStudyProcessInfo&sid=951D9ACF7F9CDE7F50006DFD9825B827&rup=http://new.yxybb.com/YXYBB/ HTTP/1.1" 200 703 "http://new.yxybb.com/YXYBB/yxybb/coursevideo?courseid=d0b1c4f535364e7e9a188035a77e2c97&cwid=CW20150906141229809&pathno=0001001000040002" "Mozilla/5.0 (Windows NT 10.0; WOW64) AppleWebKit/537.36 (KHTML, like Gecko) Chrome/45.0.2454.101 Safari/537.36"
183.204.24.207 - - [12/May/2016:19:57:53 +0800] "POST /YXYBB/restservices/http/single/query HTTP/1.1" 200 108 "http://new.yxybb.com/YXYBB/LEAP/html/trainopen.html?traincasetype=2" "Mozilla/5.0 (Windows NT 6.3; WOW64; Trident/7.0; SMJB; rv:11.0) like Gecko"
14.17.11.196 - - [12/May/2016:19:57:54 +0800] "POST /YXYBB/LEAP/Service/RPC/RPC.DO?callService=web&method=WXCheckLogin&sid=8DE2965FBB6A0F12E8A7EBDDD980EDCA&rup=http://new.yxybb.com/YXYBB/ HTTP/1.1" 200 1030 "http://new.yxybb.com/YXYBB/yxybbw/userLogin?openID=o_6QDsy1do1DEpwZM9S65iCOcASY" "Mozilla/5.0 (Linux; Android 4.4.4; HM 2A Build/KTU84Q) AppleWebKit/537.36 (KHTML, like Gecko) Version/4.0 Chrome/37.0.0.0 Mobile MQQBrowser/6.2 TBS/036215 Safari/537.36 MicroMessenger/6.3.16.49_r03ae324.780 NetType/WIFI Language/zh_CN"
125.39.162.3 - - [12/May/2016:19:57:54 +0800] "GET /YXYBB/yxybb/coursedetails?courseid=72ef1485235d54e772e9066bef90f702 HTTP/1.1" 200 7051 "http://new.yxybb.com/YXYBB/yxybb/Search?param=%E6%97%B6%E9%97%B4%E7%AE%A1%E7%90%86" "Mozilla/5.0 (Windows NT 6.1) AppleWebKit/537.1 (KHTML, like Gecko) Chrome/21.0.1180.89 Safari/537.1"
183.228.215.130 - - [12/May/2016:19:57:54 +0800] "GET /YXYBB/yxybb/coursevideo?courseid=948cd7fbbeea4a249eda351180daf7e8&cwid=20100621002&pathno=0001000100010002 HTTP/1.1" 200 4002 "-" "Mozilla/4.0 (compatible; MSIE 8.0; Windows NT 6.1; WOW64; Trident/4.0; SLCC2; .NET CLR 2.0.50727; .NET CLR 3.5.30729; .NET CLR 3.0.30729)"
221.196.231.241 - - [12/May/2016:19:57:54 +0800] "GET /YXYBB/LEAP/LUPDPWeb/img/circle.gif HTTP/1.1" 200 1293 "http://new.yxybb.com/YXYBB/yxybb/person_study?loadtype=1" "Mozilla/4.0 (compatible; MSIE 8.0; Windows NT 6.1; Trident/4.0; SLCC2; .NET CLR 2.0.50727; .NET CLR 3.5.30729; .NET CLR 3.0.30729; MALN; .NET4.0C)"
183.204.24.207 - - [12/May/2016:19:57:54 +0800] "POST /YXYBB/restservices/http/single/query HTTP/1.1" 200 108 "http://new.yxybb.com/YXYBB/LEAP/html/trainopen.html?traincasetype=2" "Mozilla/5.0 (Windows NT 6.3; WOW64; Trident/7.0; SMJB; rv:11.0) like Gecko"
221.196.231.241 - - [12/May/2016:19:57:54 +0800] "GET /YXYBB/LEAP/LUPDPWeb/img/shop.png HTTP/1.1" 200 1311 "http://new.yxybb.com/YXYBB/yxybb/person_study?loadtype=1" "Mozilla/4.0 (compatible; MSIE 8.0; Windows NT 6.1; Trident/4.0; SLCC2; .NET CLR 2.0.50727; .NET CLR 3.5.30729; .NET CLR 3.0.30729; MALN; .NET4.0C)"
221.196.231.241 - - [12/May/2016:19:57:54 +0800] "GET /YXYBB/LEAP/Resource/flash/hp.swf HTTP/1.1" 200 4139 "http://new.yxybb.com/YXYBB/yxybb/person_study?loadtype=1" "Mozilla/4.0 (compatible; MSIE 8.0; Windows NT 6.1; Trident/4.0; SLCC2; .NET CLR 2.0.50727; .NET CLR 3.5.30729; .NET CLR 3.0.30729; MALN; .NET4.0C)"
125.39.162.3 - - [12/May/2016:19:57:54 +0800] "POST /YXYBB/LEAP/Service/RPC/RPC.DO?type=997&_z=09cb HTTP/1.1" 200 32 "http://new.yxybb.com/YXYBB/yxybb/coursedetails?courseid=72ef1485235d54e772e9066bef90f702" "Mozilla/5.0 (Windows NT 6.1) AppleWebKit/537.1 (KHTML, like Gecko) Chrome/21.0.1180.89 Safari/537.1"
125.39.162.3 - - [12/May/2016:19:57:55 +0800] "POST /YXYBB/LEAP/Service/RPC/RPC.DO?callService=web&method=FL_person_getLoginSession&sid=E78848FD36B828556DBF4AD948EBF601&rup=http://new.yxybb.com/YXYBB/ HTTP/1.1" 200 175 "http://new.yxybb.com/YXYBB/yxybb/coursedetails?courseid=72ef1485235d54e772e9066bef90f702" "Mozilla/5.0 (Windows NT 6.1) AppleWebKit/537.1 (KHTML, like Gecko) Chrome/21.0.1180.89 Safari/537.1"
125.39.162.3 - - [12/May/2016:19:57:55 +0800] "POST /YXYBB/LEAP/Service/RPC/RPC.DO?callService=web&method=SearchCache&sid=E78848FD36B828556DBF4AD948EBF601&rup=http://new.yxybb.com/YXYBB/ HTTP/1.1" 200 552 "http://new.yxybb.com/YXYBB/yxybb/coursedetails?courseid=72ef1485235d54e772e9066bef90f702" "Mozilla/5.0 (Windows NT 6.1) AppleWebKit/537.1 (KHTML, like Gecko) Chrome/21.0.1180.89 Safari/537.1"
125.39.162.3 - - [12/May/2016:19:57:55 +0800] "POST /YXYBB/LEAP/Service/RPC/RPC.DO?callService=web&method=notReadMessageNum&sid=E78848FD36B828556DBF4AD948EBF601&rup=http://new.yxybb.com/YXYBB/ HTTP/1.1" 200 173 "http://new.yxybb.com/YXYBB/yxybb/coursedetails?courseid=72ef1485235d54e772e9066bef90f702" "Mozilla/5.0 (Windows NT 6.1) AppleWebKit/537.1 (KHTML, like Gecko) Chrome/21.0.1180.89 Safari/537.1"
