39.163.55.205 - - [12/May/2016:19:53:54 +0800] "GET /YXYBB/LEAP/web/js/public/js/main.js HTTP/1.1" 304 0 "http://new.yxybb.com/YXYBB/LEAP/html/index.html" "Mozilla/4.0 (compatible; MSIE 8.0; Windows NT 5.1; Trident/4.0)"
39.163.55.205 - - [12/May/2016:19:53:54 +0800] "GET /YXYBB/LEAP/img/close.png HTTP/1.1" 404 905 "http://new.yxybb.com/YXYBB/LEAP/html/index.html" "Mozilla/4.0 (compatible; MSIE 8.0; Windows NT 5.1; Trident/4.0)"
39.163.55.205 - - [12/May/2016:19:53:54 +0800] "POST /YXYBB/restservices/http/single/query HTTP/1.1" 200 2504 "http://new.yxybb.com/YXYBB/LEAP/html/index.html" "Mozilla/4.0 (compatible; MSIE 8.0; Windows NT 5.1; Trident/4.0)"
125.39.162.3 - - [12/May/2016:19:53:54 +0800] "GET /YXYBB/LEAP/web/js/public/control/pagemodule/header.module.js HTTP/1.1" 200 4998 "http://new.yxybb.com/YXYBB/LEAP/html/index.html" "Mozilla/5.0 (Windows NT 6.1) AppleWebKit/537.1 (KHTML, like Gecko) Chrome/21.0.1180.89 Safari/537.1"
125.39.162.3 - - [12/May/2016:19:53:54 +0800] "GET /YXYBB/LEAP/web/js/public/control/pagemodule/common.module.js HTTP/1.1" 200 2126 "http://new.yxybb.com/YXYBB/LEAP/html/index.html" "Mozilla/5.0 (Windows NT 6.1) AppleWebKit/537.1 (KHTML, like Gecko) Chrome/21.0.1180.89 Safari/537.1"
39.163.55.205 - - [12/May/2016:19:53:54 +0800] "POST /YXYBB/restservices/http/single/query HTTP/1.1" 200 973 "http://new.yxybb.com/YXYBB/LEAP/html/index.html" "Mozilla/4.0 (compatible; MSIE 8.0; Windows NT 5.1; Trident/4.0)"
39.163.55.205 - - [12/May/2016:19:53:54 +0800] "POST /YXYBB/restservices/http/single/query HTTP/1.1" 200 110 "http://new.yxybb.com/YXYBB/LEAP/html/index.html" "Mozilla/4.0 (compatible; MSIE 8.0; Windows NT 5.1; Trident/4.0)"
39.163.55.205 - - [12/May/2016:19:53:55 +0800] "POST /YXYBB/restservices/http/single/query HTTP/1.1" 200 847 "http://new.yxybb.com/YXYBB/LEAP/html/index.html" "Mozilla/4.0 (compatible; MSIE 8.0; Windows NT 5.1; Trident/4.0)"
60.27.81.29 - - [12/May/2016:19:53:55 +0800] "POST /YXYBB/LEAP/Service/RPC/RPC.DO?callService=web&method=FL_course_uStudyProcessInfo&sid=4093643FD4F9EFCA17C6FEBE40B3E170&rup=http://new.yxybb.com/YXYBB/ HTTP/1.1" 200 704 "http://new.yxybb.com/YXYBB/yxybb/coursevideo?courseid=8bc7ac29c2174b498ca651191594b1a5&cwid=CW20130718172628720&pathno=0003000800010002" "Mozilla/5.0 (Windows NT 10.0) AppleWebKit/537.36 (KHTML, like Gecko) Chrome/47.0.2526.80 Safari/537.36 Core/1.47.210.400 QQBrowser/9.3.7458.400"
125.39.162.3 - - [12/May/2016:19:53:55 +0800] "GET /YXYBB/LEAP/web/js/public/control/pagemodule/index.module.js HTTP/1.1" 200 640 "http://new.yxybb.com/YXYBB/LEAP/html/index.html" "Mozilla/5.0 (Windows NT 6.1) AppleWebKit/537.1 (KHTML, like Gecko) Chrome/21.0.1180.89 Safari/537.1"
125.39.162.3 - - [12/May/2016:19:53:55 +0800] "GET /YXYBB/LEAP/web/js/public/control/data/header.data.js HTTP/1.1" 200 416 "http://new.yxybb.com/YXYBB/LEAP/html/index.html" "Mozilla/5.0 (Windows NT 6.1) AppleWebKit/537.1 (KHTML, like Gecko) Chrome/21.0.1180.89 Safari/537.1"
125.39.162.3 - - [12/May/2016:19:53:55 +0800] "GET /YXYBB/LEAP/web/js/public/control/data/index.data.js HTTP/1.1" 200 283 "http://new.yxybb.com/YXYBB/LEAP/html/index.html" "Mozilla/5.0 (Windows NT 6.1) AppleWebKit/537.1 (KHTML, like Gecko) Chrome/21.0.1180.89 Safari/537.1"
125.39.162.3 - - [12/May/2016:19:53:55 +0800] "GET /YXYBB/LEAP/web/js/public/control/data/socialOperation.data.js HTTP/1.1" 200 479 "http://new.yxybb.com/YXYBB/LEAP/html/index.html" "Mozilla/5.0 (Windows NT 6.1) AppleWebKit/537.1 (KHTML, like Gecko) Chrome/21.0.1180.89 Safari/537.1"
125.39.162.3 - - [12/May/2016:19:53:55 +0800] "GET /YXYBB/LEAP/lib/avalon.js HTTP/1.1" 200 29030 "http://new.yxybb.com/YXYBB/LEAP/html/index.html" "Mozilla/5.0 (Windows NT 6.1) AppleWebKit/537.1 (KHTML, like Gecko) Chrome/21.0.1180.89 Safari/537.1"
222.138.95.13 - - [12/May/2016:19:53:56 +0800] "POST /YXYBB/LEAP/Service/RPC/RPC.DO?callService=web&method=FL_course_uStudyProcessInfo&sid=E726684DABA01DC4D0CC6F3896640CE6&rup=http://new.yxybb.com/YXYBB/ HTTP/1.1" 200 703 "http://new.yxybb.com/YXYBB/yxybb/coursevideo?courseid=6cab4e2c3c554cd68b7f4d5577a3bb75&cwid=CW20140103112317436&pathno=0001000200010001" "Mozilla/5.0 (Windows NT 6.1; WOW64) AppleWebKit/537.36 (KHTML, like Gecko) Chrome/47.0.2526.80 Safari/537.36 Core/1.47.277.400 QQBrowser/9.4.7658.400"
183.228.224.73 - - [12/May/2016:19:53:56 +0800] "GET /YXYBB/LEAP/Download/default/2016/3/29/a1f162192aee415384e3f0025cd2b297.jpg HTTP/1.1" 200 45191 "-" "%E4%BF%9D%E5%AE%9D/1.0.4 CFNetwork/758.0.2 Darwin/15.0.0"
113.206.216.33 - - [12/May/2016:19:53:56 +0800] "POST /YXYBB/restservices/http/single/query HTTP/1.1" 200 847 "http://new.yxybb.com/YXYBB/LEAP/html/index.html" "Mozilla/4.0 (compatible; MSIE 8.0; Windows NT 5.1; Trident/4.0)"
125.39.162.3 - - [12/May/2016:19:53:57 +0800] "POST /YXYBB/restservices/http/single/query HTTP/1.1" 200 985 "http://new.yxybb.com/YXYBB/LEAP/html/index.html" "Mozilla/5.0 (Windows NT 6.1) AppleWebKit/537.1 (KHTML, like Gecko) Chrome/21.0.1180.89 Safari/537.1"
125.39.162.3 - - [12/May/2016:19:53:57 +0800] "POST /YXYBB/restservices/http/single/query HTTP/1.1" 200 108 "http://new.yxybb.com/YXYBB/LEAP/html/index.html" "Mozilla/5.0 (Windows NT 6.1) AppleWebKit/537.1 (KHTML, like Gecko) Chrome/21.0.1180.89 Safari/537.1"
125.39.162.3 - - [12/May/2016:19:53:57 +0800] "POST /YXYBB/restservices/http/single/query HTTP/1.1" 200 110 "http://new.yxybb.com/YXYBB/LEAP/html/index.html" "Mozilla/5.0 (Windows NT 6.1) AppleWebKit/537.1 (KHTML, like Gecko) Chrome/21.0.1180.89 Safari/537.1"
125.39.162.3 - - [12/May/2016:19:53:57 +0800] "GET /YXYBB/LEAP/Download/default/system/userpic/2016/1/15/cf59449a0c6146ce9283c53dd9069cee.jpg HTTP/1.1" 304 0 "http://new.yxybb.com/YXYBB/LEAP/html/index.html" "Mozilla/5.0 (Windows NT 6.1) AppleWebKit/537.1 (KHTML, like Gecko) Chrome/21.0.1180.89 Safari/537.1"
125.39.162.3 - - [12/May/2016:19:53:58 +0800] "POST /YXYBB/restservices/http/single/query HTTP/1.1" 200 985 "http://new.yxybb.com/YXYBB/LEAP/html/index.html" "Mozilla/5.0 (Windows NT 6.1) AppleWebKit/537.1 (KHTML, like Gecko) Chrome/21.0.1180.89 Safari/537.1"
125.39.162.3 - - [12/May/2016:19:53:58 +0800] "GET /YXYBB/LEAP/web/js/public/control/data/footer.data.js HTTP/1.1" 200 587 "http://new.yxybb.com/YXYBB/LEAP/html/index.html" "Mozilla/5.0 (Windows NT 6.1) AppleWebKit/537.1 (KHTML, like Gecko) Chrome/21.0.1180.89 Safari/537.1"
125.39.162.3 - - [12/May/2016:19:53:58 +0800] "GET /YXYBB/LEAP/web/js/public/control/data/person_mycare.data.js HTTP/1.1" 200 867 "http://new.yxybb.com/YXYBB/LEAP/html/index.html" "Mozilla/5.0 (Windows NT 6.1) AppleWebKit/537.1 (KHTML, like Gecko) Chrome/21.0.1180.89 Safari/537.1"
125.39.162.3 - - [12/May/2016:19:53:58 +0800] "GET /YXYBB/LEAP/web/js/public/control/pagemodule/socialOperation.module.js HTTP/1.1" 200 4780 "http://new.yxybb.com/YXYBB/LEAP/html/index.html" "Mozilla/5.0 (Windows NT 6.1) AppleWebKit/537.1 (KHTML, like Gecko) Chrome/21.0.1180.89 Safari/537.1"
113.206.216.33 - - [12/May/2016:19:53:59 +0800] "POST /YXYBB/restservices/http/single/query HTTP/1.1" 200 847 "http://new.yxybb.com/YXYBB/LEAP/html/index.html" "Mozilla/4.0 (compatible; MSIE 8.0; Windows NT 5.1; Trident/4.0)"
113.206.216.33 - - [12/May/2016:19:53:59 +0800] "POST /YXYBB/restservices/http/single/query HTTP/1.1" 200 103 "http://new.yxybb.com/YXYBB/LEAP/html/index.html" "Mozilla/4.0 (compatible; MSIE 8.0; Windows NT 5.1; Trident/4.0)"
123.12.83.60 - - [12/May/2016:19:54:01 +0800] "POST /YXYBB/LEAP/Service/RPC/RPC.DO?callService=web&method=FL_course_maintainVideoPlayingAuthorityLock&sid=A2B603602C2C9ACB241C1D1EF6EEF6EE&rup=http://new.yxybb.com/YXYBB/ HTTP/1.1" 200 358 "http://new.yxybb.com/YXYBB/yxybb/coursevideo?courseid=6cab4e2c3c554cd68b7f4d5577a3bb75&cwid=CW20140527115217037&pathno=0003000200010001" "Mozilla/5.0 (Windows NT 6.1) AppleWebKit/537.36 (KHTML, like Gecko) Chrome/45.0.2454.101 Safari/537.36"
219.156.65.113 - - [12/May/2016:19:54:01 +0800] "POST /YXYBB/LEAP/Service/RPC/RPC.DO?callService=web&method=FL_course_uStudyProcessInfo&sid=A2D9638C11AF01383196FE1C9EC9F996&rup=http://new.yxybb.com/YXYBB/ HTTP/1.1" 200 703 "http://new.yxybb.com/YXYBB/yxybb/coursevideo?courseid=6cab4e2c3c554cd68b7f4d5577a3bb75&cwid=CW20131231104820742&pathno=0001000300010001" "Mozilla/5.0 (Windows NT 10.0; WOW64) AppleWebKit/537.36 (KHTML, like Gecko) Chrome/47.0.2526.80 Safari/537.36 QQBrowser/9.3.6581.400"
125.82.11.250 - - [12/May/2016:19:54:03 +0800] "GET /YXYBB/LEAP/Download/default/info/rolladpic/2016/5/10/9eb6e61df3594176a89d56bf80e303b4.jpg HTTP/1.1" 200 37729 "-" "%E4%BF%9D%E5%AE%9D/1.0.3 CFNetwork/758.3.15 Darwin/15.4.0"
106.87.8.36 - - [12/May/2016:19:54:04 +0800] "POST /YXYBB/LEAP/Service/RPC/RPC.DO?callService=web&method=FL_course_uStudyProcessInfo&sid=EB5CB2ACFB88748395C706A8C2662DED&rup=http://new.yxybb.com/YXYBB/ HTTP/1.1" 200 704 "http://new.yxybb.com/YXYBB/yxybb/coursevideo?courseid=d0b1c4f535364e7e9a188035a77e2c97&cwid=CW20120702103118515&pathno=0001000900010003" "Mozilla/5.0 (Windows NT 5.1) AppleWebKit/537.36 (KHTML, like Gecko) Chrome/47.0.2526.80 Safari/537.36 Core/1.47.277.400 QQBrowser/9.4.7658.400"
39.163.55.205 - - [12/May/2016:19:54:04 +0800] "GET /YXYBB/LEAP/LUPDPWeb/css/main.css HTTP/1.1" 200 39998 "http://new.yxybb.com/YXYBB/yxybb/person_study?loadtype=1" "Mozilla/4.0 (compatible; MSIE 8.0; Windows NT 5.1; Trident/4.0)"
1.196.12.45 - - [12/May/2016:19:54:07 +0800] "GET /YXYBB/LEAP/Download/default/2016/3/28/da98c1ff1800455aaa4f7a79ed266307.jpg HTTP/1.1" 200 43819 "-" "Dalvik/2.1.0 (Linux; U; Android 5.0; SM-G9008W Build/LRX21T)"
111.10.251.124 - - [12/May/2016:19:54:07 +0800] "POST /YXYBB/LEAP/Service/RPC/RPC.DO?callService=web&method=FL_course_maintainVideoPlayingAuthorityLock&sid=DC1F24311445A24BDAD4629DB1685B46&rup=http://new.yxybb.com/YXYBB/ HTTP/1.1" 200 358 "http://new.yxybb.com/YXYBB/yxybb/coursevideo?courseid=d0b1c4f535364e7e9a188035a77e2c97&cwid=CW20140527100720532&pathno=0002000600010002" "Mozilla/5.0 (Windows NT 6.1) AppleWebKit/537.36 (KHTML, like Gecko) Chrome/45.0.2454.101 Safari/537.36"
113.206.216.33 - - [12/May/2016:19:54:08 +0800] "POST /YXYBB/restservices/http/single/query HTTP/1.1" 200 103 "http://new.yxybb.com/YXYBB/LEAP/html/index.html" "Mozilla/4.0 (compatible; MSIE 8.0; Windows NT 5.1; Trident/4.0)"
183.228.119.117 - - [12/May/2016:19:54:10 +0800] "POST /YXYBB/LEAP/Service/RPC/RPC.DO?callService=web&method=FL_course_uStudyProcessInfo&sid=C724612EF7AC9499E5F403A8295A2E0B&rup=http://new.yxybb.com/YXYBB/ HTTP/1.1" 200 704 "http://new.yxybb.com/YXYBB/yxybb/coursevideo?courseid=d0b1c4f535364e7e9a188035a77e2c97&cwid=CW20120702102158437&pathno=0001000900010001" "Mozilla/5.0 (Windows NT 6.3; WOW64) AppleWebKit/537.36 (KHTML, like Gecko) Chrome/45.0.2454.101 Safari/537.36"
113.206.216.33 - - [12/May/2016:19:54:11 +0800] "POST /YXYBB/restservices/http/single/query HTTP/1.1" 200 108 "http://new.yxybb.com/YXYBB/LEAP/html/index.html" "Mozilla/4.0 (compatible; MSIE 8.0; Windows NT 5.1; Trident/4.0)"
113.206.216.33 - - [12/May/2016:19:54:11 +0800] "POST /YXYBB/restservices/http/single/query HTTP/1.1" 200 103 "http://new.yxybb.com/YXYBB/LEAP/html/index.html" "Mozilla/4.0 (compatible; MSIE 8.0; Windows NT 5.1; Trident/4.0)"
113.206.216.33 - - [12/May/2016:19:54:12 +0800] "GET /YXYBB/LEAP/Download/default/2015/12/31/fb46ffb4a60c48cfbcf81a24ee38e431.jpg HTTP/1.1" 200 26635 "http://new.yxybb.com/YXYBB/LEAP/html/index.html" "Mozilla/4.0 (compatible; MSIE 8.0; Windows NT 5.1; Trident/4.0)"
221.10.250.56 - - [12/May/2016:19:54:12 +0800] "POST /YXYBB/LEAP/Service/RPC/RPC.DO?callService=web&method=FL_course_maintainVideoPlayingAuthorityLock&sid=C7108AE7FAB0BAECD4A1300B667C303B&rup=http://new.yxybb.com/YXYBB/ HTTP/1.1" 200 358 "http://new.yxybb.com/YXYBB/yxybb/coursevideo?courseid=d0b1c4f535364e7e9a188035a77e2c97&cwid=CW20120702103851953&pathno=0001000900020001" "Mozilla/5.0 (Windows NT 6.1; WOW64) AppleWebKit/537.36 (KHTML, like Gecko) Chrome/45.0.2454.101 Safari/537.36"
113.206.216.33 - - [12/May/2016:19:54:13 +0800] "POST /YXYBB/restservices/http/single/query HTTP/1.1" 200 208 "http://new.yxybb.com/YXYBB/LEAP/html/index.html" "Mozilla/4.0 (compatible; MSIE 8.0; Windows NT 5.1; Trident/4.0)"
118.194.238.198 - - [12/May/2016:19:54:13 +0800] "POST /YXYBB/LEAP/Service/RPC/RPC.DO?callService=web&method=FL_course_uStudyProcessInfo&sid=4C6F736133C0BC3FE9AD5E1FD7FF49AD&rup=http://new.yxybb.com/YXYBB/ HTTP/1.1" 200 702 "http://new.yxybb.com/YXYBB/yxybb/coursevideo?courseid=8bc7ac29c2174b498ca651191594b1a5&cwid=CW201410221434501&pathno=0002000900010001" "Mozilla/5.0 (Windows NT 5.1) AppleWebKit/537.36 (KHTML, like Gecko) Chrome/39.0.2171.99 Safari/537.36 2345Explorer/6.5.0.11018"
113.206.216.33 - - [12/May/2016:19:54:14 +0800] "POST /YXYBB/restservices/http/single/query HTTP/1.1" 200 208 "http://new.yxybb.com/YXYBB/LEAP/html/index.html" "Mozilla/4.0 (compatible; MSIE 8.0; Windows NT 5.1; Trident/4.0)"
113.206.216.33 - - [12/May/2016:19:54:14 +0800] "POST /YXYBB/restservices/http/single/query HTTP/1.1" 200 108 "http://new.yxybb.com/YXYBB/LEAP/html/index.html" "Mozilla/4.0 (compatible; MSIE 8.0; Windows NT 5.1; Trident/4.0)"
113.206.216.33 - - [12/May/2016:19:54:15 +0800] "POST /YXYBB/restservices/http/single/query HTTP/1.1" 200 108 "http://new.yxybb.com/YXYBB/LEAP/html/index.html" "Mozilla/4.0 (compatible; MSIE 8.0; Windows NT 5.1; Trident/4.0)"
113.206.216.33 - - [12/May/2016:19:54:15 +0800] "POST /YXYBB/restservices/http/single/query HTTP/1.1" 200 108 "http://new.yxybb.com/YXYBB/LEAP/html/index.html" "Mozilla/4.0 (compatible; MSIE 8.0; Windows NT 5.1; Trident/4.0)"
113.206.216.33 - - [12/May/2016:19:54:15 +0800] "POST /YXYBB/restservices/http/single/query HTTP/1.1" 200 208 "http://new.yxybb.com/YXYBB/LEAP/html/index.html" "Mozilla/4.0 (compatible; MSIE 8.0; Windows NT 5.1; Trident/4.0)"
113.206.216.33 - - [12/May/2016:19:54:16 +0800] "POST /YXYBB/restservices/http/single/query HTTP/1.1" 200 108 "http://new.yxybb.com/YXYBB/LEAP/html/index.html" "Mozilla/4.0 (compatible; MSIE 8.0; Windows NT 5.1; Trident/4.0)"
113.206.216.33 - - [12/May/2016:19:54:16 +0800] "POST /YXYBB/restservices/http/single/query HTTP/1.1" 200 108 "http://new.yxybb.com/YXYBB/LEAP/html/index.html" "Mozilla/4.0 (compatible; MSIE 8.0; Windows NT 5.1; Trident/4.0)"
113.206.216.33 - - [12/May/2016:19:54:16 +0800] "POST /YXYBB/restservices/http/single/query HTTP/1.1" 200 108 "http://new.yxybb.com/YXYBB/LEAP/html/index.html" "Mozilla/4.0 (compatible; MSIE 8.0; Windows NT 5.1; Trident/4.0)"
113.206.216.33 - - [12/May/2016:19:54:17 +0800] "POST /YXYBB/restservices/http/single/query HTTP/1.1" 200 108 "http://new.yxybb.com/YXYBB/LEAP/html/index.html" "Mozilla/4.0 (compatible; MSIE 8.0; Windows NT 5.1; Trident/4.0)"
113.206.216.33 - - [12/May/2016:19:54:17 +0800] "POST /YXYBB/restservices/http/single/query HTTP/1.1" 200 108 "http://new.yxybb.com/YXYBB/LEAP/html/index.html" "Mozilla/4.0 (compatible; MSIE 8.0; Windows NT 5.1; Trident/4.0)"
221.10.250.56 - - [12/May/2016:19:54:17 +0800] "POST /YXYBB/LEAP/Service/RPC/RPC.DO?callService=web&method=FL_course_uStudyProcessInfo&sid=C7108AE7FAB0BAECD4A1300B667C303B&rup=http://new.yxybb.com/YXYBB/ HTTP/1.1" 200 706 "http://new.yxybb.com/YXYBB/yxybb/coursevideo?courseid=d0b1c4f535364e7e9a188035a77e2c97&cwid=CW20120702103851953&pathno=0001000900020001" "Mozilla/5.0 (Windows NT 6.1; WOW64) AppleWebKit/537.36 (KHTML, like Gecko) Chrome/45.0.2454.101 Safari/537.36"
113.206.216.33 - - [12/May/2016:19:54:17 +0800] "POST /YXYBB/restservices/http/single/query HTTP/1.1" 200 108 "http://new.yxybb.com/YXYBB/LEAP/html/index.html" "Mozilla/4.0 (compatible; MSIE 8.0; Windows NT 5.1; Trident/4.0)"
113.206.216.33 - - [12/May/2016:19:54:18 +0800] "POST /YXYBB/restservices/http/single/query HTTP/1.1" 200 108 "http://new.yxybb.com/YXYBB/LEAP/html/index.html" "Mozilla/4.0 (compatible; MSIE 8.0; Windows NT 5.1; Trident/4.0)"
113.206.216.33 - - [12/May/2016:19:54:18 +0800] "POST /YXYBB/restservices/http/single/query HTTP/1.1" 200 108 "http://new.yxybb.com/YXYBB/LEAP/html/index.html" "Mozilla/4.0 (compatible; MSIE 8.0; Windows NT 5.1; Trident/4.0)"
113.206.216.33 - - [12/May/2016:19:54:18 +0800] "POST /YXYBB/restservices/http/single/query HTTP/1.1" 200 108 "http://new.yxybb.com/YXYBB/LEAP/html/index.html" "Mozilla/4.0 (compatible; MSIE 8.0; Windows NT 5.1; Trident/4.0)"
113.206.216.33 - - [12/May/2016:19:54:19 +0800] "POST /YXYBB/restservices/http/single/query HTTP/1.1" 200 108 "http://new.yxybb.com/YXYBB/LEAP/html/index.html" "Mozilla/4.0 (compatible; MSIE 8.0; Windows NT 5.1; Trident/4.0)"
113.206.216.33 - - [12/May/2016:19:54:19 +0800] "POST /YXYBB/restservices/http/single/query HTTP/1.1" 200 108 "http://new.yxybb.com/YXYBB/LEAP/html/index.html" "Mozilla/4.0 (compatible; MSIE 8.0; Windows NT 5.1; Trident/4.0)"
113.206.216.33 - - [12/May/2016:19:54:19 +0800] "POST /YXYBB/restservices/http/single/query HTTP/1.1" 200 108 "http://new.yxybb.com/YXYBB/LEAP/html/index.html" "Mozilla/4.0 (compatible; MSIE 8.0; Windows NT 5.1; Trident/4.0)"
125.47.67.222 - - [12/May/2016:19:54:20 +0800] "POST /YXYBB/LEAP/Service/RPC/RPC.DO?callService=web&method=FL_course_uStudyProcessInfo&sid=BADE52A07890DCA62544CAAB7369914D&rup=http://new.yxybb.com/YXYBB/ HTTP/1.1" 200 702 "http://new.yxybb.com/YXYBB/yxybb/coursevideo?courseid=612acaba6b1e4454a4c7ece3bad150a2&cwid=CW20150421150222601&pathno=0002000100010004" "Mozilla/5.0 (Windows NT 5.1) AppleWebKit/537.36 (KHTML, like Gecko) Chrome/45.0.2454.101 Safari/537.36"
120.219.181.107 - - [12/May/2016:19:54:20 +0800] "GET /YXYBB/yxybb/person_order?bank_seq_no=20160512062629359345&body=%E8%BF%99%E6%98%AF%E6%9D%A5%E8%87%AA%E4%BA%8E%E4%BF%9D%E5%AE%9D%E7%BD%91%E7%9A%84%E5%9F%B9%E8%AE%AD%E8%AF%BE%E7%A8%8B&buyer_email=kehuzijinbu023%40alipay.com&buyer_id=2088502970160936&exterface=create_direct_pay_by_user&is_success=T&notify_id=RqPnCoPT3K9%252Fvwbh3InXSh7ozb7p%252F5aB7cebPerwHX23tFYR0dVWHWTa9T4XwLvI%252Faw3&notify_time=2016-05-12+19%3A54%3A07&notify_type=trade_status_sync&out_trade_no=06D69385C4D849D0BD57CCB73841390A&payment_type=1&seller_email=longrise2008%40yahoo.cn&seller_id=2088001971536565&subject=%E4%BF%9D%E5%AE%9D%E8%AF%BE%E7%A8%8B%E7%B2%BE%E9%80%89&total_fee=60.00&trade_no=2016051221001004930221824905&trade_status=TRADE_SUCCESS&sign=2968709b5a3954af880ff47fa0b8578f&sign_type=MD5 HTTP/1.1" 200 5746 "-" "Mozilla/5.0 (Windows NT 5.1) AppleWebKit/537.36 (KHTML, like Gecko) Chrome/45.0.2454.101 Safari/537.36"
113.206.216.33 - - [12/May/2016:19:54:20 +0800] "POST /YXYBB/restservices/http/single/query HTTP/1.1" 200 108 "http://new.yxybb.com/YXYBB/LEAP/html/index.html" "Mozilla/4.0 (compatible; MSIE 8.0; Windows NT 5.1; Trident/4.0)"
113.206.216.33 - - [12/May/2016:19:54:20 +0800] "POST /YXYBB/restservices/http/single/query HTTP/1.1" 200 108 "http://new.yxybb.com/YXYBB/LEAP/html/index.html" "Mozilla/4.0 (compatible; MSIE 8.0; Windows NT 5.1; Trident/4.0)"
14.108.176.178 - - [12/May/2016:19:54:20 +0800] "POST /YXYBB/LEAP/Service/RPC/RPC.DO?callService=web&method=FL_course_uStudyProcessInfo&sid=81CBC6FF50F6E404C5E50499CADAA4CD&rup=http://new.yxybb.com/YXYBB/ HTTP/1.1" 200 701 "http://new.yxybb.com/YXYBB/yxybb/coursevideo?courseid=d0b1c4f535364e7e9a188035a77e2c97&cwid=CW20140312024&pathno=0002000500020001" "Mozilla/5.0 (Windows NT 6.1) AppleWebKit/537.36 (KHTML, like Gecko) Chrome/45.0.2454.101 Safari/537.36"
120.219.181.107 - - [12/May/2016:19:54:20 +0800] "GET /YXYBB/LEAP/LUPDPWeb/control/person/personorder/personorder.js HTTP/1.1" 200 8034 "http://new.yxybb.com/YXYBB/yxybb/person_order?bank_seq_no=20160512062629359345&body=%E8%BF%99%E6%98%AF%E6%9D%A5%E8%87%AA%E4%BA%8E%E4%BF%9D%E5%AE%9D%E7%BD%91%E7%9A%84%E5%9F%B9%E8%AE%AD%E8%AF%BE%E7%A8%8B&buyer_email=kehuzijinbu023%40alipay.com&buyer_id=2088502970160936&exterface=create_direct_pay_by_user&is_success=T&notify_id=RqPnCoPT3K9%252Fvwbh3InXSh7ozb7p%252F5aB7cebPerwHX23tFYR0dVWHWTa9T4XwLvI%252Faw3&notify_time=2016-05-12+19%3A54%3A07&notify_type=trade_status_sync&out_trade_no=06D69385C4D849D0BD57CCB73841390A&payment_type=1&seller_email=longrise2008%40yahoo.cn&seller_id=2088001971536565&subject=%E4%BF%9D%E5%AE%9D%E8%AF%BE%E7%A8%8B%E7%B2%BE%E9%80%89&total_fee=60.00&trade_no=2016051221001004930221824905&trade_status=TRADE_SUCCESS&sign=2968709b5a3954af880ff47fa0b8578f&sign_type=MD5" "Mozilla/5.0 (Windows NT 5.1) AppleWebKit/537.36 (KHTML, like Gecko) Chrome/45.0.2454.101 Safari/537.36"
113.206.216.33 - - [12/May/2016:19:54:20 +0800] "POST /YXYBB/restservices/http/single/query HTTP/1.1" 200 108 "http://new.yxybb.com/YXYBB/LEAP/html/index.html" "Mozilla/4.0 (compatible; MSIE 8.0; Windows NT 5.1; Trident/4.0)"
183.204.7.27 - - [12/May/2016:19:54:20 +0800] "POST /YXYBB/LEAP/Service/RPC/RPC.DO?callService=web&method=FL_course_maintainVideoPlayingAuthorityLock&sid=FEF21C4F9CD97DBB34CCAD181406D9C3&rup=http://new.yxybb.com/YXYBB/ HTTP/1.1" 200 358 "http://new.yxybb.com/YXYBB/yxybb/coursevideo?courseid=9885931daa97e2511144c574fdf28cdb&cwid=CW2016BJHXGST100W11&pathno=0012" "Mozilla/5.0 (Windows NT 5.1) AppleWebKit/537.36 (KHTML, like Gecko) Chrome/45.0.2454.101 Safari/537.36"
113.206.216.33 - - [12/May/2016:19:54:21 +0800] "POST /YXYBB/restservices/http/single/query HTTP/1.1" 200 108 "http://new.yxybb.com/YXYBB/LEAP/html/index.html" "Mozilla/4.0 (compatible; MSIE 8.0; Windows NT 5.1; Trident/4.0)"
113.206.216.33 - - [12/May/2016:19:54:21 +0800] "POST /YXYBB/restservices/http/single/query HTTP/1.1" 200 108 "http://new.yxybb.com/YXYBB/LEAP/html/index.html" "Mozilla/4.0 (compatible; MSIE 8.0; Windows NT 5.1; Trident/4.0)"
125.82.11.250 - - [12/May/2016:19:54:21 +0800] "GET /YXYBB/LEAP/Download/default/2016/3/28/da98c1ff1800455aaa4f7a79ed266307.jpg HTTP/1.1" 200 43819 "-" "%E4%BF%9D%E5%AE%9D/1.0.3 CFNetwork/758.3.15 Darwin/15.4.0"
113.206.216.33 - - [12/May/2016:19:54:21 +0800] "POST /YXYBB/restservices/http/single/query HTTP/1.1" 200 108 "http://new.yxybb.com/YXYBB/LEAP/html/index.html" "Mozilla/4.0 (compatible; MSIE 8.0; Windows NT 5.1; Trident/4.0)"
113.206.216.33 - - [12/May/2016:19:54:22 +0800] "POST /YXYBB/restservices/http/single/query HTTP/1.1" 200 108 "http://new.yxybb.com/YXYBB/LEAP/html/index.html" "Mozilla/4.0 (compatible; MSIE 8.0; Windows NT 5.1; Trident/4.0)"
113.206.216.33 - - [12/May/2016:19:54:22 +0800] "POST /YXYBB/restservices/http/single/query HTTP/1.1" 200 108 "http://new.yxybb.com/YXYBB/LEAP/html/index.html" "Mozilla/4.0 (compatible; MSIE 8.0; Windows NT 5.1; Trident/4.0)"
113.206.216.33 - - [12/May/2016:19:54:22 +0800] "POST /YXYBB/restservices/http/single/query HTTP/1.1" 200 108 "http://new.yxybb.com/YXYBB/LEAP/html/index.html" "Mozilla/4.0 (compatible; MSIE 8.0; Windows NT 5.1; Trident/4.0)"
113.206.216.33 - - [12/May/2016:19:54:23 +0800] "POST /YXYBB/restservices/http/single/query HTTP/1.1" 200 108 "http://new.yxybb.com/YXYBB/LEAP/html/index.html" "Mozilla/4.0 (compatible; MSIE 8.0; Windows NT 5.1; Trident/4.0)"
113.206.216.33 - - [12/May/2016:19:54:23 +0800] "POST /YXYBB/restservices/http/single/query HTTP/1.1" 200 108 "http://new.yxybb.com/YXYBB/LEAP/html/index.html" "Mozilla/4.0 (compatible; MSIE 8.0; Windows NT 5.1; Trident/4.0)"
183.230.16.90 - - [12/May/2016:19:54:23 +0800] "GET /YXYBB/LEAP/Download/default/info/rolladpic/2016/3/31/ce45d1f8013f4cffa6882ca71ed64fae.jpg HTTP/1.1" 200 45238 "-" "Dalvik/1.6.0 (Linux; U; Android 4.4.4; C8817D Build/HuaweiC8817D)"
113.206.216.33 - - [12/May/2016:19:54:23 +0800] "POST /YXYBB/restservices/http/single/query HTTP/1.1" 200 108 "http://new.yxybb.com/YXYBB/LEAP/html/index.html" "Mozilla/4.0 (compatible; MSIE 8.0; Windows NT 5.1; Trident/4.0)"
123.7.115.46 - - [12/May/2016:19:54:24 +0800] "POST /YXYBB/LEAP/Service/RPC/RPC.DO?callService=web&method=FL_course_maintainVideoPlayingAuthorityLock&sid=A17F89649A9A01E651EC7991B02758DB&rup=http://new.yxybb.com/YXYBB/ HTTP/1.1" 200 358 "http://new.yxybb.com/YXYBB/yxybb/coursevideo?courseid=6cab4e2c3c554cd68b7f4d5577a3bb75&cwid=CW20140418112300669&pathno=0001000700010001" "Mozilla/5.0 (Windows NT 6.1; WOW64) AppleWebKit/537.36 (KHTML, like Gecko) Chrome/45.0.2454.101 Safari/537.36"
183.228.199.70 - - [12/May/2016:19:54:24 +0800] "POST /YXYBB/LEAP/Service/RPC/RPC.DO?callService=web&method=FL_course_maintainVideoPlayingAuthorityLock&sid=ADC69F27E8BD504F6CF33B744FD0DEB2&rup=http://new.yxybb.com/YXYBB/ HTTP/1.1" 200 358 "http://new.yxybb.com/YXYBB/yxybb/coursevideo?courseid=948cd7fbbeea4a249eda351180daf7e8&cwid=CW20140102135311550&pathno=0001000300010001" "Mozilla/5.0 (Windows NT 5.1) AppleWebKit/537.36 (KHTML, like Gecko) Chrome/45.0.2454.101 Safari/537.36"
113.206.216.33 - - [12/May/2016:19:54:24 +0800] "POST /YXYBB/restservices/http/single/query HTTP/1.1" 200 108 "http://new.yxybb.com/YXYBB/LEAP/html/index.html" "Mozilla/4.0 (compatible; MSIE 8.0; Windows NT 5.1; Trident/4.0)"
113.206.216.33 - - [12/May/2016:19:54:24 +0800] "POST /YXYBB/restservices/http/single/query HTTP/1.1" 200 108 "http://new.yxybb.com/YXYBB/LEAP/html/index.html" "Mozilla/4.0 (compatible; MSIE 8.0; Windows NT 5.1; Trident/4.0)"
113.206.216.33 - - [12/May/2016:19:54:24 +0800] "POST /YXYBB/restservices/http/single/query HTTP/1.1" 200 108 "http://new.yxybb.com/YXYBB/LEAP/html/index.html" "Mozilla/4.0 (compatible; MSIE 8.0; Windows NT 5.1; Trident/4.0)"
113.206.216.33 - - [12/May/2016:19:54:25 +0800] "POST /YXYBB/restservices/http/single/query HTTP/1.1" 200 108 "http://new.yxybb.com/YXYBB/LEAP/html/index.html" "Mozilla/4.0 (compatible; MSIE 8.0; Windows NT 5.1; Trident/4.0)"
113.206.216.33 - - [12/May/2016:19:54:25 +0800] "POST /YXYBB/restservices/http/single/query HTTP/1.1" 200 108 "http://new.yxybb.com/YXYBB/LEAP/html/index.html" "Mozilla/4.0 (compatible; MSIE 8.0; Windows NT 5.1; Trident/4.0)"
113.206.216.33 - - [12/May/2016:19:54:25 +0800] "POST /YXYBB/restservices/http/single/query HTTP/1.1" 200 108 "http://new.yxybb.com/YXYBB/LEAP/html/index.html" "Mozilla/4.0 (compatible; MSIE 8.0; Windows NT 5.1; Trident/4.0)"
111.10.243.178 - - [12/May/2016:19:54:26 +0800] "POST /YXYBB/LEAP/Service/RPC/RPC.DO?callService=web&method=FL_course_maintainVideoPlayingAuthorityLock&sid=D0CC2290B980A2743F22D9F0EF06D600&rup=http://new.yxybb.com/YXYBB/ HTTP/1.1" 200 358 "http://new.yxybb.com/YXYBB/yxybb/coursevideo?courseid=9885931daa97e2511144c574fdf28cdb&cwid=CW2016BJHXGST100W11&pathno=0012" "Mozilla/5.0 (Windows NT 6.1) AppleWebKit/537.36 (KHTML, like Gecko) Chrome/31.0.1650.63 Safari/537.36"
113.206.216.33 - - [12/May/2016:19:54:26 +0800] "POST /YXYBB/restservices/http/single/query HTTP/1.1" 200 108 "http://new.yxybb.com/YXYBB/LEAP/html/index.html" "Mozilla/4.0 (compatible; MSIE 8.0; Windows NT 5.1; Trident/4.0)"
113.206.216.33 - - [12/May/2016:19:54:26 +0800] "POST /YXYBB/restservices/http/single/query HTTP/1.1" 200 108 "http://new.yxybb.com/YXYBB/LEAP/html/index.html" "Mozilla/4.0 (compatible; MSIE 8.0; Windows NT 5.1; Trident/4.0)"
111.10.251.124 - - [12/May/2016:19:54:26 +0800] "POST /YXYBB/LEAP/Service/RPC/RPC.DO?callService=web&method=FL_course_uStudyProcessInfo&sid=DC1F24311445A24BDAD4629DB1685B46&rup=http://new.yxybb.com/YXYBB/ HTTP/1.1" 200 704 "http://new.yxybb.com/YXYBB/yxybb/coursevideo?courseid=d0b1c4f535364e7e9a188035a77e2c97&cwid=CW20140527100720532&pathno=0002000600010002" "Mozilla/5.0 (Windows NT 6.1) AppleWebKit/537.36 (KHTML, like Gecko) Chrome/45.0.2454.101 Safari/537.36"
113.206.216.33 - - [12/May/2016:19:54:26 +0800] "POST /YXYBB/restservices/http/single/query HTTP/1.1" 200 108 "http://new.yxybb.com/YXYBB/LEAP/html/index.html" "Mozilla/4.0 (compatible; MSIE 8.0; Windows NT 5.1; Trident/4.0)"
113.206.216.33 - - [12/May/2016:19:54:27 +0800] "POST /YXYBB/restservices/http/single/query HTTP/1.1" 200 108 "http://new.yxybb.com/YXYBB/LEAP/html/index.html" "Mozilla/4.0 (compatible; MSIE 8.0; Windows NT 5.1; Trident/4.0)"
113.206.216.33 - - [12/May/2016:19:54:27 +0800] "POST /YXYBB/restservices/http/single/query HTTP/1.1" 200 108 "http://new.yxybb.com/YXYBB/LEAP/html/index.html" "Mozilla/4.0 (compatible; MSIE 8.0; Windows NT 5.1; Trident/4.0)"
113.206.216.33 - - [12/May/2016:19:54:27 +0800] "POST /YXYBB/restservices/http/single/query HTTP/1.1" 200 108 "http://new.yxybb.com/YXYBB/LEAP/html/index.html" "Mozilla/4.0 (compatible; MSIE 8.0; Windows NT 5.1; Trident/4.0)"
113.206.216.33 - - [12/May/2016:19:54:28 +0800] "POST /YXYBB/restservices/http/single/query HTTP/1.1" 200 108 "http://new.yxybb.com/YXYBB/LEAP/html/index.html" "Mozilla/4.0 (compatible; MSIE 8.0; Windows NT 5.1; Trident/4.0)"
113.206.216.33 - - [12/May/2016:19:54:28 +0800] "POST /YXYBB/restservices/http/single/query HTTP/1.1" 200 108 "http://new.yxybb.com/YXYBB/LEAP/html/index.html" "Mozilla/4.0 (compatible; MSIE 8.0; Windows NT 5.1; Trident/4.0)"
113.206.216.33 - - [12/May/2016:19:54:28 +0800] "POST /YXYBB/restservices/http/single/query HTTP/1.1" 200 108 "http://new.yxybb.com/YXYBB/LEAP/html/index.html" "Mozilla/4.0 (compatible; MSIE 8.0; Windows NT 5.1; Trident/4.0)"
221.196.149.11 - - [12/May/2016:19:54:28 +0800] "POST /YXYBB/LEAP/Service/RPC/RPC.DO?callService=web&method=FL_course_uStudyProcessInfo&sid=C027D7325C8F567FD0787E64C52BE680&rup=http://new.yxybb.com/YXYBB/ HTTP/1.1" 200 701 "http://new.yxybb.com/YXYBB/yxybb/coursevideo?courseid=8bc7ac29c2174b498ca651191594b1a5&cwid=CW20150421091712869&pathno=0003000200010001" "Mozilla/5.0 (Windows NT 6.1) AppleWebKit/537.36 (KHTML, like Gecko) Chrome/45.0.2454.101 Safari/537.36"
1.196.12.45 - - [12/May/2016:19:54:29 +0800] "GET /YXYBB/LEAP/Download/default/info/rolladpic/2016/5/10/9eb6e61df3594176a89d56bf80e303b4.jpg HTTP/1.1" 200 37729 "-" "Dalvik/2.1.0 (Linux; U; Android 5.0; SM-G9008W Build/LRX21T)"
113.206.216.33 - - [12/May/2016:19:54:29 +0800] "POST /YXYBB/restservices/http/single/query HTTP/1.1" 200 108 "http://new.yxybb.com/YXYBB/LEAP/html/index.html" "Mozilla/4.0 (compatible; MSIE 8.0; Windows NT 5.1; Trident/4.0)"
113.206.216.33 - - [12/May/2016:19:54:29 +0800] "POST /YXYBB/restservices/http/single/query HTTP/1.1" 200 108 "http://new.yxybb.com/YXYBB/LEAP/html/index.html" "Mozilla/4.0 (compatible; MSIE 8.0; Windows NT 5.1; Trident/4.0)"
113.206.216.33 - - [12/May/2016:19:54:29 +0800] "POST /YXYBB/restservices/http/single/query HTTP/1.1" 200 103 "http://new.yxybb.com/YXYBB/LEAP/html/index.html" "Mozilla/4.0 (compatible; MSIE 8.0; Windows NT 5.1; Trident/4.0)"
113.206.216.33 - - [12/May/2016:19:54:29 +0800] "POST /YXYBB/restservices/http/single/query HTTP/1.1" 200 108 "http://new.yxybb.com/YXYBB/LEAP/html/index.html" "Mozilla/4.0 (compatible; MSIE 8.0; Windows NT 5.1; Trident/4.0)"
113.206.216.33 - - [12/May/2016:19:54:30 +0800] "POST /YXYBB/restservices/http/single/query HTTP/1.1" 200 108 "http://new.yxybb.com/YXYBB/LEAP/html/index.html" "Mozilla/4.0 (compatible; MSIE 8.0; Windows NT 5.1; Trident/4.0)"
113.206.216.33 - - [12/May/2016:19:54:30 +0800] "POST /YXYBB/restservices/http/single/query HTTP/1.1" 200 108 "http://new.yxybb.com/YXYBB/LEAP/html/index.html" "Mozilla/4.0 (compatible; MSIE 8.0; Windows NT 5.1; Trident/4.0)"
183.230.16.83 - - [12/May/2016:19:54:30 +0800] "GET /YXYBB/LEAP/LUPDPWeb/img/question.png HTTP/1.1" 200 1196 "http://new.yxybb.com/YXYBB/yxybb/coursevideo?courseid=d0b1c4f535364e7e9a188035a77e2c97&cwid=CW20150312155603&pathno=0001000100010001" "Mozilla/5.0 (Windows NT 6.1; WOW64; Trident/7.0; rv:11.0) like Gecko"
183.230.16.83 - - [12/May/2016:19:54:30 +0800] "GET /YXYBB/LEAP/LUPDPWeb/img/close.png HTTP/1.1" 200 1308 "http://new.yxybb.com/YXYBB/yxybb/coursevideo?courseid=d0b1c4f535364e7e9a188035a77e2c97&cwid=CW20150312155603&pathno=0001000100010001" "Mozilla/5.0 (Windows NT 6.1; WOW64; Trident/7.0; rv:11.0) like Gecko"
123.7.115.46 - - [12/May/2016:19:54:30 +0800] "POST /YXYBB/LEAP/Service/RPC/RPC.DO?callService=web&method=FL_course_uStudyProcessInfo&sid=A17F89649A9A01E651EC7991B02758DB&rup=http://new.yxybb.com/YXYBB/ HTTP/1.1" 200 703 "http://new.yxybb.com/YXYBB/yxybb/coursevideo?courseid=6cab4e2c3c554cd68b7f4d5577a3bb75&cwid=CW20140418112300669&pathno=0001000700010001" "Mozilla/5.0 (Windows NT 6.1; WOW64) AppleWebKit/537.36 (KHTML, like Gecko) Chrome/45.0.2454.101 Safari/537.36"
183.230.16.83 - - [12/May/2016:19:54:30 +0800] "POST /YXYBB/LEAP/Service/RPC/RPC.DO?callService=web&method=FL_course_openVideoPlayingAuthorityLock&sid=BE65442196B2C7EBEC9EDFD75EC521A7&rup=http://new.yxybb.com/YXYBB/ HTTP/1.1" 200 177 "http://new.yxybb.com/YXYBB/yxybb/coursevideo?courseid=d0b1c4f535364e7e9a188035a77e2c97&cwid=CW20150312155603&pathno=0001000100010001" "Mozilla/5.0 (Windows NT 6.1; WOW64; Trident/7.0; rv:11.0) like Gecko"
113.206.216.33 - - [12/May/2016:19:54:30 +0800] "POST /YXYBB/restservices/http/single/query HTTP/1.1" 200 208 "http://new.yxybb.com/YXYBB/LEAP/html/index.html" "Mozilla/4.0 (compatible; MSIE 8.0; Windows NT 5.1; Trident/4.0)"
183.69.235.245 - - [12/May/2016:19:54:30 +0800] "POST /YXYBB/LEAP/Service/RPC/RPC.DO?callService=web&method=FL_course_uStudyProcessInfo&sid=AA083BDC5CAE3D0A64AAA1B0D8868C59&rup=http://new.yxybb.com/YXYBB/ HTTP/1.1" 200 701 "http://new.yxybb.com/YXYBB/yxybb/coursevideo?courseid=d0b1c4f535364e7e9a188035a77e2c97&cwid=CW20140312025&pathno=0002000500020002" "Mozilla/5.0 (Windows NT 6.1) AppleWebKit/537.36 (KHTML, like Gecko) Chrome/45.0.2454.101 Safari/537.36"
113.206.216.33 - - [12/May/2016:19:54:30 +0800] "POST /YXYBB/restservices/http/single/query HTTP/1.1" 200 108 "http://new.yxybb.com/YXYBB/LEAP/html/index.html" "Mozilla/4.0 (compatible; MSIE 8.0; Windows NT 5.1; Trident/4.0)"
113.206.216.33 - - [12/May/2016:19:54:31 +0800] "POST /YXYBB/restservices/http/single/query HTTP/1.1" 200 108 "http://new.yxybb.com/YXYBB/LEAP/html/index.html" "Mozilla/4.0 (compatible; MSIE 8.0; Windows NT 5.1; Trident/4.0)"
113.206.216.33 - - [12/May/2016:19:54:31 +0800] "POST /YXYBB/restservices/http/single/query HTTP/1.1" 200 108 "http://new.yxybb.com/YXYBB/LEAP/html/index.html" "Mozilla/4.0 (compatible; MSIE 8.0; Windows NT 5.1; Trident/4.0)"
113.206.216.33 - - [12/May/2016:19:54:31 +0800] "POST /YXYBB/restservices/http/single/query HTTP/1.1" 200 108 "http://new.yxybb.com/YXYBB/LEAP/html/index.html" "Mozilla/4.0 (compatible; MSIE 8.0; Windows NT 5.1; Trident/4.0)"
113.206.216.33 - - [12/May/2016:19:54:31 +0800] "POST /YXYBB/restservices/http/single/query HTTP/1.1" 200 108 "http://new.yxybb.com/YXYBB/LEAP/html/index.html" "Mozilla/4.0 (compatible; MSIE 8.0; Windows NT 5.1; Trident/4.0)"
125.84.182.46 - - [12/May/2016:19:54:31 +0800] "POST /YXYBB/LEAP/Service/RPC/RPC.DO?callService=web&method=FL_course_maintainVideoPlayingAuthorityLock&sid=CD3B4C55C48B1C571D8396E2F8A673D6&rup=http://new.yxybb.com/YXYBB/ HTTP/1.1" 200 358 "http://new.yxybb.com/YXYBB/yxybb/coursevideo?courseid=f6fbcb45736a4dbbaa3859703a54ef61&cwid=CW20140821004&pathno=0002000100010005" "Mozilla/5.0 (Windows NT 6.1; WOW64) AppleWebKit/537.36 (KHTML, like Gecko) Chrome/45.0.2454.101 Safari/537.36"
113.206.216.33 - - [12/May/2016:19:54:32 +0800] "POST /YXYBB/restservices/http/single/query HTTP/1.1" 200 108 "http://new.yxybb.com/YXYBB/LEAP/html/index.html" "Mozilla/4.0 (compatible; MSIE 8.0; Windows NT 5.1; Trident/4.0)"
113.206.216.33 - - [12/May/2016:19:54:32 +0800] "POST /YXYBB/restservices/http/single/query HTTP/1.1" 200 108 "http://new.yxybb.com/YXYBB/LEAP/html/index.html" "Mozilla/4.0 (compatible; MSIE 8.0; Windows NT 5.1; Trident/4.0)"
113.206.216.33 - - [12/May/2016:19:54:32 +0800] "POST /YXYBB/restservices/http/single/query HTTP/1.1" 200 108 "http://new.yxybb.com/YXYBB/LEAP/html/index.html" "Mozilla/4.0 (compatible; MSIE 8.0; Windows NT 5.1; Trident/4.0)"
113.206.216.33 - - [12/May/2016:19:54:32 +0800] "POST /YXYBB/restservices/http/single/query HTTP/1.1" 200 108 "http://new.yxybb.com/YXYBB/LEAP/html/index.html" "Mozilla/4.0 (compatible; MSIE 8.0; Windows NT 5.1; Trident/4.0)"
113.206.216.33 - - [12/May/2016:19:54:33 +0800] "POST /YXYBB/restservices/http/single/query HTTP/1.1" 200 108 "http://new.yxybb.com/YXYBB/LEAP/html/index.html" "Mozilla/4.0 (compatible; MSIE 8.0; Windows NT 5.1; Trident/4.0)"
113.206.216.33 - - [12/May/2016:19:54:33 +0800] "POST /YXYBB/restservices/http/single/query HTTP/1.1" 200 108 "http://new.yxybb.com/YXYBB/LEAP/html/index.html" "Mozilla/4.0 (compatible; MSIE 8.0; Windows NT 5.1; Trident/4.0)"
183.228.199.70 - - [12/May/2016:19:54:33 +0800] "POST /YXYBB/LEAP/Service/RPC/RPC.DO?callService=web&method=FL_course_uStudyProcessInfo&sid=ADC69F27E8BD504F6CF33B744FD0DEB2&rup=http://new.yxybb.com/YXYBB/ HTTP/1.1" 200 706 "http://new.yxybb.com/YXYBB/yxybb/coursevideo?courseid=948cd7fbbeea4a249eda351180daf7e8&cwid=CW20140102135311550&pathno=0001000300010001" "Mozilla/5.0 (Windows NT 5.1) AppleWebKit/537.36 (KHTML, like Gecko) Chrome/45.0.2454.101 Safari/537.36"
183.230.16.83 - - [12/May/2016:19:54:33 +0800] "POST /YXYBB/LEAP/Service/RPC/RPC.DO?callService=web&method=FL_course_checkVideoPlayingAuthorityLock&sid=BE65442196B2C7EBEC9EDFD75EC521A7&rup=http://new.yxybb.com/YXYBB/ HTTP/1.1" 200 335 "http://new.yxybb.com/YXYBB/yxybb/coursevideo?courseid=d0b1c4f535364e7e9a188035a77e2c97&cwid=CW20150312155603&pathno=0001000100010001" "Mozilla/5.0 (Windows NT 6.1; WOW64; Trident/7.0; rv:11.0) like Gecko"
183.230.16.83 - - [12/May/2016:19:54:33 +0800] "POST /YXYBB/LEAP/Service/RPC/RPC.DO?callService=web&method=FL_course_sVideoBean&sid=BE65442196B2C7EBEC9EDFD75EC521A7&rup=http://new.yxybb.com/YXYBB/ HTTP/1.1" 200 2188 "http://new.yxybb.com/YXYBB/yxybb/coursevideo?courseid=d0b1c4f535364e7e9a188035a77e2c97&cwid=CW20150312155603&pathno=0001000100010001" "Mozilla/5.0 (Windows NT 6.1; WOW64; Trident/7.0; rv:11.0) like Gecko"
113.206.216.33 - - [12/May/2016:19:54:33 +0800] "POST /YXYBB/restservices/http/single/query HTTP/1.1" 200 108 "http://new.yxybb.com/YXYBB/LEAP/html/index.html" "Mozilla/4.0 (compatible; MSIE 8.0; Windows NT 5.1; Trident/4.0)"
113.206.216.33 - - [12/May/2016:19:54:33 +0800] "POST /YXYBB/restservices/http/single/query HTTP/1.1" 200 108 "http://new.yxybb.com/YXYBB/LEAP/html/index.html" "Mozilla/4.0 (compatible; MSIE 8.0; Windows NT 5.1; Trident/4.0)"
113.206.216.33 - - [12/May/2016:19:54:34 +0800] "POST /YXYBB/restservices/http/single/query HTTP/1.1" 200 108 "http://new.yxybb.com/YXYBB/LEAP/html/index.html" "Mozilla/4.0 (compatible; MSIE 8.0; Windows NT 5.1; Trident/4.0)"
113.206.216.33 - - [12/May/2016:19:54:34 +0800] "POST /YXYBB/restservices/http/single/query HTTP/1.1" 200 108 "http://new.yxybb.com/YXYBB/LEAP/html/index.html" "Mozilla/4.0 (compatible; MSIE 8.0; Windows NT 5.1; Trident/4.0)"
106.87.8.36 - - [12/May/2016:19:54:34 +0800] "POST /YXYBB/LEAP/Service/RPC/RPC.DO?callService=web&method=FL_course_maintainVideoPlayingAuthorityLock&sid=EB5CB2ACFB88748395C706A8C2662DED&rup=http://new.yxybb.com/YXYBB/ HTTP/1.1" 200 358 "http://new.yxybb.com/YXYBB/yxybb/coursevideo?courseid=d0b1c4f535364e7e9a188035a77e2c97&cwid=CW20120702103118515&pathno=0001000900010003" "Mozilla/5.0 (Windows NT 5.1) AppleWebKit/537.36 (KHTML, like Gecko) Chrome/47.0.2526.80 Safari/537.36 Core/1.47.277.400 QQBrowser/9.4.7658.400"
113.206.216.33 - - [12/May/2016:19:54:34 +0800] "POST /YXYBB/restservices/http/single/query HTTP/1.1" 200 108 "http://new.yxybb.com/YXYBB/LEAP/html/index.html" "Mozilla/4.0 (compatible; MSIE 8.0; Windows NT 5.1; Trident/4.0)"
113.206.216.33 - - [12/May/2016:19:54:34 +0800] "POST /YXYBB/restservices/http/single/query HTTP/1.1" 200 108 "http://new.yxybb.com/YXYBB/LEAP/html/index.html" "Mozilla/4.0 (compatible; MSIE 8.0; Windows NT 5.1; Trident/4.0)"
111.10.247.89 - - [12/May/2016:19:54:37 +0800] "GET /YXYBB/LEAP/Download/default/info/rolladpic/2016/3/31/ce45d1f8013f4cffa6882ca71ed64fae.jpg HTTP/1.1" 200 45238 "-" "Dalvik/2.1.0 (Linux; U; Android 6.0; HUAWEI NXT-AL10 Build/HUAWEINXT-AL10)"
120.219.181.107 - - [12/May/2016:19:54:37 +0800] "POST /YXYBB/LEAP/Service/RPC/RPC.DO?type=997&_z=727a HTTP/1.1" 200 32 "http://new.yxybb.com/YXYBB/yxybb/person_order?bank_seq_no=20160512062629359345&body=%E8%BF%99%E6%98%AF%E6%9D%A5%E8%87%AA%E4%BA%8E%E4%BF%9D%E5%AE%9D%E7%BD%91%E7%9A%84%E5%9F%B9%E8%AE%AD%E8%AF%BE%E7%A8%8B&buyer_email=kehuzijinbu023%40alipay.com&buyer_id=2088502970160936&exterface=create_direct_pay_by_user&is_success=T&notify_id=RqPnCoPT3K9%252Fvwbh3InXSh7ozb7or06M1FkPz%252BRUBobvU1IHE5EKDujMadDCDynfqXXf&notify_time=2016-05-12+19%3A54%3A18&notify_type=trade_status_sync&out_trade_no=06D69385C4D849D0BD57CCB73841390A&payment_type=1&seller_email=longrise2008%40yahoo.cn&seller_id=2088001971536565&subject=%E4%BF%9D%E5%AE%9D%E8%AF%BE%E7%A8%8B%E7%B2%BE%E9%80%89&total_fee=60.00&trade_no=2016051221001004930221824905&trade_status=TRADE_SUCCESS&sign=3632ed34d9ab3617ca8ea2d4390fec58&sign_type=MD5" "Mozilla/5.0 (Windows NT 5.1) AppleWebKit/537.36 (KHTML, like Gecko) Chrome/45.0.2454.101 Safari/537.36"
120.219.181.107 - - [12/May/2016:19:54:37 +0800] "POST /YXYBB/LEAP/Service/RPC/RPC.DO?callService=web&method=FL_person_getLoginSession&sid=1E30C39EC429949B46289523B47AB228&rup=http://new.yxybb.com/YXYBB/ HTTP/1.1" 200 175 "http://new.yxybb.com/YXYBB/yxybb/person_order?bank_seq_no=20160512062629359345&body=%E8%BF%99%E6%98%AF%E6%9D%A5%E8%87%AA%E4%BA%8E%E4%BF%9D%E5%AE%9D%E7%BD%91%E7%9A%84%E5%9F%B9%E8%AE%AD%E8%AF%BE%E7%A8%8B&buyer_email=kehuzijinbu023%40alipay.com&buyer_id=2088502970160936&exterface=create_direct_pay_by_user&is_success=T&notify_id=RqPnCoPT3K9%252Fvwbh3InXSh7ozb7or06M1FkPz%252BRUBobvU1IHE5EKDujMadDCDynfqXXf&notify_time=2016-05-12+19%3A54%3A18&notify_type=trade_status_sync&out_trade_no=06D69385C4D849D0BD57CCB73841390A&payment_type=1&seller_email=longrise2008%40yahoo.cn&seller_id=2088001971536565&subject=%E4%BF%9D%E5%AE%9D%E8%AF%BE%E7%A8%8B%E7%B2%BE%E9%80%89&total_fee=60.00&trade_no=2016051221001004930221824905&trade_status=TRADE_SUCCESS&sign=3632ed34d9ab3617ca8ea2d4390fec58&sign_type=MD5" "Mozilla/5.0 (Windows NT 5.1) AppleWebKit/537.36 (KHTML, like Gecko) Chrome/45.0.2454.101 Safari/537.36"
14.108.176.178 - - [12/May/2016:19:54:38 +0800] "POST /YXYBB/LEAP/Service/RPC/RPC.DO?callService=web&method=FL_course_maintainVideoPlayingAuthorityLock&sid=81CBC6FF50F6E404C5E50499CADAA4CD&rup=http://new.yxybb.com/YXYBB/ HTTP/1.1" 200 358 "http://new.yxybb.com/YXYBB/yxybb/coursevideo?courseid=d0b1c4f535364e7e9a188035a77e2c97&cwid=CW20140312024&pathno=0002000500020001" "Mozilla/5.0 (Windows NT 6.1) AppleWebKit/537.36 (KHTML, like Gecko) Chrome/45.0.2454.101 Safari/537.36"
120.219.181.107 - - [12/May/2016:19:54:38 +0800] "POST /YXYBB/LEAP/Service/RPC/RPC.DO?callService=web&method=SearchCache&sid=1E30C39EC429949B46289523B47AB228&rup=http://new.yxybb.com/YXYBB/ HTTP/1.1" 200 552 "http://new.yxybb.com/YXYBB/yxybb/person_order?bank_seq_no=20160512062629359345&body=%E8%BF%99%E6%98%AF%E6%9D%A5%E8%87%AA%E4%BA%8E%E4%BF%9D%E5%AE%9D%E7%BD%91%E7%9A%84%E5%9F%B9%E8%AE%AD%E8%AF%BE%E7%A8%8B&buyer_email=kehuzijinbu023%40alipay.com&buyer_id=2088502970160936&exterface=create_direct_pay_by_user&is_success=T&notify_id=RqPnCoPT3K9%252Fvwbh3InXSh7ozb7p%252F5aB7cebPerwHX23tFYR0dVWHWTa9T4XwLvI%252Faw3&notify_time=2016-05-12+19%3A54%3A07&notify_type=trade_status_sync&out_trade_no=06D69385C4D849D0BD57CCB73841390A&payment_type=1&seller_email=longrise2008%40yahoo.cn&seller_id=2088001971536565&subject=%E4%BF%9D%E5%AE%9D%E8%AF%BE%E7%A8%8B%E7%B2%BE%E9%80%89&total_fee=60.00&trade_no=2016051221001004930221824905&trade_status=TRADE_SUCCESS&sign=2968709b5a3954af880ff47fa0b8578f&sign_type=MD5" "Mozilla/5.0 (Windows NT 5.1) AppleWebKit/537.36 (KHTML, like Gecko) Chrome/45.0.2454.101 Safari/537.36"
120.219.181.107 - - [12/May/2016:19:54:38 +0800] "POST /YXYBB/LEAP/Service/RPC/RPC.DO?callService=web&method=notReadMessageNum&sid=1E30C39EC429949B46289523B47AB228&rup=http://new.yxybb.com/YXYBB/ HTTP/1.1" 200 173 "http://new.yxybb.com/YXYBB/yxybb/person_order?bank_seq_no=20160512062629359345&body=%E8%BF%99%E6%98%AF%E6%9D%A5%E8%87%AA%E4%BA%8E%E4%BF%9D%E5%AE%9D%E7%BD%91%E7%9A%84%E5%9F%B9%E8%AE%AD%E8%AF%BE%E7%A8%8B&buyer_email=kehuzijinbu023%40alipay.com&buyer_id=2088502970160936&exterface=create_direct_pay_by_user&is_success=T&notify_id=RqPnCoPT3K9%252Fvwbh3InXSh7ozb7p%252F5aB7cebPerwHX23tFYR0dVWHWTa9T4XwLvI%252Faw3&notify_time=2016-05-12+19%3A54%3A07&notify_type=trade_status_sync&out_trade_no=06D69385C4D849D0BD57CCB73841390A&payment_type=1&seller_email=longrise2008%40yahoo.cn&seller_id=2088001971536565&subject=%E4%BF%9D%E5%AE%9D%E8%AF%BE%E7%A8%8B%E7%B2%BE%E9%80%89&total_fee=60.00&trade_no=2016051221001004930221824905&trade_status=TRADE_SUCCESS&sign=2968709b5a3954af880ff47fa0b8578f&sign_type=MD5" "Mozilla/5.0 (Windows NT 5.1) AppleWebKit/537.36 (KHTML, like Gecko) Chrome/45.0.2454.101 Safari/537.36"
120.219.181.107 - - [12/May/2016:19:54:39 +0800] "POST /YXYBB/LEAP/Service/RPC/RPC.DO?callService=web&method=FL_course_doLogicAfterPay&sid=1E30C39EC429949B46289523B47AB228&rup=http://new.yxybb.com/YXYBB/ HTTP/1.1" 200 338 "http://new.yxybb.com/YXYBB/yxybb/person_order?bank_seq_no=20160512062629359345&body=%E8%BF%99%E6%98%AF%E6%9D%A5%E8%87%AA%E4%BA%8E%E4%BF%9D%E5%AE%9D%E7%BD%91%E7%9A%84%E5%9F%B9%E8%AE%AD%E8%AF%BE%E7%A8%8B&buyer_email=kehuzijinbu023%40alipay.com&buyer_id=2088502970160936&exterface=create_direct_pay_by_user&is_success=T&notify_id=RqPnCoPT3K9%252Fvwbh3InXSh7ozb7p%252F5aB7cebPerwHX23tFYR0dVWHWTa9T4XwLvI%252Faw3&notify_time=2016-05-12+19%3A54%3A07&notify_type=trade_status_sync&out_trade_no=06D69385C4D849D0BD57CCB73841390A&payment_type=1&seller_email=longrise2008%40yahoo.cn&seller_id=2088001971536565&subject=%E4%BF%9D%E5%AE%9D%E8%AF%BE%E7%A8%8B%E7%B2%BE%E9%80%89&total_fee=60.00&trade_no=2016051221001004930221824905&trade_status=TRADE_SUCCESS&sign=2968709b5a3954af880ff47fa0b8578f&sign_type=MD5" "Mozilla/5.0 (Windows NT 5.1) AppleWebKit/537.36 (KHTML, like Gecko) Chrome/45.0.2454.101 Safari/537.36"
115.58.255.73 - - [12/May/2016:19:54:39 +0800] "POST /YXYBB/restservices/http/single/query HTTP/1.1" 200 108 "http://new.yxybb.com/YXYBB/LEAP/html/bascinfo.html" "Mozilla/5.0 (Windows NT 6.1; WOW64) AppleWebKit/537.36 (KHTML, like Gecko) Chrome/38.0.2125.122 Safari/537.36 SE 2.X MetaSr 1.0"
115.58.255.73 - - [12/May/2016:19:54:39 +0800] "POST /YXYBB/restservices/http/single/query HTTP/1.1" 200 847 "http://new.yxybb.com/YXYBB/LEAP/html/bascinfo.html" "Mozilla/5.0 (Windows NT 6.1; WOW64) AppleWebKit/537.36 (KHTML, like Gecko) Chrome/38.0.2125.122 Safari/537.36 SE 2.X MetaSr 1.0"
115.58.255.73 - - [12/May/2016:19:54:39 +0800] "POST /YXYBB/restservices/http/single/query HTTP/1.1" 200 110 "http://new.yxybb.com/YXYBB/LEAP/html/bascinfo.html" "Mozilla/5.0 (Windows NT 6.1; WOW64) AppleWebKit/537.36 (KHTML, like Gecko) Chrome/38.0.2125.122 Safari/537.36 SE 2.X MetaSr 1.0"
120.219.181.107 - - [12/May/2016:19:54:39 +0800] "POST /YXYBB/LEAP/Service/RPC/RPC.DO?callService=web&method=FL_course_sPersonAllOrderStateBean&sid=1E30C39EC429949B46289523B47AB228&rup=http://new.yxybb.com/YXYBB/ HTTP/1.1" 200 363 "http://new.yxybb.com/YXYBB/yxybb/person_order?bank_seq_no=20160512062629359345&body=%E8%BF%99%E6%98%AF%E6%9D%A5%E8%87%AA%E4%BA%8E%E4%BF%9D%E5%AE%9D%E7%BD%91%E7%9A%84%E5%9F%B9%E8%AE%AD%E8%AF%BE%E7%A8%8B&buyer_email=kehuzijinbu023%40alipay.com&buyer_id=2088502970160936&exterface=create_direct_pay_by_user&is_success=T&notify_id=RqPnCoPT3K9%252Fvwbh3InXSh7ozb7p%252F5aB7cebPerwHX23tFYR0dVWHWTa9T4XwLvI%252Faw3&notify_time=2016-05-12+19%3A54%3A07&notify_type=trade_status_sync&out_trade_no=06D69385C4D849D0BD57CCB73841390A&payment_type=1&seller_email=longrise2008%40yahoo.cn&seller_id=2088001971536565&subject=%E4%BF%9D%E5%AE%9D%E8%AF%BE%E7%A8%8B%E7%B2%BE%E9%80%89&total_fee=60.00&trade_no=2016051221001004930221824905&trade_status=TRADE_SUCCESS&sign=2968709b5a3954af880ff47fa0b8578f&sign_type=MD5" "Mozilla/5.0 (Windows NT 5.1) AppleWebKit/537.36 (KHTML, like Gecko) Chrome/45.0.2454.101 Safari/537.36"
120.219.181.107 - - [12/May/2016:19:54:39 +0800] "GET /YXYBB/yxybb/person_order HTTP/1.1" 200 5689 "http://new.yxybb.com/YXYBB/yxybb/person_order?bank_seq_no=20160512062629359345&body=%E8%BF%99%E6%98%AF%E6%9D%A5%E8%87%AA%E4%BA%8E%E4%BF%9D%E5%AE%9D%E7%BD%91%E7%9A%84%E5%9F%B9%E8%AE%AD%E8%AF%BE%E7%A8%8B&buyer_email=kehuzijinbu023%40alipay.com&buyer_id=2088502970160936&exterface=create_direct_pay_by_user&is_success=T&notify_id=RqPnCoPT3K9%252Fvwbh3InXSh7ozb7p%252F5aB7cebPerwHX23tFYR0dVWHWTa9T4XwLvI%252Faw3&notify_time=2016-05-12+19%3A54%3A07&notify_type=trade_status_sync&out_trade_no=06D69385C4D849D0BD57CCB73841390A&payment_type=1&seller_email=longrise2008%40yahoo.cn&seller_id=2088001971536565&subject=%E4%BF%9D%E5%AE%9D%E8%AF%BE%E7%A8%8B%E7%B2%BE%E9%80%89&total_fee=60.00&trade_no=2016051221001004930221824905&trade_status=TRADE_SUCCESS&sign=2968709b5a3954af880ff47fa0b8578f&sign_type=MD5" "Mozilla/5.0 (Windows NT 5.1) AppleWebKit/537.36 (KHTML, like Gecko) Chrome/45.0.2454.101 Safari/537.36"
120.219.181.107 - - [12/May/2016:19:54:39 +0800] "POST /YXYBB/LEAP/Service/RPC/RPC.DO?callService=web&method=FL_course_sPersonOrderBeanSet&sid=1E30C39EC429949B46289523B47AB228&rup=http://new.yxybb.com/YXYBB/ HTTP/1.1" 200 1073 "http://new.yxybb.com/YXYBB/yxybb/person_order?bank_seq_no=20160512062629359345&body=%E8%BF%99%E6%98%AF%E6%9D%A5%E8%87%AA%E4%BA%8E%E4%BF%9D%E5%AE%9D%E7%BD%91%E7%9A%84%E5%9F%B9%E8%AE%AD%E8%AF%BE%E7%A8%8B&buyer_email=kehuzijinbu023%40alipay.com&buyer_id=2088502970160936&exterface=create_direct_pay_by_user&is_success=T&notify_id=RqPnCoPT3K9%252Fvwbh3InXSh7ozb7p%252F5aB7cebPerwHX23tFYR0dVWHWTa9T4XwLvI%252Faw3&notify_time=2016-05-12+19%3A54%3A07&notify_type=trade_status_sync&out_trade_no=06D69385C4D849D0BD57CCB73841390A&payment_type=1&seller_email=longrise2008%40yahoo.cn&seller_id=2088001971536565&subject=%E4%BF%9D%E5%AE%9D%E8%AF%BE%E7%A8%8B%E7%B2%BE%E9%80%89&total_fee=60.00&trade_no=2016051221001004930221824905&trade_status=TRADE_SUCCESS&sign=2968709b5a3954af880ff47fa0b8578f&sign_type=MD5" "Mozilla/5.0 (Windows NT 5.1) AppleWebKit/537.36 (KHTML, like Gecko) Chrome/45.0.2454.101 Safari/537.36"
1.196.12.45 - - [12/May/2016:19:54:39 +0800] "GET /YXYBB/LEAP/Download/default/info/rolladpic/2016/5/10/9eb6e61df3594176a89d56bf80e303b4.jpg HTTP/1.1" 200 37729 "-" "Dalvik/2.1.0 (Linux; U; Android 5.0; SM-G9008W Build/LRX21T)"
