120.219.181.107 - - [12/May/2016:19:55:45 +0800] "POST /YXYBB/LEAP/Service/RPC/RPC.DO?callService=web&method=FL_course_sPersonAllOrderStateBean&sid=1E30C39EC429949B46289523B47AB228&rup=http://new.yxybb.com/YXYBB/ HTTP/1.1" 200 363 "http://new.yxybb.com/YXYBB/yxybb/person_order" "Mozilla/5.0 (Windows NT 5.1) AppleWebKit/537.36 (KHTML, like Gecko) Chrome/45.0.2454.101 Safari/537.36"
183.204.133.58 - - [12/May/2016:19:55:45 +0800] "POST /YXYBB/restservices/http/single/query HTTP/1.1" 200 103 "http://new.yxybb.com/YXYBB/LEAP/html/index.html" "Mozilla/5.0 (Windows NT 6.1; WOW64) AppleWebKit/537.36 (KHTML, like Gecko) Chrome/44.0.2403.69 Safari/537.36 QQBrowser/9.1.4060.400"
120.219.181.107 - - [12/May/2016:19:55:45 +0800] "POST /YXYBB/LEAP/Service/RPC/RPC.DO?callService=web&method=FL_course_sPersonOrderBeanSet&sid=1E30C39EC429949B46289523B47AB228&rup=http://new.yxybb.com/YXYBB/ HTTP/1.1" 200 1073 "http://new.yxybb.com/YXYBB/yxybb/person_order" "Mozilla/5.0 (Windows NT 5.1) AppleWebKit/537.36 (KHTML, like Gecko) Chrome/45.0.2454.101 Safari/537.36"
120.219.181.107 - - [12/May/2016:19:55:45 +0800] "POST /YXYBB/LEAP/Service/RPC/RPC.DO?callService=web&method=getPersonInfo&sid=1E30C39EC429949B46289523B47AB228&rup=http://new.yxybb.com/YXYBB/ HTTP/1.1" 200 219 "http://new.yxybb.com/YXYBB/yxybb/person_order" "Mozilla/5.0 (Windows NT 5.1) AppleWebKit/537.36 (KHTML, like Gecko) Chrome/45.0.2454.101 Safari/537.36"
120.219.181.107 - - [12/May/2016:19:55:45 +0800] "POST /YXYBB/LEAP/Service/RPC/RPC.DO?callService=web&method=FL_person_suggestedFollows&sid=1E30C39EC429949B46289523B47AB228&rup=http://new.yxybb.com/YXYBB/ HTTP/1.1" 200 682 "http://new.yxybb.com/YXYBB/yxybb/person_order" "Mozilla/5.0 (Windows NT 5.1) AppleWebKit/537.36 (KHTML, like Gecko) Chrome/45.0.2454.101 Safari/537.36"
120.219.181.107 - - [12/May/2016:19:55:46 +0800] "POST /YXYBB/LEAP/Service/RPC/RPC.DO?callService=web&method=FL_person_getLoginSession&sid=1E30C39EC429949B46289523B47AB228&rup=http://new.yxybb.com/YXYBB/ HTTP/1.1" 200 175 "http://new.yxybb.com/YXYBB/yxybb/person_order" "Mozilla/5.0 (Windows NT 5.1) AppleWebKit/537.36 (KHTML, like Gecko) Chrome/45.0.2454.101 Safari/537.36"
120.219.181.107 - - [12/May/2016:19:55:46 +0800] "GET /YXYBB/LEAP/Download/default/system/userpic/2016/1/15/0fc6dc3cb8634b1dbb20288ad29709b1.jpg HTTP/1.1" 304 0 "http://new.yxybb.com/YXYBB/yxybb/person_order" "Mozilla/5.0 (Windows NT 5.1) AppleWebKit/537.36 (KHTML, like Gecko) Chrome/45.0.2454.101 Safari/537.36"
120.219.181.107 - - [12/May/2016:19:55:46 +0800] "GET /YXYBB/LEAP/LUPDPWeb/js/ueditor1_4_3-utf8-jsp/third-party/zeroclipboard/ZeroClipboard.swf?noCache=1463054290230 HTTP/1.1" 200 3933 "http://new.yxybb.com/YXYBB/yxybb/person_order" "Mozilla/5.0 (Windows NT 5.1) AppleWebKit/537.36 (KHTML, like Gecko) Chrome/45.0.2454.101 Safari/537.36"
125.39.162.3 - - [12/May/2016:19:55:47 +0800] "POST /YXYBB/LEAP/Service/RPC/RPC.DO?callService=web&method=FL_course_sStudyRecordBeanSet&sid=E78848FD36B828556DBF4AD948EBF601&rup=http://new.yxybb.com/YXYBB/ HTTP/1.1" 200 1806 "http://new.yxybb.com/YXYBB/yxybb/person_study?loadtype=1" "Mozilla/5.0 (Windows NT 6.1) AppleWebKit/537.1 (KHTML, like Gecko) Chrome/21.0.1180.89 Safari/537.1"
113.251.59.58 - - [12/May/2016:19:55:48 +0800] "POST /YXYBB/LEAP/Service/RPC/RPC.DO?callService=web&method=FL_course_uStudyProcessInfo&sid=7894D503CBF8AF8E3190E1CB771C004D&rup=http://new.yxybb.com/YXYBB/ HTTP/1.1" 200 702 "http://new.yxybb.com/YXYBB/yxybb/coursevideo?courseid=f6fbcb45736a4dbbaa3859703a54ef61&cwid=CW20140423144416825&pathno=0001000800010001" "Mozilla/5.0 (Windows NT 6.1; WOW64) AppleWebKit/537.36 (KHTML, like Gecko) Chrome/31.0.1650.63 Safari/537.36"
125.39.162.3 - - [12/May/2016:19:55:48 +0800] "POST /YXYBB/LEAP/Service/RPC/RPC.DO?callService=web&method=FL_course_sStudyRecordBeanSet&sid=E78848FD36B828556DBF4AD948EBF601&rup=http://new.yxybb.com/YXYBB/ HTTP/1.1" 200 1806 "http://new.yxybb.com/YXYBB/yxybb/person_study?loadtype=1" "Mozilla/5.0 (Windows NT 6.1) AppleWebKit/537.1 (KHTML, like Gecko) Chrome/21.0.1180.89 Safari/537.1"
115.60.88.187 - - [12/May/2016:19:55:48 +0800] "GET /YXYBB/LEAP/web/js/public/control/pagemodule/index.module.js HTTP/1.1" 200 640 "http://new.yxybb.com/YXYBB/LEAP/html/index.html" "Mozilla/5.0 (Windows NT 6.1) AppleWebKit/537.36 (KHTML, like Gecko) Chrome/45.0.2454.101 Safari/537.36"
115.60.88.187 - - [12/May/2016:19:55:48 +0800] "GET /YXYBB/LEAP/web/js/public/control/pagemodule/footer.module.js HTTP/1.1" 200 1923 "http://new.yxybb.com/YXYBB/LEAP/html/index.html" "Mozilla/5.0 (Windows NT 6.1) AppleWebKit/537.36 (KHTML, like Gecko) Chrome/45.0.2454.101 Safari/537.36"
115.60.88.187 - - [12/May/2016:19:55:48 +0800] "GET /YXYBB/LEAP/web/js/public/control/pagemodule/common.module.js HTTP/1.1" 200 2126 "http://new.yxybb.com/YXYBB/LEAP/html/index.html" "Mozilla/5.0 (Windows NT 6.1) AppleWebKit/537.36 (KHTML, like Gecko) Chrome/45.0.2454.101 Safari/537.36"
27.12.165.234 - - [12/May/2016:19:55:49 +0800] "POST /YXYBB/LEAP/Service/RPC/RPC.DO?callService=web&method=FL_course_maintainVideoPlayingAuthorityLock&sid=E0F8C6D6FD17B6C202505E0B486FFAE4&rup=http://new.yxybb.com/YXYBB/ HTTP/1.1" 200 358 "http://new.yxybb.com/YXYBB/yxybb/coursevideo?courseid=2a3da198835c48368a713b4b35bd8937&cwid=CW201411250859112&pathno=0002000200030002" "Mozilla/5.0 (Windows NT 5.1) AppleWebKit/537.36 (KHTML, like Gecko) Chrome/45.0.2454.101 Safari/537.36"
111.10.210.34 - - [12/May/2016:19:55:49 +0800] "POST /YXYBB/LEAP/Service/RPC/RPC.DO?callService=web&method=FL_course_maintainVideoPlayingAuthorityLock&sid=793BCA68EAE37093E02983EE69271EF3&rup=http://new.yxybb.com/YXYBB/ HTTP/1.1" 200 358 "http://new.yxybb.com/YXYBB/yxybb/coursevideo?courseid=f6fbcb45736a4dbbaa3859703a54ef61&cwid=20100621002&pathno=0001000100010002" "Mozilla/5.0 (Windows NT 6.1; WOW64) AppleWebKit/537.36 (KHTML, like Gecko) Chrome/39.0.2171.99 Safari/537.36 2345Explorer/6.5.0.11018"
115.60.88.187 - - [12/May/2016:19:55:49 +0800] "GET /YXYBB/LEAP/web/js/public/js/des.js HTTP/1.1" 200 3529 "http://new.yxybb.com/YXYBB/LEAP/html/index.html" "Mozilla/5.0 (Windows NT 6.1) AppleWebKit/537.36 (KHTML, like Gecko) Chrome/45.0.2454.101 Safari/537.36"
115.60.88.187 - - [12/May/2016:19:55:49 +0800] "GET /YXYBB/LEAP/web/js/public/control/data/index.data.js HTTP/1.1" 200 283 "http://new.yxybb.com/YXYBB/LEAP/html/index.html" "Mozilla/5.0 (Windows NT 6.1) AppleWebKit/537.36 (KHTML, like Gecko) Chrome/45.0.2454.101 Safari/537.36"
115.60.88.187 - - [12/May/2016:19:55:49 +0800] "GET /YXYBB/LEAP/lib/avalon.js HTTP/1.1" 200 29030 "http://new.yxybb.com/YXYBB/LEAP/html/index.html" "Mozilla/5.0 (Windows NT 6.1) AppleWebKit/537.36 (KHTML, like Gecko) Chrome/45.0.2454.101 Safari/537.36"
125.39.162.3 - - [12/May/2016:19:55:49 +0800] "POST /YXYBB/LEAP/Service/RPC/RPC.DO?callService=web&method=FL_course_sStudyRecordBeanSet&sid=E78848FD36B828556DBF4AD948EBF601&rup=http://new.yxybb.com/YXYBB/ HTTP/1.1" 200 1806 "http://new.yxybb.com/YXYBB/yxybb/person_study?loadtype=1" "Mozilla/5.0 (Windows NT 6.1) AppleWebKit/537.1 (KHTML, like Gecko) Chrome/21.0.1180.89 Safari/537.1"
120.212.0.4 - - [12/May/2016:19:55:50 +0800] "GET /YXYBB/yxybb/coursedetails?courseid=6cab4e2c3c554cd68b7f4d5577a3bb75 HTTP/1.1" 200 7051 "http://new.yxybb.com/YXYBB/yxybb/person_study" "Mozilla/5.0 (Windows NT 6.1; WOW64) AppleWebKit/537.36 (KHTML, like Gecko) Chrome/42.0.2311.154 Safari/537.36 LBBROWSER"
115.60.88.187 - - [12/May/2016:19:55:50 +0800] "GET /YXYBB/LEAP/lib/jquery.js HTTP/1.1" 200 38773 "http://new.yxybb.com/YXYBB/LEAP/html/index.html" "Mozilla/5.0 (Windows NT 6.1) AppleWebKit/537.36 (KHTML, like Gecko) Chrome/45.0.2454.101 Safari/537.36"
125.39.162.3 - - [12/May/2016:19:55:50 +0800] "POST /YXYBB/LEAP/Service/RPC/RPC.DO?callService=web&method=FL_course_sStudyRecordBeanSet&sid=E78848FD36B828556DBF4AD948EBF601&rup=http://new.yxybb.com/YXYBB/ HTTP/1.1" 200 1806 "http://new.yxybb.com/YXYBB/yxybb/person_study?loadtype=1" "Mozilla/5.0 (Windows NT 6.1) AppleWebKit/537.1 (KHTML, like Gecko) Chrome/21.0.1180.89 Safari/537.1"
183.204.133.58 - - [12/May/2016:19:55:50 +0800] "POST /YXYBB/restservices/http/single/query HTTP/1.1" 200 103 "http://new.yxybb.com/YXYBB/LEAP/html/index.html" "Mozilla/5.0 (Windows NT 6.1; WOW64) AppleWebKit/537.36 (KHTML, like Gecko) Chrome/44.0.2403.69 Safari/537.36 QQBrowser/9.1.4060.400"
183.204.133.58 - - [12/May/2016:19:55:50 +0800] "POST /YXYBB/restservices/http/single/query HTTP/1.1" 200 103 "http://new.yxybb.com/YXYBB/LEAP/html/index.html" "Mozilla/5.0 (Windows NT 6.1; WOW64) AppleWebKit/537.36 (KHTML, like Gecko) Chrome/44.0.2403.69 Safari/537.36 QQBrowser/9.1.4060.400"
183.204.133.58 - - [12/May/2016:19:55:50 +0800] "POST /YXYBB/restservices/http/single/query HTTP/1.1" 200 8145 "http://new.yxybb.com/YXYBB/LEAP/html/index.html" "Mozilla/5.0 (Windows NT 6.1; WOW64) AppleWebKit/537.36 (KHTML, like Gecko) Chrome/44.0.2403.69 Safari/537.36 QQBrowser/9.1.4060.400"
183.204.133.58 - - [12/May/2016:19:55:50 +0800] "POST /YXYBB/restservices/http/single/query HTTP/1.1" 200 847 "http://new.yxybb.com/YXYBB/LEAP/html/index.html" "Mozilla/5.0 (Windows NT 6.1; WOW64) AppleWebKit/537.36 (KHTML, like Gecko) Chrome/44.0.2403.69 Safari/537.36 QQBrowser/9.1.4060.400"
120.212.0.4 - - [12/May/2016:19:55:50 +0800] "POST /YXYBB/LEAP/Service/RPC/RPC.DO?type=997&_z=c056 HTTP/1.1" 200 32 "http://new.yxybb.com/YXYBB/yxybb/coursedetails?courseid=6cab4e2c3c554cd68b7f4d5577a3bb75" "Mozilla/5.0 (Windows NT 6.1; WOW64) AppleWebKit/537.36 (KHTML, like Gecko) Chrome/42.0.2311.154 Safari/537.36 LBBROWSER"
120.212.0.4 - - [12/May/2016:19:55:50 +0800] "POST /YXYBB/LEAP/Service/RPC/RPC.DO?callService=web&method=FL_person_getLoginSession&sid=DC0A66376A28953D56D007934C4A0009&rup=http://new.yxybb.com/YXYBB/ HTTP/1.1" 200 175 "http://new.yxybb.com/YXYBB/yxybb/coursedetails?courseid=6cab4e2c3c554cd68b7f4d5577a3bb75" "Mozilla/5.0 (Windows NT 6.1; WOW64) AppleWebKit/537.36 (KHTML, like Gecko) Chrome/42.0.2311.154 Safari/537.36 LBBROWSER"
14.106.89.228 - - [12/May/2016:19:55:51 +0800] "POST /YXYBB/LEAP/Service/RPC/RPC.DO?callService=web&method=FL_course_uStudyProcessInfo&sid=951D9ACF7F9CDE7F50006DFD9825B827&rup=http://new.yxybb.com/YXYBB/ HTTP/1.1" 200 703 "http://new.yxybb.com/YXYBB/yxybb/coursevideo?courseid=d0b1c4f535364e7e9a188035a77e2c97&cwid=CW20150906141229809&pathno=0001001000040002" "Mozilla/5.0 (Windows NT 10.0; WOW64) AppleWebKit/537.36 (KHTML, like Gecko) Chrome/45.0.2454.101 Safari/537.36"
183.204.133.58 - - [12/May/2016:19:55:51 +0800] "GET /YXYBB/LEAP/Download/default/2015/12/31/fb46ffb4a60c48cfbcf81a24ee38e431.jpg HTTP/1.1" 200 26635 "http://new.yxybb.com/YXYBB/LEAP/html/index.html" "Mozilla/5.0 (Windows NT 6.1; WOW64) AppleWebKit/537.36 (KHTML, like Gecko) Chrome/44.0.2403.69 Safari/537.36 QQBrowser/9.1.4060.400"
125.39.162.3 - - [12/May/2016:19:55:51 +0800] "GET /YXYBB/LEAP/LUPDPWeb/img/error/course_error_img.png HTTP/1.1" 304 0 "http://new.yxybb.com/YXYBB/yxybb/person_study?loadtype=1" "Mozilla/5.0 (Windows NT 6.1) AppleWebKit/537.1 (KHTML, like Gecko) Chrome/21.0.1180.89 Safari/537.1"
125.39.162.3 - - [12/May/2016:19:55:51 +0800] "GET /YXYBB/LEAP/Resource/flash/get_flash_player.gif HTTP/1.1" 304 0 "http://new.yxybb.com/YXYBB/yxybb/person_study?loadtype=1" "Mozilla/5.0 (Windows NT 6.1) AppleWebKit/537.1 (KHTML, like Gecko) Chrome/21.0.1180.89 Safari/537.1"
125.86.118.1 - - [12/May/2016:19:55:51 +0800] "POST /YXYBB/LEAP/Service/RPC/RPC.DO?callService=web&method=FL_course_maintainVideoPlayingAuthorityLock&sid=2273A5C57046929091D54F7BAE60DCCB&rup=http://new.yxybb.com/YXYBB/ HTTP/1.1" 200 358 "http://new.yxybb.com/YXYBB/yxybb/coursevideo?courseid=f6fbcb45736a4dbbaa3859703a54ef61&cwid=CW20131209102344352&pathno=0003000200080005" "Mozilla/5.0 (Windows NT 6.1) AppleWebKit/537.36 (KHTML, like Gecko) Chrome/44.0.2403.89 Safari/537.36"
120.212.0.4 - - [12/May/2016:19:55:51 +0800] "POST /YXYBB/LEAP/Service/RPC/RPC.DO?callService=web&method=SearchCache&sid=DC0A66376A28953D56D007934C4A0009&rup=http://new.yxybb.com/YXYBB/ HTTP/1.1" 200 552 "http://new.yxybb.com/YXYBB/yxybb/coursedetails?courseid=6cab4e2c3c554cd68b7f4d5577a3bb75" "Mozilla/5.0 (Windows NT 6.1; WOW64) AppleWebKit/537.36 (KHTML, like Gecko) Chrome/42.0.2311.154 Safari/537.36 LBBROWSER"
120.212.0.4 - - [12/May/2016:19:55:51 +0800] "GET /YXYBB/LEAP/Download/default/system/userpic/2016/1/15/cf59449a0c6146ce9283c53dd9069cee.jpg HTTP/1.1" 304 0 "http://new.yxybb.com/YXYBB/yxybb/coursedetails?courseid=6cab4e2c3c554cd68b7f4d5577a3bb75" "Mozilla/5.0 (Windows NT 6.1; WOW64) AppleWebKit/537.36 (KHTML, like Gecko) Chrome/42.0.2311.154 Safari/537.36 LBBROWSER"
120.212.0.4 - - [12/May/2016:19:55:51 +0800] "POST /YXYBB/LEAP/Service/RPC/RPC.DO?callService=web&method=notReadMessageNum&sid=DC0A66376A28953D56D007934C4A0009&rup=http://new.yxybb.com/YXYBB/ HTTP/1.1" 200 173 "http://new.yxybb.com/YXYBB/yxybb/coursedetails?courseid=6cab4e2c3c554cd68b7f4d5577a3bb75" "Mozilla/5.0 (Windows NT 6.1; WOW64) AppleWebKit/537.36 (KHTML, like Gecko) Chrome/42.0.2311.154 Safari/537.36 LBBROWSER"
125.83.98.233 - - [12/May/2016:19:55:51 +0800] "POST /YXYBB/LEAP/Service/RPC/RPC.DO?callService=web&method=FL_course_uStudyProcessInfo&sid=0EEE5076BF7F8C53F5946663B4499285&rup=http://new.yxybb.com/YXYBB/ HTTP/1.1" 200 700 "http://new.yxybb.com/YXYBB/yxybb/coursevideo?courseid=d0b1c4f535364e7e9a188035a77e2c97&cwid=CW20150126150240927&pathno=0001000200010001" "Mozilla/5.0 (Windows NT 6.1) AppleWebKit/537.36 (KHTML, like Gecko) Chrome/31.0.1650.63 Safari/537.36"
120.212.0.4 - - [12/May/2016:19:55:51 +0800] "POST /YXYBB/LEAP/Service/RPC/RPC.DO?callService=web&method=FL_course_sVaildSignupBeanAndStudyRecords&sid=DC0A66376A28953D56D007934C4A0009&rup=http://new.yxybb.com/YXYBB/ HTTP/1.1" 200 4058 "http://new.yxybb.com/YXYBB/yxybb/coursedetails?courseid=6cab4e2c3c554cd68b7f4d5577a3bb75" "Mozilla/5.0 (Windows NT 6.1; WOW64) AppleWebKit/537.36 (KHTML, like Gecko) Chrome/42.0.2311.154 Safari/537.36 LBBROWSER"
183.204.133.58 - - [12/May/2016:19:55:52 +0800] "POST /YXYBB/restservices/http/single/query HTTP/1.1" 200 8145 "http://new.yxybb.com/YXYBB/LEAP/html/index.html" "Mozilla/5.0 (Windows NT 6.1; WOW64) AppleWebKit/537.36 (KHTML, like Gecko) Chrome/44.0.2403.69 Safari/537.36 QQBrowser/9.1.4060.400"
125.39.162.3 - - [12/May/2016:19:55:52 +0800] "POST /YXYBB/LEAP/Service/RPC/RPC.DO?callService=web&method=FL_course_sStudyRecordBeanSet&sid=E78848FD36B828556DBF4AD948EBF601&rup=http://new.yxybb.com/YXYBB/ HTTP/1.1" 200 1806 "http://new.yxybb.com/YXYBB/yxybb/person_study?loadtype=1" "Mozilla/5.0 (Windows NT 6.1) AppleWebKit/537.1 (KHTML, like Gecko) Chrome/21.0.1180.89 Safari/537.1"
120.219.181.107 - - [12/May/2016:19:55:52 +0800] "GET /YXYBB/LEAP/Download/default/system/userpic/2016/1/15/bba6623f32cb4bb4bf801b4fa1b6ecb9.jpg HTTP/1.1" 200 131920 "http://new.yxybb.com/YXYBB/yxybb/person_order" "Mozilla/5.0 (Windows NT 5.1) AppleWebKit/537.36 (KHTML, like Gecko) Chrome/45.0.2454.101 Safari/537.36"
115.60.88.187 - - [12/May/2016:19:55:52 +0800] "GET /YXYBB/LEAP/web/js/public/control/data/header.data.js HTTP/1.1" 200 416 "http://new.yxybb.com/YXYBB/LEAP/html/index.html" "Mozilla/5.0 (Windows NT 6.1) AppleWebKit/537.36 (KHTML, like Gecko) Chrome/45.0.2454.101 Safari/537.36"
120.212.0.4 - - [12/May/2016:19:55:52 +0800] "POST /YXYBB/LEAP/Service/RPC/RPC.DO?callService=web&method=FL_course_sCourseDetailsInfo&sid=DC0A66376A28953D56D007934C4A0009&rup=http://new.yxybb.com/YXYBB/ HTTP/1.1" 200 1091 "http://new.yxybb.com/YXYBB/yxybb/coursedetails?courseid=6cab4e2c3c554cd68b7f4d5577a3bb75" "Mozilla/5.0 (Windows NT 6.1; WOW64) AppleWebKit/537.36 (KHTML, like Gecko) Chrome/42.0.2311.154 Safari/537.36 LBBROWSER"
120.212.0.4 - - [12/May/2016:19:55:52 +0800] "POST /YXYBB/LEAP/Service/RPC/RPC.DO?callService=web&method=FL_course_sTrainResTree&sid=DC0A66376A28953D56D007934C4A0009&rup=http://new.yxybb.com/YXYBB/ HTTP/1.1" 200 15391 "http://new.yxybb.com/YXYBB/yxybb/coursedetails?courseid=6cab4e2c3c554cd68b7f4d5577a3bb75" "Mozilla/5.0 (Windows NT 6.1; WOW64) AppleWebKit/537.36 (KHTML, like Gecko) Chrome/42.0.2311.154 Safari/537.36 LBBROWSER"
113.248.152.60 - - [12/May/2016:19:55:53 +0800] "GET /YXYBB/LEAP/web/js/public/LEAP/lib/require.js HTTP/1.1" 304 0 "http://new.yxybb.com/YXYBB/LEAP/html/index.html" "Mozilla/5.0 (compatible; MSIE 10.0; Windows NT 6.1; WOW64; Trident/6.0)"
120.212.0.4 - - [12/May/2016:19:55:53 +0800] "POST /YXYBB/LEAP/Service/RPC/RPC.DO?callService=web&method=FL_course_sRecommendCourseInfos&sid=DC0A66376A28953D56D007934C4A0009&rup=http://new.yxybb.com/YXYBB/ HTTP/1.1" 200 1378 "http://new.yxybb.com/YXYBB/yxybb/coursedetails?courseid=6cab4e2c3c554cd68b7f4d5577a3bb75" "Mozilla/5.0 (Windows NT 6.1; WOW64) AppleWebKit/537.36 (KHTML, like Gecko) Chrome/42.0.2311.154 Safari/537.36 LBBROWSER"
125.39.162.3 - - [12/May/2016:19:55:53 +0800] "POST /YXYBB/LEAP/Service/RPC/RPC.DO?callService=web&method=FL_course_sStudyRecordBeanSet&sid=E78848FD36B828556DBF4AD948EBF601&rup=http://new.yxybb.com/YXYBB/ HTTP/1.1" 200 1806 "http://new.yxybb.com/YXYBB/yxybb/person_study?loadtype=1" "Mozilla/5.0 (Windows NT 6.1) AppleWebKit/537.1 (KHTML, like Gecko) Chrome/21.0.1180.89 Safari/537.1"
120.212.0.4 - - [12/May/2016:19:55:53 +0800] "POST /YXYBB/LEAP/Service/RPC/RPC.DO?callService=web&method=FL_SocialOperation_sCommentByReplyto&sid=DC0A66376A28953D56D007934C4A0009&rup=http://new.yxybb.com/YXYBB/ HTTP/1.1" 200 1165 "http://new.yxybb.com/YXYBB/yxybb/coursedetails?courseid=6cab4e2c3c554cd68b7f4d5577a3bb75" "Mozilla/5.0 (Windows NT 6.1; WOW64) AppleWebKit/537.36 (KHTML, like Gecko) Chrome/42.0.2311.154 Safari/537.36 LBBROWSER"
113.248.152.60 - - [12/May/2016:19:55:53 +0800] "GET /YXYBB/LEAP/web/js/public/control/pagemodule/footer.module.js HTTP/1.1" 304 0 "http://new.yxybb.com/YXYBB/LEAP/html/index.html" "Mozilla/5.0 (compatible; MSIE 10.0; Windows NT 6.1; WOW64; Trident/6.0)"
113.248.152.60 - - [12/May/2016:19:55:53 +0800] "GET /YXYBB/LEAP/web/js/public/control/pagemodule/common.module.js HTTP/1.1" 304 0 "http://new.yxybb.com/YXYBB/LEAP/html/index.html" "Mozilla/5.0 (compatible; MSIE 10.0; Windows NT 6.1; WOW64; Trident/6.0)"
113.248.152.60 - - [12/May/2016:19:55:53 +0800] "GET /YXYBB/LEAP/lib/avalon.js HTTP/1.1" 304 0 "http://new.yxybb.com/YXYBB/LEAP/html/index.html" "Mozilla/5.0 (compatible; MSIE 10.0; Windows NT 6.1; WOW64; Trident/6.0)"
113.248.152.60 - - [12/May/2016:19:55:53 +0800] "GET /YXYBB/LEAP/lib/jquery.js HTTP/1.1" 304 0 "http://new.yxybb.com/YXYBB/LEAP/html/index.html" "Mozilla/5.0 (compatible; MSIE 10.0; Windows NT 6.1; WOW64; Trident/6.0)"
113.248.152.60 - - [12/May/2016:19:55:53 +0800] "POST /YXYBB/restservices/http/single/query HTTP/1.1" 200 8152 "http://new.yxybb.com/YXYBB/LEAP/html/index.html" "Mozilla/5.0 (compatible; MSIE 10.0; Windows NT 6.1; WOW64; Trident/6.0)"
125.39.162.3 - - [12/May/2016:19:55:54 +0800] "POST /YXYBB/LEAP/Service/RPC/RPC.DO?callService=web&method=FL_course_sStudyRecordBeanSet&sid=E78848FD36B828556DBF4AD948EBF601&rup=http://new.yxybb.com/YXYBB/ HTTP/1.1" 200 1806 "http://new.yxybb.com/YXYBB/yxybb/person_study?loadtype=1" "Mozilla/5.0 (Windows NT 6.1) AppleWebKit/537.1 (KHTML, like Gecko) Chrome/21.0.1180.89 Safari/537.1"
125.39.162.3 - - [12/May/2016:19:55:54 +0800] "GET /YXYBB/yxybb/null HTTP/1.1" 404 905 "http://new.yxybb.com/YXYBB/yxybb/person_study?loadtype=1" "Mozilla/5.0 (Windows NT 6.1) AppleWebKit/537.1 (KHTML, like Gecko) Chrome/21.0.1180.89 Safari/537.1"
125.39.162.3 - - [12/May/2016:19:55:54 +0800] "GET /YXYBB/LEAP/Resource/flash/hp.swf HTTP/1.1" 304 0 "http://new.yxybb.com/YXYBB/yxybb/person_study?loadtype=1" "Mozilla/5.0 (Windows NT 6.1) AppleWebKit/537.1 (KHTML, like Gecko) Chrome/21.0.1180.89 Safari/537.1"
113.248.152.60 - - [12/May/2016:19:55:54 +0800] "GET /YXYBB/LEAP/web/js/public/control/data/footer.data.js HTTP/1.1" 304 0 "http://new.yxybb.com/YXYBB/LEAP/html/index.html" "Mozilla/5.0 (compatible; MSIE 10.0; Windows NT 6.1; WOW64; Trident/6.0)"
113.248.152.60 - - [12/May/2016:19:55:54 +0800] "GET /YXYBB/LEAP/lib/upload.js HTTP/1.1" 304 0 "http://new.yxybb.com/YXYBB/LEAP/html/index.html" "Mozilla/5.0 (compatible; MSIE 10.0; Windows NT 6.1; WOW64; Trident/6.0)"
113.248.152.60 - - [12/May/2016:19:55:54 +0800] "GET /YXYBB/LEAP/lib/ajaxfileupload.js HTTP/1.1" 304 0 "http://new.yxybb.com/YXYBB/LEAP/html/index.html" "Mozilla/5.0 (compatible; MSIE 10.0; Windows NT 6.1; WOW64; Trident/6.0)"
113.248.152.60 - - [12/May/2016:19:55:54 +0800] "GET /YXYBB/LEAP/img/close.png HTTP/1.1" 404 905 "http://new.yxybb.com/YXYBB/LEAP/html/index.html" "Mozilla/5.0 (compatible; MSIE 10.0; Windows NT 6.1; WOW64; Trident/6.0)"
125.39.162.3 - - [12/May/2016:19:55:54 +0800] "GET /YXYBB/LEAP/web/js/public/control/pagemodule/course.module.js HTTP/1.1" 200 1138 "http://new.yxybb.com/YXYBB/LEAP/html/course.html" "Mozilla/5.0 (Windows NT 6.1) AppleWebKit/537.1 (KHTML, like Gecko) Chrome/21.0.1180.89 Safari/537.1"
125.39.162.3 - - [12/May/2016:19:55:54 +0800] "GET /YXYBB/LEAP/lib/jquery.SuperSlide.2.1.1.js HTTP/1.1" 200 3662 "http://new.yxybb.com/YXYBB/LEAP/html/course.html" "Mozilla/5.0 (Windows NT 6.1) AppleWebKit/537.1 (KHTML, like Gecko) Chrome/21.0.1180.89 Safari/537.1"
125.39.162.3 - - [12/May/2016:19:55:54 +0800] "GET /YXYBB/LEAP/web/js/public/control/data/course.data.js HTTP/1.1" 200 841 "http://new.yxybb.com/YXYBB/LEAP/html/course.html" "Mozilla/5.0 (Windows NT 6.1) AppleWebKit/537.1 (KHTML, like Gecko) Chrome/21.0.1180.89 Safari/537.1"
125.39.162.3 - - [12/May/2016:19:55:54 +0800] "POST /YXYBB/restservices/http/single/query HTTP/1.1" 200 1185 "http://new.yxybb.com/YXYBB/LEAP/html/course.html" "Mozilla/5.0 (Windows NT 6.1) AppleWebKit/537.1 (KHTML, like Gecko) Chrome/21.0.1180.89 Safari/537.1"
125.39.162.3 - - [12/May/2016:19:55:54 +0800] "POST /YXYBB/restservices/http/single/query HTTP/1.1" 200 12040 "http://new.yxybb.com/YXYBB/LEAP/html/course.html" "Mozilla/5.0 (Windows NT 6.1) AppleWebKit/537.1 (KHTML, like Gecko) Chrome/21.0.1180.89 Safari/537.1"
125.39.162.3 - - [12/May/2016:19:55:54 +0800] "POST /YXYBB/restservices/http/single/query HTTP/1.1" 200 1961 "http://new.yxybb.com/YXYBB/LEAP/html/course.html" "Mozilla/5.0 (Windows NT 6.1) AppleWebKit/537.1 (KHTML, like Gecko) Chrome/21.0.1180.89 Safari/537.1"
125.39.162.3 - - [12/May/2016:19:55:55 +0800] "GET /YXYBB/LEAP/Download/default/2016/5/11/5264952e20904aa3a9b4a8345afedc00.png HTTP/1.1" 304 0 "http://new.yxybb.com/YXYBB/LEAP/html/course.html" "Mozilla/5.0 (Windows NT 6.1) AppleWebKit/537.1 (KHTML, like Gecko) Chrome/21.0.1180.89 Safari/537.1"
125.39.162.3 - - [12/May/2016:19:55:55 +0800] "GET /YXYBB/LEAP/Download/default/2016/5/11/dc0b5aa8955e4a52bb029af84264778e.png HTTP/1.1" 304 0 "http://new.yxybb.com/YXYBB/LEAP/html/course.html" "Mozilla/5.0 (Windows NT 6.1) AppleWebKit/537.1 (KHTML, like Gecko) Chrome/21.0.1180.89 Safari/537.1"
125.39.162.3 - - [12/May/2016:19:55:55 +0800] "GET /YXYBB/LEAP/Download/default/2016/3/30/a1efa676fdc4437d82db4c24070ac54e.jpg HTTP/1.1" 304 0 "http://new.yxybb.com/YXYBB/LEAP/html/course.html" "Mozilla/5.0 (Windows NT 6.1) AppleWebKit/537.1 (KHTML, like Gecko) Chrome/21.0.1180.89 Safari/537.1"
125.39.162.3 - - [12/May/2016:19:55:55 +0800] "GET /YXYBB/LEAP/Download/default/2016/3/30/d8ae7d0788cc494fad438f637f88117b.jpg HTTP/1.1" 304 0 "http://new.yxybb.com/YXYBB/LEAP/html/course.html" "Mozilla/5.0 (Windows NT 6.1) AppleWebKit/537.1 (KHTML, like Gecko) Chrome/21.0.1180.89 Safari/537.1"
125.39.162.3 - - [12/May/2016:19:55:55 +0800] "GET /YXYBB/LEAP/Download/default/2016/3/30/bad2f67546b04b1db7194ec1310dee8d.jpg HTTP/1.1" 304 0 "http://new.yxybb.com/YXYBB/LEAP/html/course.html" "Mozilla/5.0 (Windows NT 6.1) AppleWebKit/537.1 (KHTML, like Gecko) Chrome/21.0.1180.89 Safari/537.1"
111.164.148.214 - - [12/May/2016:19:55:55 +0800] "POST /YXYBB/LEAP/Service/RPC/RPC.DO?callService=web&method=FL_course_maintainVideoPlayingAuthorityLock&sid=21002C6D608DCAAE431F3BDC6EA5FFF2&rup=http://new.yxybb.com/YXYBB/ HTTP/1.1" 200 358 "http://new.yxybb.com/YXYBB/yxybb/coursevideo?courseid=8bc7ac29c2174b498ca651191594b1a5&cwid=CW20140312018&pathno=0003000100010004" "Mozilla/5.0 (Windows NT 6.1) AppleWebKit/537.1 (KHTML, like Gecko) Chrome/21.0.1180.89 Safari/537.1"
125.39.162.3 - - [12/May/2016:19:55:55 +0800] "GET /YXYBB/LEAP/Download/default/2016/5/11/890375e707ca4042a9e372d4cee3a0b9.png HTTP/1.1" 304 0 "http://new.yxybb.com/YXYBB/LEAP/html/course.html" "Mozilla/5.0 (Windows NT 6.1) AppleWebKit/537.1 (KHTML, like Gecko) Chrome/21.0.1180.89 Safari/537.1"
113.248.152.60 - - [12/May/2016:19:55:55 +0800] "POST /YXYBB/restservices/http/single/query HTTP/1.1" 200 1052 "http://new.yxybb.com/YXYBB/LEAP/html/index.html" "Mozilla/5.0 (compatible; MSIE 10.0; Windows NT 6.1; WOW64; Trident/6.0)"
120.212.0.4 - - [12/May/2016:19:55:56 +0800] "GET /YXYBB/LEAP/Download/default/2016/3/28/9f049a3d7f854a649a5b908e3068823d.jpg HTTP/1.1" 304 0 "http://new.yxybb.com/YXYBB/yxybb/coursedetails?courseid=6cab4e2c3c554cd68b7f4d5577a3bb75" "Mozilla/5.0 (Windows NT 6.1; WOW64) AppleWebKit/537.36 (KHTML, like Gecko) Chrome/42.0.2311.154 Safari/537.36 LBBROWSER"
120.212.0.4 - - [12/May/2016:19:55:56 +0800] "POST /YXYBB/LEAP/Service/RPC/RPC.DO?callService=web&method=FL_SocialOperation_sCommentByReplyto&sid=DC0A66376A28953D56D007934C4A0009&rup=http://new.yxybb.com/YXYBB/ HTTP/1.1" 200 177 "http://new.yxybb.com/YXYBB/yxybb/coursedetails?courseid=6cab4e2c3c554cd68b7f4d5577a3bb75" "Mozilla/5.0 (Windows NT 6.1; WOW64) AppleWebKit/537.36 (KHTML, like Gecko) Chrome/42.0.2311.154 Safari/537.36 LBBROWSER"
120.212.0.4 - - [12/May/2016:19:55:56 +0800] "POST /YXYBB/LEAP/Service/RPC/RPC.DO?callService=web&method=FL_SocialOperation_sCommentByReplyto&sid=DC0A66376A28953D56D007934C4A0009&rup=http://new.yxybb.com/YXYBB/ HTTP/1.1" 200 177 "http://new.yxybb.com/YXYBB/yxybb/coursedetails?courseid=6cab4e2c3c554cd68b7f4d5577a3bb75" "Mozilla/5.0 (Windows NT 6.1; WOW64) AppleWebKit/537.36 (KHTML, like Gecko) Chrome/42.0.2311.154 Safari/537.36 LBBROWSER"
120.212.0.4 - - [12/May/2016:19:55:56 +0800] "POST /YXYBB/LEAP/Service/RPC/RPC.DO?callService=web&method=FL_SocialOperation_sCommentByReplyto&sid=DC0A66376A28953D56D007934C4A0009&rup=http://new.yxybb.com/YXYBB/ HTTP/1.1" 200 819 "http://new.yxybb.com/YXYBB/yxybb/coursedetails?courseid=6cab4e2c3c554cd68b7f4d5577a3bb75" "Mozilla/5.0 (Windows NT 6.1; WOW64) AppleWebKit/537.36 (KHTML, like Gecko) Chrome/42.0.2311.154 Safari/537.36 LBBROWSER"
120.212.0.4 - - [12/May/2016:19:55:56 +0800] "POST /YXYBB/LEAP/Service/RPC/RPC.DO?callService=web&method=FL_SocialOperation_sOperationNum&sid=DC0A66376A28953D56D007934C4A0009&rup=http://new.yxybb.com/YXYBB/ HTTP/1.1" 200 263 "http://new.yxybb.com/YXYBB/yxybb/coursedetails?courseid=6cab4e2c3c554cd68b7f4d5577a3bb75" "Mozilla/5.0 (Windows NT 6.1; WOW64) AppleWebKit/537.36 (KHTML, like Gecko) Chrome/42.0.2311.154 Safari/537.36 LBBROWSER"
120.212.0.4 - - [12/May/2016:19:55:56 +0800] "GET /YXYBB/LEAP/LUPDPWeb/js/socialOperation.js?_=1463054309688 HTTP/1.1" 200 9405 "http://new.yxybb.com/YXYBB/yxybb/coursedetails?courseid=6cab4e2c3c554cd68b7f4d5577a3bb75" "Mozilla/5.0 (Windows NT 6.1; WOW64) AppleWebKit/537.36 (KHTML, like Gecko) Chrome/42.0.2311.154 Safari/537.36 LBBROWSER"
120.212.0.4 - - [12/May/2016:19:55:56 +0800] "GET /YXYBB/LEAP/LUPDPWeb/js/main.js?_=1463054309684 HTTP/1.1" 200 17533 "http://new.yxybb.com/YXYBB/yxybb/coursedetails?courseid=6cab4e2c3c554cd68b7f4d5577a3bb75" "Mozilla/5.0 (Windows NT 6.1; WOW64) AppleWebKit/537.36 (KHTML, like Gecko) Chrome/42.0.2311.154 Safari/537.36 LBBROWSER"
120.212.0.4 - - [12/May/2016:19:55:56 +0800] "GET /YXYBB/LEAP/LUPDPWeb/js/main.js?_=1463054309690 HTTP/1.1" 200 17533 "http://new.yxybb.com/YXYBB/yxybb/coursedetails?courseid=6cab4e2c3c554cd68b7f4d5577a3bb75" "Mozilla/5.0 (Windows NT 6.1; WOW64) AppleWebKit/537.36 (KHTML, like Gecko) Chrome/42.0.2311.154 Safari/537.36 LBBROWSER"
120.212.0.4 - - [12/May/2016:19:55:56 +0800] "GET /YXYBB/LEAP/LUPDPWeb/js/socialOperation.js?_=1463054309691 HTTP/1.1" 200 9405 "http://new.yxybb.com/YXYBB/yxybb/coursedetails?courseid=6cab4e2c3c554cd68b7f4d5577a3bb75" "Mozilla/5.0 (Windows NT 6.1; WOW64) AppleWebKit/537.36 (KHTML, like Gecko) Chrome/42.0.2311.154 Safari/537.36 LBBROWSER"
115.60.88.187 - - [12/May/2016:19:55:56 +0800] "POST /YXYBB/restservices/http/single/query HTTP/1.1" 200 2504 "http://new.yxybb.com/YXYBB/LEAP/html/index.html" "Mozilla/5.0 (Windows NT 6.1) AppleWebKit/537.36 (KHTML, like Gecko) Chrome/45.0.2454.101 Safari/537.36"
115.60.88.187 - - [12/May/2016:19:55:56 +0800] "POST /YXYBB/restservices/http/single/query HTTP/1.1" 200 8145 "http://new.yxybb.com/YXYBB/LEAP/html/index.html" "Mozilla/5.0 (Windows NT 6.1) AppleWebKit/537.36 (KHTML, like Gecko) Chrome/45.0.2454.101 Safari/537.36"
115.60.88.187 - - [12/May/2016:19:55:56 +0800] "POST /YXYBB/restservices/http/single/query HTTP/1.1" 200 103 "http://new.yxybb.com/YXYBB/LEAP/html/index.html" "Mozilla/5.0 (Windows NT 6.1) AppleWebKit/537.36 (KHTML, like Gecko) Chrome/45.0.2454.101 Safari/537.36"
115.60.88.187 - - [12/May/2016:19:55:56 +0800] "GET /YXYBB/LEAP/html/footer.html HTTP/1.1" 200 5804 "http://new.yxybb.com/YXYBB/LEAP/html/index.html" "Mozilla/5.0 (Windows NT 6.1) AppleWebKit/537.36 (KHTML, like Gecko) Chrome/45.0.2454.101 Safari/537.36"
115.60.88.187 - - [12/May/2016:19:55:57 +0800] "POST /YXYBB/restservices/http/single/query HTTP/1.1" 200 847 "http://new.yxybb.com/YXYBB/LEAP/html/index.html" "Mozilla/5.0 (Windows NT 6.1) AppleWebKit/537.36 (KHTML, like Gecko) Chrome/45.0.2454.101 Safari/537.36"
115.60.88.187 - - [12/May/2016:19:55:57 +0800] "POST /YXYBB/restservices/http/single/query HTTP/1.1" 200 108 "http://new.yxybb.com/YXYBB/LEAP/html/index.html" "Mozilla/5.0 (Windows NT 6.1) AppleWebKit/537.36 (KHTML, like Gecko) Chrome/45.0.2454.101 Safari/537.36"
115.60.88.187 - - [12/May/2016:19:55:57 +0800] "POST /YXYBB/restservices/http/single/query HTTP/1.1" 200 103 "http://new.yxybb.com/YXYBB/LEAP/html/index.html" "Mozilla/5.0 (Windows NT 6.1) AppleWebKit/537.36 (KHTML, like Gecko) Chrome/45.0.2454.101 Safari/537.36"
113.248.152.60 - - [12/May/2016:19:55:57 +0800] "GET /YXYBB/LEAP/Download/default/2015/12/31/fb46ffb4a60c48cfbcf81a24ee38e431.jpg HTTP/1.1" 304 0 "http://new.yxybb.com/YXYBB/LEAP/html/index.html" "Mozilla/5.0 (compatible; MSIE 10.0; Windows NT 6.1; WOW64; Trident/6.0)"
115.60.88.187 - - [12/May/2016:19:55:57 +0800] "GET /YXYBB/LEAP/Download/default/2015/12/31/fb46ffb4a60c48cfbcf81a24ee38e431.jpg HTTP/1.1" 200 26635 "http://new.yxybb.com/YXYBB/LEAP/html/index.html" "Mozilla/5.0 (Windows NT 6.1) AppleWebKit/537.36 (KHTML, like Gecko) Chrome/45.0.2454.101 Safari/537.36"
120.212.0.4 - - [12/May/2016:19:55:58 +0800] "GET /YXYBB/LEAP/LUPDPWeb/js/main.js?_=1463054309694 HTTP/1.1" 200 17533 "http://new.yxybb.com/YXYBB/yxybb/coursedetails?courseid=6cab4e2c3c554cd68b7f4d5577a3bb75" "Mozilla/5.0 (Windows NT 6.1; WOW64) AppleWebKit/537.36 (KHTML, like Gecko) Chrome/42.0.2311.154 Safari/537.36 LBBROWSER"
120.219.181.107 - - [12/May/2016:19:55:58 +0800] "GET /YXYBB/yxybb/person_study HTTP/1.1" 200 5490 "http://new.yxybb.com/YXYBB/yxybb/person_order" "Mozilla/5.0 (Windows NT 5.1) AppleWebKit/537.36 (KHTML, like Gecko) Chrome/45.0.2454.101 Safari/537.36"
222.138.95.13 - - [12/May/2016:19:55:58 +0800] "POST /YXYBB/LEAP/Service/RPC/RPC.DO?callService=web&method=FL_course_uStudyProcessInfo&sid=E726684DABA01DC4D0CC6F3896640CE6&rup=http://new.yxybb.com/YXYBB/ HTTP/1.1" 200 703 "http://new.yxybb.com/YXYBB/yxybb/coursevideo?courseid=6cab4e2c3c554cd68b7f4d5577a3bb75&cwid=CW20140103112317436&pathno=0001000200010001" "Mozilla/5.0 (Windows NT 6.1; WOW64) AppleWebKit/537.36 (KHTML, like Gecko) Chrome/47.0.2526.80 Safari/537.36 Core/1.47.277.400 QQBrowser/9.4.7658.400"
120.219.181.107 - - [12/May/2016:19:55:58 +0800] "POST /YXYBB/LEAP/Service/RPC/RPC.DO?type=997&_z=71f5 HTTP/1.1" 200 32 "http://new.yxybb.com/YXYBB/yxybb/person_study" "Mozilla/5.0 (Windows NT 5.1) AppleWebKit/537.36 (KHTML, like Gecko) Chrome/45.0.2454.101 Safari/537.36"
120.219.181.107 - - [12/May/2016:19:55:58 +0800] "POST /YXYBB/LEAP/Service/RPC/RPC.DO?callService=web&method=FL_person_getLoginSession&sid=1E30C39EC429949B46289523B47AB228&rup=http://new.yxybb.com/YXYBB/ HTTP/1.1" 200 175 "http://new.yxybb.com/YXYBB/yxybb/person_study" "Mozilla/5.0 (Windows NT 5.1) AppleWebKit/537.36 (KHTML, like Gecko) Chrome/45.0.2454.101 Safari/537.36"
120.212.0.4 - - [12/May/2016:19:55:58 +0800] "GET /YXYBB/LEAP/LUPDPWeb/js/socialOperation.js?_=1463054309695 HTTP/1.1" 200 9405 "http://new.yxybb.com/YXYBB/yxybb/coursedetails?courseid=6cab4e2c3c554cd68b7f4d5577a3bb75" "Mozilla/5.0 (Windows NT 6.1; WOW64) AppleWebKit/537.36 (KHTML, like Gecko) Chrome/42.0.2311.154 Safari/537.36 LBBROWSER"
183.204.133.58 - - [12/May/2016:19:55:59 +0800] "GET /YXYBB/LEAP/Download/default/2015/12/31/fb46ffb4a60c48cfbcf81a24ee38e431.jpg HTTP/1.1" 200 26635 "http://new.yxybb.com/YXYBB/LEAP/html/index.html" "Mozilla/5.0 (Windows NT 6.1; WOW64) AppleWebKit/537.36 (KHTML, like Gecko) Chrome/44.0.2403.69 Safari/537.36 QQBrowser/9.1.4060.400"
106.92.76.123 - - [12/May/2016:19:55:59 +0800] "GET /YXYBB/LEAP/web/css/public/css/main.css HTTP/1.1" 200 31047 "http://new.yxybb.com/YXYBB/LEAP/html/index.html" "Mozilla/5.0 (Linux; U; Android 4.4.4; zh-cn; R8107 Build/KTU84P) AppleWebKit/537.36 (KHTML, like Gecko) Version/4.0 Chrome/38.0.2125.114 Mobile Safari/537.36 OppoBrowser/3.9.2"
120.219.181.107 - - [12/May/2016:19:55:59 +0800] "POST /YXYBB/LEAP/Service/RPC/RPC.DO?callService=web&method=SearchCache&sid=1E30C39EC429949B46289523B47AB228&rup=http://new.yxybb.com/YXYBB/ HTTP/1.1" 200 552 "http://new.yxybb.com/YXYBB/yxybb/person_study" "Mozilla/5.0 (Windows NT 5.1) AppleWebKit/537.36 (KHTML, like Gecko) Chrome/45.0.2454.101 Safari/537.36"
120.219.181.107 - - [12/May/2016:19:55:59 +0800] "GET /YXYBB/LEAP/Download/default/system/userpic/2016/1/15/cf59449a0c6146ce9283c53dd9069cee.jpg HTTP/1.1" 304 0 "http://new.yxybb.com/YXYBB/yxybb/person_study" "Mozilla/5.0 (Windows NT 5.1) AppleWebKit/537.36 (KHTML, like Gecko) Chrome/45.0.2454.101 Safari/537.36"
120.219.181.107 - - [12/May/2016:19:55:59 +0800] "POST /YXYBB/LEAP/Service/RPC/RPC.DO?callService=web&method=notReadMessageNum&sid=1E30C39EC429949B46289523B47AB228&rup=http://new.yxybb.com/YXYBB/ HTTP/1.1" 200 173 "http://new.yxybb.com/YXYBB/yxybb/person_study" "Mozilla/5.0 (Windows NT 5.1) AppleWebKit/537.36 (KHTML, like Gecko) Chrome/45.0.2454.101 Safari/537.36"
120.219.181.107 - - [12/May/2016:19:55:59 +0800] "POST /YXYBB/LEAP/Service/RPC/RPC.DO?callService=web&method=FL_course_sPersonAllStudyStateBean&sid=1E30C39EC429949B46289523B47AB228&rup=http://new.yxybb.com/YXYBB/ HTTP/1.1" 200 396 "http://new.yxybb.com/YXYBB/yxybb/person_study" "Mozilla/5.0 (Windows NT 5.1) AppleWebKit/537.36 (KHTML, like Gecko) Chrome/45.0.2454.101 Safari/537.36"
120.212.0.4 - - [12/May/2016:19:55:59 +0800] "GET /YXYBB/LEAP/LUPDPWeb/js/ueditor1_4_3-utf8-jsp/third-party/zeroclipboard/ZeroClipboard.swf?noCache=1463054309725 HTTP/1.1" 200 3933 "http://new.yxybb.com/YXYBB/yxybb/coursedetails?courseid=6cab4e2c3c554cd68b7f4d5577a3bb75" "Mozilla/5.0 (Windows NT 6.1; WOW64) AppleWebKit/537.36 (KHTML, like Gecko) Chrome/42.0.2311.154 Safari/537.36 LBBROWSER"
123.4.254.161 - - [12/May/2016:19:55:59 +0800] "GET /%E5%AD%A6%E4%B9%A0 HTTP/1.1" 404 162 "-" "Mozilla/5.0 (iPhone; CPU iPhone OS 9_2 like Mac OS X) AppleWebKit/601.1.46 (KHTML, like Gecko) Version/9.0 Mobile/13C75 Safari/601.1"
125.39.162.3 - - [12/May/2016:19:56:00 +0800] "GET /YXYBB/LEAP/web/js/public/js/module/cours_all.js HTTP/1.1" 200 540 "http://new.yxybb.com/YXYBB/LEAP/html/allcourse.html?categoryid=a4f28dcd0cd563e65a2d2c4990edb595" "Mozilla/5.0 (Windows NT 6.1) AppleWebKit/537.1 (KHTML, like Gecko) Chrome/21.0.1180.89 Safari/537.1"
125.39.162.3 - - [12/May/2016:19:56:00 +0800] "POST /YXYBB/restservices/http/single/query HTTP/1.1" 200 108 "http://new.yxybb.com/YXYBB/LEAP/html/allcourse.html?categoryid=a4f28dcd0cd563e65a2d2c4990edb595" "Mozilla/5.0 (Windows NT 6.1) AppleWebKit/537.1 (KHTML, like Gecko) Chrome/21.0.1180.89 Safari/537.1"
125.39.162.3 - - [12/May/2016:19:56:00 +0800] "POST /YXYBB/restservices/http/single/query HTTP/1.1" 200 110 "http://new.yxybb.com/YXYBB/LEAP/html/allcourse.html?categoryid=a4f28dcd0cd563e65a2d2c4990edb595" "Mozilla/5.0 (Windows NT 6.1) AppleWebKit/537.1 (KHTML, like Gecko) Chrome/21.0.1180.89 Safari/537.1"
125.39.162.3 - - [12/May/2016:19:56:00 +0800] "POST /YXYBB/restservices/http/single/query HTTP/1.1" 200 3707 "http://new.yxybb.com/YXYBB/LEAP/html/allcourse.html?categoryid=a4f28dcd0cd563e65a2d2c4990edb595" "Mozilla/5.0 (Windows NT 6.1) AppleWebKit/537.1 (KHTML, like Gecko) Chrome/21.0.1180.89 Safari/537.1"
125.39.162.3 - - [12/May/2016:19:56:00 +0800] "POST /YXYBB/restservices/http/single/query HTTP/1.1" 200 847 "http://new.yxybb.com/YXYBB/LEAP/html/allcourse.html?categoryid=a4f28dcd0cd563e65a2d2c4990edb595" "Mozilla/5.0 (Windows NT 6.1) AppleWebKit/537.1 (KHTML, like Gecko) Chrome/21.0.1180.89 Safari/537.1"
59.173.241.186 - - [12/May/2016:19:56:01 +0800] "GET /YXYBB/LEAP/Download/default/PrintImag/PrintTrainRecordImag/201501165112421717_cdf10463f7f04f11a4b8d03597ffb955.jpg HTTP/1.1" 206 0 "http://new.yxybb.com/YXYBB/yxybb/personelct_trainrecord?planid=cdf10463f7f04f11a4b8d03597ffb955&studentno=201501165112421717&num=Bta8DiMDZtb5HMbTRwNCJ14fdFT6IaD6" "Mozilla/5.0 (Windows NT 5.1) AppleWebKit/537.36 (KHTML, like Gecko) Chrome/45.0.2454.101 Safari/537.36"
123.12.83.60 - - [12/May/2016:19:56:01 +0800] "POST /YXYBB/LEAP/Service/RPC/RPC.DO?callService=web&method=FL_course_maintainVideoPlayingAuthorityLock&sid=A2B603602C2C9ACB241C1D1EF6EEF6EE&rup=http://new.yxybb.com/YXYBB/ HTTP/1.1" 200 358 "http://new.yxybb.com/YXYBB/yxybb/coursevideo?courseid=6cab4e2c3c554cd68b7f4d5577a3bb75&cwid=CW20140527115217037&pathno=0003000200010001" "Mozilla/5.0 (Windows NT 6.1) AppleWebKit/537.36 (KHTML, like Gecko) Chrome/45.0.2454.101 Safari/537.36"
111.10.243.178 - - [12/May/2016:19:56:02 +0800] "POST /YXYBB/LEAP/Service/RPC/RPC.DO?callService=web&method=FL_course_uStudyProcessInfo&sid=D0CC2290B980A2743F22D9F0EF06D600&rup=http://new.yxybb.com/YXYBB/ HTTP/1.1" 200 704 "http://new.yxybb.com/YXYBB/yxybb/coursevideo?courseid=9885931daa97e2511144c574fdf28cdb&cwid=CW2016BJHXGST100W11&pathno=0012" "Mozilla/5.0 (Windows NT 6.1) AppleWebKit/537.36 (KHTML, like Gecko) Chrome/31.0.1650.63 Safari/537.36"
120.212.0.4 - - [12/May/2016:19:56:02 +0800] "GET /YXYBB/LEAP/LUPDPWeb/js/socialOperation.js?_=1463054315393 HTTP/1.1" 200 9405 "http://new.yxybb.com/YXYBB/yxybb/coursedetails?courseid=6cab4e2c3c554cd68b7f4d5577a3bb75" "Mozilla/5.0 (Windows NT 6.1; WOW64) AppleWebKit/537.36 (KHTML, like Gecko) Chrome/42.0.2311.154 Safari/537.36 LBBROWSER"
125.39.162.3 - - [12/May/2016:19:56:02 +0800] "GET /YXYBB/LEAP/Download/default/2016/3/30/a1efa676fdc4437d82db4c24070ac54e.jpg HTTP/1.1" 304 0 "http://new.yxybb.com/YXYBB/LEAP/html/allcourse.html?categoryid=a4f28dcd0cd563e65a2d2c4990edb595" "Mozilla/5.0 (Windows NT 6.1) AppleWebKit/537.1 (KHTML, like Gecko) Chrome/21.0.1180.89 Safari/537.1"
125.39.162.3 - - [12/May/2016:19:56:02 +0800] "GET /YXYBB/LEAP/Download/default/2016/5/11/dc0b5aa8955e4a52bb029af84264778e.png HTTP/1.1" 304 0 "http://new.yxybb.com/YXYBB/LEAP/html/allcourse.html?categoryid=a4f28dcd0cd563e65a2d2c4990edb595" "Mozilla/5.0 (Windows NT 6.1) AppleWebKit/537.1 (KHTML, like Gecko) Chrome/21.0.1180.89 Safari/537.1"
120.219.181.107 - - [12/May/2016:19:56:02 +0800] "POST /YXYBB/LEAP/Service/RPC/RPC.DO?callService=web&method=FL_course_sStudyRecordBeanSet&sid=1E30C39EC429949B46289523B47AB228&rup=http://new.yxybb.com/YXYBB/ HTTP/1.1" 200 1028 "http://new.yxybb.com/YXYBB/yxybb/person_study" "Mozilla/5.0 (Windows NT 5.1) AppleWebKit/537.36 (KHTML, like Gecko) Chrome/45.0.2454.101 Safari/537.36"
120.219.181.107 - - [12/May/2016:19:56:02 +0800] "GET /YXYBB/LEAP/LUPDPWeb/img/loading70.gif HTTP/1.1" 200 5463 "http://new.yxybb.com/YXYBB/yxybb/person_study" "Mozilla/5.0 (Windows NT 5.1) AppleWebKit/537.36 (KHTML, like Gecko) Chrome/45.0.2454.101 Safari/537.36"
120.219.181.107 - - [12/May/2016:19:56:02 +0800] "GET /YXYBB/LEAP/Download/default/2016/3/28/9f049a3d7f854a649a5b908e3068823d.jpg HTTP/1.1" 304 0 "http://new.yxybb.com/YXYBB/yxybb/person_study" "Mozilla/5.0 (Windows NT 5.1) AppleWebKit/537.36 (KHTML, like Gecko) Chrome/45.0.2454.101 Safari/537.36"
120.219.181.107 - - [12/May/2016:19:56:02 +0800] "POST /YXYBB/LEAP/Service/RPC/RPC.DO?callService=web&method=FL_course_sAbleSignupTrainPlanBeans&sid=1E30C39EC429949B46289523B47AB228&rup=http://new.yxybb.com/YXYBB/ HTTP/1.1" 200 404 "http://new.yxybb.com/YXYBB/yxybb/person_study" "Mozilla/5.0 (Windows NT 5.1) AppleWebKit/537.36 (KHTML, like Gecko) Chrome/45.0.2454.101 Safari/537.36"
113.248.152.60 - - [12/May/2016:19:56:02 +0800] "GET /YXYBB/LEAP/Download/default/system/userpic/2016/1/15/cf59449a0c6146ce9283c53dd9069cee.jpg HTTP/1.1" 200 112700 "http://new.yxybb.com/YXYBB/LEAP/html/index.html" "Mozilla/5.0 (compatible; MSIE 10.0; Windows NT 6.1; WOW64; Trident/6.0)"
59.173.241.186 - - [12/May/2016:19:56:02 +0800] "POST /YXYBB/LEAP/Service/RPC/RPC.DO?type=997&_z=1936 HTTP/1.1" 200 32 "http://new.yxybb.com/YXYBB/yxybb/personelct_trainrecord?planid=cdf10463f7f04f11a4b8d03597ffb955&studentno=201501165112421717&num=Bta8DiMDZtb5HMbTRwNCJ14fdFT6IaD6" "Mozilla/5.0 (Windows NT 5.1) AppleWebKit/537.36 (KHTML, like Gecko) Chrome/45.0.2454.101 Safari/537.36"
125.39.162.3 - - [12/May/2016:19:56:02 +0800] "GET /YXYBB/LEAP/Download/default/2016/4/26/66960a84bcf949eebca70263391cef28.png HTTP/1.1" 304 0 "http://new.yxybb.com/YXYBB/LEAP/html/allcourse.html?categoryid=a4f28dcd0cd563e65a2d2c4990edb595" "Mozilla/5.0 (Windows NT 6.1) AppleWebKit/537.1 (KHTML, like Gecko) Chrome/21.0.1180.89 Safari/537.1"
59.173.241.186 - - [12/May/2016:19:56:02 +0800] "POST /YXYBB/LEAP/Service/RPC/RPC.DO?callService=web&method=FL_person_getLoginSession&sid=B59591DE1EB09DBE034DCC906F9B2044&rup=http://new.yxybb.com/YXYBB/ HTTP/1.1" 200 175 "http://new.yxybb.com/YXYBB/yxybb/personelct_trainrecord?planid=cdf10463f7f04f11a4b8d03597ffb955&studentno=201501165112421717&num=Bta8DiMDZtb5HMbTRwNCJ14fdFT6IaD6" "Mozilla/5.0 (Windows NT 5.1) AppleWebKit/537.36 (KHTML, like Gecko) Chrome/45.0.2454.101 Safari/537.36"
120.219.181.107 - - [12/May/2016:19:56:03 +0800] "GET /YXYBB/LEAP/LUPDPWeb/js/ueditor1_4_3-utf8-jsp/third-party/zeroclipboard/ZeroClipboard.swf?noCache=1463054306925 HTTP/1.1" 200 3933 "http://new.yxybb.com/YXYBB/yxybb/person_study" "Mozilla/5.0 (Windows NT 5.1) AppleWebKit/537.36 (KHTML, like Gecko) Chrome/45.0.2454.101 Safari/537.36"
59.173.241.186 - - [12/May/2016:19:56:03 +0800] "POST /YXYBB/LEAP/Service/RPC/RPC.DO?callService=web&method=FL_person_getSession&sid=B59591DE1EB09DBE034DCC906F9B2044&rup=http://new.yxybb.com/YXYBB/ HTTP/1.1" 200 638 "http://new.yxybb.com/YXYBB/yxybb/personelct_trainrecord?planid=cdf10463f7f04f11a4b8d03597ffb955&studentno=201501165112421717&num=Bta8DiMDZtb5HMbTRwNCJ14fdFT6IaD6" "Mozilla/5.0 (Windows NT 5.1) AppleWebKit/537.36 (KHTML, like Gecko) Chrome/45.0.2454.101 Safari/537.36"
60.24.91.122 - - [12/May/2016:19:56:03 +0800] "POST /YXYBB/restservices/http/single/query HTTP/1.1" 200 103 "http://new.yxybb.com/YXYBB/LEAP/html/index.html" "Mozilla/5.0 (Windows NT 6.1) AppleWebKit/537.36 (KHTML, like Gecko) Chrome/45.0.2454.101 Safari/537.36"
60.24.91.122 - - [12/May/2016:19:56:05 +0800] "POST /YXYBB/restservices/http/single/query HTTP/1.1" 200 208 "http://new.yxybb.com/YXYBB/LEAP/html/index.html" "Mozilla/5.0 (Windows NT 6.1) AppleWebKit/537.36 (KHTML, like Gecko) Chrome/45.0.2454.101 Safari/537.36"
42.228.224.32 - - [12/May/2016:19:56:05 +0800] "GET /YXYBB/LEAP/html/index.html HTTP/1.1" 200 4647 "-" "Mozilla/5.0 (Windows NT 10.0; Trident/7.0; rv:11.0) like Gecko"
123.54.16.76 - - [12/May/2016:19:56:05 +0800] "POST /YXYBB/LEAP/Service/RPC/RPC.DO?callService=web&method=FL_course_maintainVideoPlayingAuthorityLock&sid=82334C0B24D02D6CB9A0E6C71238B84A&rup=http://new.yxybb.com/YXYBB/ HTTP/1.1" 200 358 "http://new.yxybb.com/YXYBB/yxybb/coursevideo?courseid=6cab4e2c3c554cd68b7f4d5577a3bb75&cwid=20110107005&pathno=0001001100010001" "Mozilla/5.0 (Windows NT 6.1; WOW64) AppleWebKit/537.36 (KHTML, like Gecko) Chrome/47.0.2526.108 Safari/537.36 2345Explorer/7.0.0.12288"
123.4.254.161 - - [12/May/2016:19:56:06 +0800] "GET /%E5%AD%A6%E4%B9%A0 HTTP/1.1" 404 162 "-" "Mozilla/5.0 (iPhone; CPU iPhone OS 9_2 like Mac OS X) AppleWebKit/601.1.46 (KHTML, like Gecko) Version/9.0 Mobile/13C75 Safari/601.1"
42.228.224.32 - - [12/May/2016:19:56:06 +0800] "GET /YXYBB/LEAP/web/css/public/css/main.css HTTP/1.1" 200 31047 "http://new.yxybb.com/YXYBB/LEAP/html/index.html" "Mozilla/5.0 (Windows NT 10.0; Trident/7.0; rv:11.0) like Gecko"
42.228.224.32 - - [12/May/2016:19:56:06 +0800] "GET /YXYBB/LEAP/web/js/public/LEAP/lib/require.js HTTP/1.1" 200 26001 "http://new.yxybb.com/YXYBB/LEAP/html/index.html" "Mozilla/5.0 (Windows NT 10.0; Trident/7.0; rv:11.0) like Gecko"
60.24.91.122 - - [12/May/2016:19:56:06 +0800] "POST /YXYBB/restservices/http/single/query HTTP/1.1" 200 108 "http://new.yxybb.com/YXYBB/LEAP/html/index.html" "Mozilla/5.0 (Windows NT 6.1) AppleWebKit/537.36 (KHTML, like Gecko) Chrome/45.0.2454.101 Safari/537.36"
120.219.181.107 - - [12/May/2016:19:56:06 +0800] "GET /YXYBB/LEAP/Download/default/system/userpic/2016/1/15/bba6623f32cb4bb4bf801b4fa1b6ecb9.jpg HTTP/1.1" 206 0 "http://new.yxybb.com/YXYBB/yxybb/person_study" "Mozilla/5.0 (Windows NT 5.1) AppleWebKit/537.36 (KHTML, like Gecko) Chrome/45.0.2454.101 Safari/537.36"
120.219.181.107 - - [12/May/2016:19:56:07 +0800] "POST /YXYBB/LEAP/Service/RPC/RPC.DO?type=997&_z=eade HTTP/1.1" 200 32 "http://new.yxybb.com/YXYBB/yxybb/coursedetails?courseid=6cab4e2c3c554cd68b7f4d5577a3bb75" "Mozilla/5.0 (Windows NT 5.1) AppleWebKit/537.36 (KHTML, like Gecko) Chrome/45.0.2454.101 Safari/537.36"
120.219.181.107 - - [12/May/2016:19:56:07 +0800] "POST /YXYBB/LEAP/Service/RPC/RPC.DO?callService=web&method=FL_person_getLoginSession&sid=1E30C39EC429949B46289523B47AB228&rup=http://new.yxybb.com/YXYBB/ HTTP/1.1" 200 175 "http://new.yxybb.com/YXYBB/yxybb/coursedetails?courseid=6cab4e2c3c554cd68b7f4d5577a3bb75" "Mozilla/5.0 (Windows NT 5.1) AppleWebKit/537.36 (KHTML, like Gecko) Chrome/45.0.2454.101 Safari/537.36"
120.219.181.107 - - [12/May/2016:19:56:07 +0800] "POST /YXYBB/LEAP/Service/RPC/RPC.DO?callService=web&method=SearchCache&sid=1E30C39EC429949B46289523B47AB228&rup=http://new.yxybb.com/YXYBB/ HTTP/1.1" 200 552 "http://new.yxybb.com/YXYBB/yxybb/coursedetails?courseid=6cab4e2c3c554cd68b7f4d5577a3bb75" "Mozilla/5.0 (Windows NT 5.1) AppleWebKit/537.36 (KHTML, like Gecko) Chrome/45.0.2454.101 Safari/537.36"
120.219.181.107 - - [12/May/2016:19:56:07 +0800] "GET /YXYBB/LEAP/Download/default/system/userpic/2016/1/15/cf59449a0c6146ce9283c53dd9069cee.jpg HTTP/1.1" 304 0 "http://new.yxybb.com/YXYBB/yxybb/coursedetails?courseid=6cab4e2c3c554cd68b7f4d5577a3bb75" "Mozilla/5.0 (Windows NT 5.1) AppleWebKit/537.36 (KHTML, like Gecko) Chrome/45.0.2454.101 Safari/537.36"
120.219.181.107 - - [12/May/2016:19:56:07 +0800] "POST /YXYBB/LEAP/Service/RPC/RPC.DO?callService=web&method=notReadMessageNum&sid=1E30C39EC429949B46289523B47AB228&rup=http://new.yxybb.com/YXYBB/ HTTP/1.1" 200 173 "http://new.yxybb.com/YXYBB/yxybb/coursedetails?courseid=6cab4e2c3c554cd68b7f4d5577a3bb75" "Mozilla/5.0 (Windows NT 5.1) AppleWebKit/537.36 (KHTML, like Gecko) Chrome/45.0.2454.101 Safari/537.36"
60.24.91.122 - - [12/May/2016:19:56:07 +0800] "POST /YXYBB/restservices/http/single/query HTTP/1.1" 200 108 "http://new.yxybb.com/YXYBB/LEAP/html/index.html" "Mozilla/5.0 (Windows NT 6.1) AppleWebKit/537.36 (KHTML, like Gecko) Chrome/45.0.2454.101 Safari/537.36"
111.10.251.124 - - [12/May/2016:19:56:07 +0800] "POST /YXYBB/LEAP/Service/RPC/RPC.DO?callService=web&method=FL_course_maintainVideoPlayingAuthorityLock&sid=DC1F24311445A24BDAD4629DB1685B46&rup=http://new.yxybb.com/YXYBB/ HTTP/1.1" 200 358 "http://new.yxybb.com/YXYBB/yxybb/coursevideo?courseid=d0b1c4f535364e7e9a188035a77e2c97&cwid=CW20140527100720532&pathno=0002000600010002" "Mozilla/5.0 (Windows NT 6.1) AppleWebKit/537.36 (KHTML, like Gecko) Chrome/45.0.2454.101 Safari/537.36"
123.4.254.161 - - [12/May/2016:19:56:08 +0800] "GET /%E5%AD%A6%E4%B9%A0 HTTP/1.1" 404 162 "-" "Mozilla/5.0 (iPhone; CPU iPhone OS 9_2 like Mac OS X) AppleWebKit/601.1.46 (KHTML, like Gecko) Version/9.0 Mobile/13C75 Safari/601.1"
60.24.91.122 - - [12/May/2016:19:56:08 +0800] "POST /YXYBB/restservices/http/single/query HTTP/1.1" 200 108 "http://new.yxybb.com/YXYBB/LEAP/html/index.html" "Mozilla/5.0 (Windows NT 6.1) AppleWebKit/537.36 (KHTML, like Gecko) Chrome/45.0.2454.101 Safari/537.36"
123.149.5.204 - - [12/May/2016:19:56:08 +0800] "POST /YXYBB/restservices/http/single/query HTTP/1.1" 200 3757 "http://new.yxybb.com/YXYBB/LEAP/html/trainopen.html?traincasetype=2" "Mozilla/5.0 (Windows NT 5.1) AppleWebKit/537.36 (KHTML, like Gecko) Chrome/45.0.2454.101 Safari/537.36"
183.230.16.90 - - [12/May/2016:19:56:08 +0800] "GET /YXYBB/LEAP/Download/default/2016/3/29/06f934cdbb884f0296af6161b81482a5.jpg HTTP/1.1" 200 47837 "-" "Dalvik/1.6.0 (Linux; U; Android 4.4.4; C8817D Build/HuaweiC8817D)"
60.24.91.122 - - [12/May/2016:19:56:09 +0800] "POST /YXYBB/restservices/http/single/query HTTP/1.1" 200 108 "http://new.yxybb.com/YXYBB/LEAP/html/index.html" "Mozilla/5.0 (Windows NT 6.1) AppleWebKit/537.36 (KHTML, like Gecko) Chrome/45.0.2454.101 Safari/537.36"
42.228.224.32 - - [12/May/2016:19:56:09 +0800] "GET /YXYBB/LEAP/web/js/public/control/pagemodule/footer.module.js HTTP/1.1" 200 1923 "http://new.yxybb.com/YXYBB/LEAP/html/index.html" "Mozilla/5.0 (Windows NT 10.0; Trident/7.0; rv:11.0) like Gecko"
42.228.224.32 - - [12/May/2016:19:56:09 +0800] "GET /YXYBB/LEAP/web/js/public/control/pagemodule/header.module.js HTTP/1.1" 200 4998 "http://new.yxybb.com/YXYBB/LEAP/html/index.html" "Mozilla/5.0 (Windows NT 10.0; Trident/7.0; rv:11.0) like Gecko"
